05:27:56.152005 START Mgen Version 5.1.1
05:27:56.152209 ON flow>2001 srcPort>34803 dst>fd10:43:100::2/20000 
05:27:56.152817 CONNECT flow>2001 srcPort>34803 dst>fd10:43:100::2/20000 
05:27:56.652090 ON flow>2002 srcPort>43735 dst>fd10:43:100::2/20001 
05:27:56.652532 CONNECT flow>2002 srcPort>43735 dst>fd10:43:100::2/20001 
05:27:57.152086 ON flow>2003 srcPort>38043 dst>fd10:43:100::2/20002 
05:27:57.152405 CONNECT flow>2003 srcPort>38043 dst>fd10:43:100::2/20002 
05:27:57.652094 ON flow>2004 srcPort>35975 dst>fd10:43:100::2/20003 
05:27:57.652439 CONNECT flow>2004 srcPort>35975 dst>fd10:43:100::2/20003 
05:28:01.893829 ON flow>2200 srcPort>44437 dst>fd10:43:100::2/21000 
05:28:01.894397 CONNECT flow>2200 srcPort>44437 dst>fd10:43:100::2/21000 
05:28:02.037591 ON flow>2201 srcPort>39443 dst>fd10:43:100::2/21001 
05:28:02.037909 CONNECT flow>2201 srcPort>39443 dst>fd10:43:100::2/21001 
05:28:02.138990 ON flow>2202 srcPort>36079 dst>fd10:43:100::2/21002 
05:28:02.139212 CONNECT flow>2202 srcPort>36079 dst>fd10:43:100::2/21002 
05:28:02.341486 ON flow>2203 srcPort>41001 dst>fd10:43:100::2/21003 
05:28:02.341831 CONNECT flow>2203 srcPort>41001 dst>fd10:43:100::2/21003 
05:28:03.155804 ON flow>2204 srcPort>44485 dst>fd10:43:100::2/21004 
05:28:03.156081 CONNECT flow>2204 srcPort>44485 dst>fd10:43:100::2/21004 
05:28:03.300202 ON flow>2205 srcPort>36241 dst>fd10:43:100::2/21005 
05:28:03.300465 CONNECT flow>2205 srcPort>36241 dst>fd10:43:100::2/21005 
05:28:03.368415 ON flow>2206 srcPort>45625 dst>fd10:43:100::2/21006 
05:28:03.368773 CONNECT flow>2206 srcPort>45625 dst>fd10:43:100::2/21006 
05:28:03.399527 ON flow>2207 srcPort>38233 dst>fd10:43:100::2/21007 
05:28:03.399753 CONNECT flow>2207 srcPort>38233 dst>fd10:43:100::2/21007 
05:28:04.106024 ON flow>2208 srcPort>44627 dst>fd10:43:100::2/21008 
05:28:04.106286 CONNECT flow>2208 srcPort>44627 dst>fd10:43:100::2/21008 
05:28:04.334202 ON flow>2209 srcPort>38087 dst>fd10:43:100::2/21009 
05:28:04.334599 CONNECT flow>2209 srcPort>38087 dst>fd10:43:100::2/21009 
05:28:04.998463 ON flow>2210 srcPort>43159 dst>fd10:43:100::2/21010 
05:28:04.998721 CONNECT flow>2210 srcPort>43159 dst>fd10:43:100::2/21010 
05:28:05.098159 ON flow>2211 srcPort>42493 dst>fd10:43:100::2/21011 
05:28:05.098508 CONNECT flow>2211 srcPort>42493 dst>fd10:43:100::2/21011 
05:28:05.327425 ON flow>2212 srcPort>41241 dst>fd10:43:100::2/21012 
05:28:05.328636 CONNECT flow>2212 srcPort>41241 dst>fd10:43:100::2/21012 
05:28:06.058941 ON flow>2213 srcPort>33255 dst>fd10:43:100::2/21013 
05:28:06.059267 CONNECT flow>2213 srcPort>33255 dst>fd10:43:100::2/21013 
05:28:06.106031 ON flow>2214 srcPort>36265 dst>fd10:43:100::2/21014 
05:28:06.106347 CONNECT flow>2214 srcPort>36265 dst>fd10:43:100::2/21014 
05:28:06.108825 ON flow>2215 srcPort>40463 dst>fd10:43:100::2/21015 
05:28:06.109305 CONNECT flow>2215 srcPort>40463 dst>fd10:43:100::2/21015 
05:28:06.257035 ON flow>2216 srcPort>39091 dst>fd10:43:100::2/21016 
05:28:06.257285 CONNECT flow>2216 srcPort>39091 dst>fd10:43:100::2/21016 
05:28:06.314822 ON flow>2217 srcPort>41927 dst>fd10:43:100::2/21017 
05:28:06.315104 CONNECT flow>2217 srcPort>41927 dst>fd10:43:100::2/21017 
05:28:06.362916 ON flow>2218 srcPort>39217 dst>fd10:43:100::2/21018 
05:28:06.363304 CONNECT flow>2218 srcPort>39217 dst>fd10:43:100::2/21018 
05:28:06.408322 ON flow>2219 srcPort>44357 dst>fd10:43:100::2/21019 
05:28:06.408623 CONNECT flow>2219 srcPort>44357 dst>fd10:43:100::2/21019 
05:28:06.432370 ON flow>2220 srcPort>44935 dst>fd10:43:100::2/21020 
05:28:06.432635 CONNECT flow>2220 srcPort>44935 dst>fd10:43:100::2/21020 
05:28:06.511727 ON flow>2221 srcPort>34859 dst>fd10:43:100::2/21021 
05:28:06.512191 CONNECT flow>2221 srcPort>34859 dst>fd10:43:100::2/21021 
05:28:06.635223 ON flow>2222 srcPort>39851 dst>fd10:43:100::2/21022 
05:28:06.635667 CONNECT flow>2222 srcPort>39851 dst>fd10:43:100::2/21022 
05:28:06.693761 SHUTDOWN flow>2200 srcPort>44437 dst>fd10:43:100::2/21000 
05:28:06.694293 OFF flow>2200 srcPort>44437 dst>fd10:43:100::2/21000 
05:28:06.818725 ON flow>2223 srcPort>40853 dst>fd10:43:100::2/21023 
05:28:06.818965 CONNECT flow>2223 srcPort>40853 dst>fd10:43:100::2/21023 
05:28:06.837558 SHUTDOWN flow>2201 srcPort>39443 dst>fd10:43:100::2/21001 
05:28:06.840619 OFF flow>2201 srcPort>39443 dst>fd10:43:100::2/21001 
05:28:06.938960 SHUTDOWN flow>2202 srcPort>36079 dst>fd10:43:100::2/21002 
05:28:06.939328 OFF flow>2202 srcPort>36079 dst>fd10:43:100::2/21002 
05:28:07.020337 ON flow>2224 srcPort>41365 dst>fd10:43:100::2/21024 
05:28:07.020609 CONNECT flow>2224 srcPort>41365 dst>fd10:43:100::2/21024 
05:28:07.141461 SHUTDOWN flow>2203 srcPort>41001 dst>fd10:43:100::2/21003 
05:28:07.142467 OFF flow>2203 srcPort>41001 dst>fd10:43:100::2/21003 
05:28:07.154016 ON flow>2225 srcPort>38933 dst>fd10:43:100::2/21025 
05:28:07.154260 CONNECT flow>2225 srcPort>38933 dst>fd10:43:100::2/21025 
05:28:07.193039 ON flow>2226 srcPort>35153 dst>fd10:43:100::2/21026 
05:28:07.193347 CONNECT flow>2226 srcPort>35153 dst>fd10:43:100::2/21026 
05:28:07.195340 ON flow>2227 srcPort>36297 dst>fd10:43:100::2/21027 
05:28:07.195666 CONNECT flow>2227 srcPort>36297 dst>fd10:43:100::2/21027 
05:28:07.233963 ON flow>2228 srcPort>38475 dst>fd10:43:100::2/21028 
05:28:07.234208 CONNECT flow>2228 srcPort>38475 dst>fd10:43:100::2/21028 
05:28:07.365567 ON flow>2229 srcPort>34523 dst>fd10:43:100::2/21029 
05:28:07.365782 CONNECT flow>2229 srcPort>34523 dst>fd10:43:100::2/21029 
05:28:07.448648 ON flow>2230 srcPort>38521 dst>fd10:43:100::2/21030 
05:28:07.448908 CONNECT flow>2230 srcPort>38521 dst>fd10:43:100::2/21030 
05:28:07.452742 ON flow>2231 srcPort>38563 dst>fd10:43:100::2/21031 
05:28:07.453043 CONNECT flow>2231 srcPort>38563 dst>fd10:43:100::2/21031 
05:28:07.955772 SHUTDOWN flow>2204 srcPort>44485 dst>fd10:43:100::2/21004 
05:28:07.956537 OFF flow>2204 srcPort>44485 dst>fd10:43:100::2/21004 
05:28:08.100204 SHUTDOWN flow>2205 srcPort>36241 dst>fd10:43:100::2/21005 
05:28:08.101110 OFF flow>2205 srcPort>36241 dst>fd10:43:100::2/21005 
05:28:08.168361 SHUTDOWN flow>2206 srcPort>45625 dst>fd10:43:100::2/21006 
05:28:08.168792 OFF flow>2206 srcPort>45625 dst>fd10:43:100::2/21006 
05:28:08.199462 SHUTDOWN flow>2207 srcPort>38233 dst>fd10:43:100::2/21007 
05:28:08.200156 OFF flow>2207 srcPort>38233 dst>fd10:43:100::2/21007 
05:28:08.428127 ON flow>2232 srcPort>40843 dst>fd10:43:100::2/21032 
05:28:08.428806 CONNECT flow>2232 srcPort>40843 dst>fd10:43:100::2/21032 
05:28:08.450760 ON flow>2233 srcPort>34619 dst>fd10:43:100::2/21033 
05:28:08.450978 CONNECT flow>2233 srcPort>34619 dst>fd10:43:100::2/21033 
05:28:08.472569 ON flow>2234 srcPort>38833 dst>fd10:43:100::2/21034 
05:28:08.472858 CONNECT flow>2234 srcPort>38833 dst>fd10:43:100::2/21034 
05:28:08.569571 ON flow>2235 srcPort>38763 dst>fd10:43:100::2/21035 
05:28:08.569836 CONNECT flow>2235 srcPort>38763 dst>fd10:43:100::2/21035 
05:28:08.732763 ON flow>2236 srcPort>41235 dst>fd10:43:100::2/21036 
05:28:08.732973 CONNECT flow>2236 srcPort>41235 dst>fd10:43:100::2/21036 
05:28:08.770872 ON flow>2237 srcPort>45079 dst>fd10:43:100::2/21037 
05:28:08.771330 CONNECT flow>2237 srcPort>45079 dst>fd10:43:100::2/21037 
05:28:08.905986 SHUTDOWN flow>2208 srcPort>44627 dst>fd10:43:100::2/21008 
05:28:08.906463 OFF flow>2208 srcPort>44627 dst>fd10:43:100::2/21008 
05:28:09.045671 ON flow>2238 srcPort>44151 dst>fd10:43:100::2/21038 
05:28:09.045915 CONNECT flow>2238 srcPort>44151 dst>fd10:43:100::2/21038 
05:28:09.103068 ON flow>2239 srcPort>36137 dst>fd10:43:100::2/21039 
05:28:09.103316 CONNECT flow>2239 srcPort>36137 dst>fd10:43:100::2/21039 
05:28:09.134121 SHUTDOWN flow>2209 srcPort>38087 dst>fd10:43:100::2/21009 
05:28:09.134576 OFF flow>2209 srcPort>38087 dst>fd10:43:100::2/21009 
05:28:09.730064 ON flow>2240 srcPort>45225 dst>fd10:43:100::2/21040 
05:28:09.730320 CONNECT flow>2240 srcPort>45225 dst>fd10:43:100::2/21040 
05:28:09.783712 ON flow>2241 srcPort>33695 dst>fd10:43:100::2/21041 
05:28:09.783980 CONNECT flow>2241 srcPort>33695 dst>fd10:43:100::2/21041 
05:28:09.798428 SHUTDOWN flow>2210 srcPort>43159 dst>fd10:43:100::2/21010 
05:28:09.798958 OFF flow>2210 srcPort>43159 dst>fd10:43:100::2/21010 
05:28:09.898159 SHUTDOWN flow>2211 srcPort>42493 dst>fd10:43:100::2/21011 
05:28:09.898585 OFF flow>2211 srcPort>42493 dst>fd10:43:100::2/21011 
05:28:10.127397 SHUTDOWN flow>2212 srcPort>41241 dst>fd10:43:100::2/21012 
05:28:10.127837 OFF flow>2212 srcPort>41241 dst>fd10:43:100::2/21012 
05:28:10.740056 ON flow>2242 srcPort>39289 dst>fd10:43:100::2/21042 
05:28:10.740409 CONNECT flow>2242 srcPort>39289 dst>fd10:43:100::2/21042 
05:28:10.789973 ON flow>2243 srcPort>32889 dst>fd10:43:100::2/21043 
05:28:10.790820 CONNECT flow>2243 srcPort>32889 dst>fd10:43:100::2/21043 
05:28:10.802149 ON flow>2244 srcPort>40471 dst>fd10:43:100::2/21044 
05:28:10.802431 CONNECT flow>2244 srcPort>40471 dst>fd10:43:100::2/21044 
05:28:10.858908 SHUTDOWN flow>2213 srcPort>33255 dst>fd10:43:100::2/21013 
05:28:10.859858 OFF flow>2213 srcPort>33255 dst>fd10:43:100::2/21013 
05:28:10.906001 SHUTDOWN flow>2214 srcPort>36265 dst>fd10:43:100::2/21014 
05:28:10.906390 OFF flow>2214 srcPort>36265 dst>fd10:43:100::2/21014 
05:28:10.908789 SHUTDOWN flow>2215 srcPort>40463 dst>fd10:43:100::2/21015 
05:28:10.909176 OFF flow>2215 srcPort>40463 dst>fd10:43:100::2/21015 
05:28:11.056989 SHUTDOWN flow>2216 srcPort>39091 dst>fd10:43:100::2/21016 
05:28:11.057528 OFF flow>2216 srcPort>39091 dst>fd10:43:100::2/21016 
05:28:11.114791 SHUTDOWN flow>2217 srcPort>41927 dst>fd10:43:100::2/21017 
05:28:11.115201 OFF flow>2217 srcPort>41927 dst>fd10:43:100::2/21017 
05:28:11.162894 SHUTDOWN flow>2218 srcPort>39217 dst>fd10:43:100::2/21018 
05:28:11.163404 OFF flow>2218 srcPort>39217 dst>fd10:43:100::2/21018 
05:28:11.208326 SHUTDOWN flow>2219 srcPort>44357 dst>fd10:43:100::2/21019 
05:28:11.209025 OFF flow>2219 srcPort>44357 dst>fd10:43:100::2/21019 
05:28:11.232297 SHUTDOWN flow>2220 srcPort>44935 dst>fd10:43:100::2/21020 
05:28:11.232670 OFF flow>2220 srcPort>44935 dst>fd10:43:100::2/21020 
05:28:11.292827 ON flow>2245 srcPort>38485 dst>fd10:43:100::2/21045 
05:28:11.293113 CONNECT flow>2245 srcPort>38485 dst>fd10:43:100::2/21045 
05:28:11.311699 SHUTDOWN flow>2221 srcPort>34859 dst>fd10:43:100::2/21021 
05:28:11.312015 OFF flow>2221 srcPort>34859 dst>fd10:43:100::2/21021 
05:28:11.363538 ON flow>2246 srcPort>46847 dst>fd10:43:100::2/21046 
05:28:11.363782 CONNECT flow>2246 srcPort>46847 dst>fd10:43:100::2/21046 
05:28:11.386220 ON flow>2247 srcPort>35955 dst>fd10:43:100::2/21047 
05:28:11.386491 CONNECT flow>2247 srcPort>35955 dst>fd10:43:100::2/21047 
05:28:11.433283 ON flow>2248 srcPort>43411 dst>fd10:43:100::2/21048 
05:28:11.433523 CONNECT flow>2248 srcPort>43411 dst>fd10:43:100::2/21048 
05:28:11.435195 SHUTDOWN flow>2222 srcPort>39851 dst>fd10:43:100::2/21022 
05:28:11.435606 OFF flow>2222 srcPort>39851 dst>fd10:43:100::2/21022 
05:28:11.484120 ON flow>2249 srcPort>45351 dst>fd10:43:100::2/21049 
05:28:11.484347 CONNECT flow>2249 srcPort>45351 dst>fd10:43:100::2/21049 
05:28:11.618700 SHUTDOWN flow>2223 srcPort>40853 dst>fd10:43:100::2/21023 
05:28:11.619444 OFF flow>2223 srcPort>40853 dst>fd10:43:100::2/21023 
05:28:11.820299 SHUTDOWN flow>2224 srcPort>41365 dst>fd10:43:100::2/21024 
05:28:11.820782 OFF flow>2224 srcPort>41365 dst>fd10:43:100::2/21024 
05:28:11.953987 SHUTDOWN flow>2225 srcPort>38933 dst>fd10:43:100::2/21025 
05:28:11.954740 OFF flow>2225 srcPort>38933 dst>fd10:43:100::2/21025 
05:28:11.993006 SHUTDOWN flow>2226 srcPort>35153 dst>fd10:43:100::2/21026 
05:28:11.993446 OFF flow>2226 srcPort>35153 dst>fd10:43:100::2/21026 
05:28:11.995306 SHUTDOWN flow>2227 srcPort>36297 dst>fd10:43:100::2/21027 
05:28:11.995714 OFF flow>2227 srcPort>36297 dst>fd10:43:100::2/21027 
05:28:12.033909 SHUTDOWN flow>2228 srcPort>38475 dst>fd10:43:100::2/21028 
05:28:12.034230 OFF flow>2228 srcPort>38475 dst>fd10:43:100::2/21028 
05:28:12.165522 SHUTDOWN flow>2229 srcPort>34523 dst>fd10:43:100::2/21029 
05:28:12.166003 OFF flow>2229 srcPort>34523 dst>fd10:43:100::2/21029 
05:28:12.244746 ON flow>2250 srcPort>33591 dst>fd10:43:100::2/21050 
05:28:12.245003 CONNECT flow>2250 srcPort>33591 dst>fd10:43:100::2/21050 
05:28:12.248611 SHUTDOWN flow>2230 srcPort>38521 dst>fd10:43:100::2/21030 
05:28:12.248974 OFF flow>2230 srcPort>38521 dst>fd10:43:100::2/21030 
05:28:12.252709 SHUTDOWN flow>2231 srcPort>38563 dst>fd10:43:100::2/21031 
05:28:12.253412 OFF flow>2231 srcPort>38563 dst>fd10:43:100::2/21031 
05:28:12.490634 ON flow>2251 srcPort>45493 dst>fd10:43:100::2/21051 
05:28:12.490945 CONNECT flow>2251 srcPort>45493 dst>fd10:43:100::2/21051 
05:28:12.573631 ON flow>2252 srcPort>35371 dst>fd10:43:100::2/21052 
05:28:12.573917 CONNECT flow>2252 srcPort>35371 dst>fd10:43:100::2/21052 
05:28:12.594633 ON flow>2253 srcPort>42029 dst>fd10:43:100::2/21053 
05:28:12.594867 CONNECT flow>2253 srcPort>42029 dst>fd10:43:100::2/21053 
05:28:12.604736 ON flow>2254 srcPort>45733 dst>fd10:43:100::2/21054 
05:28:12.605057 CONNECT flow>2254 srcPort>45733 dst>fd10:43:100::2/21054 
05:28:12.750549 ON flow>2255 srcPort>45019 dst>fd10:43:100::2/21055 
05:28:12.750834 CONNECT flow>2255 srcPort>45019 dst>fd10:43:100::2/21055 
05:28:12.823300 ON flow>2256 srcPort>33257 dst>fd10:43:100::2/21056 
05:28:12.823614 CONNECT flow>2256 srcPort>33257 dst>fd10:43:100::2/21056 
05:28:12.844136 ON flow>2257 srcPort>34779 dst>fd10:43:100::2/21057 
05:28:12.844357 CONNECT flow>2257 srcPort>34779 dst>fd10:43:100::2/21057 
05:28:12.886328 ON flow>2258 srcPort>38545 dst>fd10:43:100::2/21058 
05:28:12.886703 CONNECT flow>2258 srcPort>38545 dst>fd10:43:100::2/21058 
05:28:12.945760 ON flow>2259 srcPort>35509 dst>fd10:43:100::2/21059 
05:28:12.946021 CONNECT flow>2259 srcPort>35509 dst>fd10:43:100::2/21059 
05:28:12.972246 ON flow>2260 srcPort>46673 dst>fd10:43:100::2/21060 
05:28:12.972478 CONNECT flow>2260 srcPort>46673 dst>fd10:43:100::2/21060 
05:28:12.996691 ON flow>2261 srcPort>36237 dst>fd10:43:100::2/21061 
05:28:12.997224 CONNECT flow>2261 srcPort>36237 dst>fd10:43:100::2/21061 
05:28:13.047247 ON flow>2262 srcPort>33949 dst>fd10:43:100::2/21062 
05:28:13.047530 CONNECT flow>2262 srcPort>33949 dst>fd10:43:100::2/21062 
05:28:13.228049 SHUTDOWN flow>2232 srcPort>40843 dst>fd10:43:100::2/21032 
05:28:13.228913 OFF flow>2232 srcPort>40843 dst>fd10:43:100::2/21032 
05:28:13.231634 ON flow>2263 srcPort>38539 dst>fd10:43:100::2/21063 
05:28:13.231986 CONNECT flow>2263 srcPort>38539 dst>fd10:43:100::2/21063 
05:28:13.250728 SHUTDOWN flow>2233 srcPort>34619 dst>fd10:43:100::2/21033 
05:28:13.251276 OFF flow>2233 srcPort>34619 dst>fd10:43:100::2/21033 
05:28:13.272556 SHUTDOWN flow>2234 srcPort>38833 dst>fd10:43:100::2/21034 
05:28:13.273574 OFF flow>2234 srcPort>38833 dst>fd10:43:100::2/21034 
05:28:13.337404 ON flow>2264 srcPort>34743 dst>fd10:43:100::2/21064 
05:28:13.337693 CONNECT flow>2264 srcPort>34743 dst>fd10:43:100::2/21064 
05:28:13.369540 SHUTDOWN flow>2235 srcPort>38763 dst>fd10:43:100::2/21035 
05:28:13.369998 OFF flow>2235 srcPort>38763 dst>fd10:43:100::2/21035 
05:28:13.532734 SHUTDOWN flow>2236 srcPort>41235 dst>fd10:43:100::2/21036 
05:28:13.533863 OFF flow>2236 srcPort>41235 dst>fd10:43:100::2/21036 
05:28:13.570831 SHUTDOWN flow>2237 srcPort>45079 dst>fd10:43:100::2/21037 
05:28:13.571235 OFF flow>2237 srcPort>45079 dst>fd10:43:100::2/21037 
05:28:13.845637 SHUTDOWN flow>2238 srcPort>44151 dst>fd10:43:100::2/21038 
05:28:13.846233 OFF flow>2238 srcPort>44151 dst>fd10:43:100::2/21038 
05:28:13.903037 SHUTDOWN flow>2239 srcPort>36137 dst>fd10:43:100::2/21039 
05:28:13.903455 OFF flow>2239 srcPort>36137 dst>fd10:43:100::2/21039 
05:28:14.530036 SHUTDOWN flow>2240 srcPort>45225 dst>fd10:43:100::2/21040 
05:28:14.530576 OFF flow>2240 srcPort>45225 dst>fd10:43:100::2/21040 
05:28:14.583617 SHUTDOWN flow>2241 srcPort>33695 dst>fd10:43:100::2/21041 
05:28:14.585913 OFF flow>2241 srcPort>33695 dst>fd10:43:100::2/21041 
05:28:15.213706 ON flow>2265 srcPort>39325 dst>fd10:43:100::2/21065 
05:28:15.214004 CONNECT flow>2265 srcPort>39325 dst>fd10:43:100::2/21065 
05:28:15.447282 ON flow>2266 srcPort>38513 dst>fd10:43:100::2/21066 
05:28:15.447585 CONNECT flow>2266 srcPort>38513 dst>fd10:43:100::2/21066 
05:28:15.540004 SHUTDOWN flow>2242 srcPort>39289 dst>fd10:43:100::2/21042 
05:28:15.540615 OFF flow>2242 srcPort>39289 dst>fd10:43:100::2/21042 
05:28:15.543350 ON flow>2267 srcPort>46273 dst>fd10:43:100::2/21067 
05:28:15.543661 CONNECT flow>2267 srcPort>46273 dst>fd10:43:100::2/21067 
05:28:15.544036 ON flow>2268 srcPort>37661 dst>fd10:43:100::2/21068 
05:28:15.544292 CONNECT flow>2268 srcPort>37661 dst>fd10:43:100::2/21068 
05:28:15.569350 ON flow>2269 srcPort>37651 dst>fd10:43:100::2/21069 
05:28:15.569645 CONNECT flow>2269 srcPort>37651 dst>fd10:43:100::2/21069 
05:28:15.574045 ON flow>2270 srcPort>42415 dst>fd10:43:100::2/21070 
05:28:15.574526 CONNECT flow>2270 srcPort>42415 dst>fd10:43:100::2/21070 
05:28:15.589919 SHUTDOWN flow>2243 srcPort>32889 dst>fd10:43:100::2/21043 
05:28:15.590325 OFF flow>2243 srcPort>32889 dst>fd10:43:100::2/21043 
05:28:15.602113 SHUTDOWN flow>2244 srcPort>40471 dst>fd10:43:100::2/21044 
05:28:15.602445 OFF flow>2244 srcPort>40471 dst>fd10:43:100::2/21044 
05:28:15.618651 ON flow>2271 srcPort>40351 dst>fd10:43:100::2/21071 
05:28:15.618907 CONNECT flow>2271 srcPort>40351 dst>fd10:43:100::2/21071 
05:28:15.638853 ON flow>2272 srcPort>45593 dst>fd10:43:100::2/21072 
05:28:15.639113 CONNECT flow>2272 srcPort>45593 dst>fd10:43:100::2/21072 
05:28:15.640043 ON flow>2273 srcPort>41461 dst>fd10:43:100::2/21073 
05:28:15.640339 CONNECT flow>2273 srcPort>41461 dst>fd10:43:100::2/21073 
05:28:15.681755 ON flow>2274 srcPort>34711 dst>fd10:43:100::2/21074 
05:28:15.682077 CONNECT flow>2274 srcPort>34711 dst>fd10:43:100::2/21074 
05:28:15.803483 ON flow>2275 srcPort>46447 dst>fd10:43:100::2/21075 
05:28:15.803793 CONNECT flow>2275 srcPort>46447 dst>fd10:43:100::2/21075 
05:28:15.849369 ON flow>2276 srcPort>38027 dst>fd10:43:100::2/21076 
05:28:15.849640 CONNECT flow>2276 srcPort>38027 dst>fd10:43:100::2/21076 
05:28:15.973168 ON flow>2277 srcPort>35073 dst>fd10:43:100::2/21077 
05:28:15.973406 CONNECT flow>2277 srcPort>35073 dst>fd10:43:100::2/21077 
05:28:16.035860 ON flow>2278 srcPort>33989 dst>fd10:43:100::2/21078 
05:28:16.036177 CONNECT flow>2278 srcPort>33989 dst>fd10:43:100::2/21078 
05:28:16.045756 ON flow>2279 srcPort>36433 dst>fd10:43:100::2/21079 
05:28:16.046006 CONNECT flow>2279 srcPort>36433 dst>fd10:43:100::2/21079 
05:28:16.092792 SHUTDOWN flow>2245 srcPort>38485 dst>fd10:43:100::2/21045 
05:28:16.093228 OFF flow>2245 srcPort>38485 dst>fd10:43:100::2/21045 
05:28:16.163491 SHUTDOWN flow>2246 srcPort>46847 dst>fd10:43:100::2/21046 
05:28:16.163882 OFF flow>2246 srcPort>46847 dst>fd10:43:100::2/21046 
05:28:16.186252 SHUTDOWN flow>2247 srcPort>35955 dst>fd10:43:100::2/21047 
05:28:16.187055 OFF flow>2247 srcPort>35955 dst>fd10:43:100::2/21047 
05:28:16.233199 SHUTDOWN flow>2248 srcPort>43411 dst>fd10:43:100::2/21048 
05:28:16.233547 OFF flow>2248 srcPort>43411 dst>fd10:43:100::2/21048 
05:28:16.284095 SHUTDOWN flow>2249 srcPort>45351 dst>fd10:43:100::2/21049 
05:28:16.284692 OFF flow>2249 srcPort>45351 dst>fd10:43:100::2/21049 
05:28:16.654093 ON flow>2280 srcPort>46747 dst>fd10:43:100::2/21080 
05:28:16.654897 CONNECT flow>2280 srcPort>46747 dst>fd10:43:100::2/21080 
05:28:16.704859 ON flow>2281 srcPort>36075 dst>fd10:43:100::2/21081 
05:28:16.705108 CONNECT flow>2281 srcPort>36075 dst>fd10:43:100::2/21081 
05:28:17.044701 SHUTDOWN flow>2250 srcPort>33591 dst>fd10:43:100::2/21050 
05:28:17.045205 OFF flow>2250 srcPort>33591 dst>fd10:43:100::2/21050 
05:28:17.290601 SHUTDOWN flow>2251 srcPort>45493 dst>fd10:43:100::2/21051 
05:28:17.291155 OFF flow>2251 srcPort>45493 dst>fd10:43:100::2/21051 
05:28:17.373622 SHUTDOWN flow>2252 srcPort>35371 dst>fd10:43:100::2/21052 
05:28:17.374013 OFF flow>2252 srcPort>35371 dst>fd10:43:100::2/21052 
05:28:17.394604 SHUTDOWN flow>2253 srcPort>42029 dst>fd10:43:100::2/21053 
05:28:17.394963 OFF flow>2253 srcPort>42029 dst>fd10:43:100::2/21053 
05:28:17.404702 SHUTDOWN flow>2254 srcPort>45733 dst>fd10:43:100::2/21054 
05:28:17.405046 OFF flow>2254 srcPort>45733 dst>fd10:43:100::2/21054 
05:28:17.550508 SHUTDOWN flow>2255 srcPort>45019 dst>fd10:43:100::2/21055 
05:28:17.551021 OFF flow>2255 srcPort>45019 dst>fd10:43:100::2/21055 
05:28:17.623210 SHUTDOWN flow>2256 srcPort>33257 dst>fd10:43:100::2/21056 
05:28:17.623579 OFF flow>2256 srcPort>33257 dst>fd10:43:100::2/21056 
05:28:17.640786 ON flow>2282 srcPort>46497 dst>fd10:43:100::2/21082 
05:28:17.641087 CONNECT flow>2282 srcPort>46497 dst>fd10:43:100::2/21082 
05:28:17.644177 SHUTDOWN flow>2257 srcPort>34779 dst>fd10:43:100::2/21057 
05:28:17.644495 OFF flow>2257 srcPort>34779 dst>fd10:43:100::2/21057 
05:28:17.686297 SHUTDOWN flow>2258 srcPort>38545 dst>fd10:43:100::2/21058 
05:28:17.687300 OFF flow>2258 srcPort>38545 dst>fd10:43:100::2/21058 
05:28:17.745723 SHUTDOWN flow>2259 srcPort>35509 dst>fd10:43:100::2/21059 
05:28:17.746219 OFF flow>2259 srcPort>35509 dst>fd10:43:100::2/21059 
05:28:17.772228 SHUTDOWN flow>2260 srcPort>46673 dst>fd10:43:100::2/21060 
05:28:17.772791 OFF flow>2260 srcPort>46673 dst>fd10:43:100::2/21060 
05:28:17.796626 SHUTDOWN flow>2261 srcPort>36237 dst>fd10:43:100::2/21061 
05:28:17.797055 OFF flow>2261 srcPort>36237 dst>fd10:43:100::2/21061 
05:28:17.847217 SHUTDOWN flow>2262 srcPort>33949 dst>fd10:43:100::2/21062 
05:28:17.847549 OFF flow>2262 srcPort>33949 dst>fd10:43:100::2/21062 
05:28:17.965622 ON flow>2283 srcPort>33109 dst>fd10:43:100::2/21083 
05:28:17.965865 CONNECT flow>2283 srcPort>33109 dst>fd10:43:100::2/21083 
05:28:18.031567 SHUTDOWN flow>2263 srcPort>38539 dst>fd10:43:100::2/21063 
05:28:18.032350 OFF flow>2263 srcPort>38539 dst>fd10:43:100::2/21063 
05:28:18.074379 ON flow>2284 srcPort>37527 dst>fd10:43:100::2/21084 
05:28:18.075144 CONNECT flow>2284 srcPort>37527 dst>fd10:43:100::2/21084 
05:28:18.114182 ON flow>2285 srcPort>38651 dst>fd10:43:100::2/21085 
05:28:18.114407 CONNECT flow>2285 srcPort>38651 dst>fd10:43:100::2/21085 
05:28:18.137371 SHUTDOWN flow>2264 srcPort>34743 dst>fd10:43:100::2/21064 
05:28:18.137761 OFF flow>2264 srcPort>34743 dst>fd10:43:100::2/21064 
05:28:18.211464 ON flow>2286 srcPort>42973 dst>fd10:43:100::2/21086 
05:28:18.211726 CONNECT flow>2286 srcPort>42973 dst>fd10:43:100::2/21086 
05:28:18.270970 ON flow>2287 srcPort>46229 dst>fd10:43:100::2/21087 
05:28:18.271254 CONNECT flow>2287 srcPort>46229 dst>fd10:43:100::2/21087 
05:28:18.311318 ON flow>2288 srcPort>41425 dst>fd10:43:100::2/21088 
05:28:18.311638 CONNECT flow>2288 srcPort>41425 dst>fd10:43:100::2/21088 
05:28:18.335596 ON flow>2289 srcPort>34769 dst>fd10:43:100::2/21089 
05:28:18.335881 CONNECT flow>2289 srcPort>34769 dst>fd10:43:100::2/21089 
05:28:19.395327 ON flow>2290 srcPort>39315 dst>fd10:43:100::2/21090 
05:28:19.395620 CONNECT flow>2290 srcPort>39315 dst>fd10:43:100::2/21090 
05:28:19.423075 ON flow>2291 srcPort>36367 dst>fd10:43:100::2/21091 
05:28:19.423365 CONNECT flow>2291 srcPort>36367 dst>fd10:43:100::2/21091 
05:28:19.436970 ON flow>2292 srcPort>44237 dst>fd10:43:100::2/21092 
05:28:19.437264 CONNECT flow>2292 srcPort>44237 dst>fd10:43:100::2/21092 
05:28:20.013624 SHUTDOWN flow>2265 srcPort>39325 dst>fd10:43:100::2/21065 
05:28:20.014151 OFF flow>2265 srcPort>39325 dst>fd10:43:100::2/21065 
05:28:20.247213 SHUTDOWN flow>2266 srcPort>38513 dst>fd10:43:100::2/21066 
05:28:20.247664 OFF flow>2266 srcPort>38513 dst>fd10:43:100::2/21066 
05:28:20.343315 SHUTDOWN flow>2267 srcPort>46273 dst>fd10:43:100::2/21067 
05:28:20.343783 OFF flow>2267 srcPort>46273 dst>fd10:43:100::2/21067 
05:28:20.344011 SHUTDOWN flow>2268 srcPort>37661 dst>fd10:43:100::2/21068 
05:28:20.344362 OFF flow>2268 srcPort>37661 dst>fd10:43:100::2/21068 
05:28:20.369315 SHUTDOWN flow>2269 srcPort>37651 dst>fd10:43:100::2/21069 
05:28:20.369809 OFF flow>2269 srcPort>37651 dst>fd10:43:100::2/21069 
05:28:20.374009 SHUTDOWN flow>2270 srcPort>42415 dst>fd10:43:100::2/21070 
05:28:20.374592 OFF flow>2270 srcPort>42415 dst>fd10:43:100::2/21070 
05:28:20.418616 SHUTDOWN flow>2271 srcPort>40351 dst>fd10:43:100::2/21071 
05:28:20.418971 OFF flow>2271 srcPort>40351 dst>fd10:43:100::2/21071 
05:28:20.438816 SHUTDOWN flow>2272 srcPort>45593 dst>fd10:43:100::2/21072 
05:28:20.439213 OFF flow>2272 srcPort>45593 dst>fd10:43:100::2/21072 
05:28:20.440009 SHUTDOWN flow>2273 srcPort>41461 dst>fd10:43:100::2/21073 
05:28:20.440418 OFF flow>2273 srcPort>41461 dst>fd10:43:100::2/21073 
05:28:20.481717 SHUTDOWN flow>2274 srcPort>34711 dst>fd10:43:100::2/21074 
05:28:20.482089 OFF flow>2274 srcPort>34711 dst>fd10:43:100::2/21074 
05:28:20.603418 SHUTDOWN flow>2275 srcPort>46447 dst>fd10:43:100::2/21075 
05:28:20.603905 OFF flow>2275 srcPort>46447 dst>fd10:43:100::2/21075 
05:28:20.649319 SHUTDOWN flow>2276 srcPort>38027 dst>fd10:43:100::2/21076 
05:28:20.649712 OFF flow>2276 srcPort>38027 dst>fd10:43:100::2/21076 
05:28:20.773121 SHUTDOWN flow>2277 srcPort>35073 dst>fd10:43:100::2/21077 
05:28:20.773900 OFF flow>2277 srcPort>35073 dst>fd10:43:100::2/21077 
05:28:20.835818 SHUTDOWN flow>2278 srcPort>33989 dst>fd10:43:100::2/21078 
05:28:20.836237 OFF flow>2278 srcPort>33989 dst>fd10:43:100::2/21078 
05:28:20.845717 SHUTDOWN flow>2279 srcPort>36433 dst>fd10:43:100::2/21079 
05:28:20.846120 OFF flow>2279 srcPort>36433 dst>fd10:43:100::2/21079 
05:28:21.366504 ON flow>2293 srcPort>45435 dst>fd10:43:100::2/21093 
05:28:21.366746 CONNECT flow>2293 srcPort>45435 dst>fd10:43:100::2/21093 
05:28:21.413550 ON flow>2294 srcPort>39023 dst>fd10:43:100::2/21094 
05:28:21.413817 CONNECT flow>2294 srcPort>39023 dst>fd10:43:100::2/21094 
05:28:21.418442 ON flow>2295 srcPort>35439 dst>fd10:43:100::2/21095 
05:28:21.418759 CONNECT flow>2295 srcPort>35439 dst>fd10:43:100::2/21095 
05:28:21.454033 SHUTDOWN flow>2280 srcPort>46747 dst>fd10:43:100::2/21080 
05:28:21.454510 OFF flow>2280 srcPort>46747 dst>fd10:43:100::2/21080 
05:28:21.504808 SHUTDOWN flow>2281 srcPort>36075 dst>fd10:43:100::2/21081 
05:28:21.505198 OFF flow>2281 srcPort>36075 dst>fd10:43:100::2/21081 
05:28:21.570058 ON flow>2296 srcPort>43141 dst>fd10:43:100::2/21096 
05:28:21.570326 CONNECT flow>2296 srcPort>43141 dst>fd10:43:100::2/21096 
05:28:22.440814 SHUTDOWN flow>2282 srcPort>46497 dst>fd10:43:100::2/21082 
05:28:22.441657 OFF flow>2282 srcPort>46497 dst>fd10:43:100::2/21082 
05:28:22.765528 SHUTDOWN flow>2283 srcPort>33109 dst>fd10:43:100::2/21083 
05:28:22.765932 OFF flow>2283 srcPort>33109 dst>fd10:43:100::2/21083 
05:28:22.874319 SHUTDOWN flow>2284 srcPort>37527 dst>fd10:43:100::2/21084 
05:28:22.874833 OFF flow>2284 srcPort>37527 dst>fd10:43:100::2/21084 
05:28:22.914115 SHUTDOWN flow>2285 srcPort>38651 dst>fd10:43:100::2/21085 
05:28:22.914556 OFF flow>2285 srcPort>38651 dst>fd10:43:100::2/21085 
05:28:23.011406 SHUTDOWN flow>2286 srcPort>42973 dst>fd10:43:100::2/21086 
05:28:23.011862 OFF flow>2286 srcPort>42973 dst>fd10:43:100::2/21086 
05:28:23.070902 SHUTDOWN flow>2287 srcPort>46229 dst>fd10:43:100::2/21087 
05:28:23.071280 OFF flow>2287 srcPort>46229 dst>fd10:43:100::2/21087 
05:28:23.111205 SHUTDOWN flow>2288 srcPort>41425 dst>fd10:43:100::2/21088 
05:28:23.111684 OFF flow>2288 srcPort>41425 dst>fd10:43:100::2/21088 
05:28:23.135502 SHUTDOWN flow>2289 srcPort>34769 dst>fd10:43:100::2/21089 
05:28:23.135946 OFF flow>2289 srcPort>34769 dst>fd10:43:100::2/21089 
05:28:24.195239 SHUTDOWN flow>2290 srcPort>39315 dst>fd10:43:100::2/21090 
05:28:24.196577 OFF flow>2290 srcPort>39315 dst>fd10:43:100::2/21090 
05:28:24.200695 ON flow>2297 srcPort>35389 dst>fd10:43:100::2/21097 
05:28:24.201429 CONNECT flow>2297 srcPort>35389 dst>fd10:43:100::2/21097 
05:28:24.223032 SHUTDOWN flow>2291 srcPort>36367 dst>fd10:43:100::2/21091 
05:28:24.223611 OFF flow>2291 srcPort>36367 dst>fd10:43:100::2/21091 
05:28:24.236943 SHUTDOWN flow>2292 srcPort>44237 dst>fd10:43:100::2/21092 
05:28:24.237325 OFF flow>2292 srcPort>44237 dst>fd10:43:100::2/21092 
05:28:24.577121 ON flow>2298 srcPort>38879 dst>fd10:43:100::2/21098 
05:28:24.577394 CONNECT flow>2298 srcPort>38879 dst>fd10:43:100::2/21098 
05:28:24.661928 ON flow>2299 srcPort>41955 dst>fd10:43:100::2/21099 
05:28:24.662331 CONNECT flow>2299 srcPort>41955 dst>fd10:43:100::2/21099 
05:28:24.741406 ON flow>2300 srcPort>42533 dst>fd10:43:100::2/21100 
05:28:24.741896 CONNECT flow>2300 srcPort>42533 dst>fd10:43:100::2/21100 
05:28:25.387916 ON flow>2301 srcPort>37185 dst>fd10:43:100::2/21101 
05:28:25.388195 CONNECT flow>2301 srcPort>37185 dst>fd10:43:100::2/21101 
05:28:25.621454 ON flow>2302 srcPort>43041 dst>fd10:43:100::2/21102 
05:28:25.621833 CONNECT flow>2302 srcPort>43041 dst>fd10:43:100::2/21102 
05:28:26.166422 SHUTDOWN flow>2293 srcPort>45435 dst>fd10:43:100::2/21093 
05:28:26.167083 OFF flow>2293 srcPort>45435 dst>fd10:43:100::2/21093 
05:28:26.213529 SHUTDOWN flow>2294 srcPort>39023 dst>fd10:43:100::2/21094 
05:28:26.213946 OFF flow>2294 srcPort>39023 dst>fd10:43:100::2/21094 
05:28:26.218411 SHUTDOWN flow>2295 srcPort>35439 dst>fd10:43:100::2/21095 
05:28:26.218935 OFF flow>2295 srcPort>35439 dst>fd10:43:100::2/21095 
05:28:26.370013 SHUTDOWN flow>2296 srcPort>43141 dst>fd10:43:100::2/21096 
05:28:26.370481 OFF flow>2296 srcPort>43141 dst>fd10:43:100::2/21096 
05:28:28.298812 ON flow>2303 srcPort>41003 dst>fd10:43:100::2/21103 
05:28:28.299120 CONNECT flow>2303 srcPort>41003 dst>fd10:43:100::2/21103 
05:28:28.405398 ON flow>2304 srcPort>36387 dst>fd10:43:100::2/21104 
05:28:28.405698 CONNECT flow>2304 srcPort>36387 dst>fd10:43:100::2/21104 
05:28:28.411061 ON flow>2305 srcPort>33683 dst>fd10:43:100::2/21105 
05:28:28.411342 CONNECT flow>2305 srcPort>33683 dst>fd10:43:100::2/21105 
05:28:28.573072 ON flow>2306 srcPort>43599 dst>fd10:43:100::2/21106 
05:28:28.573331 CONNECT flow>2306 srcPort>43599 dst>fd10:43:100::2/21106 
05:28:28.581467 ON flow>2307 srcPort>41911 dst>fd10:43:100::2/21107 
05:28:28.581780 CONNECT flow>2307 srcPort>41911 dst>fd10:43:100::2/21107 
05:28:28.585258 ON flow>2308 srcPort>42629 dst>fd10:43:100::2/21108 
05:28:28.585548 CONNECT flow>2308 srcPort>42629 dst>fd10:43:100::2/21108 
05:28:28.734478 ON flow>2309 srcPort>36155 dst>fd10:43:100::2/21109 
05:28:28.734779 CONNECT flow>2309 srcPort>36155 dst>fd10:43:100::2/21109 
05:28:28.813964 ON flow>2310 srcPort>45817 dst>fd10:43:100::2/21110 
05:28:28.814248 CONNECT flow>2310 srcPort>45817 dst>fd10:43:100::2/21110 
05:28:28.963886 ON flow>2311 srcPort>36269 dst>fd10:43:100::2/21111 
05:28:28.964152 CONNECT flow>2311 srcPort>36269 dst>fd10:43:100::2/21111 
05:28:29.000615 SHUTDOWN flow>2297 srcPort>35389 dst>fd10:43:100::2/21097 
05:28:29.001193 OFF flow>2297 srcPort>35389 dst>fd10:43:100::2/21097 
05:28:29.249706 ON flow>2312 srcPort>36327 dst>fd10:43:100::2/21112 
05:28:29.249970 CONNECT flow>2312 srcPort>36327 dst>fd10:43:100::2/21112 
05:28:29.377010 SHUTDOWN flow>2298 srcPort>38879 dst>fd10:43:100::2/21098 
05:28:29.377829 OFF flow>2298 srcPort>38879 dst>fd10:43:100::2/21098 
05:28:29.461969 SHUTDOWN flow>2299 srcPort>41955 dst>fd10:43:100::2/21099 
05:28:29.462961 OFF flow>2299 srcPort>41955 dst>fd10:43:100::2/21099 
05:28:29.541326 SHUTDOWN flow>2300 srcPort>42533 dst>fd10:43:100::2/21100 
05:28:29.541800 OFF flow>2300 srcPort>42533 dst>fd10:43:100::2/21100 
05:28:30.187818 SHUTDOWN flow>2301 srcPort>37185 dst>fd10:43:100::2/21101 
05:28:30.188288 OFF flow>2301 srcPort>37185 dst>fd10:43:100::2/21101 
05:28:30.421322 SHUTDOWN flow>2302 srcPort>43041 dst>fd10:43:100::2/21102 
05:28:30.422072 OFF flow>2302 srcPort>43041 dst>fd10:43:100::2/21102 
05:28:30.563717 ON flow>2313 srcPort>45083 dst>fd10:43:100::2/21113 
05:28:30.564041 CONNECT flow>2313 srcPort>45083 dst>fd10:43:100::2/21113 
05:28:30.821798 ON flow>2314 srcPort>43971 dst>fd10:43:100::2/21114 
05:28:30.822086 CONNECT flow>2314 srcPort>43971 dst>fd10:43:100::2/21114 
05:28:30.913369 ON flow>2315 srcPort>41427 dst>fd10:43:100::2/21115 
05:28:30.913669 CONNECT flow>2315 srcPort>41427 dst>fd10:43:100::2/21115 
05:28:30.916046 ON flow>2316 srcPort>40441 dst>fd10:43:100::2/21116 
05:28:30.916318 CONNECT flow>2316 srcPort>40441 dst>fd10:43:100::2/21116 
05:28:32.005684 ON flow>2317 srcPort>37167 dst>fd10:43:100::2/21117 
05:28:32.005995 CONNECT flow>2317 srcPort>37167 dst>fd10:43:100::2/21117 
05:28:32.160985 ON flow>2318 srcPort>38909 dst>fd10:43:100::2/21118 
05:28:32.161300 CONNECT flow>2318 srcPort>38909 dst>fd10:43:100::2/21118 
05:28:32.315288 ON flow>2319 srcPort>42205 dst>fd10:43:100::2/21119 
05:28:32.315581 CONNECT flow>2319 srcPort>42205 dst>fd10:43:100::2/21119 
05:28:32.602529 ON flow>2320 srcPort>39589 dst>fd10:43:100::2/21120 
05:28:32.602810 CONNECT flow>2320 srcPort>39589 dst>fd10:43:100::2/21120 
05:28:32.912908 ON flow>2321 srcPort>39879 dst>fd10:43:100::2/21121 
05:28:32.913167 CONNECT flow>2321 srcPort>39879 dst>fd10:43:100::2/21121 
05:28:32.962491 ON flow>2322 srcPort>45329 dst>fd10:43:100::2/21122 
05:28:32.962806 CONNECT flow>2322 srcPort>45329 dst>fd10:43:100::2/21122 
05:28:33.098528 SHUTDOWN flow>2303 srcPort>41003 dst>fd10:43:100::2/21103 
05:28:33.099169 OFF flow>2303 srcPort>41003 dst>fd10:43:100::2/21103 
05:28:33.205322 SHUTDOWN flow>2304 srcPort>36387 dst>fd10:43:100::2/21104 
05:28:33.205765 OFF flow>2304 srcPort>36387 dst>fd10:43:100::2/21104 
05:28:33.211019 SHUTDOWN flow>2305 srcPort>33683 dst>fd10:43:100::2/21105 
05:28:33.211480 OFF flow>2305 srcPort>33683 dst>fd10:43:100::2/21105 
05:28:33.373024 SHUTDOWN flow>2306 srcPort>43599 dst>fd10:43:100::2/21106 
05:28:33.373492 OFF flow>2306 srcPort>43599 dst>fd10:43:100::2/21106 
05:28:33.381418 SHUTDOWN flow>2307 srcPort>41911 dst>fd10:43:100::2/21107 
05:28:33.381813 OFF flow>2307 srcPort>41911 dst>fd10:43:100::2/21107 
05:28:33.385217 SHUTDOWN flow>2308 srcPort>42629 dst>fd10:43:100::2/21108 
05:28:33.385737 OFF flow>2308 srcPort>42629 dst>fd10:43:100::2/21108 
05:28:33.534433 SHUTDOWN flow>2309 srcPort>36155 dst>fd10:43:100::2/21109 
05:28:33.534954 OFF flow>2309 srcPort>36155 dst>fd10:43:100::2/21109 
05:28:33.613927 SHUTDOWN flow>2310 srcPort>45817 dst>fd10:43:100::2/21110 
05:28:33.614444 OFF flow>2310 srcPort>45817 dst>fd10:43:100::2/21110 
05:28:33.763814 SHUTDOWN flow>2311 srcPort>36269 dst>fd10:43:100::2/21111 
05:28:33.764691 OFF flow>2311 srcPort>36269 dst>fd10:43:100::2/21111 
05:28:34.049626 SHUTDOWN flow>2312 srcPort>36327 dst>fd10:43:100::2/21112 
05:28:34.050195 OFF flow>2312 srcPort>36327 dst>fd10:43:100::2/21112 
05:28:35.363622 SHUTDOWN flow>2313 srcPort>45083 dst>fd10:43:100::2/21113 
05:28:35.364343 OFF flow>2313 srcPort>45083 dst>fd10:43:100::2/21113 
05:28:35.460927 ON flow>2323 srcPort>37911 dst>fd10:43:100::2/21123 
05:28:35.461254 CONNECT flow>2323 srcPort>37911 dst>fd10:43:100::2/21123 
05:28:35.462528 ON flow>2324 srcPort>37173 dst>fd10:43:100::2/21124 
05:28:35.462812 CONNECT flow>2324 srcPort>37173 dst>fd10:43:100::2/21124 
05:28:35.536844 ON flow>2325 srcPort>36785 dst>fd10:43:100::2/21125 
05:28:35.537144 CONNECT flow>2325 srcPort>36785 dst>fd10:43:100::2/21125 
05:28:35.583276 ON flow>2326 srcPort>37301 dst>fd10:43:100::2/21126 
05:28:35.583562 CONNECT flow>2326 srcPort>37301 dst>fd10:43:100::2/21126 
05:28:35.621736 SHUTDOWN flow>2314 srcPort>43971 dst>fd10:43:100::2/21114 
05:28:35.622638 OFF flow>2314 srcPort>43971 dst>fd10:43:100::2/21114 
05:28:35.683820 ON flow>2327 srcPort>45771 dst>fd10:43:100::2/21127 
05:28:35.684154 CONNECT flow>2327 srcPort>45771 dst>fd10:43:100::2/21127 
05:28:35.704251 ON flow>2328 srcPort>46331 dst>fd10:43:100::2/21128 
05:28:35.704502 CONNECT flow>2328 srcPort>46331 dst>fd10:43:100::2/21128 
05:28:35.713332 SHUTDOWN flow>2315 srcPort>41427 dst>fd10:43:100::2/21115 
05:28:35.713985 OFF flow>2315 srcPort>41427 dst>fd10:43:100::2/21115 
05:28:35.716019 SHUTDOWN flow>2316 srcPort>40441 dst>fd10:43:100::2/21116 
05:28:35.718738 OFF flow>2316 srcPort>40441 dst>fd10:43:100::2/21116 
05:28:36.805548 SHUTDOWN flow>2317 srcPort>37167 dst>fd10:43:100::2/21117 
05:28:36.806148 OFF flow>2317 srcPort>37167 dst>fd10:43:100::2/21117 
05:28:36.960918 SHUTDOWN flow>2318 srcPort>38909 dst>fd10:43:100::2/21118 
05:28:36.961547 OFF flow>2318 srcPort>38909 dst>fd10:43:100::2/21118 
05:28:37.115216 SHUTDOWN flow>2319 srcPort>42205 dst>fd10:43:100::2/21119 
05:28:37.116084 OFF flow>2319 srcPort>42205 dst>fd10:43:100::2/21119 
05:28:37.402423 SHUTDOWN flow>2320 srcPort>39589 dst>fd10:43:100::2/21120 
05:28:37.402990 OFF flow>2320 srcPort>39589 dst>fd10:43:100::2/21120 
05:28:37.712820 SHUTDOWN flow>2321 srcPort>39879 dst>fd10:43:100::2/21121 
05:28:37.713462 OFF flow>2321 srcPort>39879 dst>fd10:43:100::2/21121 
05:28:37.762422 SHUTDOWN flow>2322 srcPort>45329 dst>fd10:43:100::2/21122 
05:28:37.763051 OFF flow>2322 srcPort>45329 dst>fd10:43:100::2/21122 
05:28:38.058015 ON flow>2329 srcPort>41043 dst>fd10:43:100::2/21129 
05:28:38.058307 CONNECT flow>2329 srcPort>41043 dst>fd10:43:100::2/21129 
05:28:38.163694 ON flow>2330 srcPort>35381 dst>fd10:43:100::2/21130 
05:28:38.164025 CONNECT flow>2330 srcPort>35381 dst>fd10:43:100::2/21130 
05:28:38.168087 ON flow>2331 srcPort>46687 dst>fd10:43:100::2/21131 
05:28:38.168393 CONNECT flow>2331 srcPort>46687 dst>fd10:43:100::2/21131 
05:28:38.199296 ON flow>2332 srcPort>45713 dst>fd10:43:100::2/21132 
05:28:38.199627 CONNECT flow>2332 srcPort>45713 dst>fd10:43:100::2/21132 
05:28:38.450059 ON flow>2333 srcPort>45677 dst>fd10:43:100::2/21133 
05:28:38.450332 CONNECT flow>2333 srcPort>45677 dst>fd10:43:100::2/21133 
05:28:38.472718 ON flow>2334 srcPort>41523 dst>fd10:43:100::2/21134 
05:28:38.473000 CONNECT flow>2334 srcPort>41523 dst>fd10:43:100::2/21134 
05:28:38.510594 ON flow>2335 srcPort>39611 dst>fd10:43:100::2/21135 
05:28:38.510925 CONNECT flow>2335 srcPort>39611 dst>fd10:43:100::2/21135 
05:28:38.515154 ON flow>2336 srcPort>42773 dst>fd10:43:100::2/21136 
05:28:38.515505 CONNECT flow>2336 srcPort>42773 dst>fd10:43:100::2/21136 
05:28:38.515558 ON flow>2337 srcPort>42033 dst>fd10:43:100::2/21137 
05:28:38.515835 CONNECT flow>2337 srcPort>42033 dst>fd10:43:100::2/21137 
05:28:38.517143 ON flow>2338 srcPort>35977 dst>fd10:43:100::2/21138 
05:28:38.517471 CONNECT flow>2338 srcPort>35977 dst>fd10:43:100::2/21138 
05:28:38.588458 ON flow>2339 srcPort>33187 dst>fd10:43:100::2/21139 
05:28:38.588711 CONNECT flow>2339 srcPort>33187 dst>fd10:43:100::2/21139 
05:28:38.590379 ON flow>2340 srcPort>38267 dst>fd10:43:100::2/21140 
05:28:38.590642 CONNECT flow>2340 srcPort>38267 dst>fd10:43:100::2/21140 
05:28:38.623558 ON flow>2341 srcPort>41611 dst>fd10:43:100::2/21141 
05:28:38.623849 CONNECT flow>2341 srcPort>41611 dst>fd10:43:100::2/21141 
05:28:39.581052 ON flow>2342 srcPort>46199 dst>fd10:43:100::2/21142 
05:28:39.581330 CONNECT flow>2342 srcPort>46199 dst>fd10:43:100::2/21142 
05:28:39.652212 ON flow>2343 srcPort>40077 dst>fd10:43:100::2/21143 
05:28:39.652529 CONNECT flow>2343 srcPort>40077 dst>fd10:43:100::2/21143 
05:28:39.659182 ON flow>2344 srcPort>45979 dst>fd10:43:100::2/21144 
05:28:39.659582 CONNECT flow>2344 srcPort>45979 dst>fd10:43:100::2/21144 
05:28:39.828533 ON flow>2345 srcPort>43671 dst>fd10:43:100::2/21145 
05:28:39.828824 CONNECT flow>2345 srcPort>43671 dst>fd10:43:100::2/21145 
05:28:40.260731 SHUTDOWN flow>2323 srcPort>37911 dst>fd10:43:100::2/21123 
05:28:40.261198 OFF flow>2323 srcPort>37911 dst>fd10:43:100::2/21123 
05:28:40.262426 SHUTDOWN flow>2324 srcPort>37173 dst>fd10:43:100::2/21124 
05:28:40.262974 OFF flow>2324 srcPort>37173 dst>fd10:43:100::2/21124 
05:28:40.336744 SHUTDOWN flow>2325 srcPort>36785 dst>fd10:43:100::2/21125 
05:28:40.337314 OFF flow>2325 srcPort>36785 dst>fd10:43:100::2/21125 
05:28:40.383139 SHUTDOWN flow>2326 srcPort>37301 dst>fd10:43:100::2/21126 
05:28:40.383706 OFF flow>2326 srcPort>37301 dst>fd10:43:100::2/21126 
05:28:40.483637 SHUTDOWN flow>2327 srcPort>45771 dst>fd10:43:100::2/21127 
05:28:40.484091 OFF flow>2327 srcPort>45771 dst>fd10:43:100::2/21127 
05:28:40.504134 SHUTDOWN flow>2328 srcPort>46331 dst>fd10:43:100::2/21128 
05:28:40.504556 OFF flow>2328 srcPort>46331 dst>fd10:43:100::2/21128 
05:28:42.199919 ON flow>2346 srcPort>33945 dst>fd10:43:100::2/21146 
05:28:42.200191 CONNECT flow>2346 srcPort>33945 dst>fd10:43:100::2/21146 
05:28:42.519447 ON flow>2347 srcPort>43061 dst>fd10:43:100::2/21147 
05:28:42.519716 CONNECT flow>2347 srcPort>43061 dst>fd10:43:100::2/21147 
05:28:42.592790 ON flow>2348 srcPort>37929 dst>fd10:43:100::2/21148 
05:28:42.593111 CONNECT flow>2348 srcPort>37929 dst>fd10:43:100::2/21148 
05:28:42.857938 SHUTDOWN flow>2329 srcPort>41043 dst>fd10:43:100::2/21129 
05:28:42.858755 OFF flow>2329 srcPort>41043 dst>fd10:43:100::2/21129 
05:28:42.963670 SHUTDOWN flow>2330 srcPort>35381 dst>fd10:43:100::2/21130 
05:28:42.964572 OFF flow>2330 srcPort>35381 dst>fd10:43:100::2/21130 
05:28:42.968051 SHUTDOWN flow>2331 srcPort>46687 dst>fd10:43:100::2/21131 
05:28:42.968397 OFF flow>2331 srcPort>46687 dst>fd10:43:100::2/21131 
05:28:42.999273 SHUTDOWN flow>2332 srcPort>45713 dst>fd10:43:100::2/21132 
05:28:42.999644 OFF flow>2332 srcPort>45713 dst>fd10:43:100::2/21132 
05:28:43.250007 SHUTDOWN flow>2333 srcPort>45677 dst>fd10:43:100::2/21133 
05:28:43.250504 OFF flow>2333 srcPort>45677 dst>fd10:43:100::2/21133 
05:28:43.272692 SHUTDOWN flow>2334 srcPort>41523 dst>fd10:43:100::2/21134 
05:28:43.273038 OFF flow>2334 srcPort>41523 dst>fd10:43:100::2/21134 
05:28:43.310543 SHUTDOWN flow>2335 srcPort>39611 dst>fd10:43:100::2/21135 
05:28:43.310936 OFF flow>2335 srcPort>39611 dst>fd10:43:100::2/21135 
05:28:43.315094 SHUTDOWN flow>2336 srcPort>42773 dst>fd10:43:100::2/21136 
05:28:43.315511 OFF flow>2336 srcPort>42773 dst>fd10:43:100::2/21136 
05:28:43.315560 SHUTDOWN flow>2337 srcPort>42033 dst>fd10:43:100::2/21137 
05:28:43.315892 OFF flow>2337 srcPort>42033 dst>fd10:43:100::2/21137 
05:28:43.317105 SHUTDOWN flow>2338 srcPort>35977 dst>fd10:43:100::2/21138 
05:28:43.317533 OFF flow>2338 srcPort>35977 dst>fd10:43:100::2/21138 
05:28:43.388394 SHUTDOWN flow>2339 srcPort>33187 dst>fd10:43:100::2/21139 
05:28:43.388810 OFF flow>2339 srcPort>33187 dst>fd10:43:100::2/21139 
05:28:43.390303 SHUTDOWN flow>2340 srcPort>38267 dst>fd10:43:100::2/21140 
05:28:43.390612 OFF flow>2340 srcPort>38267 dst>fd10:43:100::2/21140 
05:28:43.423559 SHUTDOWN flow>2341 srcPort>41611 dst>fd10:43:100::2/21141 
05:28:43.423923 OFF flow>2341 srcPort>41611 dst>fd10:43:100::2/21141 
05:28:44.380938 SHUTDOWN flow>2342 srcPort>46199 dst>fd10:43:100::2/21142 
05:28:44.381422 OFF flow>2342 srcPort>46199 dst>fd10:43:100::2/21142 
05:28:44.452135 SHUTDOWN flow>2343 srcPort>40077 dst>fd10:43:100::2/21143 
05:28:44.452589 OFF flow>2343 srcPort>40077 dst>fd10:43:100::2/21143 
05:28:44.459128 SHUTDOWN flow>2344 srcPort>45979 dst>fd10:43:100::2/21144 
05:28:44.459556 OFF flow>2344 srcPort>45979 dst>fd10:43:100::2/21144 
05:28:44.628452 SHUTDOWN flow>2345 srcPort>43671 dst>fd10:43:100::2/21145 
05:28:44.628920 OFF flow>2345 srcPort>43671 dst>fd10:43:100::2/21145 
05:28:45.262157 ON flow>2349 srcPort>36959 dst>fd10:43:100::2/21149 
05:28:45.262432 CONNECT flow>2349 srcPort>36959 dst>fd10:43:100::2/21149 
05:28:45.266036 ON flow>2350 srcPort>34125 dst>fd10:43:100::2/21150 
05:28:45.266316 CONNECT flow>2350 srcPort>34125 dst>fd10:43:100::2/21150 
05:28:45.311674 ON flow>2351 srcPort>42343 dst>fd10:43:100::2/21151 
05:28:45.312022 CONNECT flow>2351 srcPort>42343 dst>fd10:43:100::2/21151 
05:28:45.386272 ON flow>2352 srcPort>36251 dst>fd10:43:100::2/21152 
05:28:45.386590 CONNECT flow>2352 srcPort>36251 dst>fd10:43:100::2/21152 
05:28:45.421721 ON flow>2353 srcPort>41035 dst>fd10:43:100::2/21153 
05:28:45.422022 CONNECT flow>2353 srcPort>41035 dst>fd10:43:100::2/21153 
05:28:45.463506 ON flow>2354 srcPort>33753 dst>fd10:43:100::2/21154 
05:28:45.463790 CONNECT flow>2354 srcPort>33753 dst>fd10:43:100::2/21154 
05:28:45.484407 ON flow>2355 srcPort>36837 dst>fd10:43:100::2/21155 
05:28:45.484671 CONNECT flow>2355 srcPort>36837 dst>fd10:43:100::2/21155 
05:28:45.512602 ON flow>2356 srcPort>36819 dst>fd10:43:100::2/21156 
05:28:45.512940 CONNECT flow>2356 srcPort>36819 dst>fd10:43:100::2/21156 
05:28:45.617779 ON flow>2357 srcPort>39107 dst>fd10:43:100::2/21157 
05:28:45.618134 CONNECT flow>2357 srcPort>39107 dst>fd10:43:100::2/21157 
05:28:46.999738 SHUTDOWN flow>2346 srcPort>33945 dst>fd10:43:100::2/21146 
05:28:47.000226 OFF flow>2346 srcPort>33945 dst>fd10:43:100::2/21146 
05:28:47.113898 ON flow>2358 srcPort>37169 dst>fd10:43:100::2/21158 
05:28:47.114357 CONNECT flow>2358 srcPort>37169 dst>fd10:43:100::2/21158 
05:28:47.118477 ON flow>2359 srcPort>43463 dst>fd10:43:100::2/21159 
05:28:47.118818 CONNECT flow>2359 srcPort>43463 dst>fd10:43:100::2/21159 
05:28:47.175440 ON flow>2360 srcPort>37781 dst>fd10:43:100::2/21160 
05:28:47.175814 CONNECT flow>2360 srcPort>37781 dst>fd10:43:100::2/21160 
05:28:47.235557 ON flow>2361 srcPort>46223 dst>fd10:43:100::2/21161 
05:28:47.235873 CONNECT flow>2361 srcPort>46223 dst>fd10:43:100::2/21161 
05:28:47.319342 SHUTDOWN flow>2347 srcPort>43061 dst>fd10:43:100::2/21147 
05:28:47.319830 OFF flow>2347 srcPort>43061 dst>fd10:43:100::2/21147 
05:28:47.392740 SHUTDOWN flow>2348 srcPort>37929 dst>fd10:43:100::2/21148 
05:28:47.393671 OFF flow>2348 srcPort>37929 dst>fd10:43:100::2/21148 
05:28:48.769330 ON flow>2362 srcPort>36625 dst>fd10:43:100::2/21162 
05:28:48.769605 CONNECT flow>2362 srcPort>36625 dst>fd10:43:100::2/21162 
05:28:48.815716 ON flow>2363 srcPort>41887 dst>fd10:43:100::2/21163 
05:28:48.816027 CONNECT flow>2363 srcPort>41887 dst>fd10:43:100::2/21163 
05:28:48.890727 ON flow>2364 srcPort>35949 dst>fd10:43:100::2/21164 
05:28:48.890986 CONNECT flow>2364 srcPort>35949 dst>fd10:43:100::2/21164 
05:28:48.991588 ON flow>2365 srcPort>33813 dst>fd10:43:100::2/21165 
05:28:48.991998 CONNECT flow>2365 srcPort>33813 dst>fd10:43:100::2/21165 
05:28:49.157920 ON flow>2366 srcPort>40227 dst>fd10:43:100::2/21166 
05:28:49.158167 CONNECT flow>2366 srcPort>40227 dst>fd10:43:100::2/21166 
05:28:49.347597 ON flow>2367 srcPort>39483 dst>fd10:43:100::2/21167 
05:28:49.347885 CONNECT flow>2367 srcPort>39483 dst>fd10:43:100::2/21167 
05:28:49.432790 ON flow>2368 srcPort>35569 dst>fd10:43:100::2/21168 
05:28:49.433173 CONNECT flow>2368 srcPort>35569 dst>fd10:43:100::2/21168 
05:28:49.547293 ON flow>2369 srcPort>45169 dst>fd10:43:100::2/21169 
05:28:49.547613 CONNECT flow>2369 srcPort>45169 dst>fd10:43:100::2/21169 
05:28:49.591589 ON flow>2370 srcPort>34195 dst>fd10:43:100::2/21170 
05:28:49.591828 CONNECT flow>2370 srcPort>34195 dst>fd10:43:100::2/21170 
05:28:49.621505 ON flow>2371 srcPort>45585 dst>fd10:43:100::2/21171 
05:28:49.621748 CONNECT flow>2371 srcPort>45585 dst>fd10:43:100::2/21171 
05:28:49.641586 ON flow>2372 srcPort>39357 dst>fd10:43:100::2/21172 
05:28:49.641871 CONNECT flow>2372 srcPort>39357 dst>fd10:43:100::2/21172 
05:28:49.668617 ON flow>2373 srcPort>34183 dst>fd10:43:100::2/21173 
05:28:49.669186 CONNECT flow>2373 srcPort>34183 dst>fd10:43:100::2/21173 
05:28:49.685912 ON flow>2374 srcPort>36435 dst>fd10:43:100::2/21174 
05:28:49.686432 CONNECT flow>2374 srcPort>36435 dst>fd10:43:100::2/21174 
05:28:49.771555 ON flow>2375 srcPort>33453 dst>fd10:43:100::2/21175 
05:28:49.771951 CONNECT flow>2375 srcPort>33453 dst>fd10:43:100::2/21175 
05:28:49.830630 ON flow>2376 srcPort>32843 dst>fd10:43:100::2/21176 
05:28:49.830891 CONNECT flow>2376 srcPort>32843 dst>fd10:43:100::2/21176 
05:28:49.980770 ON flow>2377 srcPort>46483 dst>fd10:43:100::2/21177 
05:28:49.981013 CONNECT flow>2377 srcPort>46483 dst>fd10:43:100::2/21177 
05:28:50.062051 SHUTDOWN flow>2349 srcPort>36959 dst>fd10:43:100::2/21149 
05:28:50.062643 OFF flow>2349 srcPort>36959 dst>fd10:43:100::2/21149 
05:28:50.065949 SHUTDOWN flow>2350 srcPort>34125 dst>fd10:43:100::2/21150 
05:28:50.066355 OFF flow>2350 srcPort>34125 dst>fd10:43:100::2/21150 
05:28:50.073436 ON flow>2378 srcPort>36571 dst>fd10:43:100::2/21178 
05:28:50.074170 CONNECT flow>2378 srcPort>36571 dst>fd10:43:100::2/21178 
05:28:50.093899 ON flow>2379 srcPort>45141 dst>fd10:43:100::2/21179 
05:28:50.095310 CONNECT flow>2379 srcPort>45141 dst>fd10:43:100::2/21179 
05:28:50.111570 SHUTDOWN flow>2351 srcPort>42343 dst>fd10:43:100::2/21151 
05:28:50.112482 OFF flow>2351 srcPort>42343 dst>fd10:43:100::2/21151 
05:28:50.186152 SHUTDOWN flow>2352 srcPort>36251 dst>fd10:43:100::2/21152 
05:28:50.186661 OFF flow>2352 srcPort>36251 dst>fd10:43:100::2/21152 
05:28:50.221664 SHUTDOWN flow>2353 srcPort>41035 dst>fd10:43:100::2/21153 
05:28:50.222072 OFF flow>2353 srcPort>41035 dst>fd10:43:100::2/21153 
05:28:50.263454 SHUTDOWN flow>2354 srcPort>33753 dst>fd10:43:100::2/21154 
05:28:50.264292 OFF flow>2354 srcPort>33753 dst>fd10:43:100::2/21154 
05:28:50.284362 SHUTDOWN flow>2355 srcPort>36837 dst>fd10:43:100::2/21155 
05:28:50.284723 OFF flow>2355 srcPort>36837 dst>fd10:43:100::2/21155 
05:28:50.312555 SHUTDOWN flow>2356 srcPort>36819 dst>fd10:43:100::2/21156 
05:28:50.312937 OFF flow>2356 srcPort>36819 dst>fd10:43:100::2/21156 
05:28:50.417660 SHUTDOWN flow>2357 srcPort>39107 dst>fd10:43:100::2/21157 
05:28:50.418146 OFF flow>2357 srcPort>39107 dst>fd10:43:100::2/21157 
05:28:51.913751 SHUTDOWN flow>2358 srcPort>37169 dst>fd10:43:100::2/21158 
05:28:51.914243 OFF flow>2358 srcPort>37169 dst>fd10:43:100::2/21158 
05:28:51.918448 SHUTDOWN flow>2359 srcPort>43463 dst>fd10:43:100::2/21159 
05:28:51.918874 OFF flow>2359 srcPort>43463 dst>fd10:43:100::2/21159 
05:28:51.975359 SHUTDOWN flow>2360 srcPort>37781 dst>fd10:43:100::2/21160 
05:28:51.976040 OFF flow>2360 srcPort>37781 dst>fd10:43:100::2/21160 
05:28:52.035441 SHUTDOWN flow>2361 srcPort>46223 dst>fd10:43:100::2/21161 
05:28:52.036056 OFF flow>2361 srcPort>46223 dst>fd10:43:100::2/21161 
05:28:53.569242 SHUTDOWN flow>2362 srcPort>36625 dst>fd10:43:100::2/21162 
05:28:53.569724 OFF flow>2362 srcPort>36625 dst>fd10:43:100::2/21162 
05:28:53.615680 SHUTDOWN flow>2363 srcPort>41887 dst>fd10:43:100::2/21163 
05:28:53.616229 OFF flow>2363 srcPort>41887 dst>fd10:43:100::2/21163 
05:28:53.690658 SHUTDOWN flow>2364 srcPort>35949 dst>fd10:43:100::2/21164 
05:28:53.691168 OFF flow>2364 srcPort>35949 dst>fd10:43:100::2/21164 
05:28:53.791557 SHUTDOWN flow>2365 srcPort>33813 dst>fd10:43:100::2/21165 
05:28:53.792197 OFF flow>2365 srcPort>33813 dst>fd10:43:100::2/21165 
05:28:53.957854 SHUTDOWN flow>2366 srcPort>40227 dst>fd10:43:100::2/21166 
05:28:53.958545 OFF flow>2366 srcPort>40227 dst>fd10:43:100::2/21166 
05:28:54.136468 ON flow>2380 srcPort>40809 dst>fd10:43:100::2/21180 
05:28:54.136802 CONNECT flow>2380 srcPort>40809 dst>fd10:43:100::2/21180 
05:28:54.147561 SHUTDOWN flow>2367 srcPort>39483 dst>fd10:43:100::2/21167 
05:28:54.148118 OFF flow>2367 srcPort>39483 dst>fd10:43:100::2/21167 
05:28:54.170046 ON flow>2381 srcPort>36409 dst>fd10:43:100::2/21181 
05:28:54.170282 CONNECT flow>2381 srcPort>36409 dst>fd10:43:100::2/21181 
05:28:54.232747 SHUTDOWN flow>2368 srcPort>35569 dst>fd10:43:100::2/21168 
05:28:54.233205 OFF flow>2368 srcPort>35569 dst>fd10:43:100::2/21168 
05:28:54.293487 ON flow>2382 srcPort>40993 dst>fd10:43:100::2/21182 
05:28:54.293747 CONNECT flow>2382 srcPort>40993 dst>fd10:43:100::2/21182 
05:28:54.347259 SHUTDOWN flow>2369 srcPort>45169 dst>fd10:43:100::2/21169 
05:28:54.347813 OFF flow>2369 srcPort>45169 dst>fd10:43:100::2/21169 
05:28:54.362358 ON flow>2383 srcPort>40219 dst>fd10:43:100::2/21183 
05:28:54.362705 CONNECT flow>2383 srcPort>40219 dst>fd10:43:100::2/21183 
05:28:54.369200 ON flow>2384 srcPort>36157 dst>fd10:43:100::2/21184 
05:28:54.369471 CONNECT flow>2384 srcPort>36157 dst>fd10:43:100::2/21184 
05:28:54.391576 SHUTDOWN flow>2370 srcPort>34195 dst>fd10:43:100::2/21170 
05:28:54.392133 OFF flow>2370 srcPort>34195 dst>fd10:43:100::2/21170 
05:28:54.418160 ON flow>2385 srcPort>39263 dst>fd10:43:100::2/21185 
05:28:54.418430 CONNECT flow>2385 srcPort>39263 dst>fd10:43:100::2/21185 
05:28:54.421467 SHUTDOWN flow>2371 srcPort>45585 dst>fd10:43:100::2/21171 
05:28:54.421864 OFF flow>2371 srcPort>45585 dst>fd10:43:100::2/21171 
05:28:54.441560 SHUTDOWN flow>2372 srcPort>39357 dst>fd10:43:100::2/21172 
05:28:54.442093 OFF flow>2372 srcPort>39357 dst>fd10:43:100::2/21172 
05:28:54.468563 SHUTDOWN flow>2373 srcPort>34183 dst>fd10:43:100::2/21173 
05:28:54.468958 OFF flow>2373 srcPort>34183 dst>fd10:43:100::2/21173 
05:28:54.485668 SHUTDOWN flow>2374 srcPort>36435 dst>fd10:43:100::2/21174 
05:28:54.486065 OFF flow>2374 srcPort>36435 dst>fd10:43:100::2/21174 
05:28:54.571467 SHUTDOWN flow>2375 srcPort>33453 dst>fd10:43:100::2/21175 
05:28:54.571955 OFF flow>2375 srcPort>33453 dst>fd10:43:100::2/21175 
05:28:54.630554 SHUTDOWN flow>2376 srcPort>32843 dst>fd10:43:100::2/21176 
05:28:54.631039 OFF flow>2376 srcPort>32843 dst>fd10:43:100::2/21176 
05:28:54.633856 ON flow>2386 srcPort>38617 dst>fd10:43:100::2/21186 
05:28:54.634547 CONNECT flow>2386 srcPort>38617 dst>fd10:43:100::2/21186 
05:28:54.731472 ON flow>2387 srcPort>45775 dst>fd10:43:100::2/21187 
05:28:54.731748 CONNECT flow>2387 srcPort>45775 dst>fd10:43:100::2/21187 
05:28:54.780659 SHUTDOWN flow>2377 srcPort>46483 dst>fd10:43:100::2/21177 
05:28:54.781339 OFF flow>2377 srcPort>46483 dst>fd10:43:100::2/21177 
05:28:54.873370 SHUTDOWN flow>2378 srcPort>36571 dst>fd10:43:100::2/21178 
05:28:54.873896 OFF flow>2378 srcPort>36571 dst>fd10:43:100::2/21178 
05:28:54.893858 SHUTDOWN flow>2379 srcPort>45141 dst>fd10:43:100::2/21179 
05:28:54.894240 OFF flow>2379 srcPort>45141 dst>fd10:43:100::2/21179 
05:28:57.434138 ON flow>2388 srcPort>45555 dst>fd10:43:100::2/21188 
05:28:57.434450 CONNECT flow>2388 srcPort>45555 dst>fd10:43:100::2/21188 
05:28:57.485113 ON flow>2389 srcPort>42651 dst>fd10:43:100::2/21189 
05:28:57.485391 CONNECT flow>2389 srcPort>42651 dst>fd10:43:100::2/21189 
05:28:57.750576 ON flow>2390 srcPort>43621 dst>fd10:43:100::2/21190 
05:28:57.750868 CONNECT flow>2390 srcPort>43621 dst>fd10:43:100::2/21190 
05:28:57.796301 ON flow>2391 srcPort>41519 dst>fd10:43:100::2/21191 
05:28:57.796579 CONNECT flow>2391 srcPort>41519 dst>fd10:43:100::2/21191 
05:28:57.820703 ON flow>2392 srcPort>46231 dst>fd10:43:100::2/21192 
05:28:57.820936 CONNECT flow>2392 srcPort>46231 dst>fd10:43:100::2/21192 
05:28:57.888022 ON flow>2393 srcPort>37867 dst>fd10:43:100::2/21193 
05:28:57.888264 CONNECT flow>2393 srcPort>37867 dst>fd10:43:100::2/21193 
05:28:58.442682 ON flow>2394 srcPort>39839 dst>fd10:43:100::2/21194 
05:28:58.442963 CONNECT flow>2394 srcPort>39839 dst>fd10:43:100::2/21194 
05:28:58.595972 ON flow>2395 srcPort>39771 dst>fd10:43:100::2/21195 
05:28:58.596358 CONNECT flow>2395 srcPort>39771 dst>fd10:43:100::2/21195 
05:28:58.666423 ON flow>2396 srcPort>43677 dst>fd10:43:100::2/21196 
05:28:58.666700 CONNECT flow>2396 srcPort>43677 dst>fd10:43:100::2/21196 
05:28:58.936361 SHUTDOWN flow>2380 srcPort>40809 dst>fd10:43:100::2/21180 
05:28:58.936794 OFF flow>2380 srcPort>40809 dst>fd10:43:100::2/21180 
05:28:58.969948 SHUTDOWN flow>2381 srcPort>36409 dst>fd10:43:100::2/21181 
05:28:58.970315 OFF flow>2381 srcPort>36409 dst>fd10:43:100::2/21181 
05:28:59.093357 SHUTDOWN flow>2382 srcPort>40993 dst>fd10:43:100::2/21182 
05:28:59.093825 OFF flow>2382 srcPort>40993 dst>fd10:43:100::2/21182 
05:28:59.162256 SHUTDOWN flow>2383 srcPort>40219 dst>fd10:43:100::2/21183 
05:28:59.162666 OFF flow>2383 srcPort>40219 dst>fd10:43:100::2/21183 
05:28:59.169145 SHUTDOWN flow>2384 srcPort>36157 dst>fd10:43:100::2/21184 
05:28:59.169545 OFF flow>2384 srcPort>36157 dst>fd10:43:100::2/21184 
05:28:59.218062 SHUTDOWN flow>2385 srcPort>39263 dst>fd10:43:100::2/21185 
05:28:59.218429 OFF flow>2385 srcPort>39263 dst>fd10:43:100::2/21185 
05:28:59.433760 SHUTDOWN flow>2386 srcPort>38617 dst>fd10:43:100::2/21186 
05:28:59.434260 OFF flow>2386 srcPort>38617 dst>fd10:43:100::2/21186 
05:28:59.531363 SHUTDOWN flow>2387 srcPort>45775 dst>fd10:43:100::2/21187 
05:28:59.532115 OFF flow>2387 srcPort>45775 dst>fd10:43:100::2/21187 
05:28:59.750372 ON flow>2397 srcPort>42953 dst>fd10:43:100::2/21197 
05:28:59.750630 CONNECT flow>2397 srcPort>42953 dst>fd10:43:100::2/21197 
05:28:59.816164 ON flow>2398 srcPort>42795 dst>fd10:43:100::2/21198 
05:28:59.816762 CONNECT flow>2398 srcPort>42795 dst>fd10:43:100::2/21198 
05:28:59.910765 ON flow>2399 srcPort>39177 dst>fd10:43:100::2/21199 
05:28:59.911070 CONNECT flow>2399 srcPort>39177 dst>fd10:43:100::2/21199 
05:28:59.949462 ON flow>2400 srcPort>34359 dst>fd10:43:100::2/21200 
05:28:59.949720 CONNECT flow>2400 srcPort>34359 dst>fd10:43:100::2/21200 
05:29:00.067771 ON flow>2401 srcPort>39303 dst>fd10:43:100::2/21201 
05:29:00.068186 CONNECT flow>2401 srcPort>39303 dst>fd10:43:100::2/21201 
05:29:00.109444 ON flow>2402 srcPort>36927 dst>fd10:43:100::2/21202 
05:29:00.110018 CONNECT flow>2402 srcPort>36927 dst>fd10:43:100::2/21202 
05:29:00.674548 ON flow>2403 srcPort>40691 dst>fd10:43:100::2/21203 
05:29:00.674894 CONNECT flow>2403 srcPort>40691 dst>fd10:43:100::2/21203 
05:29:00.786154 ON flow>2404 srcPort>40457 dst>fd10:43:100::2/21204 
05:29:00.786498 CONNECT flow>2404 srcPort>40457 dst>fd10:43:100::2/21204 
05:29:00.941193 ON flow>2405 srcPort>38221 dst>fd10:43:100::2/21205 
05:29:00.941477 CONNECT flow>2405 srcPort>38221 dst>fd10:43:100::2/21205 
05:29:01.049711 ON flow>2406 srcPort>45161 dst>fd10:43:100::2/21206 
05:29:01.049982 CONNECT flow>2406 srcPort>45161 dst>fd10:43:100::2/21206 
05:29:01.967788 ON flow>2407 srcPort>44191 dst>fd10:43:100::2/21207 
05:29:01.968560 CONNECT flow>2407 srcPort>44191 dst>fd10:43:100::2/21207 
05:29:01.981711 ON flow>2408 srcPort>45847 dst>fd10:43:100::2/21208 
05:29:01.982050 CONNECT flow>2408 srcPort>45847 dst>fd10:43:100::2/21208 
05:29:02.054971 ON flow>2409 srcPort>34729 dst>fd10:43:100::2/21209 
05:29:02.055317 CONNECT flow>2409 srcPort>34729 dst>fd10:43:100::2/21209 
05:29:02.189211 ON flow>2410 srcPort>46593 dst>fd10:43:100::2/21210 
05:29:02.189464 CONNECT flow>2410 srcPort>46593 dst>fd10:43:100::2/21210 
05:29:02.233954 SHUTDOWN flow>2388 srcPort>45555 dst>fd10:43:100::2/21188 
05:29:02.234392 OFF flow>2388 srcPort>45555 dst>fd10:43:100::2/21188 
05:29:02.285083 SHUTDOWN flow>2389 srcPort>42651 dst>fd10:43:100::2/21189 
05:29:02.285941 OFF flow>2389 srcPort>42651 dst>fd10:43:100::2/21189 
05:29:02.331858 ON flow>2411 srcPort>40713 dst>fd10:43:100::2/21211 
05:29:02.332362 CONNECT flow>2411 srcPort>40713 dst>fd10:43:100::2/21211 
05:29:02.358583 ON flow>2412 srcPort>34875 dst>fd10:43:100::2/21212 
05:29:02.358885 CONNECT flow>2412 srcPort>34875 dst>fd10:43:100::2/21212 
05:29:02.365648 ON flow>2413 srcPort>39011 dst>fd10:43:100::2/21213 
05:29:02.365915 CONNECT flow>2413 srcPort>39011 dst>fd10:43:100::2/21213 
05:29:02.369465 ON flow>2414 srcPort>33947 dst>fd10:43:100::2/21214 
05:29:02.369800 CONNECT flow>2414 srcPort>33947 dst>fd10:43:100::2/21214 
05:29:02.410512 ON flow>2415 srcPort>42783 dst>fd10:43:100::2/21215 
05:29:02.410834 CONNECT flow>2415 srcPort>42783 dst>fd10:43:100::2/21215 
05:29:02.550452 SHUTDOWN flow>2390 srcPort>43621 dst>fd10:43:100::2/21190 
05:29:02.551400 OFF flow>2390 srcPort>43621 dst>fd10:43:100::2/21190 
05:29:02.581195 ON flow>2416 srcPort>39655 dst>fd10:43:100::2/21216 
05:29:02.581487 CONNECT flow>2416 srcPort>39655 dst>fd10:43:100::2/21216 
05:29:02.596254 SHUTDOWN flow>2391 srcPort>41519 dst>fd10:43:100::2/21191 
05:29:02.596731 OFF flow>2391 srcPort>41519 dst>fd10:43:100::2/21191 
05:29:02.620660 SHUTDOWN flow>2392 srcPort>46231 dst>fd10:43:100::2/21192 
05:29:02.621012 OFF flow>2392 srcPort>46231 dst>fd10:43:100::2/21192 
05:29:02.687961 SHUTDOWN flow>2393 srcPort>37867 dst>fd10:43:100::2/21193 
05:29:02.688655 OFF flow>2393 srcPort>37867 dst>fd10:43:100::2/21193 
05:29:03.242577 SHUTDOWN flow>2394 srcPort>39839 dst>fd10:43:100::2/21194 
05:29:03.242980 OFF flow>2394 srcPort>39839 dst>fd10:43:100::2/21194 
05:29:03.293880 ON flow>2417 srcPort>39121 dst>fd10:43:100::2/21217 
05:29:03.294195 CONNECT flow>2417 srcPort>39121 dst>fd10:43:100::2/21217 
05:29:03.395887 SHUTDOWN flow>2395 srcPort>39771 dst>fd10:43:100::2/21195 
05:29:03.396240 OFF flow>2395 srcPort>39771 dst>fd10:43:100::2/21195 
05:29:03.466290 SHUTDOWN flow>2396 srcPort>43677 dst>fd10:43:100::2/21196 
05:29:03.466816 OFF flow>2396 srcPort>43677 dst>fd10:43:100::2/21196 
05:29:04.516722 ON flow>2418 srcPort>41569 dst>fd10:43:100::2/21218 
05:29:04.517056 CONNECT flow>2418 srcPort>41569 dst>fd10:43:100::2/21218 
05:29:04.550256 SHUTDOWN flow>2397 srcPort>42953 dst>fd10:43:100::2/21197 
05:29:04.550745 OFF flow>2397 srcPort>42953 dst>fd10:43:100::2/21197 
05:29:04.616068 SHUTDOWN flow>2398 srcPort>42795 dst>fd10:43:100::2/21198 
05:29:04.617023 OFF flow>2398 srcPort>42795 dst>fd10:43:100::2/21198 
05:29:04.710670 SHUTDOWN flow>2399 srcPort>39177 dst>fd10:43:100::2/21199 
05:29:04.711447 OFF flow>2399 srcPort>39177 dst>fd10:43:100::2/21199 
05:29:04.714390 ON flow>2419 srcPort>39763 dst>fd10:43:100::2/21219 
05:29:04.714691 CONNECT flow>2419 srcPort>39763 dst>fd10:43:100::2/21219 
05:29:04.749386 SHUTDOWN flow>2400 srcPort>34359 dst>fd10:43:100::2/21200 
05:29:04.749960 OFF flow>2400 srcPort>34359 dst>fd10:43:100::2/21200 
05:29:04.755273 ON flow>2420 srcPort>33699 dst>fd10:43:100::2/21220 
05:29:04.755709 CONNECT flow>2420 srcPort>33699 dst>fd10:43:100::2/21220 
05:29:04.780963 ON flow>2421 srcPort>38227 dst>fd10:43:100::2/21221 
05:29:04.781280 CONNECT flow>2421 srcPort>38227 dst>fd10:43:100::2/21221 
05:29:04.845170 ON flow>2422 srcPort>42279 dst>fd10:43:100::2/21222 
05:29:04.845478 CONNECT flow>2422 srcPort>42279 dst>fd10:43:100::2/21222 
05:29:04.867684 SHUTDOWN flow>2401 srcPort>39303 dst>fd10:43:100::2/21201 
05:29:04.868992 OFF flow>2401 srcPort>39303 dst>fd10:43:100::2/21201 
05:29:04.909508 SHUTDOWN flow>2402 srcPort>36927 dst>fd10:43:100::2/21202 
05:29:04.910904 OFF flow>2402 srcPort>36927 dst>fd10:43:100::2/21202 
05:29:05.474367 SHUTDOWN flow>2403 srcPort>40691 dst>fd10:43:100::2/21203 
05:29:05.474931 OFF flow>2403 srcPort>40691 dst>fd10:43:100::2/21203 
05:29:05.585973 SHUTDOWN flow>2404 srcPort>40457 dst>fd10:43:100::2/21204 
05:29:05.586400 OFF flow>2404 srcPort>40457 dst>fd10:43:100::2/21204 
05:29:05.734733 ON flow>2423 srcPort>33581 dst>fd10:43:100::2/21223 
05:29:05.735011 CONNECT flow>2423 srcPort>33581 dst>fd10:43:100::2/21223 
05:29:05.741074 SHUTDOWN flow>2405 srcPort>38221 dst>fd10:43:100::2/21205 
05:29:05.741466 OFF flow>2405 srcPort>38221 dst>fd10:43:100::2/21205 
05:29:05.849590 SHUTDOWN flow>2406 srcPort>45161 dst>fd10:43:100::2/21206 
05:29:05.850007 OFF flow>2406 srcPort>45161 dst>fd10:43:100::2/21206 
05:29:05.988498 ON flow>2424 srcPort>41265 dst>fd10:43:100::2/21224 
05:29:05.988850 CONNECT flow>2424 srcPort>41265 dst>fd10:43:100::2/21224 
05:29:06.012996 ON flow>2425 srcPort>45547 dst>fd10:43:100::2/21225 
05:29:06.013788 CONNECT flow>2425 srcPort>45547 dst>fd10:43:100::2/21225 
05:29:06.215806 ON flow>2426 srcPort>33169 dst>fd10:43:100::2/21226 
05:29:06.216084 CONNECT flow>2426 srcPort>33169 dst>fd10:43:100::2/21226 
05:29:06.284667 ON flow>2427 srcPort>38343 dst>fd10:43:100::2/21227 
05:29:06.284937 CONNECT flow>2427 srcPort>38343 dst>fd10:43:100::2/21227 
05:29:06.589174 ON flow>2428 srcPort>43523 dst>fd10:43:100::2/21228 
05:29:06.589567 CONNECT flow>2428 srcPort>43523 dst>fd10:43:100::2/21228 
05:29:06.664414 ON flow>2429 srcPort>45821 dst>fd10:43:100::2/21229 
05:29:06.664711 CONNECT flow>2429 srcPort>45821 dst>fd10:43:100::2/21229 
05:29:06.739411 ON flow>2430 srcPort>43961 dst>fd10:43:100::2/21230 
05:29:06.739677 CONNECT flow>2430 srcPort>43961 dst>fd10:43:100::2/21230 
05:29:06.767669 SHUTDOWN flow>2407 srcPort>44191 dst>fd10:43:100::2/21207 
05:29:06.768329 OFF flow>2407 srcPort>44191 dst>fd10:43:100::2/21207 
05:29:06.781648 SHUTDOWN flow>2408 srcPort>45847 dst>fd10:43:100::2/21208 
05:29:06.782018 OFF flow>2408 srcPort>45847 dst>fd10:43:100::2/21208 
05:29:06.854868 SHUTDOWN flow>2409 srcPort>34729 dst>fd10:43:100::2/21209 
05:29:06.855291 OFF flow>2409 srcPort>34729 dst>fd10:43:100::2/21209 
05:29:06.947296 ON flow>2431 srcPort>45057 dst>fd10:43:100::2/21231 
05:29:06.947602 CONNECT flow>2431 srcPort>45057 dst>fd10:43:100::2/21231 
05:29:06.989177 SHUTDOWN flow>2410 srcPort>46593 dst>fd10:43:100::2/21210 
05:29:06.989749 OFF flow>2410 srcPort>46593 dst>fd10:43:100::2/21210 
05:29:07.131291 SHUTDOWN flow>2411 srcPort>40713 dst>fd10:43:100::2/21211 
05:29:07.131698 OFF flow>2411 srcPort>40713 dst>fd10:43:100::2/21211 
05:29:07.158487 SHUTDOWN flow>2412 srcPort>34875 dst>fd10:43:100::2/21212 
05:29:07.159110 OFF flow>2412 srcPort>34875 dst>fd10:43:100::2/21212 
05:29:07.165573 SHUTDOWN flow>2413 srcPort>39011 dst>fd10:43:100::2/21213 
05:29:07.166224 OFF flow>2413 srcPort>39011 dst>fd10:43:100::2/21213 
05:29:07.169373 SHUTDOWN flow>2414 srcPort>33947 dst>fd10:43:100::2/21214 
05:29:07.169743 OFF flow>2414 srcPort>33947 dst>fd10:43:100::2/21214 
05:29:07.210394 SHUTDOWN flow>2415 srcPort>42783 dst>fd10:43:100::2/21215 
05:29:07.210877 OFF flow>2415 srcPort>42783 dst>fd10:43:100::2/21215 
05:29:07.381075 SHUTDOWN flow>2416 srcPort>39655 dst>fd10:43:100::2/21216 
05:29:07.381605 OFF flow>2416 srcPort>39655 dst>fd10:43:100::2/21216 
05:29:08.093765 SHUTDOWN flow>2417 srcPort>39121 dst>fd10:43:100::2/21217 
05:29:08.096220 OFF flow>2417 srcPort>39121 dst>fd10:43:100::2/21217 
05:29:08.219656 ON flow>2432 srcPort>39537 dst>fd10:43:100::2/21232 
05:29:08.219962 CONNECT flow>2432 srcPort>39537 dst>fd10:43:100::2/21232 
05:29:08.238444 ON flow>2433 srcPort>40653 dst>fd10:43:100::2/21233 
05:29:08.238685 CONNECT flow>2433 srcPort>40653 dst>fd10:43:100::2/21233 
05:29:08.392322 ON flow>2434 srcPort>35323 dst>fd10:43:100::2/21234 
05:29:08.392889 CONNECT flow>2434 srcPort>35323 dst>fd10:43:100::2/21234 
05:29:08.537403 ON flow>2435 srcPort>35391 dst>fd10:43:100::2/21235 
05:29:08.537820 CONNECT flow>2435 srcPort>35391 dst>fd10:43:100::2/21235 
05:29:08.598938 ON flow>2436 srcPort>45511 dst>fd10:43:100::2/21236 
05:29:08.599261 CONNECT flow>2436 srcPort>45511 dst>fd10:43:100::2/21236 
05:29:08.934331 ON flow>2437 srcPort>46859 dst>fd10:43:100::2/21237 
05:29:08.934701 CONNECT flow>2437 srcPort>46859 dst>fd10:43:100::2/21237 
05:29:08.937065 ON flow>2438 srcPort>37619 dst>fd10:43:100::2/21238 
05:29:08.937339 CONNECT flow>2438 srcPort>37619 dst>fd10:43:100::2/21238 
05:29:08.968180 ON flow>2439 srcPort>45945 dst>fd10:43:100::2/21239 
05:29:08.968540 CONNECT flow>2439 srcPort>45945 dst>fd10:43:100::2/21239 
05:29:09.029731 ON flow>2440 srcPort>42011 dst>fd10:43:100::2/21240 
05:29:09.029986 CONNECT flow>2440 srcPort>42011 dst>fd10:43:100::2/21240 
05:29:09.035049 ON flow>2441 srcPort>44907 dst>fd10:43:100::2/21241 
05:29:09.035338 CONNECT flow>2441 srcPort>44907 dst>fd10:43:100::2/21241 
05:29:09.316592 SHUTDOWN flow>2418 srcPort>41569 dst>fd10:43:100::2/21218 
05:29:09.317283 OFF flow>2418 srcPort>41569 dst>fd10:43:100::2/21218 
05:29:09.514293 SHUTDOWN flow>2419 srcPort>39763 dst>fd10:43:100::2/21219 
05:29:09.514867 OFF flow>2419 srcPort>39763 dst>fd10:43:100::2/21219 
05:29:09.555231 SHUTDOWN flow>2420 srcPort>33699 dst>fd10:43:100::2/21220 
05:29:09.555713 OFF flow>2420 srcPort>33699 dst>fd10:43:100::2/21220 
05:29:09.580989 SHUTDOWN flow>2421 srcPort>38227 dst>fd10:43:100::2/21221 
05:29:09.581444 OFF flow>2421 srcPort>38227 dst>fd10:43:100::2/21221 
05:29:09.645100 SHUTDOWN flow>2422 srcPort>42279 dst>fd10:43:100::2/21222 
05:29:09.645480 OFF flow>2422 srcPort>42279 dst>fd10:43:100::2/21222 
05:29:10.058925 ON flow>2442 srcPort>44951 dst>fd10:43:100::2/21242 
05:29:10.059175 CONNECT flow>2442 srcPort>44951 dst>fd10:43:100::2/21242 
05:29:10.083160 ON flow>2443 srcPort>34179 dst>fd10:43:100::2/21243 
05:29:10.083452 CONNECT flow>2443 srcPort>34179 dst>fd10:43:100::2/21243 
05:29:10.248056 ON flow>2444 srcPort>33859 dst>fd10:43:100::2/21244 
05:29:10.248298 CONNECT flow>2444 srcPort>33859 dst>fd10:43:100::2/21244 
05:29:10.534630 SHUTDOWN flow>2423 srcPort>33581 dst>fd10:43:100::2/21223 
05:29:10.535132 OFF flow>2423 srcPort>33581 dst>fd10:43:100::2/21223 
05:29:10.574005 ON flow>2445 srcPort>35273 dst>fd10:43:100::2/21245 
05:29:10.574279 CONNECT flow>2445 srcPort>35273 dst>fd10:43:100::2/21245 
05:29:10.788340 SHUTDOWN flow>2424 srcPort>41265 dst>fd10:43:100::2/21224 
05:29:10.788957 OFF flow>2424 srcPort>41265 dst>fd10:43:100::2/21224 
05:29:10.812939 SHUTDOWN flow>2425 srcPort>45547 dst>fd10:43:100::2/21225 
05:29:10.813388 OFF flow>2425 srcPort>45547 dst>fd10:43:100::2/21225 
05:29:10.857795 ON flow>2446 srcPort>38807 dst>fd10:43:100::2/21246 
05:29:10.858671 CONNECT flow>2446 srcPort>38807 dst>fd10:43:100::2/21246 
05:29:11.015683 SHUTDOWN flow>2426 srcPort>33169 dst>fd10:43:100::2/21226 
05:29:11.016090 OFF flow>2426 srcPort>33169 dst>fd10:43:100::2/21226 
05:29:11.084587 SHUTDOWN flow>2427 srcPort>38343 dst>fd10:43:100::2/21227 
05:29:11.085075 OFF flow>2427 srcPort>38343 dst>fd10:43:100::2/21227 
05:29:11.389069 SHUTDOWN flow>2428 srcPort>43523 dst>fd10:43:100::2/21228 
05:29:11.389579 OFF flow>2428 srcPort>43523 dst>fd10:43:100::2/21228 
05:29:11.423087 ON flow>2447 srcPort>35385 dst>fd10:43:100::2/21247 
05:29:11.423371 CONNECT flow>2447 srcPort>35385 dst>fd10:43:100::2/21247 
05:29:11.464265 SHUTDOWN flow>2429 srcPort>45821 dst>fd10:43:100::2/21229 
05:29:11.464724 OFF flow>2429 srcPort>45821 dst>fd10:43:100::2/21229 
05:29:11.538003 ON flow>2448 srcPort>38653 dst>fd10:43:100::2/21248 
05:29:11.538361 CONNECT flow>2448 srcPort>38653 dst>fd10:43:100::2/21248 
05:29:11.539268 SHUTDOWN flow>2430 srcPort>43961 dst>fd10:43:100::2/21230 
05:29:11.539584 OFF flow>2430 srcPort>43961 dst>fd10:43:100::2/21230 
05:29:11.577955 ON flow>2449 srcPort>33631 dst>fd10:43:100::2/21249 
05:29:11.578228 CONNECT flow>2449 srcPort>33631 dst>fd10:43:100::2/21249 
05:29:11.621162 ON flow>2450 srcPort>40207 dst>fd10:43:100::2/21250 
05:29:11.621461 CONNECT flow>2450 srcPort>40207 dst>fd10:43:100::2/21250 
05:29:11.747166 SHUTDOWN flow>2431 srcPort>45057 dst>fd10:43:100::2/21231 
05:29:11.747773 OFF flow>2431 srcPort>45057 dst>fd10:43:100::2/21231 
05:29:13.019481 SHUTDOWN flow>2432 srcPort>39537 dst>fd10:43:100::2/21232 
05:29:13.019988 OFF flow>2432 srcPort>39537 dst>fd10:43:100::2/21232 
05:29:13.038383 SHUTDOWN flow>2433 srcPort>40653 dst>fd10:43:100::2/21233 
05:29:13.039087 OFF flow>2433 srcPort>40653 dst>fd10:43:100::2/21233 
05:29:13.192208 SHUTDOWN flow>2434 srcPort>35323 dst>fd10:43:100::2/21234 
05:29:13.192863 OFF flow>2434 srcPort>35323 dst>fd10:43:100::2/21234 
05:29:13.313338 ON flow>2451 srcPort>38861 dst>fd10:43:100::2/21251 
05:29:13.313931 CONNECT flow>2451 srcPort>38861 dst>fd10:43:100::2/21251 
05:29:13.337279 SHUTDOWN flow>2435 srcPort>35391 dst>fd10:43:100::2/21235 
05:29:13.337983 OFF flow>2435 srcPort>35391 dst>fd10:43:100::2/21235 
05:29:13.398802 SHUTDOWN flow>2436 srcPort>45511 dst>fd10:43:100::2/21236 
05:29:13.401039 OFF flow>2436 srcPort>45511 dst>fd10:43:100::2/21236 
05:29:13.654320 ON flow>2452 srcPort>41053 dst>fd10:43:100::2/21252 
05:29:13.654597 CONNECT flow>2452 srcPort>41053 dst>fd10:43:100::2/21252 
05:29:13.734210 SHUTDOWN flow>2437 srcPort>46859 dst>fd10:43:100::2/21237 
05:29:13.734627 OFF flow>2437 srcPort>46859 dst>fd10:43:100::2/21237 
05:29:13.737012 SHUTDOWN flow>2438 srcPort>37619 dst>fd10:43:100::2/21238 
05:29:13.737896 OFF flow>2438 srcPort>37619 dst>fd10:43:100::2/21238 
05:29:13.768088 SHUTDOWN flow>2439 srcPort>45945 dst>fd10:43:100::2/21239 
05:29:13.768454 OFF flow>2439 srcPort>45945 dst>fd10:43:100::2/21239 
05:29:13.829491 SHUTDOWN flow>2440 srcPort>42011 dst>fd10:43:100::2/21240 
05:29:13.829934 OFF flow>2440 srcPort>42011 dst>fd10:43:100::2/21240 
05:29:13.834985 SHUTDOWN flow>2441 srcPort>44907 dst>fd10:43:100::2/21241 
05:29:13.835333 OFF flow>2441 srcPort>44907 dst>fd10:43:100::2/21241 
05:29:14.374440 ON flow>2453 srcPort>37135 dst>fd10:43:100::2/21253 
05:29:14.374757 CONNECT flow>2453 srcPort>37135 dst>fd10:43:100::2/21253 
05:29:14.487122 ON flow>2454 srcPort>37943 dst>fd10:43:100::2/21254 
05:29:14.487406 CONNECT flow>2454 srcPort>37943 dst>fd10:43:100::2/21254 
05:29:14.579115 ON flow>2455 srcPort>40945 dst>fd10:43:100::2/21255 
05:29:14.579417 CONNECT flow>2455 srcPort>40945 dst>fd10:43:100::2/21255 
05:29:14.636366 ON flow>2456 srcPort>34151 dst>fd10:43:100::2/21256 
05:29:14.636612 CONNECT flow>2456 srcPort>34151 dst>fd10:43:100::2/21256 
05:29:14.858788 SHUTDOWN flow>2442 srcPort>44951 dst>fd10:43:100::2/21242 
05:29:14.859191 OFF flow>2442 srcPort>44951 dst>fd10:43:100::2/21242 
05:29:14.883093 SHUTDOWN flow>2443 srcPort>34179 dst>fd10:43:100::2/21243 
05:29:14.883619 OFF flow>2443 srcPort>34179 dst>fd10:43:100::2/21243 
05:29:15.047932 SHUTDOWN flow>2444 srcPort>33859 dst>fd10:43:100::2/21244 
05:29:15.048864 OFF flow>2444 srcPort>33859 dst>fd10:43:100::2/21244 
05:29:15.373876 SHUTDOWN flow>2445 srcPort>35273 dst>fd10:43:100::2/21245 
05:29:15.374422 OFF flow>2445 srcPort>35273 dst>fd10:43:100::2/21245 
05:29:15.657677 SHUTDOWN flow>2446 srcPort>38807 dst>fd10:43:100::2/21246 
05:29:15.658332 OFF flow>2446 srcPort>38807 dst>fd10:43:100::2/21246 
05:29:15.920897 ON flow>2457 srcPort>34143 dst>fd10:43:100::2/21257 
05:29:15.921294 CONNECT flow>2457 srcPort>34143 dst>fd10:43:100::2/21257 
05:29:16.222981 SHUTDOWN flow>2447 srcPort>35385 dst>fd10:43:100::2/21247 
05:29:16.223402 OFF flow>2447 srcPort>35385 dst>fd10:43:100::2/21247 
05:29:16.337911 SHUTDOWN flow>2448 srcPort>38653 dst>fd10:43:100::2/21248 
05:29:16.338405 OFF flow>2448 srcPort>38653 dst>fd10:43:100::2/21248 
05:29:16.377874 SHUTDOWN flow>2449 srcPort>33631 dst>fd10:43:100::2/21249 
05:29:16.378259 OFF flow>2449 srcPort>33631 dst>fd10:43:100::2/21249 
05:29:16.421094 SHUTDOWN flow>2450 srcPort>40207 dst>fd10:43:100::2/21250 
05:29:16.421681 OFF flow>2450 srcPort>40207 dst>fd10:43:100::2/21250 
05:29:16.466298 ON flow>2458 srcPort>37647 dst>fd10:43:100::2/21258 
05:29:16.466582 CONNECT flow>2458 srcPort>37647 dst>fd10:43:100::2/21258 
05:29:16.510651 ON flow>2459 srcPort>32943 dst>fd10:43:100::2/21259 
05:29:16.511030 CONNECT flow>2459 srcPort>32943 dst>fd10:43:100::2/21259 
05:29:16.867500 ON flow>2460 srcPort>46133 dst>fd10:43:100::2/21260 
05:29:16.867744 CONNECT flow>2460 srcPort>46133 dst>fd10:43:100::2/21260 
05:29:18.113197 SHUTDOWN flow>2451 srcPort>38861 dst>fd10:43:100::2/21251 
05:29:18.113633 OFF flow>2451 srcPort>38861 dst>fd10:43:100::2/21251 
05:29:18.252147 ON flow>2461 srcPort>43423 dst>fd10:43:100::2/21261 
05:29:18.252416 CONNECT flow>2461 srcPort>43423 dst>fd10:43:100::2/21261 
05:29:18.454177 SHUTDOWN flow>2452 srcPort>41053 dst>fd10:43:100::2/21252 
05:29:18.454627 OFF flow>2452 srcPort>41053 dst>fd10:43:100::2/21252 
05:29:18.498747 ON flow>2462 srcPort>39351 dst>fd10:43:100::2/21262 
05:29:18.498993 CONNECT flow>2462 srcPort>39351 dst>fd10:43:100::2/21262 
05:29:18.675096 ON flow>2463 srcPort>43955 dst>fd10:43:100::2/21263 
05:29:18.675343 CONNECT flow>2463 srcPort>43955 dst>fd10:43:100::2/21263 
05:29:19.056187 ON flow>2464 srcPort>37485 dst>fd10:43:100::2/21264 
05:29:19.056456 CONNECT flow>2464 srcPort>37485 dst>fd10:43:100::2/21264 
05:29:19.066933 ON flow>2465 srcPort>45123 dst>fd10:43:100::2/21265 
05:29:19.067218 CONNECT flow>2465 srcPort>45123 dst>fd10:43:100::2/21265 
05:29:19.076138 ON flow>2466 srcPort>38271 dst>fd10:43:100::2/21266 
05:29:19.076359 CONNECT flow>2466 srcPort>38271 dst>fd10:43:100::2/21266 
05:29:19.101432 ON flow>2467 srcPort>46567 dst>fd10:43:100::2/21267 
05:29:19.101683 CONNECT flow>2467 srcPort>46567 dst>fd10:43:100::2/21267 
05:29:19.160548 ON flow>2468 srcPort>44413 dst>fd10:43:100::2/21268 
05:29:19.160854 CONNECT flow>2468 srcPort>44413 dst>fd10:43:100::2/21268 
05:29:19.174281 SHUTDOWN flow>2453 srcPort>37135 dst>fd10:43:100::2/21253 
05:29:19.174752 OFF flow>2453 srcPort>37135 dst>fd10:43:100::2/21253 
05:29:19.245812 ON flow>2469 srcPort>41535 dst>fd10:43:100::2/21269 
05:29:19.246062 CONNECT flow>2469 srcPort>41535 dst>fd10:43:100::2/21269 
05:29:19.259427 ON flow>2470 srcPort>35043 dst>fd10:43:100::2/21270 
05:29:19.259650 CONNECT flow>2470 srcPort>35043 dst>fd10:43:100::2/21270 
05:29:19.286035 ON flow>2471 srcPort>42431 dst>fd10:43:100::2/21271 
05:29:19.286454 CONNECT flow>2471 srcPort>42431 dst>fd10:43:100::2/21271 
05:29:19.286979 SHUTDOWN flow>2454 srcPort>37943 dst>fd10:43:100::2/21254 
05:29:19.287469 OFF flow>2454 srcPort>37943 dst>fd10:43:100::2/21254 
05:29:19.302552 ON flow>2472 srcPort>33083 dst>fd10:43:100::2/21272 
05:29:19.302824 CONNECT flow>2472 srcPort>33083 dst>fd10:43:100::2/21272 
05:29:19.329452 ON flow>2473 srcPort>35543 dst>fd10:43:100::2/21273 
05:29:19.329707 CONNECT flow>2473 srcPort>35543 dst>fd10:43:100::2/21273 
05:29:19.366262 ON flow>2474 srcPort>33293 dst>fd10:43:100::2/21274 
05:29:19.366536 CONNECT flow>2474 srcPort>33293 dst>fd10:43:100::2/21274 
05:29:19.378975 SHUTDOWN flow>2455 srcPort>40945 dst>fd10:43:100::2/21255 
05:29:19.379394 OFF flow>2455 srcPort>40945 dst>fd10:43:100::2/21255 
05:29:19.436182 SHUTDOWN flow>2456 srcPort>34151 dst>fd10:43:100::2/21256 
05:29:19.436641 OFF flow>2456 srcPort>34151 dst>fd10:43:100::2/21256 
05:29:20.720588 SHUTDOWN flow>2457 srcPort>34143 dst>fd10:43:100::2/21257 
05:29:20.721119 OFF flow>2457 srcPort>34143 dst>fd10:43:100::2/21257 
05:29:21.266190 SHUTDOWN flow>2458 srcPort>37647 dst>fd10:43:100::2/21258 
05:29:21.266702 OFF flow>2458 srcPort>37647 dst>fd10:43:100::2/21258 
05:29:21.310592 SHUTDOWN flow>2459 srcPort>32943 dst>fd10:43:100::2/21259 
05:29:21.311036 OFF flow>2459 srcPort>32943 dst>fd10:43:100::2/21259 
05:29:21.667390 SHUTDOWN flow>2460 srcPort>46133 dst>fd10:43:100::2/21260 
05:29:21.667836 OFF flow>2460 srcPort>46133 dst>fd10:43:100::2/21260 
05:29:21.844716 ON flow>2475 srcPort>39561 dst>fd10:43:100::2/21275 
05:29:21.845015 CONNECT flow>2475 srcPort>39561 dst>fd10:43:100::2/21275 
05:29:21.923461 ON flow>2476 srcPort>40559 dst>fd10:43:100::2/21276 
05:29:21.923742 CONNECT flow>2476 srcPort>40559 dst>fd10:43:100::2/21276 
05:29:21.936160 ON flow>2477 srcPort>34873 dst>fd10:43:100::2/21277 
05:29:21.936413 CONNECT flow>2477 srcPort>34873 dst>fd10:43:100::2/21277 
05:29:21.945938 ON flow>2478 srcPort>44101 dst>fd10:43:100::2/21278 
05:29:21.946341 CONNECT flow>2478 srcPort>44101 dst>fd10:43:100::2/21278 
05:29:21.951918 ON flow>2479 srcPort>44811 dst>fd10:43:100::2/21279 
05:29:21.952405 CONNECT flow>2479 srcPort>44811 dst>fd10:43:100::2/21279 
05:29:21.956033 ON flow>2480 srcPort>33481 dst>fd10:43:100::2/21280 
05:29:21.956363 CONNECT flow>2480 srcPort>33481 dst>fd10:43:100::2/21280 
05:29:21.964130 ON flow>2481 srcPort>37695 dst>fd10:43:100::2/21281 
05:29:21.964464 CONNECT flow>2481 srcPort>37695 dst>fd10:43:100::2/21281 
05:29:22.074622 ON flow>2482 srcPort>33715 dst>fd10:43:100::2/21282 
05:29:22.074929 CONNECT flow>2482 srcPort>33715 dst>fd10:43:100::2/21282 
05:29:22.157485 ON flow>2483 srcPort>45513 dst>fd10:43:100::2/21283 
05:29:22.157743 CONNECT flow>2483 srcPort>45513 dst>fd10:43:100::2/21283 
05:29:22.241992 ON flow>2484 srcPort>33033 dst>fd10:43:100::2/21284 
05:29:22.242265 CONNECT flow>2484 srcPort>33033 dst>fd10:43:100::2/21284 
05:29:23.052030 SHUTDOWN flow>2461 srcPort>43423 dst>fd10:43:100::2/21261 
05:29:23.052853 OFF flow>2461 srcPort>43423 dst>fd10:43:100::2/21261 
05:29:23.298747 SHUTDOWN flow>2462 srcPort>39351 dst>fd10:43:100::2/21262 
05:29:23.299245 OFF flow>2462 srcPort>39351 dst>fd10:43:100::2/21262 
05:29:23.475011 SHUTDOWN flow>2463 srcPort>43955 dst>fd10:43:100::2/21263 
05:29:23.475510 OFF flow>2463 srcPort>43955 dst>fd10:43:100::2/21263 
05:29:23.856118 SHUTDOWN flow>2464 srcPort>37485 dst>fd10:43:100::2/21264 
05:29:23.856868 OFF flow>2464 srcPort>37485 dst>fd10:43:100::2/21264 
05:29:23.866903 SHUTDOWN flow>2465 srcPort>45123 dst>fd10:43:100::2/21265 
05:29:23.867298 OFF flow>2465 srcPort>45123 dst>fd10:43:100::2/21265 
05:29:23.876099 SHUTDOWN flow>2466 srcPort>38271 dst>fd10:43:100::2/21266 
05:29:23.876563 OFF flow>2466 srcPort>38271 dst>fd10:43:100::2/21266 
05:29:23.901421 SHUTDOWN flow>2467 srcPort>46567 dst>fd10:43:100::2/21267 
05:29:23.901933 OFF flow>2467 srcPort>46567 dst>fd10:43:100::2/21267 
05:29:23.960481 SHUTDOWN flow>2468 srcPort>44413 dst>fd10:43:100::2/21268 
05:29:23.961192 OFF flow>2468 srcPort>44413 dst>fd10:43:100::2/21268 
05:29:24.045722 SHUTDOWN flow>2469 srcPort>41535 dst>fd10:43:100::2/21269 
05:29:24.046777 OFF flow>2469 srcPort>41535 dst>fd10:43:100::2/21269 
05:29:24.059386 SHUTDOWN flow>2470 srcPort>35043 dst>fd10:43:100::2/21270 
05:29:24.059837 OFF flow>2470 srcPort>35043 dst>fd10:43:100::2/21270 
05:29:24.086000 SHUTDOWN flow>2471 srcPort>42431 dst>fd10:43:100::2/21271 
05:29:24.086417 OFF flow>2471 srcPort>42431 dst>fd10:43:100::2/21271 
05:29:24.102505 SHUTDOWN flow>2472 srcPort>33083 dst>fd10:43:100::2/21272 
05:29:24.103192 OFF flow>2472 srcPort>33083 dst>fd10:43:100::2/21272 
05:29:24.129401 SHUTDOWN flow>2473 srcPort>35543 dst>fd10:43:100::2/21273 
05:29:24.129903 OFF flow>2473 srcPort>35543 dst>fd10:43:100::2/21273 
05:29:24.166187 SHUTDOWN flow>2474 srcPort>33293 dst>fd10:43:100::2/21274 
05:29:24.166658 OFF flow>2474 srcPort>33293 dst>fd10:43:100::2/21274 
05:29:24.461920 ON flow>2485 srcPort>38193 dst>fd10:43:100::2/21285 
05:29:24.462267 CONNECT flow>2485 srcPort>38193 dst>fd10:43:100::2/21285 
05:29:24.714595 ON flow>2486 srcPort>45627 dst>fd10:43:100::2/21286 
05:29:24.714878 CONNECT flow>2486 srcPort>45627 dst>fd10:43:100::2/21286 
05:29:26.644491 SHUTDOWN flow>2475 srcPort>39561 dst>fd10:43:100::2/21275 
05:29:26.644982 OFF flow>2475 srcPort>39561 dst>fd10:43:100::2/21275 
05:29:26.723389 SHUTDOWN flow>2476 srcPort>40559 dst>fd10:43:100::2/21276 
05:29:26.723871 OFF flow>2476 srcPort>40559 dst>fd10:43:100::2/21276 
05:29:26.736081 SHUTDOWN flow>2477 srcPort>34873 dst>fd10:43:100::2/21277 
05:29:26.736565 OFF flow>2477 srcPort>34873 dst>fd10:43:100::2/21277 
05:29:26.745879 SHUTDOWN flow>2478 srcPort>44101 dst>fd10:43:100::2/21278 
05:29:26.746318 OFF flow>2478 srcPort>44101 dst>fd10:43:100::2/21278 
05:29:26.751876 SHUTDOWN flow>2479 srcPort>44811 dst>fd10:43:100::2/21279 
05:29:26.752221 OFF flow>2479 srcPort>44811 dst>fd10:43:100::2/21279 
05:29:26.755981 SHUTDOWN flow>2480 srcPort>33481 dst>fd10:43:100::2/21280 
05:29:26.756314 OFF flow>2480 srcPort>33481 dst>fd10:43:100::2/21280 
05:29:26.764080 SHUTDOWN flow>2481 srcPort>37695 dst>fd10:43:100::2/21281 
05:29:26.764593 OFF flow>2481 srcPort>37695 dst>fd10:43:100::2/21281 
05:29:26.874402 SHUTDOWN flow>2482 srcPort>33715 dst>fd10:43:100::2/21282 
05:29:26.875531 OFF flow>2482 srcPort>33715 dst>fd10:43:100::2/21282 
05:29:26.957407 SHUTDOWN flow>2483 srcPort>45513 dst>fd10:43:100::2/21283 
05:29:26.957886 OFF flow>2483 srcPort>45513 dst>fd10:43:100::2/21283 
05:29:27.041884 SHUTDOWN flow>2484 srcPort>33033 dst>fd10:43:100::2/21284 
05:29:27.042251 OFF flow>2484 srcPort>33033 dst>fd10:43:100::2/21284 
05:29:28.540762 ON flow>2487 srcPort>36087 dst>fd10:43:100::2/21287 
05:29:28.541076 CONNECT flow>2487 srcPort>36087 dst>fd10:43:100::2/21287 
05:29:28.743272 ON flow>2488 srcPort>46151 dst>fd10:43:100::2/21288 
05:29:28.743559 CONNECT flow>2488 srcPort>46151 dst>fd10:43:100::2/21288 
05:29:28.960869 ON flow>2489 srcPort>37945 dst>fd10:43:100::2/21289 
05:29:28.961418 CONNECT flow>2489 srcPort>37945 dst>fd10:43:100::2/21289 
05:29:29.261779 SHUTDOWN flow>2485 srcPort>38193 dst>fd10:43:100::2/21285 
05:29:29.262437 OFF flow>2485 srcPort>38193 dst>fd10:43:100::2/21285 
05:29:29.514484 SHUTDOWN flow>2486 srcPort>45627 dst>fd10:43:100::2/21286 
05:29:29.514963 OFF flow>2486 srcPort>45627 dst>fd10:43:100::2/21286 
05:29:29.702944 ON flow>2490 srcPort>43137 dst>fd10:43:100::2/21290 
05:29:29.703190 CONNECT flow>2490 srcPort>43137 dst>fd10:43:100::2/21290 
05:29:29.718651 ON flow>2491 srcPort>34641 dst>fd10:43:100::2/21291 
05:29:29.718963 CONNECT flow>2491 srcPort>34641 dst>fd10:43:100::2/21291 
05:29:29.777758 ON flow>2492 srcPort>34533 dst>fd10:43:100::2/21292 
05:29:29.778262 CONNECT flow>2492 srcPort>34533 dst>fd10:43:100::2/21292 
05:29:29.807924 ON flow>2493 srcPort>35903 dst>fd10:43:100::2/21293 
05:29:29.808165 CONNECT flow>2493 srcPort>35903 dst>fd10:43:100::2/21293 
05:29:29.941139 ON flow>2494 srcPort>37539 dst>fd10:43:100::2/21294 
05:29:29.941413 CONNECT flow>2494 srcPort>37539 dst>fd10:43:100::2/21294 
05:29:30.542057 ON flow>2495 srcPort>43719 dst>fd10:43:100::2/21295 
05:29:30.542298 CONNECT flow>2495 srcPort>43719 dst>fd10:43:100::2/21295 
05:29:30.565248 ON flow>2496 srcPort>33533 dst>fd10:43:100::2/21296 
05:29:30.565497 CONNECT flow>2496 srcPort>33533 dst>fd10:43:100::2/21296 
05:29:30.569450 ON flow>2497 srcPort>35617 dst>fd10:43:100::2/21297 
05:29:30.569690 CONNECT flow>2497 srcPort>35617 dst>fd10:43:100::2/21297 
05:29:30.571626 ON flow>2498 srcPort>45987 dst>fd10:43:100::2/21298 
05:29:30.571873 CONNECT flow>2498 srcPort>45987 dst>fd10:43:100::2/21298 
05:29:30.575885 ON flow>2499 srcPort>38047 dst>fd10:43:100::2/21299 
05:29:30.576200 CONNECT flow>2499 srcPort>38047 dst>fd10:43:100::2/21299 
05:29:30.677292 ON flow>2500 srcPort>37175 dst>fd10:43:100::2/21300 
05:29:30.677562 CONNECT flow>2500 srcPort>37175 dst>fd10:43:100::2/21300 
05:29:30.687501 ON flow>2501 srcPort>44197 dst>fd10:43:100::2/21301 
05:29:30.687746 CONNECT flow>2501 srcPort>44197 dst>fd10:43:100::2/21301 
05:29:30.821732 ON flow>2502 srcPort>42643 dst>fd10:43:100::2/21302 
05:29:30.822121 CONNECT flow>2502 srcPort>42643 dst>fd10:43:100::2/21302 
05:29:31.816201 ON flow>2503 srcPort>40283 dst>fd10:43:100::2/21303 
05:29:31.816446 CONNECT flow>2503 srcPort>40283 dst>fd10:43:100::2/21303 
05:29:32.837134 ON flow>2504 srcPort>45965 dst>fd10:43:100::2/21304 
05:29:32.837452 CONNECT flow>2504 srcPort>45965 dst>fd10:43:100::2/21304 
05:29:32.896601 ON flow>2505 srcPort>40637 dst>fd10:43:100::2/21305 
05:29:32.896878 CONNECT flow>2505 srcPort>40637 dst>fd10:43:100::2/21305 
05:29:32.911252 ON flow>2506 srcPort>36741 dst>fd10:43:100::2/21306 
05:29:32.911527 CONNECT flow>2506 srcPort>36741 dst>fd10:43:100::2/21306 
05:29:32.912046 ON flow>2507 srcPort>34369 dst>fd10:43:100::2/21307 
05:29:32.912270 CONNECT flow>2507 srcPort>34369 dst>fd10:43:100::2/21307 
05:29:32.940935 ON flow>2508 srcPort>39519 dst>fd10:43:100::2/21308 
05:29:32.941243 CONNECT flow>2508 srcPort>39519 dst>fd10:43:100::2/21308 
05:29:32.965835 ON flow>2509 srcPort>37361 dst>fd10:43:100::2/21309 
05:29:32.966064 CONNECT flow>2509 srcPort>37361 dst>fd10:43:100::2/21309 
05:29:33.012046 ON flow>2510 srcPort>36241 dst>fd10:43:100::2/21310 
05:29:33.012481 CONNECT flow>2510 srcPort>36241 dst>fd10:43:100::2/21310 
05:29:33.068341 ON flow>2511 srcPort>34901 dst>fd10:43:100::2/21311 
05:29:33.068603 CONNECT flow>2511 srcPort>34901 dst>fd10:43:100::2/21311 
05:29:33.080449 ON flow>2512 srcPort>32837 dst>fd10:43:100::2/21312 
05:29:33.080686 CONNECT flow>2512 srcPort>32837 dst>fd10:43:100::2/21312 
05:29:33.122097 ON flow>2513 srcPort>35335 dst>fd10:43:100::2/21313 
05:29:33.122378 CONNECT flow>2513 srcPort>35335 dst>fd10:43:100::2/21313 
05:29:33.230830 ON flow>2514 srcPort>34789 dst>fd10:43:100::2/21314 
05:29:33.231159 CONNECT flow>2514 srcPort>34789 dst>fd10:43:100::2/21314 
05:29:33.340614 SHUTDOWN flow>2487 srcPort>36087 dst>fd10:43:100::2/21287 
05:29:33.341032 OFF flow>2487 srcPort>36087 dst>fd10:43:100::2/21287 
05:29:33.543220 SHUTDOWN flow>2488 srcPort>46151 dst>fd10:43:100::2/21288 
05:29:33.543686 OFF flow>2488 srcPort>46151 dst>fd10:43:100::2/21288 
05:29:33.576066 ON flow>2515 srcPort>39671 dst>fd10:43:100::2/21315 
05:29:33.576541 CONNECT flow>2515 srcPort>39671 dst>fd10:43:100::2/21315 
05:29:33.760820 SHUTDOWN flow>2489 srcPort>37945 dst>fd10:43:100::2/21289 
05:29:33.761266 OFF flow>2489 srcPort>37945 dst>fd10:43:100::2/21289 
05:29:34.502784 SHUTDOWN flow>2490 srcPort>43137 dst>fd10:43:100::2/21290 
05:29:34.503242 OFF flow>2490 srcPort>43137 dst>fd10:43:100::2/21290 
05:29:34.518583 SHUTDOWN flow>2491 srcPort>34641 dst>fd10:43:100::2/21291 
05:29:34.519109 OFF flow>2491 srcPort>34641 dst>fd10:43:100::2/21291 
05:29:34.577686 SHUTDOWN flow>2492 srcPort>34533 dst>fd10:43:100::2/21292 
05:29:34.578198 OFF flow>2492 srcPort>34533 dst>fd10:43:100::2/21292 
05:29:34.607885 SHUTDOWN flow>2493 srcPort>35903 dst>fd10:43:100::2/21293 
05:29:34.608294 OFF flow>2493 srcPort>35903 dst>fd10:43:100::2/21293 
05:29:34.741007 SHUTDOWN flow>2494 srcPort>37539 dst>fd10:43:100::2/21294 
05:29:34.741941 OFF flow>2494 srcPort>37539 dst>fd10:43:100::2/21294 
05:29:35.324818 ON flow>2516 srcPort>38285 dst>fd10:43:100::2/21316 
05:29:35.325097 CONNECT flow>2516 srcPort>38285 dst>fd10:43:100::2/21316 
05:29:35.329958 ON flow>2517 srcPort>45115 dst>fd10:43:100::2/21317 
05:29:35.330222 CONNECT flow>2517 srcPort>45115 dst>fd10:43:100::2/21317 
05:29:35.338449 ON flow>2518 srcPort>46031 dst>fd10:43:100::2/21318 
05:29:35.338734 CONNECT flow>2518 srcPort>46031 dst>fd10:43:100::2/21318 
05:29:35.341893 SHUTDOWN flow>2495 srcPort>43719 dst>fd10:43:100::2/21295 
05:29:35.342343 OFF flow>2495 srcPort>43719 dst>fd10:43:100::2/21295 
05:29:35.362582 ON flow>2519 srcPort>36089 dst>fd10:43:100::2/21319 
05:29:35.362836 CONNECT flow>2519 srcPort>36089 dst>fd10:43:100::2/21319 
05:29:35.365194 SHUTDOWN flow>2496 srcPort>33533 dst>fd10:43:100::2/21296 
05:29:35.365684 OFF flow>2496 srcPort>33533 dst>fd10:43:100::2/21296 
05:29:35.369390 SHUTDOWN flow>2497 srcPort>35617 dst>fd10:43:100::2/21297 
05:29:35.369809 OFF flow>2497 srcPort>35617 dst>fd10:43:100::2/21297 
05:29:35.371594 SHUTDOWN flow>2498 srcPort>45987 dst>fd10:43:100::2/21298 
05:29:35.371922 OFF flow>2498 srcPort>45987 dst>fd10:43:100::2/21298 
05:29:35.375824 SHUTDOWN flow>2499 srcPort>38047 dst>fd10:43:100::2/21299 
05:29:35.376168 OFF flow>2499 srcPort>38047 dst>fd10:43:100::2/21299 
05:29:35.477242 SHUTDOWN flow>2500 srcPort>37175 dst>fd10:43:100::2/21300 
05:29:35.477658 OFF flow>2500 srcPort>37175 dst>fd10:43:100::2/21300 
05:29:35.487440 SHUTDOWN flow>2501 srcPort>44197 dst>fd10:43:100::2/21301 
05:29:35.487802 OFF flow>2501 srcPort>44197 dst>fd10:43:100::2/21301 
05:29:35.621644 SHUTDOWN flow>2502 srcPort>42643 dst>fd10:43:100::2/21302 
05:29:35.622040 OFF flow>2502 srcPort>42643 dst>fd10:43:100::2/21302 
05:29:36.616083 SHUTDOWN flow>2503 srcPort>40283 dst>fd10:43:100::2/21303 
05:29:36.616812 OFF flow>2503 srcPort>40283 dst>fd10:43:100::2/21303 
05:29:37.637000 SHUTDOWN flow>2504 srcPort>45965 dst>fd10:43:100::2/21304 
05:29:37.637486 OFF flow>2504 srcPort>45965 dst>fd10:43:100::2/21304 
05:29:37.696501 SHUTDOWN flow>2505 srcPort>40637 dst>fd10:43:100::2/21305 
05:29:37.696943 OFF flow>2505 srcPort>40637 dst>fd10:43:100::2/21305 
05:29:37.711218 SHUTDOWN flow>2506 srcPort>36741 dst>fd10:43:100::2/21306 
05:29:37.711710 OFF flow>2506 srcPort>36741 dst>fd10:43:100::2/21306 
05:29:37.712007 SHUTDOWN flow>2507 srcPort>34369 dst>fd10:43:100::2/21307 
05:29:37.712439 OFF flow>2507 srcPort>34369 dst>fd10:43:100::2/21307 
05:29:37.740698 SHUTDOWN flow>2508 srcPort>39519 dst>fd10:43:100::2/21308 
05:29:37.741022 OFF flow>2508 srcPort>39519 dst>fd10:43:100::2/21308 
05:29:37.765796 SHUTDOWN flow>2509 srcPort>37361 dst>fd10:43:100::2/21309 
05:29:37.766243 OFF flow>2509 srcPort>37361 dst>fd10:43:100::2/21309 
05:29:37.812005 SHUTDOWN flow>2510 srcPort>36241 dst>fd10:43:100::2/21310 
05:29:37.812327 OFF flow>2510 srcPort>36241 dst>fd10:43:100::2/21310 
05:29:37.868303 SHUTDOWN flow>2511 srcPort>34901 dst>fd10:43:100::2/21311 
05:29:37.868725 OFF flow>2511 srcPort>34901 dst>fd10:43:100::2/21311 
05:29:37.880395 SHUTDOWN flow>2512 srcPort>32837 dst>fd10:43:100::2/21312 
05:29:37.880805 OFF flow>2512 srcPort>32837 dst>fd10:43:100::2/21312 
05:29:37.922050 SHUTDOWN flow>2513 srcPort>35335 dst>fd10:43:100::2/21313 
05:29:37.922447 OFF flow>2513 srcPort>35335 dst>fd10:43:100::2/21313 
05:29:38.030806 SHUTDOWN flow>2514 srcPort>34789 dst>fd10:43:100::2/21314 
05:29:38.031208 OFF flow>2514 srcPort>34789 dst>fd10:43:100::2/21314 
05:29:38.376000 SHUTDOWN flow>2515 srcPort>39671 dst>fd10:43:100::2/21315 
05:29:38.376509 OFF flow>2515 srcPort>39671 dst>fd10:43:100::2/21315 
05:29:38.839058 ON flow>2520 srcPort>41743 dst>fd10:43:100::2/21320 
05:29:38.839265 CONNECT flow>2520 srcPort>41743 dst>fd10:43:100::2/21320 
05:29:38.844247 ON flow>2521 srcPort>37139 dst>fd10:43:100::2/21321 
05:29:38.844614 CONNECT flow>2521 srcPort>37139 dst>fd10:43:100::2/21321 
05:29:38.891956 ON flow>2522 srcPort>36059 dst>fd10:43:100::2/21322 
05:29:38.892299 CONNECT flow>2522 srcPort>36059 dst>fd10:43:100::2/21322 
05:29:38.931653 ON flow>2523 srcPort>33935 dst>fd10:43:100::2/21323 
05:29:38.931977 CONNECT flow>2523 srcPort>33935 dst>fd10:43:100::2/21323 
05:29:40.124700 SHUTDOWN flow>2516 srcPort>38285 dst>fd10:43:100::2/21316 
05:29:40.125646 OFF flow>2516 srcPort>38285 dst>fd10:43:100::2/21316 
05:29:40.129888 SHUTDOWN flow>2517 srcPort>45115 dst>fd10:43:100::2/21317 
05:29:40.130280 OFF flow>2517 srcPort>45115 dst>fd10:43:100::2/21317 
05:29:40.138410 SHUTDOWN flow>2518 srcPort>46031 dst>fd10:43:100::2/21318 
05:29:40.138860 OFF flow>2518 srcPort>46031 dst>fd10:43:100::2/21318 
05:29:40.162512 SHUTDOWN flow>2519 srcPort>36089 dst>fd10:43:100::2/21319 
05:29:40.162921 OFF flow>2519 srcPort>36089 dst>fd10:43:100::2/21319 
05:29:43.638806 SHUTDOWN flow>2520 srcPort>41743 dst>fd10:43:100::2/21320 
05:29:43.639475 OFF flow>2520 srcPort>41743 dst>fd10:43:100::2/21320 
05:29:43.644203 SHUTDOWN flow>2521 srcPort>37139 dst>fd10:43:100::2/21321 
05:29:43.644625 OFF flow>2521 srcPort>37139 dst>fd10:43:100::2/21321 
05:29:43.691914 SHUTDOWN flow>2522 srcPort>36059 dst>fd10:43:100::2/21322 
05:29:43.692274 OFF flow>2522 srcPort>36059 dst>fd10:43:100::2/21322 
05:29:43.731611 SHUTDOWN flow>2523 srcPort>33935 dst>fd10:43:100::2/21323 
05:29:43.732052 OFF flow>2523 srcPort>33935 dst>fd10:43:100::2/21323 
05:29:44.469071 ON flow>2524 srcPort>35935 dst>fd10:43:100::2/21324 
05:29:44.469377 CONNECT flow>2524 srcPort>35935 dst>fd10:43:100::2/21324 
05:29:44.837610 ON flow>2525 srcPort>38425 dst>fd10:43:100::2/21325 
05:29:44.837873 CONNECT flow>2525 srcPort>38425 dst>fd10:43:100::2/21325 
05:29:47.766049 ON flow>2526 srcPort>33817 dst>fd10:43:100::2/21326 
05:29:47.766322 CONNECT flow>2526 srcPort>33817 dst>fd10:43:100::2/21326 
05:29:47.827687 ON flow>2527 srcPort>43281 dst>fd10:43:100::2/21327 
05:29:47.827975 CONNECT flow>2527 srcPort>43281 dst>fd10:43:100::2/21327 
05:29:48.095328 ON flow>2528 srcPort>39547 dst>fd10:43:100::2/21328 
05:29:48.095624 CONNECT flow>2528 srcPort>39547 dst>fd10:43:100::2/21328 
05:29:48.189283 ON flow>2529 srcPort>41293 dst>fd10:43:100::2/21329 
05:29:48.189539 CONNECT flow>2529 srcPort>41293 dst>fd10:43:100::2/21329 
05:29:48.327960 ON flow>2530 srcPort>46677 dst>fd10:43:100::2/21330 
05:29:48.328224 CONNECT flow>2530 srcPort>46677 dst>fd10:43:100::2/21330 
05:29:48.346662 ON flow>2531 srcPort>43661 dst>fd10:43:100::2/21331 
05:29:48.346947 CONNECT flow>2531 srcPort>43661 dst>fd10:43:100::2/21331 
05:29:48.376865 ON flow>2532 srcPort>34515 dst>fd10:43:100::2/21332 
05:29:48.377141 CONNECT flow>2532 srcPort>34515 dst>fd10:43:100::2/21332 
05:29:48.395530 ON flow>2533 srcPort>35717 dst>fd10:43:100::2/21333 
05:29:48.396050 CONNECT flow>2533 srcPort>35717 dst>fd10:43:100::2/21333 
05:29:48.543593 ON flow>2534 srcPort>33789 dst>fd10:43:100::2/21334 
05:29:48.543847 CONNECT flow>2534 srcPort>33789 dst>fd10:43:100::2/21334 
05:29:48.582286 ON flow>2535 srcPort>36941 dst>fd10:43:100::2/21335 
05:29:48.582605 CONNECT flow>2535 srcPort>36941 dst>fd10:43:100::2/21335 
05:29:48.619074 ON flow>2536 srcPort>37181 dst>fd10:43:100::2/21336 
05:29:48.619308 CONNECT flow>2536 srcPort>37181 dst>fd10:43:100::2/21336 
05:29:48.643182 ON flow>2537 srcPort>41691 dst>fd10:43:100::2/21337 
05:29:48.643526 CONNECT flow>2537 srcPort>41691 dst>fd10:43:100::2/21337 
05:29:49.268933 SHUTDOWN flow>2524 srcPort>35935 dst>fd10:43:100::2/21324 
05:29:49.269410 OFF flow>2524 srcPort>35935 dst>fd10:43:100::2/21324 
05:29:49.637418 SHUTDOWN flow>2525 srcPort>38425 dst>fd10:43:100::2/21325 
05:29:49.637844 OFF flow>2525 srcPort>38425 dst>fd10:43:100::2/21325 
05:29:51.152089 SHUTDOWN flow>2003 srcPort>38043 dst>fd10:43:100::2/20002 
05:29:51.152141 SHUTDOWN flow>2002 srcPort>43735 dst>fd10:43:100::2/20001 
05:29:51.152145 SHUTDOWN flow>2004 srcPort>35975 dst>fd10:43:100::2/20003 
05:29:51.152252 SHUTDOWN flow>2001 srcPort>34803 dst>fd10:43:100::2/20000 
05:29:51.152533 OFF flow>2003 srcPort>38043 dst>fd10:43:100::2/20002 
05:29:51.152745 OFF flow>2004 srcPort>35975 dst>fd10:43:100::2/20003 
05:29:51.152765 OFF flow>2002 srcPort>43735 dst>fd10:43:100::2/20001 
05:29:51.152788 OFF flow>2001 srcPort>34803 dst>fd10:43:100::2/20000 
05:29:52.565792 SHUTDOWN flow>2526 srcPort>33817 dst>fd10:43:100::2/21326 
05:29:52.566275 OFF flow>2526 srcPort>33817 dst>fd10:43:100::2/21326 
05:29:52.627592 SHUTDOWN flow>2527 srcPort>43281 dst>fd10:43:100::2/21327 
05:29:52.627916 OFF flow>2527 srcPort>43281 dst>fd10:43:100::2/21327 
05:29:52.895186 SHUTDOWN flow>2528 srcPort>39547 dst>fd10:43:100::2/21328 
05:29:52.895505 OFF flow>2528 srcPort>39547 dst>fd10:43:100::2/21328 
05:29:52.989244 SHUTDOWN flow>2529 srcPort>41293 dst>fd10:43:100::2/21329 
05:29:52.989602 OFF flow>2529 srcPort>41293 dst>fd10:43:100::2/21329 
05:29:53.127899 SHUTDOWN flow>2530 srcPort>46677 dst>fd10:43:100::2/21330 
05:29:53.128214 OFF flow>2530 srcPort>46677 dst>fd10:43:100::2/21330 
05:29:53.146600 SHUTDOWN flow>2531 srcPort>43661 dst>fd10:43:100::2/21331 
05:29:53.146985 OFF flow>2531 srcPort>43661 dst>fd10:43:100::2/21331 
05:29:53.176819 SHUTDOWN flow>2532 srcPort>34515 dst>fd10:43:100::2/21332 
05:29:53.177237 OFF flow>2532 srcPort>34515 dst>fd10:43:100::2/21332 
05:29:53.195419 SHUTDOWN flow>2533 srcPort>35717 dst>fd10:43:100::2/21333 
05:29:53.195819 OFF flow>2533 srcPort>35717 dst>fd10:43:100::2/21333 
05:29:53.343513 SHUTDOWN flow>2534 srcPort>33789 dst>fd10:43:100::2/21334 
05:29:53.343972 OFF flow>2534 srcPort>33789 dst>fd10:43:100::2/21334 
05:29:53.382218 SHUTDOWN flow>2535 srcPort>36941 dst>fd10:43:100::2/21335 
05:29:53.382589 OFF flow>2535 srcPort>36941 dst>fd10:43:100::2/21335 
05:29:53.419020 SHUTDOWN flow>2536 srcPort>37181 dst>fd10:43:100::2/21336 
05:29:53.419346 OFF flow>2536 srcPort>37181 dst>fd10:43:100::2/21336 
05:29:53.443119 SHUTDOWN flow>2537 srcPort>41691 dst>fd10:43:100::2/21337 
05:29:53.443585 OFF flow>2537 srcPort>41691 dst>fd10:43:100::2/21337 
05:29:53.443613 STOP
