18:36:59.245427 START Mgen Version 5.1.1
18:36:59.245645 ON flow>2001 srcPort>37223 dst>fd10:43:100::2/20000 
18:36:59.246148 CONNECT flow>2001 srcPort>37223 dst>fd10:43:100::2/20000 
18:36:59.745571 ON flow>2002 srcPort>44855 dst>fd10:43:100::2/20001 
18:36:59.745991 CONNECT flow>2002 srcPort>44855 dst>fd10:43:100::2/20001 
18:37:00.245525 ON flow>2003 srcPort>41465 dst>fd10:43:100::2/20002 
18:37:00.245922 CONNECT flow>2003 srcPort>41465 dst>fd10:43:100::2/20002 
18:37:00.745539 ON flow>2004 srcPort>45411 dst>fd10:43:100::2/20003 
18:37:00.745844 CONNECT flow>2004 srcPort>45411 dst>fd10:43:100::2/20003 
18:37:04.987284 ON flow>2200 srcPort>36125 dst>fd10:43:100::2/21000 
18:37:04.987935 CONNECT flow>2200 srcPort>36125 dst>fd10:43:100::2/21000 
18:37:05.131028 ON flow>2201 srcPort>39189 dst>fd10:43:100::2/21001 
18:37:05.131347 CONNECT flow>2201 srcPort>39189 dst>fd10:43:100::2/21001 
18:37:05.232427 ON flow>2202 srcPort>37657 dst>fd10:43:100::2/21002 
18:37:05.232675 CONNECT flow>2202 srcPort>37657 dst>fd10:43:100::2/21002 
18:37:05.434924 ON flow>2203 srcPort>36727 dst>fd10:43:100::2/21003 
18:37:05.435220 CONNECT flow>2203 srcPort>36727 dst>fd10:43:100::2/21003 
18:37:06.249286 ON flow>2204 srcPort>42859 dst>fd10:43:100::2/21004 
18:37:06.249542 CONNECT flow>2204 srcPort>42859 dst>fd10:43:100::2/21004 
18:37:06.393670 ON flow>2205 srcPort>34289 dst>fd10:43:100::2/21005 
18:37:06.393926 CONNECT flow>2205 srcPort>34289 dst>fd10:43:100::2/21005 
18:37:06.461824 ON flow>2206 srcPort>42867 dst>fd10:43:100::2/21006 
18:37:06.462058 CONNECT flow>2206 srcPort>42867 dst>fd10:43:100::2/21006 
18:37:06.492915 ON flow>2207 srcPort>34729 dst>fd10:43:100::2/21007 
18:37:06.493137 CONNECT flow>2207 srcPort>34729 dst>fd10:43:100::2/21007 
18:37:07.199484 ON flow>2208 srcPort>46351 dst>fd10:43:100::2/21008 
18:37:07.199720 CONNECT flow>2208 srcPort>46351 dst>fd10:43:100::2/21008 
18:37:07.427689 ON flow>2209 srcPort>46113 dst>fd10:43:100::2/21009 
18:37:07.427935 CONNECT flow>2209 srcPort>46113 dst>fd10:43:100::2/21009 
18:37:08.091955 ON flow>2210 srcPort>38711 dst>fd10:43:100::2/21010 
18:37:08.092192 CONNECT flow>2210 srcPort>38711 dst>fd10:43:100::2/21010 
18:37:08.191609 ON flow>2211 srcPort>35565 dst>fd10:43:100::2/21011 
18:37:08.192055 CONNECT flow>2211 srcPort>35565 dst>fd10:43:100::2/21011 
18:37:08.420851 ON flow>2212 srcPort>36763 dst>fd10:43:100::2/21012 
18:37:08.423374 CONNECT flow>2212 srcPort>36763 dst>fd10:43:100::2/21012 
18:37:09.152397 ON flow>2213 srcPort>38883 dst>fd10:43:100::2/21013 
18:37:09.152696 CONNECT flow>2213 srcPort>38883 dst>fd10:43:100::2/21013 
18:37:09.199448 ON flow>2214 srcPort>38757 dst>fd10:43:100::2/21014 
18:37:09.199687 CONNECT flow>2214 srcPort>38757 dst>fd10:43:100::2/21014 
18:37:09.202244 ON flow>2215 srcPort>45981 dst>fd10:43:100::2/21015 
18:37:09.202516 CONNECT flow>2215 srcPort>45981 dst>fd10:43:100::2/21015 
18:37:09.350477 ON flow>2216 srcPort>44375 dst>fd10:43:100::2/21016 
18:37:09.350704 CONNECT flow>2216 srcPort>44375 dst>fd10:43:100::2/21016 
18:37:09.408271 ON flow>2217 srcPort>43971 dst>fd10:43:100::2/21017 
18:37:09.408500 CONNECT flow>2217 srcPort>43971 dst>fd10:43:100::2/21017 
18:37:09.456377 ON flow>2218 srcPort>45377 dst>fd10:43:100::2/21018 
18:37:09.456623 CONNECT flow>2218 srcPort>45377 dst>fd10:43:100::2/21018 
18:37:09.501772 ON flow>2219 srcPort>45735 dst>fd10:43:100::2/21019 
18:37:09.502063 CONNECT flow>2219 srcPort>45735 dst>fd10:43:100::2/21019 
18:37:09.525773 ON flow>2220 srcPort>42585 dst>fd10:43:100::2/21020 
18:37:09.525977 CONNECT flow>2220 srcPort>42585 dst>fd10:43:100::2/21020 
18:37:09.605183 ON flow>2221 srcPort>44383 dst>fd10:43:100::2/21021 
18:37:09.605443 CONNECT flow>2221 srcPort>44383 dst>fd10:43:100::2/21021 
18:37:09.728664 ON flow>2222 srcPort>43633 dst>fd10:43:100::2/21022 
18:37:09.728967 CONNECT flow>2222 srcPort>43633 dst>fd10:43:100::2/21022 
18:37:09.787183 SHUTDOWN flow>2200 srcPort>36125 dst>fd10:43:100::2/21000 
18:37:09.787587 OFF flow>2200 srcPort>36125 dst>fd10:43:100::2/21000 
18:37:09.912253 ON flow>2223 srcPort>44121 dst>fd10:43:100::2/21023 
18:37:09.912653 CONNECT flow>2223 srcPort>44121 dst>fd10:43:100::2/21023 
18:37:09.930976 SHUTDOWN flow>2201 srcPort>39189 dst>fd10:43:100::2/21001 
18:37:09.931281 OFF flow>2201 srcPort>39189 dst>fd10:43:100::2/21001 
18:37:10.032392 SHUTDOWN flow>2202 srcPort>37657 dst>fd10:43:100::2/21002 
18:37:10.032814 OFF flow>2202 srcPort>37657 dst>fd10:43:100::2/21002 
18:37:10.113827 ON flow>2224 srcPort>34749 dst>fd10:43:100::2/21024 
18:37:10.114034 CONNECT flow>2224 srcPort>34749 dst>fd10:43:100::2/21024 
18:37:10.234883 SHUTDOWN flow>2203 srcPort>36727 dst>fd10:43:100::2/21003 
18:37:10.235192 OFF flow>2203 srcPort>36727 dst>fd10:43:100::2/21003 
18:37:10.247383 ON flow>2225 srcPort>40047 dst>fd10:43:100::2/21025 
18:37:10.247631 CONNECT flow>2225 srcPort>40047 dst>fd10:43:100::2/21025 
18:37:10.286423 ON flow>2226 srcPort>34205 dst>fd10:43:100::2/21026 
18:37:10.286663 CONNECT flow>2226 srcPort>34205 dst>fd10:43:100::2/21026 
18:37:10.288738 ON flow>2227 srcPort>38921 dst>fd10:43:100::2/21027 
18:37:10.289077 CONNECT flow>2227 srcPort>38921 dst>fd10:43:100::2/21027 
18:37:10.327340 ON flow>2228 srcPort>33871 dst>fd10:43:100::2/21028 
18:37:10.327566 CONNECT flow>2228 srcPort>33871 dst>fd10:43:100::2/21028 
18:37:10.458938 ON flow>2229 srcPort>35389 dst>fd10:43:100::2/21029 
18:37:10.459259 CONNECT flow>2229 srcPort>35389 dst>fd10:43:100::2/21029 
18:37:10.542031 ON flow>2230 srcPort>33575 dst>fd10:43:100::2/21030 
18:37:10.542295 CONNECT flow>2230 srcPort>33575 dst>fd10:43:100::2/21030 
18:37:10.546124 ON flow>2231 srcPort>39149 dst>fd10:43:100::2/21031 
18:37:10.546394 CONNECT flow>2231 srcPort>39149 dst>fd10:43:100::2/21031 
18:37:11.049181 SHUTDOWN flow>2204 srcPort>42859 dst>fd10:43:100::2/21004 
18:37:11.049550 OFF flow>2204 srcPort>42859 dst>fd10:43:100::2/21004 
18:37:11.193586 SHUTDOWN flow>2205 srcPort>34289 dst>fd10:43:100::2/21005 
18:37:11.194000 OFF flow>2205 srcPort>34289 dst>fd10:43:100::2/21005 
18:37:11.261785 SHUTDOWN flow>2206 srcPort>42867 dst>fd10:43:100::2/21006 
18:37:11.262106 OFF flow>2206 srcPort>42867 dst>fd10:43:100::2/21006 
18:37:11.292883 SHUTDOWN flow>2207 srcPort>34729 dst>fd10:43:100::2/21007 
18:37:11.293161 OFF flow>2207 srcPort>34729 dst>fd10:43:100::2/21007 
18:37:11.521491 ON flow>2232 srcPort>39029 dst>fd10:43:100::2/21032 
18:37:11.522052 CONNECT flow>2232 srcPort>39029 dst>fd10:43:100::2/21032 
18:37:11.544113 ON flow>2233 srcPort>42405 dst>fd10:43:100::2/21033 
18:37:11.544362 CONNECT flow>2233 srcPort>42405 dst>fd10:43:100::2/21033 
18:37:11.565935 ON flow>2234 srcPort>44803 dst>fd10:43:100::2/21034 
18:37:11.566208 CONNECT flow>2234 srcPort>44803 dst>fd10:43:100::2/21034 
18:37:11.662884 ON flow>2235 srcPort>34715 dst>fd10:43:100::2/21035 
18:37:11.663120 CONNECT flow>2235 srcPort>34715 dst>fd10:43:100::2/21035 
18:37:11.827197 ON flow>2236 srcPort>38309 dst>fd10:43:100::2/21036 
18:37:11.827408 CONNECT flow>2236 srcPort>38309 dst>fd10:43:100::2/21036 
18:37:11.864197 ON flow>2237 srcPort>38527 dst>fd10:43:100::2/21037 
18:37:11.864448 CONNECT flow>2237 srcPort>38527 dst>fd10:43:100::2/21037 
18:37:11.999386 SHUTDOWN flow>2208 srcPort>46351 dst>fd10:43:100::2/21008 
18:37:11.999686 OFF flow>2208 srcPort>46351 dst>fd10:43:100::2/21008 
18:37:12.139041 ON flow>2238 srcPort>35241 dst>fd10:43:100::2/21038 
18:37:12.139352 CONNECT flow>2238 srcPort>35241 dst>fd10:43:100::2/21038 
18:37:12.196463 ON flow>2239 srcPort>38389 dst>fd10:43:100::2/21039 
18:37:12.196685 CONNECT flow>2239 srcPort>38389 dst>fd10:43:100::2/21039 
18:37:12.227567 SHUTDOWN flow>2209 srcPort>46113 dst>fd10:43:100::2/21009 
18:37:12.227889 OFF flow>2209 srcPort>46113 dst>fd10:43:100::2/21009 
18:37:12.823527 ON flow>2240 srcPort>43635 dst>fd10:43:100::2/21040 
18:37:12.823798 CONNECT flow>2240 srcPort>43635 dst>fd10:43:100::2/21040 
18:37:12.877083 ON flow>2241 srcPort>42547 dst>fd10:43:100::2/21041 
18:37:12.877353 CONNECT flow>2241 srcPort>42547 dst>fd10:43:100::2/21041 
18:37:12.891872 SHUTDOWN flow>2210 srcPort>38711 dst>fd10:43:100::2/21010 
18:37:12.892215 OFF flow>2210 srcPort>38711 dst>fd10:43:100::2/21010 
18:37:12.991591 SHUTDOWN flow>2211 srcPort>35565 dst>fd10:43:100::2/21011 
18:37:12.991974 OFF flow>2211 srcPort>35565 dst>fd10:43:100::2/21011 
18:37:13.220814 SHUTDOWN flow>2212 srcPort>36763 dst>fd10:43:100::2/21012 
18:37:13.221186 OFF flow>2212 srcPort>36763 dst>fd10:43:100::2/21012 
18:37:13.833611 ON flow>2242 srcPort>42117 dst>fd10:43:100::2/21042 
18:37:13.834037 CONNECT flow>2242 srcPort>42117 dst>fd10:43:100::2/21042 
18:37:13.883446 ON flow>2243 srcPort>36657 dst>fd10:43:100::2/21043 
18:37:13.883980 CONNECT flow>2243 srcPort>36657 dst>fd10:43:100::2/21043 
18:37:13.895653 ON flow>2244 srcPort>43159 dst>fd10:43:100::2/21044 
18:37:13.895911 CONNECT flow>2244 srcPort>43159 dst>fd10:43:100::2/21044 
18:37:13.952314 SHUTDOWN flow>2213 srcPort>38883 dst>fd10:43:100::2/21013 
18:37:13.953230 OFF flow>2213 srcPort>38883 dst>fd10:43:100::2/21013 
18:37:13.999435 SHUTDOWN flow>2214 srcPort>38757 dst>fd10:43:100::2/21014 
18:37:13.999773 OFF flow>2214 srcPort>38757 dst>fd10:43:100::2/21014 
18:37:14.002216 SHUTDOWN flow>2215 srcPort>45981 dst>fd10:43:100::2/21015 
18:37:14.002484 OFF flow>2215 srcPort>45981 dst>fd10:43:100::2/21015 
18:37:14.150432 SHUTDOWN flow>2216 srcPort>44375 dst>fd10:43:100::2/21016 
18:37:14.150807 OFF flow>2216 srcPort>44375 dst>fd10:43:100::2/21016 
18:37:14.208232 SHUTDOWN flow>2217 srcPort>43971 dst>fd10:43:100::2/21017 
18:37:14.208576 OFF flow>2217 srcPort>43971 dst>fd10:43:100::2/21017 
18:37:14.256340 SHUTDOWN flow>2218 srcPort>45377 dst>fd10:43:100::2/21018 
18:37:14.256808 OFF flow>2218 srcPort>45377 dst>fd10:43:100::2/21018 
18:37:14.301739 SHUTDOWN flow>2219 srcPort>45735 dst>fd10:43:100::2/21019 
18:37:14.302128 OFF flow>2219 srcPort>45735 dst>fd10:43:100::2/21019 
18:37:14.325737 SHUTDOWN flow>2220 srcPort>42585 dst>fd10:43:100::2/21020 
18:37:14.326054 OFF flow>2220 srcPort>42585 dst>fd10:43:100::2/21020 
18:37:14.385990 ON flow>2245 srcPort>45327 dst>fd10:43:100::2/21045 
18:37:14.386271 CONNECT flow>2245 srcPort>45327 dst>fd10:43:100::2/21045 
18:37:14.405139 SHUTDOWN flow>2221 srcPort>44383 dst>fd10:43:100::2/21021 
18:37:14.405494 OFF flow>2221 srcPort>44383 dst>fd10:43:100::2/21021 
18:37:14.456696 ON flow>2246 srcPort>35163 dst>fd10:43:100::2/21046 
18:37:14.456950 CONNECT flow>2246 srcPort>35163 dst>fd10:43:100::2/21046 
18:37:14.479409 ON flow>2247 srcPort>41335 dst>fd10:43:100::2/21047 
18:37:14.479661 CONNECT flow>2247 srcPort>41335 dst>fd10:43:100::2/21047 
18:37:14.526396 ON flow>2248 srcPort>41611 dst>fd10:43:100::2/21048 
18:37:14.526670 CONNECT flow>2248 srcPort>41611 dst>fd10:43:100::2/21048 
18:37:14.528639 SHUTDOWN flow>2222 srcPort>43633 dst>fd10:43:100::2/21022 
18:37:14.528950 OFF flow>2222 srcPort>43633 dst>fd10:43:100::2/21022 
18:37:14.577314 ON flow>2249 srcPort>45073 dst>fd10:43:100::2/21049 
18:37:14.577537 CONNECT flow>2249 srcPort>45073 dst>fd10:43:100::2/21049 
18:37:14.712172 SHUTDOWN flow>2223 srcPort>44121 dst>fd10:43:100::2/21023 
18:37:14.712461 OFF flow>2223 srcPort>44121 dst>fd10:43:100::2/21023 
18:37:14.913800 SHUTDOWN flow>2224 srcPort>34749 dst>fd10:43:100::2/21024 
18:37:14.914193 OFF flow>2224 srcPort>34749 dst>fd10:43:100::2/21024 
18:37:15.047361 SHUTDOWN flow>2225 srcPort>40047 dst>fd10:43:100::2/21025 
18:37:15.047689 OFF flow>2225 srcPort>40047 dst>fd10:43:100::2/21025 
18:37:15.086385 SHUTDOWN flow>2226 srcPort>34205 dst>fd10:43:100::2/21026 
18:37:15.086681 OFF flow>2226 srcPort>34205 dst>fd10:43:100::2/21026 
18:37:15.088689 SHUTDOWN flow>2227 srcPort>38921 dst>fd10:43:100::2/21027 
18:37:15.089030 OFF flow>2227 srcPort>38921 dst>fd10:43:100::2/21027 
18:37:15.127289 SHUTDOWN flow>2228 srcPort>33871 dst>fd10:43:100::2/21028 
18:37:15.127780 OFF flow>2228 srcPort>33871 dst>fd10:43:100::2/21028 
18:37:15.258900 SHUTDOWN flow>2229 srcPort>35389 dst>fd10:43:100::2/21029 
18:37:15.259280 OFF flow>2229 srcPort>35389 dst>fd10:43:100::2/21029 
18:37:15.338263 ON flow>2250 srcPort>44137 dst>fd10:43:100::2/21050 
18:37:15.338531 CONNECT flow>2250 srcPort>44137 dst>fd10:43:100::2/21050 
18:37:15.342031 SHUTDOWN flow>2230 srcPort>33575 dst>fd10:43:100::2/21030 
18:37:15.342377 OFF flow>2230 srcPort>33575 dst>fd10:43:100::2/21030 
18:37:15.346093 SHUTDOWN flow>2231 srcPort>39149 dst>fd10:43:100::2/21031 
18:37:15.346423 OFF flow>2231 srcPort>39149 dst>fd10:43:100::2/21031 
18:37:15.584102 ON flow>2251 srcPort>42001 dst>fd10:43:100::2/21051 
18:37:15.584395 CONNECT flow>2251 srcPort>42001 dst>fd10:43:100::2/21051 
18:37:15.667075 ON flow>2252 srcPort>33187 dst>fd10:43:100::2/21052 
18:37:15.667343 CONNECT flow>2252 srcPort>33187 dst>fd10:43:100::2/21052 
18:37:15.688074 ON flow>2253 srcPort>43051 dst>fd10:43:100::2/21053 
18:37:15.688331 CONNECT flow>2253 srcPort>43051 dst>fd10:43:100::2/21053 
18:37:15.698168 ON flow>2254 srcPort>36205 dst>fd10:43:100::2/21054 
18:37:15.698421 CONNECT flow>2254 srcPort>36205 dst>fd10:43:100::2/21054 
18:37:15.844006 ON flow>2255 srcPort>38001 dst>fd10:43:100::2/21055 
18:37:15.844262 CONNECT flow>2255 srcPort>38001 dst>fd10:43:100::2/21055 
18:37:15.916726 ON flow>2256 srcPort>35343 dst>fd10:43:100::2/21056 
18:37:15.916981 CONNECT flow>2256 srcPort>35343 dst>fd10:43:100::2/21056 
18:37:15.937584 ON flow>2257 srcPort>42899 dst>fd10:43:100::2/21057 
18:37:15.937807 CONNECT flow>2257 srcPort>42899 dst>fd10:43:100::2/21057 
18:37:15.979826 ON flow>2258 srcPort>41917 dst>fd10:43:100::2/21058 
18:37:15.980159 CONNECT flow>2258 srcPort>41917 dst>fd10:43:100::2/21058 
18:37:16.039246 ON flow>2259 srcPort>42469 dst>fd10:43:100::2/21059 
18:37:16.039853 CONNECT flow>2259 srcPort>42469 dst>fd10:43:100::2/21059 
18:37:16.065685 ON flow>2260 srcPort>43643 dst>fd10:43:100::2/21060 
18:37:16.065930 CONNECT flow>2260 srcPort>43643 dst>fd10:43:100::2/21060 
18:37:16.090131 ON flow>2261 srcPort>34669 dst>fd10:43:100::2/21061 
18:37:16.090484 CONNECT flow>2261 srcPort>34669 dst>fd10:43:100::2/21061 
18:37:16.140713 ON flow>2262 srcPort>40407 dst>fd10:43:100::2/21062 
18:37:16.141032 CONNECT flow>2262 srcPort>40407 dst>fd10:43:100::2/21062 
18:37:16.321351 SHUTDOWN flow>2232 srcPort>39029 dst>fd10:43:100::2/21032 
18:37:16.321763 OFF flow>2232 srcPort>39029 dst>fd10:43:100::2/21032 
18:37:16.324982 ON flow>2263 srcPort>46019 dst>fd10:43:100::2/21063 
18:37:16.325193 CONNECT flow>2263 srcPort>46019 dst>fd10:43:100::2/21063 
18:37:16.344070 SHUTDOWN flow>2233 srcPort>42405 dst>fd10:43:100::2/21033 
18:37:16.344545 OFF flow>2233 srcPort>42405 dst>fd10:43:100::2/21033 
18:37:16.365849 SHUTDOWN flow>2234 srcPort>44803 dst>fd10:43:100::2/21034 
18:37:16.366367 OFF flow>2234 srcPort>44803 dst>fd10:43:100::2/21034 
18:37:16.430788 ON flow>2264 srcPort>42425 dst>fd10:43:100::2/21064 
18:37:16.431033 CONNECT flow>2264 srcPort>42425 dst>fd10:43:100::2/21064 
18:37:16.462850 SHUTDOWN flow>2235 srcPort>34715 dst>fd10:43:100::2/21035 
18:37:16.463285 OFF flow>2235 srcPort>34715 dst>fd10:43:100::2/21035 
18:37:16.626053 SHUTDOWN flow>2236 srcPort>38309 dst>fd10:43:100::2/21036 
18:37:16.626355 OFF flow>2236 srcPort>38309 dst>fd10:43:100::2/21036 
18:37:16.664153 SHUTDOWN flow>2237 srcPort>38527 dst>fd10:43:100::2/21037 
18:37:16.664498 OFF flow>2237 srcPort>38527 dst>fd10:43:100::2/21037 
18:37:16.938990 SHUTDOWN flow>2238 srcPort>35241 dst>fd10:43:100::2/21038 
18:37:16.939368 OFF flow>2238 srcPort>35241 dst>fd10:43:100::2/21038 
18:37:16.996380 SHUTDOWN flow>2239 srcPort>38389 dst>fd10:43:100::2/21039 
18:37:16.996735 OFF flow>2239 srcPort>38389 dst>fd10:43:100::2/21039 
18:37:17.623421 SHUTDOWN flow>2240 srcPort>43635 dst>fd10:43:100::2/21040 
18:37:17.623782 OFF flow>2240 srcPort>43635 dst>fd10:43:100::2/21040 
18:37:17.677042 SHUTDOWN flow>2241 srcPort>42547 dst>fd10:43:100::2/21041 
18:37:17.677495 OFF flow>2241 srcPort>42547 dst>fd10:43:100::2/21041 
18:37:18.307116 ON flow>2265 srcPort>41495 dst>fd10:43:100::2/21065 
18:37:18.307362 CONNECT flow>2265 srcPort>41495 dst>fd10:43:100::2/21065 
18:37:18.540705 ON flow>2266 srcPort>43169 dst>fd10:43:100::2/21066 
18:37:18.540966 CONNECT flow>2266 srcPort>43169 dst>fd10:43:100::2/21066 
18:37:18.633507 SHUTDOWN flow>2242 srcPort>42117 dst>fd10:43:100::2/21042 
18:37:18.633929 OFF flow>2242 srcPort>42117 dst>fd10:43:100::2/21042 
18:37:18.636786 ON flow>2267 srcPort>33485 dst>fd10:43:100::2/21067 
18:37:18.637057 CONNECT flow>2267 srcPort>33485 dst>fd10:43:100::2/21067 
18:37:18.637478 ON flow>2268 srcPort>45557 dst>fd10:43:100::2/21068 
18:37:18.637797 CONNECT flow>2268 srcPort>45557 dst>fd10:43:100::2/21068 
18:37:18.662843 ON flow>2269 srcPort>44347 dst>fd10:43:100::2/21069 
18:37:18.663090 CONNECT flow>2269 srcPort>44347 dst>fd10:43:100::2/21069 
18:37:18.667502 ON flow>2270 srcPort>42145 dst>fd10:43:100::2/21070 
18:37:18.667714 CONNECT flow>2270 srcPort>42145 dst>fd10:43:100::2/21070 
18:37:18.683435 SHUTDOWN flow>2243 srcPort>36657 dst>fd10:43:100::2/21043 
18:37:18.683797 OFF flow>2243 srcPort>36657 dst>fd10:43:100::2/21043 
18:37:18.695607 SHUTDOWN flow>2244 srcPort>43159 dst>fd10:43:100::2/21044 
18:37:18.695886 OFF flow>2244 srcPort>43159 dst>fd10:43:100::2/21044 
18:37:18.712080 ON flow>2271 srcPort>36597 dst>fd10:43:100::2/21071 
18:37:18.712326 CONNECT flow>2271 srcPort>36597 dst>fd10:43:100::2/21071 
18:37:18.732284 ON flow>2272 srcPort>41945 dst>fd10:43:100::2/21072 
18:37:18.732545 CONNECT flow>2272 srcPort>41945 dst>fd10:43:100::2/21072 
18:37:18.733486 ON flow>2273 srcPort>36905 dst>fd10:43:100::2/21073 
18:37:18.733809 CONNECT flow>2273 srcPort>36905 dst>fd10:43:100::2/21073 
18:37:18.775243 ON flow>2274 srcPort>43429 dst>fd10:43:100::2/21074 
18:37:18.775483 CONNECT flow>2274 srcPort>43429 dst>fd10:43:100::2/21074 
18:37:18.897098 ON flow>2275 srcPort>39879 dst>fd10:43:100::2/21075 
18:37:18.897366 CONNECT flow>2275 srcPort>39879 dst>fd10:43:100::2/21075 
18:37:18.942794 ON flow>2276 srcPort>46177 dst>fd10:43:100::2/21076 
18:37:18.943025 CONNECT flow>2276 srcPort>46177 dst>fd10:43:100::2/21076 
18:37:19.066613 ON flow>2277 srcPort>38165 dst>fd10:43:100::2/21077 
18:37:19.066856 CONNECT flow>2277 srcPort>38165 dst>fd10:43:100::2/21077 
18:37:19.129308 ON flow>2278 srcPort>41075 dst>fd10:43:100::2/21078 
18:37:19.129544 CONNECT flow>2278 srcPort>41075 dst>fd10:43:100::2/21078 
18:37:19.139258 ON flow>2279 srcPort>43851 dst>fd10:43:100::2/21079 
18:37:19.139498 CONNECT flow>2279 srcPort>43851 dst>fd10:43:100::2/21079 
18:37:19.185947 SHUTDOWN flow>2245 srcPort>45327 dst>fd10:43:100::2/21045 
18:37:19.186414 OFF flow>2245 srcPort>45327 dst>fd10:43:100::2/21045 
18:37:19.256639 SHUTDOWN flow>2246 srcPort>35163 dst>fd10:43:100::2/21046 
18:37:19.257044 OFF flow>2246 srcPort>35163 dst>fd10:43:100::2/21046 
18:37:19.279343 SHUTDOWN flow>2247 srcPort>41335 dst>fd10:43:100::2/21047 
18:37:19.279781 OFF flow>2247 srcPort>41335 dst>fd10:43:100::2/21047 
18:37:19.326356 SHUTDOWN flow>2248 srcPort>41611 dst>fd10:43:100::2/21048 
18:37:19.326669 OFF flow>2248 srcPort>41611 dst>fd10:43:100::2/21048 
18:37:19.377241 SHUTDOWN flow>2249 srcPort>45073 dst>fd10:43:100::2/21049 
18:37:19.377688 OFF flow>2249 srcPort>45073 dst>fd10:43:100::2/21049 
18:37:19.747527 ON flow>2280 srcPort>42277 dst>fd10:43:100::2/21080 
18:37:19.747799 CONNECT flow>2280 srcPort>42277 dst>fd10:43:100::2/21080 
18:37:19.798309 ON flow>2281 srcPort>35403 dst>fd10:43:100::2/21081 
18:37:19.798602 CONNECT flow>2281 srcPort>35403 dst>fd10:43:100::2/21081 
18:37:20.138123 SHUTDOWN flow>2250 srcPort>44137 dst>fd10:43:100::2/21050 
18:37:20.138507 OFF flow>2250 srcPort>44137 dst>fd10:43:100::2/21050 
18:37:20.384034 SHUTDOWN flow>2251 srcPort>42001 dst>fd10:43:100::2/21051 
18:37:20.384432 OFF flow>2251 srcPort>42001 dst>fd10:43:100::2/21051 
18:37:20.467028 SHUTDOWN flow>2252 srcPort>33187 dst>fd10:43:100::2/21052 
18:37:20.467351 OFF flow>2252 srcPort>33187 dst>fd10:43:100::2/21052 
18:37:20.488038 SHUTDOWN flow>2253 srcPort>43051 dst>fd10:43:100::2/21053 
18:37:20.488371 OFF flow>2253 srcPort>43051 dst>fd10:43:100::2/21053 
18:37:20.498134 SHUTDOWN flow>2254 srcPort>36205 dst>fd10:43:100::2/21054 
18:37:20.498466 OFF flow>2254 srcPort>36205 dst>fd10:43:100::2/21054 
18:37:20.643946 SHUTDOWN flow>2255 srcPort>38001 dst>fd10:43:100::2/21055 
18:37:20.644278 OFF flow>2255 srcPort>38001 dst>fd10:43:100::2/21055 
18:37:20.716653 SHUTDOWN flow>2256 srcPort>35343 dst>fd10:43:100::2/21056 
18:37:20.716996 OFF flow>2256 srcPort>35343 dst>fd10:43:100::2/21056 
18:37:20.734257 ON flow>2282 srcPort>36455 dst>fd10:43:100::2/21082 
18:37:20.734542 CONNECT flow>2282 srcPort>36455 dst>fd10:43:100::2/21082 
18:37:20.737534 SHUTDOWN flow>2257 srcPort>42899 dst>fd10:43:100::2/21057 
18:37:20.738085 OFF flow>2257 srcPort>42899 dst>fd10:43:100::2/21057 
18:37:20.779720 SHUTDOWN flow>2258 srcPort>41917 dst>fd10:43:100::2/21058 
18:37:20.780632 OFF flow>2258 srcPort>41917 dst>fd10:43:100::2/21058 
18:37:20.839147 SHUTDOWN flow>2259 srcPort>42469 dst>fd10:43:100::2/21059 
18:37:20.839473 OFF flow>2259 srcPort>42469 dst>fd10:43:100::2/21059 
18:37:20.865655 SHUTDOWN flow>2260 srcPort>43643 dst>fd10:43:100::2/21060 
18:37:20.866003 OFF flow>2260 srcPort>43643 dst>fd10:43:100::2/21060 
18:37:20.890065 SHUTDOWN flow>2261 srcPort>34669 dst>fd10:43:100::2/21061 
18:37:20.890392 OFF flow>2261 srcPort>34669 dst>fd10:43:100::2/21061 
18:37:20.940654 SHUTDOWN flow>2262 srcPort>40407 dst>fd10:43:100::2/21062 
18:37:20.942541 OFF flow>2262 srcPort>40407 dst>fd10:43:100::2/21062 
18:37:21.059064 ON flow>2283 srcPort>44403 dst>fd10:43:100::2/21083 
18:37:21.059345 CONNECT flow>2283 srcPort>44403 dst>fd10:43:100::2/21083 
18:37:21.124938 SHUTDOWN flow>2263 srcPort>46019 dst>fd10:43:100::2/21063 
18:37:21.125698 OFF flow>2263 srcPort>46019 dst>fd10:43:100::2/21063 
18:37:21.167917 ON flow>2284 srcPort>39123 dst>fd10:43:100::2/21084 
18:37:21.168150 CONNECT flow>2284 srcPort>39123 dst>fd10:43:100::2/21084 
18:37:21.207584 ON flow>2285 srcPort>40627 dst>fd10:43:100::2/21085 
18:37:21.207850 CONNECT flow>2285 srcPort>40627 dst>fd10:43:100::2/21085 
18:37:21.230740 SHUTDOWN flow>2264 srcPort>42425 dst>fd10:43:100::2/21064 
18:37:21.231006 OFF flow>2264 srcPort>42425 dst>fd10:43:100::2/21064 
18:37:21.304866 ON flow>2286 srcPort>33019 dst>fd10:43:100::2/21086 
18:37:21.305105 CONNECT flow>2286 srcPort>33019 dst>fd10:43:100::2/21086 
18:37:21.364381 ON flow>2287 srcPort>34489 dst>fd10:43:100::2/21087 
18:37:21.364583 CONNECT flow>2287 srcPort>34489 dst>fd10:43:100::2/21087 
18:37:21.404703 ON flow>2288 srcPort>39295 dst>fd10:43:100::2/21088 
18:37:21.404963 CONNECT flow>2288 srcPort>39295 dst>fd10:43:100::2/21088 
18:37:21.429047 ON flow>2289 srcPort>44689 dst>fd10:43:100::2/21089 
18:37:21.429273 CONNECT flow>2289 srcPort>44689 dst>fd10:43:100::2/21089 
18:37:22.488730 ON flow>2290 srcPort>43213 dst>fd10:43:100::2/21090 
18:37:22.488985 CONNECT flow>2290 srcPort>43213 dst>fd10:43:100::2/21090 
18:37:22.516477 ON flow>2291 srcPort>39279 dst>fd10:43:100::2/21091 
18:37:22.516702 CONNECT flow>2291 srcPort>39279 dst>fd10:43:100::2/21091 
18:37:22.530384 ON flow>2292 srcPort>35971 dst>fd10:43:100::2/21092 
18:37:22.530624 CONNECT flow>2292 srcPort>35971 dst>fd10:43:100::2/21092 
18:37:23.107039 SHUTDOWN flow>2265 srcPort>41495 dst>fd10:43:100::2/21065 
18:37:23.107371 OFF flow>2265 srcPort>41495 dst>fd10:43:100::2/21065 
18:37:23.340643 SHUTDOWN flow>2266 srcPort>43169 dst>fd10:43:100::2/21066 
18:37:23.341028 OFF flow>2266 srcPort>43169 dst>fd10:43:100::2/21066 
18:37:23.436744 SHUTDOWN flow>2267 srcPort>33485 dst>fd10:43:100::2/21067 
18:37:23.437067 OFF flow>2267 srcPort>33485 dst>fd10:43:100::2/21067 
18:37:23.437440 SHUTDOWN flow>2268 srcPort>45557 dst>fd10:43:100::2/21068 
18:37:23.437718 OFF flow>2268 srcPort>45557 dst>fd10:43:100::2/21068 
18:37:23.462749 SHUTDOWN flow>2269 srcPort>44347 dst>fd10:43:100::2/21069 
18:37:23.463107 OFF flow>2269 srcPort>44347 dst>fd10:43:100::2/21069 
18:37:23.467441 SHUTDOWN flow>2270 srcPort>42145 dst>fd10:43:100::2/21070 
18:37:23.467732 OFF flow>2270 srcPort>42145 dst>fd10:43:100::2/21070 
18:37:23.512048 SHUTDOWN flow>2271 srcPort>36597 dst>fd10:43:100::2/21071 
18:37:23.512426 OFF flow>2271 srcPort>36597 dst>fd10:43:100::2/21071 
18:37:23.532248 SHUTDOWN flow>2272 srcPort>41945 dst>fd10:43:100::2/21072 
18:37:23.532614 OFF flow>2272 srcPort>41945 dst>fd10:43:100::2/21072 
18:37:23.533445 SHUTDOWN flow>2273 srcPort>36905 dst>fd10:43:100::2/21073 
18:37:23.533738 OFF flow>2273 srcPort>36905 dst>fd10:43:100::2/21073 
18:37:23.575152 SHUTDOWN flow>2274 srcPort>43429 dst>fd10:43:100::2/21074 
18:37:23.575456 OFF flow>2274 srcPort>43429 dst>fd10:43:100::2/21074 
18:37:23.696871 SHUTDOWN flow>2275 srcPort>39879 dst>fd10:43:100::2/21075 
18:37:23.697204 OFF flow>2275 srcPort>39879 dst>fd10:43:100::2/21075 
18:37:23.742754 SHUTDOWN flow>2276 srcPort>46177 dst>fd10:43:100::2/21076 
18:37:23.743110 OFF flow>2276 srcPort>46177 dst>fd10:43:100::2/21076 
18:37:23.866552 SHUTDOWN flow>2277 srcPort>38165 dst>fd10:43:100::2/21077 
18:37:23.866864 OFF flow>2277 srcPort>38165 dst>fd10:43:100::2/21077 
18:37:23.929251 SHUTDOWN flow>2278 srcPort>41075 dst>fd10:43:100::2/21078 
18:37:23.929848 OFF flow>2278 srcPort>41075 dst>fd10:43:100::2/21078 
18:37:23.939162 SHUTDOWN flow>2279 srcPort>43851 dst>fd10:43:100::2/21079 
18:37:23.939569 OFF flow>2279 srcPort>43851 dst>fd10:43:100::2/21079 
18:37:24.459922 ON flow>2293 srcPort>43069 dst>fd10:43:100::2/21093 
18:37:24.460126 CONNECT flow>2293 srcPort>43069 dst>fd10:43:100::2/21093 
18:37:24.506983 ON flow>2294 srcPort>36997 dst>fd10:43:100::2/21094 
18:37:24.507195 CONNECT flow>2294 srcPort>36997 dst>fd10:43:100::2/21094 
18:37:24.511872 ON flow>2295 srcPort>32849 dst>fd10:43:100::2/21095 
18:37:24.512135 CONNECT flow>2295 srcPort>32849 dst>fd10:43:100::2/21095 
18:37:24.547430 SHUTDOWN flow>2280 srcPort>42277 dst>fd10:43:100::2/21080 
18:37:24.547778 OFF flow>2280 srcPort>42277 dst>fd10:43:100::2/21080 
18:37:24.598231 SHUTDOWN flow>2281 srcPort>35403 dst>fd10:43:100::2/21081 
18:37:24.598565 OFF flow>2281 srcPort>35403 dst>fd10:43:100::2/21081 
18:37:24.663531 ON flow>2296 srcPort>35899 dst>fd10:43:100::2/21096 
18:37:24.663881 CONNECT flow>2296 srcPort>35899 dst>fd10:43:100::2/21096 
18:37:25.534148 SHUTDOWN flow>2282 srcPort>36455 dst>fd10:43:100::2/21082 
18:37:25.534521 OFF flow>2282 srcPort>36455 dst>fd10:43:100::2/21082 
18:37:25.858955 SHUTDOWN flow>2283 srcPort>44403 dst>fd10:43:100::2/21083 
18:37:25.859499 OFF flow>2283 srcPort>44403 dst>fd10:43:100::2/21083 
18:37:25.967768 SHUTDOWN flow>2284 srcPort>39123 dst>fd10:43:100::2/21084 
18:37:25.968143 OFF flow>2284 srcPort>39123 dst>fd10:43:100::2/21084 
18:37:26.007548 SHUTDOWN flow>2285 srcPort>40627 dst>fd10:43:100::2/21085 
18:37:26.007888 OFF flow>2285 srcPort>40627 dst>fd10:43:100::2/21085 
18:37:26.104826 SHUTDOWN flow>2286 srcPort>33019 dst>fd10:43:100::2/21086 
18:37:26.105205 OFF flow>2286 srcPort>33019 dst>fd10:43:100::2/21086 
18:37:26.164340 SHUTDOWN flow>2287 srcPort>34489 dst>fd10:43:100::2/21087 
18:37:26.164667 OFF flow>2287 srcPort>34489 dst>fd10:43:100::2/21087 
18:37:26.204633 SHUTDOWN flow>2288 srcPort>39295 dst>fd10:43:100::2/21088 
18:37:26.205099 OFF flow>2288 srcPort>39295 dst>fd10:43:100::2/21088 
18:37:26.228934 SHUTDOWN flow>2289 srcPort>44689 dst>fd10:43:100::2/21089 
18:37:26.229235 OFF flow>2289 srcPort>44689 dst>fd10:43:100::2/21089 
18:37:27.288637 SHUTDOWN flow>2290 srcPort>43213 dst>fd10:43:100::2/21090 
18:37:27.289049 OFF flow>2290 srcPort>43213 dst>fd10:43:100::2/21090 
18:37:27.294131 ON flow>2297 srcPort>37969 dst>fd10:43:100::2/21097 
18:37:27.294384 CONNECT flow>2297 srcPort>37969 dst>fd10:43:100::2/21097 
18:37:27.316442 SHUTDOWN flow>2291 srcPort>39279 dst>fd10:43:100::2/21091 
18:37:27.316736 OFF flow>2291 srcPort>39279 dst>fd10:43:100::2/21091 
18:37:27.330336 SHUTDOWN flow>2292 srcPort>35971 dst>fd10:43:100::2/21092 
18:37:27.330673 OFF flow>2292 srcPort>35971 dst>fd10:43:100::2/21092 
18:37:27.670490 ON flow>2298 srcPort>34051 dst>fd10:43:100::2/21098 
18:37:27.670753 CONNECT flow>2298 srcPort>34051 dst>fd10:43:100::2/21098 
18:37:27.755370 ON flow>2299 srcPort>38047 dst>fd10:43:100::2/21099 
18:37:27.755651 CONNECT flow>2299 srcPort>38047 dst>fd10:43:100::2/21099 
18:37:27.834827 ON flow>2300 srcPort>33303 dst>fd10:43:100::2/21100 
18:37:27.835121 CONNECT flow>2300 srcPort>33303 dst>fd10:43:100::2/21100 
18:37:28.481385 ON flow>2301 srcPort>44993 dst>fd10:43:100::2/21101 
18:37:28.481647 CONNECT flow>2301 srcPort>44993 dst>fd10:43:100::2/21101 
18:37:28.714831 ON flow>2302 srcPort>44081 dst>fd10:43:100::2/21102 
18:37:28.715123 CONNECT flow>2302 srcPort>44081 dst>fd10:43:100::2/21102 
18:37:29.259843 SHUTDOWN flow>2293 srcPort>43069 dst>fd10:43:100::2/21093 
18:37:29.260289 OFF flow>2293 srcPort>43069 dst>fd10:43:100::2/21093 
18:37:29.306943 SHUTDOWN flow>2294 srcPort>36997 dst>fd10:43:100::2/21094 
18:37:29.307340 OFF flow>2294 srcPort>36997 dst>fd10:43:100::2/21094 
18:37:29.311841 SHUTDOWN flow>2295 srcPort>32849 dst>fd10:43:100::2/21095 
18:37:29.312136 OFF flow>2295 srcPort>32849 dst>fd10:43:100::2/21095 
18:37:29.463444 SHUTDOWN flow>2296 srcPort>35899 dst>fd10:43:100::2/21096 
18:37:29.463805 OFF flow>2296 srcPort>35899 dst>fd10:43:100::2/21096 
18:37:31.392085 ON flow>2303 srcPort>44775 dst>fd10:43:100::2/21103 
18:37:31.392350 CONNECT flow>2303 srcPort>44775 dst>fd10:43:100::2/21103 
18:37:31.498800 ON flow>2304 srcPort>40709 dst>fd10:43:100::2/21104 
18:37:31.499037 CONNECT flow>2304 srcPort>40709 dst>fd10:43:100::2/21104 
18:37:31.504510 ON flow>2305 srcPort>39485 dst>fd10:43:100::2/21105 
18:37:31.504735 CONNECT flow>2305 srcPort>39485 dst>fd10:43:100::2/21105 
18:37:31.666553 ON flow>2306 srcPort>43895 dst>fd10:43:100::2/21106 
18:37:31.666805 CONNECT flow>2306 srcPort>43895 dst>fd10:43:100::2/21106 
18:37:31.674900 ON flow>2307 srcPort>37321 dst>fd10:43:100::2/21107 
18:37:31.675119 CONNECT flow>2307 srcPort>37321 dst>fd10:43:100::2/21107 
18:37:31.678687 ON flow>2308 srcPort>39967 dst>fd10:43:100::2/21108 
18:37:31.678949 CONNECT flow>2308 srcPort>39967 dst>fd10:43:100::2/21108 
18:37:31.827906 ON flow>2309 srcPort>45527 dst>fd10:43:100::2/21109 
18:37:31.828104 CONNECT flow>2309 srcPort>45527 dst>fd10:43:100::2/21109 
18:37:31.907452 ON flow>2310 srcPort>41631 dst>fd10:43:100::2/21110 
18:37:31.907682 CONNECT flow>2310 srcPort>41631 dst>fd10:43:100::2/21110 
18:37:32.057323 ON flow>2311 srcPort>40813 dst>fd10:43:100::2/21111 
18:37:32.057553 CONNECT flow>2311 srcPort>40813 dst>fd10:43:100::2/21111 
18:37:32.094038 SHUTDOWN flow>2297 srcPort>37969 dst>fd10:43:100::2/21097 
18:37:32.094367 OFF flow>2297 srcPort>37969 dst>fd10:43:100::2/21097 
18:37:32.343229 ON flow>2312 srcPort>38229 dst>fd10:43:100::2/21112 
18:37:32.343478 CONNECT flow>2312 srcPort>38229 dst>fd10:43:100::2/21112 
18:37:32.470444 SHUTDOWN flow>2298 srcPort>34051 dst>fd10:43:100::2/21098 
18:37:32.470802 OFF flow>2298 srcPort>34051 dst>fd10:43:100::2/21098 
18:37:32.555303 SHUTDOWN flow>2299 srcPort>38047 dst>fd10:43:100::2/21099 
18:37:32.555866 OFF flow>2299 srcPort>38047 dst>fd10:43:100::2/21099 
18:37:32.634742 SHUTDOWN flow>2300 srcPort>33303 dst>fd10:43:100::2/21100 
18:37:32.635054 OFF flow>2300 srcPort>33303 dst>fd10:43:100::2/21100 
18:37:33.281256 SHUTDOWN flow>2301 srcPort>44993 dst>fd10:43:100::2/21101 
18:37:33.281633 OFF flow>2301 srcPort>44993 dst>fd10:43:100::2/21101 
18:37:33.514761 SHUTDOWN flow>2302 srcPort>44081 dst>fd10:43:100::2/21102 
18:37:33.515170 OFF flow>2302 srcPort>44081 dst>fd10:43:100::2/21102 
18:37:33.657128 ON flow>2313 srcPort>39109 dst>fd10:43:100::2/21113 
18:37:33.657376 CONNECT flow>2313 srcPort>39109 dst>fd10:43:100::2/21113 
18:37:33.915193 ON flow>2314 srcPort>44163 dst>fd10:43:100::2/21114 
18:37:33.915418 CONNECT flow>2314 srcPort>44163 dst>fd10:43:100::2/21114 
18:37:34.006931 ON flow>2315 srcPort>46373 dst>fd10:43:100::2/21115 
18:37:34.007243 CONNECT flow>2315 srcPort>46373 dst>fd10:43:100::2/21115 
18:37:34.009504 ON flow>2316 srcPort>40657 dst>fd10:43:100::2/21116 
18:37:34.009755 CONNECT flow>2316 srcPort>40657 dst>fd10:43:100::2/21116 
18:37:35.099066 ON flow>2317 srcPort>33859 dst>fd10:43:100::2/21117 
18:37:35.099337 CONNECT flow>2317 srcPort>33859 dst>fd10:43:100::2/21117 
18:37:35.254419 ON flow>2318 srcPort>33943 dst>fd10:43:100::2/21118 
18:37:35.254644 CONNECT flow>2318 srcPort>33943 dst>fd10:43:100::2/21118 
18:37:35.408698 ON flow>2319 srcPort>34867 dst>fd10:43:100::2/21119 
18:37:35.409048 CONNECT flow>2319 srcPort>34867 dst>fd10:43:100::2/21119 
18:37:35.695912 ON flow>2320 srcPort>36533 dst>fd10:43:100::2/21120 
18:37:35.696213 CONNECT flow>2320 srcPort>36533 dst>fd10:43:100::2/21120 
18:37:36.006373 ON flow>2321 srcPort>45183 dst>fd10:43:100::2/21121 
18:37:36.006601 CONNECT flow>2321 srcPort>45183 dst>fd10:43:100::2/21121 
18:37:36.055923 ON flow>2322 srcPort>44045 dst>fd10:43:100::2/21122 
18:37:36.056257 CONNECT flow>2322 srcPort>44045 dst>fd10:43:100::2/21122 
18:37:36.191950 SHUTDOWN flow>2303 srcPort>44775 dst>fd10:43:100::2/21103 
18:37:36.192331 OFF flow>2303 srcPort>44775 dst>fd10:43:100::2/21103 
18:37:36.298744 SHUTDOWN flow>2304 srcPort>40709 dst>fd10:43:100::2/21104 
18:37:36.299049 OFF flow>2304 srcPort>40709 dst>fd10:43:100::2/21104 
18:37:36.304439 SHUTDOWN flow>2305 srcPort>39485 dst>fd10:43:100::2/21105 
18:37:36.304810 OFF flow>2305 srcPort>39485 dst>fd10:43:100::2/21105 
18:37:36.466447 SHUTDOWN flow>2306 srcPort>43895 dst>fd10:43:100::2/21106 
18:37:36.466799 OFF flow>2306 srcPort>43895 dst>fd10:43:100::2/21106 
18:37:36.474843 SHUTDOWN flow>2307 srcPort>37321 dst>fd10:43:100::2/21107 
18:37:36.475149 OFF flow>2307 srcPort>37321 dst>fd10:43:100::2/21107 
18:37:36.478642 SHUTDOWN flow>2308 srcPort>39967 dst>fd10:43:100::2/21108 
18:37:36.479007 OFF flow>2308 srcPort>39967 dst>fd10:43:100::2/21108 
18:37:36.627850 SHUTDOWN flow>2309 srcPort>45527 dst>fd10:43:100::2/21109 
18:37:36.628149 OFF flow>2309 srcPort>45527 dst>fd10:43:100::2/21109 
18:37:36.707356 SHUTDOWN flow>2310 srcPort>41631 dst>fd10:43:100::2/21110 
18:37:36.707746 OFF flow>2310 srcPort>41631 dst>fd10:43:100::2/21110 
18:37:36.857247 SHUTDOWN flow>2311 srcPort>40813 dst>fd10:43:100::2/21111 
18:37:36.857678 OFF flow>2311 srcPort>40813 dst>fd10:43:100::2/21111 
18:37:37.143054 SHUTDOWN flow>2312 srcPort>38229 dst>fd10:43:100::2/21112 
18:37:37.143408 OFF flow>2312 srcPort>38229 dst>fd10:43:100::2/21112 
18:37:38.457033 SHUTDOWN flow>2313 srcPort>39109 dst>fd10:43:100::2/21113 
18:37:38.457421 OFF flow>2313 srcPort>39109 dst>fd10:43:100::2/21113 
18:37:38.554254 ON flow>2323 srcPort>45655 dst>fd10:43:100::2/21123 
18:37:38.554474 CONNECT flow>2323 srcPort>45655 dst>fd10:43:100::2/21123 
18:37:38.555915 ON flow>2324 srcPort>37183 dst>fd10:43:100::2/21124 
18:37:38.556098 CONNECT flow>2324 srcPort>37183 dst>fd10:43:100::2/21124 
18:37:38.630463 ON flow>2325 srcPort>42279 dst>fd10:43:100::2/21125 
18:37:38.630698 CONNECT flow>2325 srcPort>42279 dst>fd10:43:100::2/21125 
18:37:38.676621 ON flow>2326 srcPort>46133 dst>fd10:43:100::2/21126 
18:37:38.676860 CONNECT flow>2326 srcPort>46133 dst>fd10:43:100::2/21126 
18:37:38.715142 SHUTDOWN flow>2314 srcPort>44163 dst>fd10:43:100::2/21114 
18:37:38.715476 OFF flow>2314 srcPort>44163 dst>fd10:43:100::2/21114 
18:37:38.777118 ON flow>2327 srcPort>38917 dst>fd10:43:100::2/21127 
18:37:38.777352 CONNECT flow>2327 srcPort>38917 dst>fd10:43:100::2/21127 
18:37:38.797639 ON flow>2328 srcPort>41581 dst>fd10:43:100::2/21128 
18:37:38.797865 CONNECT flow>2328 srcPort>41581 dst>fd10:43:100::2/21128 
18:37:38.806754 SHUTDOWN flow>2315 srcPort>46373 dst>fd10:43:100::2/21115 
18:37:38.807109 OFF flow>2315 srcPort>46373 dst>fd10:43:100::2/21115 
18:37:38.809433 SHUTDOWN flow>2316 srcPort>40657 dst>fd10:43:100::2/21116 
18:37:38.809718 OFF flow>2316 srcPort>40657 dst>fd10:43:100::2/21116 
18:37:39.898956 SHUTDOWN flow>2317 srcPort>33859 dst>fd10:43:100::2/21117 
18:37:39.899291 OFF flow>2317 srcPort>33859 dst>fd10:43:100::2/21117 
18:37:40.054358 SHUTDOWN flow>2318 srcPort>33943 dst>fd10:43:100::2/21118 
18:37:40.054898 OFF flow>2318 srcPort>33943 dst>fd10:43:100::2/21118 
18:37:40.208655 SHUTDOWN flow>2319 srcPort>34867 dst>fd10:43:100::2/21119 
18:37:40.208992 OFF flow>2319 srcPort>34867 dst>fd10:43:100::2/21119 
18:37:40.495853 SHUTDOWN flow>2320 srcPort>36533 dst>fd10:43:100::2/21120 
18:37:40.496184 OFF flow>2320 srcPort>36533 dst>fd10:43:100::2/21120 
18:37:40.806276 SHUTDOWN flow>2321 srcPort>45183 dst>fd10:43:100::2/21121 
18:37:40.806641 OFF flow>2321 srcPort>45183 dst>fd10:43:100::2/21121 
18:37:40.855863 SHUTDOWN flow>2322 srcPort>44045 dst>fd10:43:100::2/21122 
18:37:40.856198 OFF flow>2322 srcPort>44045 dst>fd10:43:100::2/21122 
18:37:41.151489 ON flow>2329 srcPort>42719 dst>fd10:43:100::2/21129 
18:37:41.151739 CONNECT flow>2329 srcPort>42719 dst>fd10:43:100::2/21129 
18:37:41.257088 ON flow>2330 srcPort>46015 dst>fd10:43:100::2/21130 
18:37:41.257298 CONNECT flow>2330 srcPort>46015 dst>fd10:43:100::2/21130 
18:37:41.261487 ON flow>2331 srcPort>38671 dst>fd10:43:100::2/21131 
18:37:41.261702 CONNECT flow>2331 srcPort>38671 dst>fd10:43:100::2/21131 
18:37:41.292691 ON flow>2332 srcPort>39719 dst>fd10:43:100::2/21132 
18:37:41.292904 CONNECT flow>2332 srcPort>39719 dst>fd10:43:100::2/21132 
18:37:41.543449 ON flow>2333 srcPort>33553 dst>fd10:43:100::2/21133 
18:37:41.543673 CONNECT flow>2333 srcPort>33553 dst>fd10:43:100::2/21133 
18:37:41.566092 ON flow>2334 srcPort>38607 dst>fd10:43:100::2/21134 
18:37:41.566349 CONNECT flow>2334 srcPort>38607 dst>fd10:43:100::2/21134 
18:37:41.603924 ON flow>2335 srcPort>35561 dst>fd10:43:100::2/21135 
18:37:41.604197 CONNECT flow>2335 srcPort>35561 dst>fd10:43:100::2/21135 
18:37:41.608494 ON flow>2336 srcPort>36843 dst>fd10:43:100::2/21136 
18:37:41.608727 CONNECT flow>2336 srcPort>36843 dst>fd10:43:100::2/21136 
18:37:41.608887 ON flow>2337 srcPort>37735 dst>fd10:43:100::2/21137 
18:37:41.609079 CONNECT flow>2337 srcPort>37735 dst>fd10:43:100::2/21137 
18:37:41.610487 ON flow>2338 srcPort>43695 dst>fd10:43:100::2/21138 
18:37:41.610701 CONNECT flow>2338 srcPort>43695 dst>fd10:43:100::2/21138 
18:37:41.681799 ON flow>2339 srcPort>33497 dst>fd10:43:100::2/21139 
18:37:41.682024 CONNECT flow>2339 srcPort>33497 dst>fd10:43:100::2/21139 
18:37:41.683700 ON flow>2340 srcPort>33009 dst>fd10:43:100::2/21140 
18:37:41.683932 CONNECT flow>2340 srcPort>33009 dst>fd10:43:100::2/21140 
18:37:41.716898 ON flow>2341 srcPort>40189 dst>fd10:43:100::2/21141 
18:37:41.717124 CONNECT flow>2341 srcPort>40189 dst>fd10:43:100::2/21141 
18:37:42.674537 ON flow>2342 srcPort>43679 dst>fd10:43:100::2/21142 
18:37:42.674773 CONNECT flow>2342 srcPort>43679 dst>fd10:43:100::2/21142 
18:37:42.745611 ON flow>2343 srcPort>43865 dst>fd10:43:100::2/21143 
18:37:42.745808 CONNECT flow>2343 srcPort>43865 dst>fd10:43:100::2/21143 
18:37:42.752607 ON flow>2344 srcPort>42583 dst>fd10:43:100::2/21144 
18:37:42.752830 CONNECT flow>2344 srcPort>42583 dst>fd10:43:100::2/21144 
18:37:42.921920 ON flow>2345 srcPort>38773 dst>fd10:43:100::2/21145 
18:37:42.922170 CONNECT flow>2345 srcPort>38773 dst>fd10:43:100::2/21145 
18:37:43.354186 SHUTDOWN flow>2323 srcPort>45655 dst>fd10:43:100::2/21123 
18:37:43.354618 OFF flow>2323 srcPort>45655 dst>fd10:43:100::2/21123 
18:37:43.355870 SHUTDOWN flow>2324 srcPort>37183 dst>fd10:43:100::2/21124 
18:37:43.356173 OFF flow>2324 srcPort>37183 dst>fd10:43:100::2/21124 
18:37:43.430185 SHUTDOWN flow>2325 srcPort>42279 dst>fd10:43:100::2/21125 
18:37:43.430535 OFF flow>2325 srcPort>42279 dst>fd10:43:100::2/21125 
18:37:43.476589 SHUTDOWN flow>2326 srcPort>46133 dst>fd10:43:100::2/21126 
18:37:43.476931 OFF flow>2326 srcPort>46133 dst>fd10:43:100::2/21126 
18:37:43.577078 SHUTDOWN flow>2327 srcPort>38917 dst>fd10:43:100::2/21127 
18:37:43.577414 OFF flow>2327 srcPort>38917 dst>fd10:43:100::2/21127 
18:37:43.597585 SHUTDOWN flow>2328 srcPort>41581 dst>fd10:43:100::2/21128 
18:37:43.597899 OFF flow>2328 srcPort>41581 dst>fd10:43:100::2/21128 
18:37:45.293269 ON flow>2346 srcPort>41503 dst>fd10:43:100::2/21146 
18:37:45.293537 CONNECT flow>2346 srcPort>41503 dst>fd10:43:100::2/21146 
18:37:45.612900 ON flow>2347 srcPort>37881 dst>fd10:43:100::2/21147 
18:37:45.613154 CONNECT flow>2347 srcPort>37881 dst>fd10:43:100::2/21147 
18:37:45.686223 ON flow>2348 srcPort>46879 dst>fd10:43:100::2/21148 
18:37:45.686540 CONNECT flow>2348 srcPort>46879 dst>fd10:43:100::2/21148 
18:37:45.951382 SHUTDOWN flow>2329 srcPort>42719 dst>fd10:43:100::2/21129 
18:37:45.951906 OFF flow>2329 srcPort>42719 dst>fd10:43:100::2/21129 
18:37:46.057065 SHUTDOWN flow>2330 srcPort>46015 dst>fd10:43:100::2/21130 
18:37:46.057402 OFF flow>2330 srcPort>46015 dst>fd10:43:100::2/21130 
18:37:46.061454 SHUTDOWN flow>2331 srcPort>38671 dst>fd10:43:100::2/21131 
18:37:46.061767 OFF flow>2331 srcPort>38671 dst>fd10:43:100::2/21131 
18:37:46.092660 SHUTDOWN flow>2332 srcPort>39719 dst>fd10:43:100::2/21132 
18:37:46.093000 OFF flow>2332 srcPort>39719 dst>fd10:43:100::2/21132 
18:37:46.343371 SHUTDOWN flow>2333 srcPort>33553 dst>fd10:43:100::2/21133 
18:37:46.343708 OFF flow>2333 srcPort>33553 dst>fd10:43:100::2/21133 
18:37:46.366059 SHUTDOWN flow>2334 srcPort>38607 dst>fd10:43:100::2/21134 
18:37:46.366350 OFF flow>2334 srcPort>38607 dst>fd10:43:100::2/21134 
18:37:46.403876 SHUTDOWN flow>2335 srcPort>35561 dst>fd10:43:100::2/21135 
18:37:46.404291 OFF flow>2335 srcPort>35561 dst>fd10:43:100::2/21135 
18:37:46.408457 SHUTDOWN flow>2336 srcPort>36843 dst>fd10:43:100::2/21136 
18:37:46.408745 OFF flow>2336 srcPort>36843 dst>fd10:43:100::2/21136 
18:37:46.408858 SHUTDOWN flow>2337 srcPort>37735 dst>fd10:43:100::2/21137 
18:37:46.409113 OFF flow>2337 srcPort>37735 dst>fd10:43:100::2/21137 
18:37:46.410458 SHUTDOWN flow>2338 srcPort>43695 dst>fd10:43:100::2/21138 
18:37:46.410778 OFF flow>2338 srcPort>43695 dst>fd10:43:100::2/21138 
18:37:46.481803 SHUTDOWN flow>2339 srcPort>33497 dst>fd10:43:100::2/21139 
18:37:46.482264 OFF flow>2339 srcPort>33497 dst>fd10:43:100::2/21139 
18:37:46.483665 SHUTDOWN flow>2340 srcPort>33009 dst>fd10:43:100::2/21140 
18:37:46.483994 OFF flow>2340 srcPort>33009 dst>fd10:43:100::2/21140 
18:37:46.516869 SHUTDOWN flow>2341 srcPort>40189 dst>fd10:43:100::2/21141 
18:37:46.517185 OFF flow>2341 srcPort>40189 dst>fd10:43:100::2/21141 
18:37:47.474365 SHUTDOWN flow>2342 srcPort>43679 dst>fd10:43:100::2/21142 
18:37:47.474790 OFF flow>2342 srcPort>43679 dst>fd10:43:100::2/21142 
18:37:47.545560 SHUTDOWN flow>2343 srcPort>43865 dst>fd10:43:100::2/21143 
18:37:47.545900 OFF flow>2343 srcPort>43865 dst>fd10:43:100::2/21143 
18:37:47.552549 SHUTDOWN flow>2344 srcPort>42583 dst>fd10:43:100::2/21144 
18:37:47.552883 OFF flow>2344 srcPort>42583 dst>fd10:43:100::2/21144 
18:37:47.721871 SHUTDOWN flow>2345 srcPort>38773 dst>fd10:43:100::2/21145 
18:37:47.722263 OFF flow>2345 srcPort>38773 dst>fd10:43:100::2/21145 
18:37:48.355584 ON flow>2349 srcPort>37803 dst>fd10:43:100::2/21149 
18:37:48.355834 CONNECT flow>2349 srcPort>37803 dst>fd10:43:100::2/21149 
18:37:48.359513 ON flow>2350 srcPort>34245 dst>fd10:43:100::2/21150 
18:37:48.359825 CONNECT flow>2350 srcPort>34245 dst>fd10:43:100::2/21150 
18:37:48.405077 ON flow>2351 srcPort>37609 dst>fd10:43:100::2/21151 
18:37:48.405409 CONNECT flow>2351 srcPort>37609 dst>fd10:43:100::2/21151 
18:37:48.479634 ON flow>2352 srcPort>40889 dst>fd10:43:100::2/21152 
18:37:48.479865 CONNECT flow>2352 srcPort>40889 dst>fd10:43:100::2/21152 
18:37:48.515125 ON flow>2353 srcPort>37359 dst>fd10:43:100::2/21153 
18:37:48.515375 CONNECT flow>2353 srcPort>37359 dst>fd10:43:100::2/21153 
18:37:48.556925 ON flow>2354 srcPort>36097 dst>fd10:43:100::2/21154 
18:37:48.557164 CONNECT flow>2354 srcPort>36097 dst>fd10:43:100::2/21154 
18:37:48.577835 ON flow>2355 srcPort>42985 dst>fd10:43:100::2/21155 
18:37:48.578094 CONNECT flow>2355 srcPort>42985 dst>fd10:43:100::2/21155 
18:37:48.606028 ON flow>2356 srcPort>42915 dst>fd10:43:100::2/21156 
18:37:48.606232 CONNECT flow>2356 srcPort>42915 dst>fd10:43:100::2/21156 
18:37:48.711141 ON flow>2357 srcPort>33667 dst>fd10:43:100::2/21157 
18:37:48.711353 CONNECT flow>2357 srcPort>33667 dst>fd10:43:100::2/21157 
18:37:50.093175 SHUTDOWN flow>2346 srcPort>41503 dst>fd10:43:100::2/21146 
18:37:50.093589 OFF flow>2346 srcPort>41503 dst>fd10:43:100::2/21146 
18:37:50.207261 ON flow>2358 srcPort>41837 dst>fd10:43:100::2/21158 
18:37:50.207534 CONNECT flow>2358 srcPort>41837 dst>fd10:43:100::2/21158 
18:37:50.211908 ON flow>2359 srcPort>36633 dst>fd10:43:100::2/21159 
18:37:50.212112 CONNECT flow>2359 srcPort>36633 dst>fd10:43:100::2/21159 
18:37:50.268812 ON flow>2360 srcPort>41525 dst>fd10:43:100::2/21160 
18:37:50.269067 CONNECT flow>2360 srcPort>41525 dst>fd10:43:100::2/21160 
18:37:50.328948 ON flow>2361 srcPort>41385 dst>fd10:43:100::2/21161 
18:37:50.330898 CONNECT flow>2361 srcPort>41385 dst>fd10:43:100::2/21161 
18:37:50.412760 SHUTDOWN flow>2347 srcPort>37881 dst>fd10:43:100::2/21147 
18:37:50.413083 OFF flow>2347 srcPort>37881 dst>fd10:43:100::2/21147 
18:37:50.486159 SHUTDOWN flow>2348 srcPort>46879 dst>fd10:43:100::2/21148 
18:37:50.486957 OFF flow>2348 srcPort>46879 dst>fd10:43:100::2/21148 
18:37:51.862786 ON flow>2362 srcPort>46331 dst>fd10:43:100::2/21162 
18:37:51.863048 CONNECT flow>2362 srcPort>46331 dst>fd10:43:100::2/21162 
18:37:51.909198 ON flow>2363 srcPort>42903 dst>fd10:43:100::2/21163 
18:37:51.909480 CONNECT flow>2363 srcPort>42903 dst>fd10:43:100::2/21163 
18:37:51.984114 ON flow>2364 srcPort>44825 dst>fd10:43:100::2/21164 
18:37:51.984368 CONNECT flow>2364 srcPort>44825 dst>fd10:43:100::2/21164 
18:37:52.085071 ON flow>2365 srcPort>36319 dst>fd10:43:100::2/21165 
18:37:52.085286 CONNECT flow>2365 srcPort>36319 dst>fd10:43:100::2/21165 
18:37:52.251388 ON flow>2366 srcPort>34207 dst>fd10:43:100::2/21166 
18:37:52.251610 CONNECT flow>2366 srcPort>34207 dst>fd10:43:100::2/21166 
18:37:52.441153 ON flow>2367 srcPort>35577 dst>fd10:43:100::2/21167 
18:37:52.441411 CONNECT flow>2367 srcPort>35577 dst>fd10:43:100::2/21167 
18:37:52.526249 ON flow>2368 srcPort>34703 dst>fd10:43:100::2/21168 
18:37:52.526479 CONNECT flow>2368 srcPort>34703 dst>fd10:43:100::2/21168 
18:37:52.640731 ON flow>2369 srcPort>39599 dst>fd10:43:100::2/21169 
18:37:52.640993 CONNECT flow>2369 srcPort>39599 dst>fd10:43:100::2/21169 
18:37:52.685023 ON flow>2370 srcPort>37545 dst>fd10:43:100::2/21170 
18:37:52.685246 CONNECT flow>2370 srcPort>37545 dst>fd10:43:100::2/21170 
18:37:52.714932 ON flow>2371 srcPort>35183 dst>fd10:43:100::2/21171 
18:37:52.715167 CONNECT flow>2371 srcPort>35183 dst>fd10:43:100::2/21171 
18:37:52.735033 ON flow>2372 srcPort>40325 dst>fd10:43:100::2/21172 
18:37:52.735309 CONNECT flow>2372 srcPort>40325 dst>fd10:43:100::2/21172 
18:37:52.762066 ON flow>2373 srcPort>33751 dst>fd10:43:100::2/21173 
18:37:52.762510 CONNECT flow>2373 srcPort>33751 dst>fd10:43:100::2/21173 
18:37:52.779137 ON flow>2374 srcPort>42069 dst>fd10:43:100::2/21174 
18:37:52.779850 CONNECT flow>2374 srcPort>42069 dst>fd10:43:100::2/21174 
18:37:52.864941 ON flow>2375 srcPort>34627 dst>fd10:43:100::2/21175 
18:37:52.865174 CONNECT flow>2375 srcPort>34627 dst>fd10:43:100::2/21175 
18:37:52.924043 ON flow>2376 srcPort>38611 dst>fd10:43:100::2/21176 
18:37:52.924266 CONNECT flow>2376 srcPort>38611 dst>fd10:43:100::2/21176 
18:37:53.074163 ON flow>2377 srcPort>34539 dst>fd10:43:100::2/21177 
18:37:53.074403 CONNECT flow>2377 srcPort>34539 dst>fd10:43:100::2/21177 
18:37:53.155486 SHUTDOWN flow>2349 srcPort>37803 dst>fd10:43:100::2/21149 
18:37:53.155834 OFF flow>2349 srcPort>37803 dst>fd10:43:100::2/21149 
18:37:53.159379 SHUTDOWN flow>2350 srcPort>34245 dst>fd10:43:100::2/21150 
18:37:53.159656 OFF flow>2350 srcPort>34245 dst>fd10:43:100::2/21150 
18:37:53.166850 ON flow>2378 srcPort>46239 dst>fd10:43:100::2/21178 
18:37:53.167112 CONNECT flow>2378 srcPort>46239 dst>fd10:43:100::2/21178 
18:37:53.187367 ON flow>2379 srcPort>38311 dst>fd10:43:100::2/21179 
18:37:53.187657 CONNECT flow>2379 srcPort>38311 dst>fd10:43:100::2/21179 
18:37:53.205284 SHUTDOWN flow>2351 srcPort>37609 dst>fd10:43:100::2/21151 
18:37:53.205617 OFF flow>2351 srcPort>37609 dst>fd10:43:100::2/21151 
18:37:53.279585 SHUTDOWN flow>2352 srcPort>40889 dst>fd10:43:100::2/21152 
18:37:53.280055 OFF flow>2352 srcPort>40889 dst>fd10:43:100::2/21152 
18:37:53.315085 SHUTDOWN flow>2353 srcPort>37359 dst>fd10:43:100::2/21153 
18:37:53.315483 OFF flow>2353 srcPort>37359 dst>fd10:43:100::2/21153 
18:37:53.356896 SHUTDOWN flow>2354 srcPort>36097 dst>fd10:43:100::2/21154 
18:37:53.357415 OFF flow>2354 srcPort>36097 dst>fd10:43:100::2/21154 
18:37:53.377806 SHUTDOWN flow>2355 srcPort>42985 dst>fd10:43:100::2/21155 
18:37:53.378118 OFF flow>2355 srcPort>42985 dst>fd10:43:100::2/21155 
18:37:53.405987 SHUTDOWN flow>2356 srcPort>42915 dst>fd10:43:100::2/21156 
18:37:53.406380 OFF flow>2356 srcPort>42915 dst>fd10:43:100::2/21156 
18:37:53.511085 SHUTDOWN flow>2357 srcPort>33667 dst>fd10:43:100::2/21157 
18:37:53.511422 OFF flow>2357 srcPort>33667 dst>fd10:43:100::2/21157 
18:37:55.007163 SHUTDOWN flow>2358 srcPort>41837 dst>fd10:43:100::2/21158 
18:37:55.007654 OFF flow>2358 srcPort>41837 dst>fd10:43:100::2/21158 
18:37:55.011860 SHUTDOWN flow>2359 srcPort>36633 dst>fd10:43:100::2/21159 
18:37:55.012148 OFF flow>2359 srcPort>36633 dst>fd10:43:100::2/21159 
18:37:55.068762 SHUTDOWN flow>2360 srcPort>41525 dst>fd10:43:100::2/21160 
18:37:55.069089 OFF flow>2360 srcPort>41525 dst>fd10:43:100::2/21160 
18:37:55.128865 SHUTDOWN flow>2361 srcPort>41385 dst>fd10:43:100::2/21161 
18:37:55.129151 OFF flow>2361 srcPort>41385 dst>fd10:43:100::2/21161 
18:37:56.662682 SHUTDOWN flow>2362 srcPort>46331 dst>fd10:43:100::2/21162 
18:37:56.663295 OFF flow>2362 srcPort>46331 dst>fd10:43:100::2/21162 
18:37:56.709093 SHUTDOWN flow>2363 srcPort>42903 dst>fd10:43:100::2/21163 
18:37:56.709436 OFF flow>2363 srcPort>42903 dst>fd10:43:100::2/21163 
18:37:56.784089 SHUTDOWN flow>2364 srcPort>44825 dst>fd10:43:100::2/21164 
18:37:56.784552 OFF flow>2364 srcPort>44825 dst>fd10:43:100::2/21164 
18:37:56.884993 SHUTDOWN flow>2365 srcPort>36319 dst>fd10:43:100::2/21165 
18:37:56.885361 OFF flow>2365 srcPort>36319 dst>fd10:43:100::2/21165 
18:37:57.051279 SHUTDOWN flow>2366 srcPort>34207 dst>fd10:43:100::2/21166 
18:37:57.051637 OFF flow>2366 srcPort>34207 dst>fd10:43:100::2/21166 
18:37:57.229872 ON flow>2380 srcPort>38035 dst>fd10:43:100::2/21180 
18:37:57.230114 CONNECT flow>2380 srcPort>38035 dst>fd10:43:100::2/21180 
18:37:57.240980 SHUTDOWN flow>2367 srcPort>35577 dst>fd10:43:100::2/21167 
18:37:57.241552 OFF flow>2367 srcPort>35577 dst>fd10:43:100::2/21167 
18:37:57.263424 ON flow>2381 srcPort>35959 dst>fd10:43:100::2/21181 
18:37:57.263670 CONNECT flow>2381 srcPort>35959 dst>fd10:43:100::2/21181 
18:37:57.326188 SHUTDOWN flow>2368 srcPort>34703 dst>fd10:43:100::2/21168 
18:37:57.326533 OFF flow>2368 srcPort>34703 dst>fd10:43:100::2/21168 
18:37:57.386819 ON flow>2382 srcPort>32893 dst>fd10:43:100::2/21182 
18:37:57.387027 CONNECT flow>2382 srcPort>32893 dst>fd10:43:100::2/21182 
18:37:57.440683 SHUTDOWN flow>2369 srcPort>39599 dst>fd10:43:100::2/21169 
18:37:57.440986 OFF flow>2369 srcPort>39599 dst>fd10:43:100::2/21169 
18:37:57.455706 ON flow>2383 srcPort>37961 dst>fd10:43:100::2/21183 
18:37:57.455912 CONNECT flow>2383 srcPort>37961 dst>fd10:43:100::2/21183 
18:37:57.462628 ON flow>2384 srcPort>38277 dst>fd10:43:100::2/21184 
18:37:57.462965 CONNECT flow>2384 srcPort>38277 dst>fd10:43:100::2/21184 
18:37:57.485004 SHUTDOWN flow>2370 srcPort>37545 dst>fd10:43:100::2/21170 
18:37:57.485352 OFF flow>2370 srcPort>37545 dst>fd10:43:100::2/21170 
18:37:57.511521 ON flow>2385 srcPort>37985 dst>fd10:43:100::2/21185 
18:37:57.511752 CONNECT flow>2385 srcPort>37985 dst>fd10:43:100::2/21185 
18:37:57.514895 SHUTDOWN flow>2371 srcPort>35183 dst>fd10:43:100::2/21171 
18:37:57.515303 OFF flow>2371 srcPort>35183 dst>fd10:43:100::2/21171 
18:37:57.535010 SHUTDOWN flow>2372 srcPort>40325 dst>fd10:43:100::2/21172 
18:37:57.535440 OFF flow>2372 srcPort>40325 dst>fd10:43:100::2/21172 
18:37:57.561990 SHUTDOWN flow>2373 srcPort>33751 dst>fd10:43:100::2/21173 
18:37:57.562288 OFF flow>2373 srcPort>33751 dst>fd10:43:100::2/21173 
18:37:57.579089 SHUTDOWN flow>2374 srcPort>42069 dst>fd10:43:100::2/21174 
18:37:57.579460 OFF flow>2374 srcPort>42069 dst>fd10:43:100::2/21174 
18:37:57.664893 SHUTDOWN flow>2375 srcPort>34627 dst>fd10:43:100::2/21175 
18:37:57.665194 OFF flow>2375 srcPort>34627 dst>fd10:43:100::2/21175 
18:37:57.723992 SHUTDOWN flow>2376 srcPort>38611 dst>fd10:43:100::2/21176 
18:37:57.724399 OFF flow>2376 srcPort>38611 dst>fd10:43:100::2/21176 
18:37:57.727222 ON flow>2386 srcPort>41625 dst>fd10:43:100::2/21186 
18:37:57.727748 CONNECT flow>2386 srcPort>41625 dst>fd10:43:100::2/21186 
18:37:57.824823 ON flow>2387 srcPort>34047 dst>fd10:43:100::2/21187 
18:37:57.825117 CONNECT flow>2387 srcPort>34047 dst>fd10:43:100::2/21187 
18:37:57.874142 SHUTDOWN flow>2377 srcPort>34539 dst>fd10:43:100::2/21177 
18:37:57.874502 OFF flow>2377 srcPort>34539 dst>fd10:43:100::2/21177 
18:37:57.966820 SHUTDOWN flow>2378 srcPort>46239 dst>fd10:43:100::2/21178 
18:37:57.967116 OFF flow>2378 srcPort>46239 dst>fd10:43:100::2/21178 
18:37:57.987329 SHUTDOWN flow>2379 srcPort>38311 dst>fd10:43:100::2/21179 
18:37:57.987569 OFF flow>2379 srcPort>38311 dst>fd10:43:100::2/21179 
18:38:00.527488 ON flow>2388 srcPort>36737 dst>fd10:43:100::2/21188 
18:38:00.527753 CONNECT flow>2388 srcPort>36737 dst>fd10:43:100::2/21188 
18:38:00.578551 ON flow>2389 srcPort>34371 dst>fd10:43:100::2/21189 
18:38:00.578805 CONNECT flow>2389 srcPort>34371 dst>fd10:43:100::2/21189 
18:38:00.843982 ON flow>2390 srcPort>41689 dst>fd10:43:100::2/21190 
18:38:00.844211 CONNECT flow>2390 srcPort>41689 dst>fd10:43:100::2/21190 
18:38:00.889728 ON flow>2391 srcPort>37843 dst>fd10:43:100::2/21191 
18:38:00.889963 CONNECT flow>2391 srcPort>37843 dst>fd10:43:100::2/21191 
18:38:00.914141 ON flow>2392 srcPort>44445 dst>fd10:43:100::2/21192 
18:38:00.914407 CONNECT flow>2392 srcPort>44445 dst>fd10:43:100::2/21192 
18:38:00.981457 ON flow>2393 srcPort>33247 dst>fd10:43:100::2/21193 
18:38:00.982953 CONNECT flow>2393 srcPort>33247 dst>fd10:43:100::2/21193 
18:38:01.536069 ON flow>2394 srcPort>36713 dst>fd10:43:100::2/21194 
18:38:01.536332 CONNECT flow>2394 srcPort>36713 dst>fd10:43:100::2/21194 
18:38:01.689341 ON flow>2395 srcPort>45737 dst>fd10:43:100::2/21195 
18:38:01.689576 CONNECT flow>2395 srcPort>45737 dst>fd10:43:100::2/21195 
18:38:01.759733 ON flow>2396 srcPort>43223 dst>fd10:43:100::2/21196 
18:38:01.760196 CONNECT flow>2396 srcPort>43223 dst>fd10:43:100::2/21196 
18:38:02.029781 SHUTDOWN flow>2380 srcPort>38035 dst>fd10:43:100::2/21180 
18:38:02.030160 OFF flow>2380 srcPort>38035 dst>fd10:43:100::2/21180 
18:38:02.063366 SHUTDOWN flow>2381 srcPort>35959 dst>fd10:43:100::2/21181 
18:38:02.063663 OFF flow>2381 srcPort>35959 dst>fd10:43:100::2/21181 
18:38:02.186769 SHUTDOWN flow>2382 srcPort>32893 dst>fd10:43:100::2/21182 
18:38:02.187189 OFF flow>2382 srcPort>32893 dst>fd10:43:100::2/21182 
18:38:02.255694 SHUTDOWN flow>2383 srcPort>37961 dst>fd10:43:100::2/21183 
18:38:02.262103 OFF flow>2383 srcPort>37961 dst>fd10:43:100::2/21183 
18:38:02.262568 SHUTDOWN flow>2384 srcPort>38277 dst>fd10:43:100::2/21184 
18:38:02.262924 OFF flow>2384 srcPort>38277 dst>fd10:43:100::2/21184 
18:38:02.311477 SHUTDOWN flow>2385 srcPort>37985 dst>fd10:43:100::2/21185 
18:38:02.311878 OFF flow>2385 srcPort>37985 dst>fd10:43:100::2/21185 
18:38:02.527174 SHUTDOWN flow>2386 srcPort>41625 dst>fd10:43:100::2/21186 
18:38:02.527486 OFF flow>2386 srcPort>41625 dst>fd10:43:100::2/21186 
18:38:02.624771 SHUTDOWN flow>2387 srcPort>34047 dst>fd10:43:100::2/21187 
18:38:02.625061 OFF flow>2387 srcPort>34047 dst>fd10:43:100::2/21187 
18:38:02.843792 ON flow>2397 srcPort>39371 dst>fd10:43:100::2/21197 
18:38:02.844036 CONNECT flow>2397 srcPort>39371 dst>fd10:43:100::2/21197 
18:38:02.909686 ON flow>2398 srcPort>46763 dst>fd10:43:100::2/21198 
18:38:02.909905 CONNECT flow>2398 srcPort>46763 dst>fd10:43:100::2/21198 
18:38:03.004193 ON flow>2399 srcPort>33217 dst>fd10:43:100::2/21199 
18:38:03.004401 CONNECT flow>2399 srcPort>33217 dst>fd10:43:100::2/21199 
18:38:03.042838 ON flow>2400 srcPort>40051 dst>fd10:43:100::2/21200 
18:38:03.043038 CONNECT flow>2400 srcPort>40051 dst>fd10:43:100::2/21200 
18:38:03.161148 ON flow>2401 srcPort>46619 dst>fd10:43:100::2/21201 
18:38:03.161382 CONNECT flow>2401 srcPort>46619 dst>fd10:43:100::2/21201 
18:38:03.202830 ON flow>2402 srcPort>45593 dst>fd10:43:100::2/21202 
18:38:03.203082 CONNECT flow>2402 srcPort>45593 dst>fd10:43:100::2/21202 
18:38:03.767914 ON flow>2403 srcPort>44419 dst>fd10:43:100::2/21203 
18:38:03.768152 CONNECT flow>2403 srcPort>44419 dst>fd10:43:100::2/21203 
18:38:03.879516 ON flow>2404 srcPort>35345 dst>fd10:43:100::2/21204 
18:38:03.879768 CONNECT flow>2404 srcPort>35345 dst>fd10:43:100::2/21204 
18:38:04.034613 ON flow>2405 srcPort>39749 dst>fd10:43:100::2/21205 
18:38:04.034860 CONNECT flow>2405 srcPort>39749 dst>fd10:43:100::2/21205 
18:38:04.143052 ON flow>2406 srcPort>38597 dst>fd10:43:100::2/21206 
18:38:04.143373 CONNECT flow>2406 srcPort>38597 dst>fd10:43:100::2/21206 
18:38:05.061242 ON flow>2407 srcPort>35191 dst>fd10:43:100::2/21207 
18:38:05.061473 CONNECT flow>2407 srcPort>35191 dst>fd10:43:100::2/21207 
18:38:05.075119 ON flow>2408 srcPort>38301 dst>fd10:43:100::2/21208 
18:38:05.075423 CONNECT flow>2408 srcPort>38301 dst>fd10:43:100::2/21208 
18:38:05.148392 ON flow>2409 srcPort>33469 dst>fd10:43:100::2/21209 
18:38:05.148665 CONNECT flow>2409 srcPort>33469 dst>fd10:43:100::2/21209 
18:38:05.282657 ON flow>2410 srcPort>45653 dst>fd10:43:100::2/21210 
18:38:05.282882 CONNECT flow>2410 srcPort>45653 dst>fd10:43:100::2/21210 
18:38:05.327390 SHUTDOWN flow>2388 srcPort>36737 dst>fd10:43:100::2/21188 
18:38:05.327798 OFF flow>2388 srcPort>36737 dst>fd10:43:100::2/21188 
18:38:05.378483 SHUTDOWN flow>2389 srcPort>34371 dst>fd10:43:100::2/21189 
18:38:05.378789 OFF flow>2389 srcPort>34371 dst>fd10:43:100::2/21189 
18:38:05.424755 ON flow>2411 srcPort>45703 dst>fd10:43:100::2/21211 
18:38:05.425024 CONNECT flow>2411 srcPort>45703 dst>fd10:43:100::2/21211 
18:38:05.451929 ON flow>2412 srcPort>38463 dst>fd10:43:100::2/21212 
18:38:05.452199 CONNECT flow>2412 srcPort>38463 dst>fd10:43:100::2/21212 
18:38:05.459028 ON flow>2413 srcPort>34249 dst>fd10:43:100::2/21213 
18:38:05.459291 CONNECT flow>2413 srcPort>34249 dst>fd10:43:100::2/21213 
18:38:05.462847 ON flow>2414 srcPort>43399 dst>fd10:43:100::2/21214 
18:38:05.463067 CONNECT flow>2414 srcPort>43399 dst>fd10:43:100::2/21214 
18:38:05.503854 ON flow>2415 srcPort>38669 dst>fd10:43:100::2/21215 
18:38:05.504075 CONNECT flow>2415 srcPort>38669 dst>fd10:43:100::2/21215 
18:38:05.643889 SHUTDOWN flow>2390 srcPort>41689 dst>fd10:43:100::2/21190 
18:38:05.644349 OFF flow>2390 srcPort>41689 dst>fd10:43:100::2/21190 
18:38:05.674561 ON flow>2416 srcPort>37697 dst>fd10:43:100::2/21216 
18:38:05.674774 CONNECT flow>2416 srcPort>37697 dst>fd10:43:100::2/21216 
18:38:05.689689 SHUTDOWN flow>2391 srcPort>37843 dst>fd10:43:100::2/21191 
18:38:05.690019 OFF flow>2391 srcPort>37843 dst>fd10:43:100::2/21191 
18:38:05.714086 SHUTDOWN flow>2392 srcPort>44445 dst>fd10:43:100::2/21192 
18:38:05.714419 OFF flow>2392 srcPort>44445 dst>fd10:43:100::2/21192 
18:38:05.781386 SHUTDOWN flow>2393 srcPort>33247 dst>fd10:43:100::2/21193 
18:38:05.781793 OFF flow>2393 srcPort>33247 dst>fd10:43:100::2/21193 
18:38:06.335976 SHUTDOWN flow>2394 srcPort>36713 dst>fd10:43:100::2/21194 
18:38:06.336333 OFF flow>2394 srcPort>36713 dst>fd10:43:100::2/21194 
18:38:06.387483 ON flow>2417 srcPort>44065 dst>fd10:43:100::2/21217 
18:38:06.387740 CONNECT flow>2417 srcPort>44065 dst>fd10:43:100::2/21217 
18:38:06.489272 SHUTDOWN flow>2395 srcPort>45737 dst>fd10:43:100::2/21195 
18:38:06.489593 OFF flow>2395 srcPort>45737 dst>fd10:43:100::2/21195 
18:38:06.559677 SHUTDOWN flow>2396 srcPort>43223 dst>fd10:43:100::2/21196 
18:38:06.560012 OFF flow>2396 srcPort>43223 dst>fd10:43:100::2/21196 
18:38:07.610114 ON flow>2418 srcPort>33425 dst>fd10:43:100::2/21218 
18:38:07.610376 CONNECT flow>2418 srcPort>33425 dst>fd10:43:100::2/21218 
18:38:07.643689 SHUTDOWN flow>2397 srcPort>39371 dst>fd10:43:100::2/21197 
18:38:07.644076 OFF flow>2397 srcPort>39371 dst>fd10:43:100::2/21197 
18:38:07.709484 SHUTDOWN flow>2398 srcPort>46763 dst>fd10:43:100::2/21198 
18:38:07.709893 OFF flow>2398 srcPort>46763 dst>fd10:43:100::2/21198 
18:38:07.804087 SHUTDOWN flow>2399 srcPort>33217 dst>fd10:43:100::2/21199 
18:38:07.804469 OFF flow>2399 srcPort>33217 dst>fd10:43:100::2/21199 
18:38:07.807807 ON flow>2419 srcPort>44143 dst>fd10:43:100::2/21219 
18:38:07.808080 CONNECT flow>2419 srcPort>44143 dst>fd10:43:100::2/21219 
18:38:07.842797 SHUTDOWN flow>2400 srcPort>40051 dst>fd10:43:100::2/21200 
18:38:07.843185 OFF flow>2400 srcPort>40051 dst>fd10:43:100::2/21200 
18:38:07.848659 ON flow>2420 srcPort>42739 dst>fd10:43:100::2/21220 
18:38:07.848866 CONNECT flow>2420 srcPort>42739 dst>fd10:43:100::2/21220 
18:38:07.874420 ON flow>2421 srcPort>40359 dst>fd10:43:100::2/21221 
18:38:07.874708 CONNECT flow>2421 srcPort>40359 dst>fd10:43:100::2/21221 
18:38:07.938624 ON flow>2422 srcPort>37175 dst>fd10:43:100::2/21222 
18:38:07.938929 CONNECT flow>2422 srcPort>37175 dst>fd10:43:100::2/21222 
18:38:07.961094 SHUTDOWN flow>2401 srcPort>46619 dst>fd10:43:100::2/21201 
18:38:07.961501 OFF flow>2401 srcPort>46619 dst>fd10:43:100::2/21201 
18:38:08.002796 SHUTDOWN flow>2402 srcPort>45593 dst>fd10:43:100::2/21202 
18:38:08.003226 OFF flow>2402 srcPort>45593 dst>fd10:43:100::2/21202 
18:38:08.567797 SHUTDOWN flow>2403 srcPort>44419 dst>fd10:43:100::2/21203 
18:38:08.568209 OFF flow>2403 srcPort>44419 dst>fd10:43:100::2/21203 
18:38:08.679411 SHUTDOWN flow>2404 srcPort>35345 dst>fd10:43:100::2/21204 
18:38:08.679858 OFF flow>2404 srcPort>35345 dst>fd10:43:100::2/21204 
18:38:08.828141 ON flow>2423 srcPort>35165 dst>fd10:43:100::2/21223 
18:38:08.828414 CONNECT flow>2423 srcPort>35165 dst>fd10:43:100::2/21223 
18:38:08.834512 SHUTDOWN flow>2405 srcPort>39749 dst>fd10:43:100::2/21205 
18:38:08.834856 OFF flow>2405 srcPort>39749 dst>fd10:43:100::2/21205 
18:38:08.943012 SHUTDOWN flow>2406 srcPort>38597 dst>fd10:43:100::2/21206 
18:38:08.943373 OFF flow>2406 srcPort>38597 dst>fd10:43:100::2/21206 
18:38:09.081810 ON flow>2424 srcPort>40161 dst>fd10:43:100::2/21224 
18:38:09.082044 CONNECT flow>2424 srcPort>40161 dst>fd10:43:100::2/21224 
18:38:09.106369 ON flow>2425 srcPort>34137 dst>fd10:43:100::2/21225 
18:38:09.107035 CONNECT flow>2425 srcPort>34137 dst>fd10:43:100::2/21225 
18:38:09.309175 ON flow>2426 srcPort>37085 dst>fd10:43:100::2/21226 
18:38:09.309427 CONNECT flow>2426 srcPort>37085 dst>fd10:43:100::2/21226 
18:38:09.378053 ON flow>2427 srcPort>33639 dst>fd10:43:100::2/21227 
18:38:09.378346 CONNECT flow>2427 srcPort>33639 dst>fd10:43:100::2/21227 
18:38:09.682612 ON flow>2428 srcPort>37963 dst>fd10:43:100::2/21228 
18:38:09.682839 CONNECT flow>2428 srcPort>37963 dst>fd10:43:100::2/21228 
18:38:09.757730 ON flow>2429 srcPort>36397 dst>fd10:43:100::2/21229 
18:38:09.757997 CONNECT flow>2429 srcPort>36397 dst>fd10:43:100::2/21229 
18:38:09.832733 ON flow>2430 srcPort>40311 dst>fd10:43:100::2/21230 
18:38:09.833007 CONNECT flow>2430 srcPort>40311 dst>fd10:43:100::2/21230 
18:38:09.861076 SHUTDOWN flow>2407 srcPort>35191 dst>fd10:43:100::2/21207 
18:38:09.861413 OFF flow>2407 srcPort>35191 dst>fd10:43:100::2/21207 
18:38:09.875071 SHUTDOWN flow>2408 srcPort>38301 dst>fd10:43:100::2/21208 
18:38:09.875366 OFF flow>2408 srcPort>38301 dst>fd10:43:100::2/21208 
18:38:09.948278 SHUTDOWN flow>2409 srcPort>33469 dst>fd10:43:100::2/21209 
18:38:09.948576 OFF flow>2409 srcPort>33469 dst>fd10:43:100::2/21209 
18:38:10.040637 ON flow>2431 srcPort>38909 dst>fd10:43:100::2/21231 
18:38:10.040871 CONNECT flow>2431 srcPort>38909 dst>fd10:43:100::2/21231 
18:38:10.082579 SHUTDOWN flow>2410 srcPort>45653 dst>fd10:43:100::2/21210 
18:38:10.083044 OFF flow>2410 srcPort>45653 dst>fd10:43:100::2/21210 
18:38:10.224682 SHUTDOWN flow>2411 srcPort>45703 dst>fd10:43:100::2/21211 
18:38:10.225024 OFF flow>2411 srcPort>45703 dst>fd10:43:100::2/21211 
18:38:10.251881 SHUTDOWN flow>2412 srcPort>38463 dst>fd10:43:100::2/21212 
18:38:10.252208 OFF flow>2412 srcPort>38463 dst>fd10:43:100::2/21212 
18:38:10.258976 SHUTDOWN flow>2413 srcPort>34249 dst>fd10:43:100::2/21213 
18:38:10.259336 OFF flow>2413 srcPort>34249 dst>fd10:43:100::2/21213 
18:38:10.262780 SHUTDOWN flow>2414 srcPort>43399 dst>fd10:43:100::2/21214 
18:38:10.263065 OFF flow>2414 srcPort>43399 dst>fd10:43:100::2/21214 
18:38:10.303807 SHUTDOWN flow>2415 srcPort>38669 dst>fd10:43:100::2/21215 
18:38:10.304122 OFF flow>2415 srcPort>38669 dst>fd10:43:100::2/21215 
18:38:10.474500 SHUTDOWN flow>2416 srcPort>37697 dst>fd10:43:100::2/21216 
18:38:10.475125 OFF flow>2416 srcPort>37697 dst>fd10:43:100::2/21216 
18:38:11.187226 SHUTDOWN flow>2417 srcPort>44065 dst>fd10:43:100::2/21217 
18:38:11.187684 OFF flow>2417 srcPort>44065 dst>fd10:43:100::2/21217 
18:38:11.313051 ON flow>2432 srcPort>37691 dst>fd10:43:100::2/21232 
18:38:11.313412 CONNECT flow>2432 srcPort>37691 dst>fd10:43:100::2/21232 
18:38:11.331872 ON flow>2433 srcPort>46541 dst>fd10:43:100::2/21233 
18:38:11.332124 CONNECT flow>2433 srcPort>46541 dst>fd10:43:100::2/21233 
18:38:11.485681 ON flow>2434 srcPort>41919 dst>fd10:43:100::2/21234 
18:38:11.486301 CONNECT flow>2434 srcPort>41919 dst>fd10:43:100::2/21234 
18:38:11.630828 ON flow>2435 srcPort>40315 dst>fd10:43:100::2/21235 
18:38:11.631045 CONNECT flow>2435 srcPort>40315 dst>fd10:43:100::2/21235 
18:38:11.692260 ON flow>2436 srcPort>41583 dst>fd10:43:100::2/21236 
18:38:11.692594 CONNECT flow>2436 srcPort>41583 dst>fd10:43:100::2/21236 
18:38:12.027725 ON flow>2437 srcPort>45261 dst>fd10:43:100::2/21237 
18:38:12.027956 CONNECT flow>2437 srcPort>45261 dst>fd10:43:100::2/21237 
18:38:12.030474 ON flow>2438 srcPort>44535 dst>fd10:43:100::2/21238 
18:38:12.030698 CONNECT flow>2438 srcPort>44535 dst>fd10:43:100::2/21238 
18:38:12.061567 ON flow>2439 srcPort>42007 dst>fd10:43:100::2/21239 
18:38:12.061814 CONNECT flow>2439 srcPort>42007 dst>fd10:43:100::2/21239 
18:38:12.122983 ON flow>2440 srcPort>34465 dst>fd10:43:100::2/21240 
18:38:12.123258 CONNECT flow>2440 srcPort>34465 dst>fd10:43:100::2/21240 
18:38:12.128471 ON flow>2441 srcPort>42939 dst>fd10:43:100::2/21241 
18:38:12.128744 CONNECT flow>2441 srcPort>42939 dst>fd10:43:100::2/21241 
18:38:12.409984 SHUTDOWN flow>2418 srcPort>33425 dst>fd10:43:100::2/21218 
18:38:12.410394 OFF flow>2418 srcPort>33425 dst>fd10:43:100::2/21218 
18:38:12.607694 SHUTDOWN flow>2419 srcPort>44143 dst>fd10:43:100::2/21219 
18:38:12.608116 OFF flow>2419 srcPort>44143 dst>fd10:43:100::2/21219 
18:38:12.648596 SHUTDOWN flow>2420 srcPort>42739 dst>fd10:43:100::2/21220 
18:38:12.648941 OFF flow>2420 srcPort>42739 dst>fd10:43:100::2/21220 
18:38:12.674341 SHUTDOWN flow>2421 srcPort>40359 dst>fd10:43:100::2/21221 
18:38:12.674754 OFF flow>2421 srcPort>40359 dst>fd10:43:100::2/21221 
18:38:12.738518 SHUTDOWN flow>2422 srcPort>37175 dst>fd10:43:100::2/21222 
18:38:12.738879 OFF flow>2422 srcPort>37175 dst>fd10:43:100::2/21222 
18:38:13.152389 ON flow>2442 srcPort>39765 dst>fd10:43:100::2/21242 
18:38:13.152682 CONNECT flow>2442 srcPort>39765 dst>fd10:43:100::2/21242 
18:38:13.176528 ON flow>2443 srcPort>40737 dst>fd10:43:100::2/21243 
18:38:13.177005 CONNECT flow>2443 srcPort>40737 dst>fd10:43:100::2/21243 
18:38:13.341376 ON flow>2444 srcPort>36279 dst>fd10:43:100::2/21244 
18:38:13.341630 CONNECT flow>2444 srcPort>36279 dst>fd10:43:100::2/21244 
18:38:13.627985 SHUTDOWN flow>2423 srcPort>35165 dst>fd10:43:100::2/21223 
18:38:13.628367 OFF flow>2423 srcPort>35165 dst>fd10:43:100::2/21223 
18:38:13.667476 ON flow>2445 srcPort>37403 dst>fd10:43:100::2/21245 
18:38:13.667717 CONNECT flow>2445 srcPort>37403 dst>fd10:43:100::2/21245 
18:38:13.881697 SHUTDOWN flow>2424 srcPort>40161 dst>fd10:43:100::2/21224 
18:38:13.882081 OFF flow>2424 srcPort>40161 dst>fd10:43:100::2/21224 
18:38:13.906329 SHUTDOWN flow>2425 srcPort>34137 dst>fd10:43:100::2/21225 
18:38:13.906677 OFF flow>2425 srcPort>34137 dst>fd10:43:100::2/21225 
18:38:13.951191 ON flow>2446 srcPort>39893 dst>fd10:43:100::2/21246 
18:38:13.951881 CONNECT flow>2446 srcPort>39893 dst>fd10:43:100::2/21246 
18:38:14.109097 SHUTDOWN flow>2426 srcPort>37085 dst>fd10:43:100::2/21226 
18:38:14.109469 OFF flow>2426 srcPort>37085 dst>fd10:43:100::2/21226 
18:38:14.178000 SHUTDOWN flow>2427 srcPort>33639 dst>fd10:43:100::2/21227 
18:38:14.178362 OFF flow>2427 srcPort>33639 dst>fd10:43:100::2/21227 
18:38:14.482502 SHUTDOWN flow>2428 srcPort>37963 dst>fd10:43:100::2/21228 
18:38:14.482913 OFF flow>2428 srcPort>37963 dst>fd10:43:100::2/21228 
18:38:14.516512 ON flow>2447 srcPort>41881 dst>fd10:43:100::2/21247 
18:38:14.516791 CONNECT flow>2447 srcPort>41881 dst>fd10:43:100::2/21247 
18:38:14.557700 SHUTDOWN flow>2429 srcPort>36397 dst>fd10:43:100::2/21229 
18:38:14.558012 OFF flow>2429 srcPort>36397 dst>fd10:43:100::2/21229 
18:38:14.631379 ON flow>2448 srcPort>39157 dst>fd10:43:100::2/21248 
18:38:14.631612 CONNECT flow>2448 srcPort>39157 dst>fd10:43:100::2/21248 
18:38:14.632690 SHUTDOWN flow>2430 srcPort>40311 dst>fd10:43:100::2/21230 
18:38:14.632968 OFF flow>2430 srcPort>40311 dst>fd10:43:100::2/21230 
18:38:14.671355 ON flow>2449 srcPort>35939 dst>fd10:43:100::2/21249 
18:38:14.671603 CONNECT flow>2449 srcPort>35939 dst>fd10:43:100::2/21249 
18:38:14.714541 ON flow>2450 srcPort>39739 dst>fd10:43:100::2/21250 
18:38:14.714789 CONNECT flow>2450 srcPort>39739 dst>fd10:43:100::2/21250 
18:38:14.840590 SHUTDOWN flow>2431 srcPort>38909 dst>fd10:43:100::2/21231 
18:38:14.840992 OFF flow>2431 srcPort>38909 dst>fd10:43:100::2/21231 
18:38:16.112899 SHUTDOWN flow>2432 srcPort>37691 dst>fd10:43:100::2/21232 
18:38:16.113357 OFF flow>2432 srcPort>37691 dst>fd10:43:100::2/21232 
18:38:16.131794 SHUTDOWN flow>2433 srcPort>46541 dst>fd10:43:100::2/21233 
18:38:16.132129 OFF flow>2433 srcPort>46541 dst>fd10:43:100::2/21233 
18:38:16.285599 SHUTDOWN flow>2434 srcPort>41919 dst>fd10:43:100::2/21234 
18:38:16.285945 OFF flow>2434 srcPort>41919 dst>fd10:43:100::2/21234 
18:38:16.406711 ON flow>2451 srcPort>33285 dst>fd10:43:100::2/21251 
18:38:16.406950 CONNECT flow>2451 srcPort>33285 dst>fd10:43:100::2/21251 
18:38:16.430694 SHUTDOWN flow>2435 srcPort>40315 dst>fd10:43:100::2/21235 
18:38:16.431050 OFF flow>2435 srcPort>40315 dst>fd10:43:100::2/21235 
18:38:16.492197 SHUTDOWN flow>2436 srcPort>41583 dst>fd10:43:100::2/21236 
18:38:16.492538 OFF flow>2436 srcPort>41583 dst>fd10:43:100::2/21236 
18:38:16.747673 ON flow>2452 srcPort>44291 dst>fd10:43:100::2/21252 
18:38:16.747916 CONNECT flow>2452 srcPort>44291 dst>fd10:43:100::2/21252 
18:38:16.827611 SHUTDOWN flow>2437 srcPort>45261 dst>fd10:43:100::2/21237 
18:38:16.828144 OFF flow>2437 srcPort>45261 dst>fd10:43:100::2/21237 
18:38:16.830397 SHUTDOWN flow>2438 srcPort>44535 dst>fd10:43:100::2/21238 
18:38:16.831473 OFF flow>2438 srcPort>44535 dst>fd10:43:100::2/21238 
18:38:16.861514 SHUTDOWN flow>2439 srcPort>42007 dst>fd10:43:100::2/21239 
18:38:16.861840 OFF flow>2439 srcPort>42007 dst>fd10:43:100::2/21239 
18:38:16.922927 SHUTDOWN flow>2440 srcPort>34465 dst>fd10:43:100::2/21240 
18:38:16.923283 OFF flow>2440 srcPort>34465 dst>fd10:43:100::2/21240 
18:38:16.928396 SHUTDOWN flow>2441 srcPort>42939 dst>fd10:43:100::2/21241 
18:38:16.928710 OFF flow>2441 srcPort>42939 dst>fd10:43:100::2/21241 
18:38:17.467942 ON flow>2453 srcPort>35985 dst>fd10:43:100::2/21253 
18:38:17.468181 CONNECT flow>2453 srcPort>35985 dst>fd10:43:100::2/21253 
18:38:17.580462 ON flow>2454 srcPort>42047 dst>fd10:43:100::2/21254 
18:38:17.580748 CONNECT flow>2454 srcPort>42047 dst>fd10:43:100::2/21254 
18:38:17.672437 ON flow>2455 srcPort>41301 dst>fd10:43:100::2/21255 
18:38:17.672668 CONNECT flow>2455 srcPort>41301 dst>fd10:43:100::2/21255 
18:38:17.729650 ON flow>2456 srcPort>40007 dst>fd10:43:100::2/21256 
18:38:17.729878 CONNECT flow>2456 srcPort>40007 dst>fd10:43:100::2/21256 
18:38:17.952194 SHUTDOWN flow>2442 srcPort>39765 dst>fd10:43:100::2/21242 
18:38:17.952588 OFF flow>2442 srcPort>39765 dst>fd10:43:100::2/21242 
18:38:17.976505 SHUTDOWN flow>2443 srcPort>40737 dst>fd10:43:100::2/21243 
18:38:17.977070 OFF flow>2443 srcPort>40737 dst>fd10:43:100::2/21243 
18:38:18.141333 SHUTDOWN flow>2444 srcPort>36279 dst>fd10:43:100::2/21244 
18:38:18.141787 OFF flow>2444 srcPort>36279 dst>fd10:43:100::2/21244 
18:38:18.467339 SHUTDOWN flow>2445 srcPort>37403 dst>fd10:43:100::2/21245 
18:38:18.467740 OFF flow>2445 srcPort>37403 dst>fd10:43:100::2/21245 
18:38:18.751122 SHUTDOWN flow>2446 srcPort>39893 dst>fd10:43:100::2/21246 
18:38:18.751572 OFF flow>2446 srcPort>39893 dst>fd10:43:100::2/21246 
18:38:19.014119 ON flow>2457 srcPort>37901 dst>fd10:43:100::2/21257 
18:38:19.014370 CONNECT flow>2457 srcPort>37901 dst>fd10:43:100::2/21257 
18:38:19.316397 SHUTDOWN flow>2447 srcPort>41881 dst>fd10:43:100::2/21247 
18:38:19.316816 OFF flow>2447 srcPort>41881 dst>fd10:43:100::2/21247 
18:38:19.431299 SHUTDOWN flow>2448 srcPort>39157 dst>fd10:43:100::2/21248 
18:38:19.431625 OFF flow>2448 srcPort>39157 dst>fd10:43:100::2/21248 
18:38:19.471315 SHUTDOWN flow>2449 srcPort>35939 dst>fd10:43:100::2/21249 
18:38:19.471678 OFF flow>2449 srcPort>35939 dst>fd10:43:100::2/21249 
18:38:19.514499 SHUTDOWN flow>2450 srcPort>39739 dst>fd10:43:100::2/21250 
18:38:19.515236 OFF flow>2450 srcPort>39739 dst>fd10:43:100::2/21250 
18:38:19.560065 ON flow>2458 srcPort>36239 dst>fd10:43:100::2/21258 
18:38:19.560313 CONNECT flow>2458 srcPort>36239 dst>fd10:43:100::2/21258 
18:38:19.604075 ON flow>2459 srcPort>41743 dst>fd10:43:100::2/21259 
18:38:19.604340 CONNECT flow>2459 srcPort>41743 dst>fd10:43:100::2/21259 
18:38:19.960933 ON flow>2460 srcPort>44247 dst>fd10:43:100::2/21260 
18:38:19.961210 CONNECT flow>2460 srcPort>44247 dst>fd10:43:100::2/21260 
18:38:21.206629 SHUTDOWN flow>2451 srcPort>33285 dst>fd10:43:100::2/21251 
18:38:21.207053 OFF flow>2451 srcPort>33285 dst>fd10:43:100::2/21251 
18:38:21.345531 ON flow>2461 srcPort>42629 dst>fd10:43:100::2/21261 
18:38:21.345791 CONNECT flow>2461 srcPort>42629 dst>fd10:43:100::2/21261 
18:38:21.547606 SHUTDOWN flow>2452 srcPort>44291 dst>fd10:43:100::2/21252 
18:38:21.547932 OFF flow>2452 srcPort>44291 dst>fd10:43:100::2/21252 
18:38:21.592191 ON flow>2462 srcPort>37693 dst>fd10:43:100::2/21262 
18:38:21.592474 CONNECT flow>2462 srcPort>37693 dst>fd10:43:100::2/21262 
18:38:21.768511 ON flow>2463 srcPort>46805 dst>fd10:43:100::2/21263 
18:38:21.768744 CONNECT flow>2463 srcPort>46805 dst>fd10:43:100::2/21263 
18:38:22.149643 ON flow>2464 srcPort>39347 dst>fd10:43:100::2/21264 
18:38:22.149900 CONNECT flow>2464 srcPort>39347 dst>fd10:43:100::2/21264 
18:38:22.160441 ON flow>2465 srcPort>41701 dst>fd10:43:100::2/21265 
18:38:22.160716 CONNECT flow>2465 srcPort>41701 dst>fd10:43:100::2/21265 
18:38:22.169552 ON flow>2466 srcPort>44973 dst>fd10:43:100::2/21266 
18:38:22.169876 CONNECT flow>2466 srcPort>44973 dst>fd10:43:100::2/21266 
18:38:22.194873 ON flow>2467 srcPort>39159 dst>fd10:43:100::2/21267 
18:38:22.195195 CONNECT flow>2467 srcPort>39159 dst>fd10:43:100::2/21267 
18:38:22.254218 ON flow>2468 srcPort>34447 dst>fd10:43:100::2/21268 
18:38:22.254479 CONNECT flow>2468 srcPort>34447 dst>fd10:43:100::2/21268 
18:38:22.267705 SHUTDOWN flow>2453 srcPort>35985 dst>fd10:43:100::2/21253 
18:38:22.268074 OFF flow>2453 srcPort>35985 dst>fd10:43:100::2/21253 
18:38:22.339155 ON flow>2469 srcPort>34451 dst>fd10:43:100::2/21269 
18:38:22.339407 CONNECT flow>2469 srcPort>34451 dst>fd10:43:100::2/21269 
18:38:22.352920 ON flow>2470 srcPort>44463 dst>fd10:43:100::2/21270 
18:38:22.353164 CONNECT flow>2470 srcPort>44463 dst>fd10:43:100::2/21270 
18:38:22.379481 ON flow>2471 srcPort>35023 dst>fd10:43:100::2/21271 
18:38:22.379800 CONNECT flow>2471 srcPort>35023 dst>fd10:43:100::2/21271 
18:38:22.380398 SHUTDOWN flow>2454 srcPort>42047 dst>fd10:43:100::2/21254 
18:38:22.380719 OFF flow>2454 srcPort>42047 dst>fd10:43:100::2/21254 
18:38:22.396018 ON flow>2472 srcPort>33687 dst>fd10:43:100::2/21272 
18:38:22.396299 CONNECT flow>2472 srcPort>33687 dst>fd10:43:100::2/21272 
18:38:22.422862 ON flow>2473 srcPort>42607 dst>fd10:43:100::2/21273 
18:38:22.423116 CONNECT flow>2473 srcPort>42607 dst>fd10:43:100::2/21273 
18:38:22.459717 ON flow>2474 srcPort>44179 dst>fd10:43:100::2/21274 
18:38:22.459968 CONNECT flow>2474 srcPort>44179 dst>fd10:43:100::2/21274 
18:38:22.472418 SHUTDOWN flow>2455 srcPort>41301 dst>fd10:43:100::2/21255 
18:38:22.472772 OFF flow>2455 srcPort>41301 dst>fd10:43:100::2/21255 
18:38:22.529610 SHUTDOWN flow>2456 srcPort>40007 dst>fd10:43:100::2/21256 
18:38:22.529907 OFF flow>2456 srcPort>40007 dst>fd10:43:100::2/21256 
18:38:23.813996 SHUTDOWN flow>2457 srcPort>37901 dst>fd10:43:100::2/21257 
18:38:23.814371 OFF flow>2457 srcPort>37901 dst>fd10:43:100::2/21257 
18:38:24.359611 SHUTDOWN flow>2458 srcPort>36239 dst>fd10:43:100::2/21258 
18:38:24.360042 OFF flow>2458 srcPort>36239 dst>fd10:43:100::2/21258 
18:38:24.404022 SHUTDOWN flow>2459 srcPort>41743 dst>fd10:43:100::2/21259 
18:38:24.404384 OFF flow>2459 srcPort>41743 dst>fd10:43:100::2/21259 
18:38:24.760821 SHUTDOWN flow>2460 srcPort>44247 dst>fd10:43:100::2/21260 
18:38:24.761235 OFF flow>2460 srcPort>44247 dst>fd10:43:100::2/21260 
18:38:24.938035 ON flow>2475 srcPort>33175 dst>fd10:43:100::2/21275 
18:38:24.938453 CONNECT flow>2475 srcPort>33175 dst>fd10:43:100::2/21275 
18:38:25.016917 ON flow>2476 srcPort>42057 dst>fd10:43:100::2/21276 
18:38:25.017245 CONNECT flow>2476 srcPort>42057 dst>fd10:43:100::2/21276 
18:38:25.029559 ON flow>2477 srcPort>46683 dst>fd10:43:100::2/21277 
18:38:25.029768 CONNECT flow>2477 srcPort>46683 dst>fd10:43:100::2/21277 
18:38:25.039503 ON flow>2478 srcPort>40691 dst>fd10:43:100::2/21278 
18:38:25.040049 CONNECT flow>2478 srcPort>40691 dst>fd10:43:100::2/21278 
18:38:25.045415 ON flow>2479 srcPort>44223 dst>fd10:43:100::2/21279 
18:38:25.045632 CONNECT flow>2479 srcPort>44223 dst>fd10:43:100::2/21279 
18:38:25.049459 ON flow>2480 srcPort>41335 dst>fd10:43:100::2/21280 
18:38:25.049719 CONNECT flow>2480 srcPort>41335 dst>fd10:43:100::2/21280 
18:38:25.057555 ON flow>2481 srcPort>40181 dst>fd10:43:100::2/21281 
18:38:25.057774 CONNECT flow>2481 srcPort>40181 dst>fd10:43:100::2/21281 
18:38:25.167874 ON flow>2482 srcPort>46203 dst>fd10:43:100::2/21282 
18:38:25.168137 CONNECT flow>2482 srcPort>46203 dst>fd10:43:100::2/21282 
18:38:25.250913 ON flow>2483 srcPort>37419 dst>fd10:43:100::2/21283 
18:38:25.251144 CONNECT flow>2483 srcPort>37419 dst>fd10:43:100::2/21283 
18:38:25.335389 ON flow>2484 srcPort>39539 dst>fd10:43:100::2/21284 
18:38:25.335608 CONNECT flow>2484 srcPort>39539 dst>fd10:43:100::2/21284 
18:38:26.145408 SHUTDOWN flow>2461 srcPort>42629 dst>fd10:43:100::2/21261 
18:38:26.145887 OFF flow>2461 srcPort>42629 dst>fd10:43:100::2/21261 
18:38:26.392113 SHUTDOWN flow>2462 srcPort>37693 dst>fd10:43:100::2/21262 
18:38:26.392571 OFF flow>2462 srcPort>37693 dst>fd10:43:100::2/21262 
18:38:26.568401 SHUTDOWN flow>2463 srcPort>46805 dst>fd10:43:100::2/21263 
18:38:26.568824 OFF flow>2463 srcPort>46805 dst>fd10:43:100::2/21263 
18:38:26.949507 SHUTDOWN flow>2464 srcPort>39347 dst>fd10:43:100::2/21264 
18:38:26.950006 OFF flow>2464 srcPort>39347 dst>fd10:43:100::2/21264 
18:38:26.960302 SHUTDOWN flow>2465 srcPort>41701 dst>fd10:43:100::2/21265 
18:38:26.960608 OFF flow>2465 srcPort>41701 dst>fd10:43:100::2/21265 
18:38:26.969503 SHUTDOWN flow>2466 srcPort>44973 dst>fd10:43:100::2/21266 
18:38:26.969878 OFF flow>2466 srcPort>44973 dst>fd10:43:100::2/21266 
18:38:26.994800 SHUTDOWN flow>2467 srcPort>39159 dst>fd10:43:100::2/21267 
18:38:26.995093 OFF flow>2467 srcPort>39159 dst>fd10:43:100::2/21267 
18:38:27.053900 SHUTDOWN flow>2468 srcPort>34447 dst>fd10:43:100::2/21268 
18:38:27.054231 OFF flow>2468 srcPort>34447 dst>fd10:43:100::2/21268 
18:38:27.139123 SHUTDOWN flow>2469 srcPort>34451 dst>fd10:43:100::2/21269 
18:38:27.139490 OFF flow>2469 srcPort>34451 dst>fd10:43:100::2/21269 
18:38:27.152799 SHUTDOWN flow>2470 srcPort>44463 dst>fd10:43:100::2/21270 
18:38:27.153154 OFF flow>2470 srcPort>44463 dst>fd10:43:100::2/21270 
18:38:27.179429 SHUTDOWN flow>2471 srcPort>35023 dst>fd10:43:100::2/21271 
18:38:27.179849 OFF flow>2471 srcPort>35023 dst>fd10:43:100::2/21271 
18:38:27.195930 SHUTDOWN flow>2472 srcPort>33687 dst>fd10:43:100::2/21272 
18:38:27.196268 OFF flow>2472 srcPort>33687 dst>fd10:43:100::2/21272 
18:38:27.222813 SHUTDOWN flow>2473 srcPort>42607 dst>fd10:43:100::2/21273 
18:38:27.223142 OFF flow>2473 srcPort>42607 dst>fd10:43:100::2/21273 
18:38:27.259615 SHUTDOWN flow>2474 srcPort>44179 dst>fd10:43:100::2/21274 
18:38:27.259969 OFF flow>2474 srcPort>44179 dst>fd10:43:100::2/21274 
18:38:27.555414 ON flow>2485 srcPort>37965 dst>fd10:43:100::2/21285 
18:38:27.555654 CONNECT flow>2485 srcPort>37965 dst>fd10:43:100::2/21285 
18:38:27.808085 ON flow>2486 srcPort>43753 dst>fd10:43:100::2/21286 
18:38:27.808332 CONNECT flow>2486 srcPort>43753 dst>fd10:43:100::2/21286 
18:38:29.737902 SHUTDOWN flow>2475 srcPort>33175 dst>fd10:43:100::2/21275 
18:38:29.738415 OFF flow>2475 srcPort>33175 dst>fd10:43:100::2/21275 
18:38:29.816811 SHUTDOWN flow>2476 srcPort>42057 dst>fd10:43:100::2/21276 
18:38:29.817157 OFF flow>2476 srcPort>42057 dst>fd10:43:100::2/21276 
18:38:29.829512 SHUTDOWN flow>2477 srcPort>46683 dst>fd10:43:100::2/21277 
18:38:29.829814 OFF flow>2477 srcPort>46683 dst>fd10:43:100::2/21277 
18:38:29.839308 SHUTDOWN flow>2478 srcPort>40691 dst>fd10:43:100::2/21278 
18:38:29.839598 OFF flow>2478 srcPort>40691 dst>fd10:43:100::2/21278 
18:38:29.845304 SHUTDOWN flow>2479 srcPort>44223 dst>fd10:43:100::2/21279 
18:38:29.845627 OFF flow>2479 srcPort>44223 dst>fd10:43:100::2/21279 
18:38:29.849406 SHUTDOWN flow>2480 srcPort>41335 dst>fd10:43:100::2/21280 
18:38:29.849765 OFF flow>2480 srcPort>41335 dst>fd10:43:100::2/21280 
18:38:29.857506 SHUTDOWN flow>2481 srcPort>40181 dst>fd10:43:100::2/21281 
18:38:29.857811 OFF flow>2481 srcPort>40181 dst>fd10:43:100::2/21281 
18:38:29.967842 SHUTDOWN flow>2482 srcPort>46203 dst>fd10:43:100::2/21282 
18:38:29.968233 OFF flow>2482 srcPort>46203 dst>fd10:43:100::2/21282 
18:38:30.050810 SHUTDOWN flow>2483 srcPort>37419 dst>fd10:43:100::2/21283 
18:38:30.051126 OFF flow>2483 srcPort>37419 dst>fd10:43:100::2/21283 
18:38:30.135355 SHUTDOWN flow>2484 srcPort>39539 dst>fd10:43:100::2/21284 
18:38:30.135714 OFF flow>2484 srcPort>39539 dst>fd10:43:100::2/21284 
18:38:31.634180 ON flow>2487 srcPort>44431 dst>fd10:43:100::2/21287 
18:38:31.634541 CONNECT flow>2487 srcPort>44431 dst>fd10:43:100::2/21287 
18:38:31.836697 ON flow>2488 srcPort>42421 dst>fd10:43:100::2/21288 
18:38:31.839069 CONNECT flow>2488 srcPort>42421 dst>fd10:43:100::2/21288 
18:38:32.054275 ON flow>2489 srcPort>34341 dst>fd10:43:100::2/21289 
18:38:32.056669 CONNECT flow>2489 srcPort>34341 dst>fd10:43:100::2/21289 
18:38:32.355301 SHUTDOWN flow>2485 srcPort>37965 dst>fd10:43:100::2/21285 
18:38:32.355682 OFF flow>2485 srcPort>37965 dst>fd10:43:100::2/21285 
18:38:32.607930 SHUTDOWN flow>2486 srcPort>43753 dst>fd10:43:100::2/21286 
18:38:32.608270 OFF flow>2486 srcPort>43753 dst>fd10:43:100::2/21286 
18:38:32.796484 ON flow>2490 srcPort>38735 dst>fd10:43:100::2/21290 
18:38:32.796724 CONNECT flow>2490 srcPort>38735 dst>fd10:43:100::2/21290 
18:38:32.812095 ON flow>2491 srcPort>34737 dst>fd10:43:100::2/21291 
18:38:32.812345 CONNECT flow>2491 srcPort>34737 dst>fd10:43:100::2/21291 
18:38:32.871144 ON flow>2492 srcPort>37707 dst>fd10:43:100::2/21292 
18:38:32.871368 CONNECT flow>2492 srcPort>37707 dst>fd10:43:100::2/21292 
18:38:32.901403 ON flow>2493 srcPort>38689 dst>fd10:43:100::2/21293 
18:38:32.901636 CONNECT flow>2493 srcPort>38689 dst>fd10:43:100::2/21293 
18:38:33.034544 ON flow>2494 srcPort>42639 dst>fd10:43:100::2/21294 
18:38:33.034837 CONNECT flow>2494 srcPort>42639 dst>fd10:43:100::2/21294 
18:38:33.635533 ON flow>2495 srcPort>38161 dst>fd10:43:100::2/21295 
18:38:33.635751 CONNECT flow>2495 srcPort>38161 dst>fd10:43:100::2/21295 
18:38:33.658683 ON flow>2496 srcPort>35855 dst>fd10:43:100::2/21296 
18:38:33.658910 CONNECT flow>2496 srcPort>35855 dst>fd10:43:100::2/21296 
18:38:33.662917 ON flow>2497 srcPort>46361 dst>fd10:43:100::2/21297 
18:38:33.663145 CONNECT flow>2497 srcPort>46361 dst>fd10:43:100::2/21297 
18:38:33.665106 ON flow>2498 srcPort>43981 dst>fd10:43:100::2/21298 
18:38:33.665339 CONNECT flow>2498 srcPort>43981 dst>fd10:43:100::2/21298 
18:38:33.669279 ON flow>2499 srcPort>37873 dst>fd10:43:100::2/21299 
18:38:33.669500 CONNECT flow>2499 srcPort>37873 dst>fd10:43:100::2/21299 
18:38:33.770697 ON flow>2500 srcPort>45009 dst>fd10:43:100::2/21300 
18:38:33.770943 CONNECT flow>2500 srcPort>45009 dst>fd10:43:100::2/21300 
18:38:33.780902 ON flow>2501 srcPort>38439 dst>fd10:43:100::2/21301 
18:38:33.781108 CONNECT flow>2501 srcPort>38439 dst>fd10:43:100::2/21301 
18:38:33.915103 ON flow>2502 srcPort>38025 dst>fd10:43:100::2/21302 
18:38:33.915294 CONNECT flow>2502 srcPort>38025 dst>fd10:43:100::2/21302 
18:38:34.909787 ON flow>2503 srcPort>40135 dst>fd10:43:100::2/21303 
18:38:34.910035 CONNECT flow>2503 srcPort>40135 dst>fd10:43:100::2/21303 
18:38:35.930643 ON flow>2504 srcPort>34987 dst>fd10:43:100::2/21304 
18:38:35.930931 CONNECT flow>2504 srcPort>34987 dst>fd10:43:100::2/21304 
18:38:35.989978 ON flow>2505 srcPort>41985 dst>fd10:43:100::2/21305 
18:38:35.990204 CONNECT flow>2505 srcPort>41985 dst>fd10:43:100::2/21305 
18:38:36.004665 ON flow>2506 srcPort>34103 dst>fd10:43:100::2/21306 
18:38:36.004888 CONNECT flow>2506 srcPort>34103 dst>fd10:43:100::2/21306 
18:38:36.005458 ON flow>2507 srcPort>40195 dst>fd10:43:100::2/21307 
18:38:36.005689 CONNECT flow>2507 srcPort>40195 dst>fd10:43:100::2/21307 
18:38:36.034226 ON flow>2508 srcPort>37027 dst>fd10:43:100::2/21308 
18:38:36.034556 CONNECT flow>2508 srcPort>37027 dst>fd10:43:100::2/21308 
18:38:36.059332 ON flow>2509 srcPort>46349 dst>fd10:43:100::2/21309 
18:38:36.059560 CONNECT flow>2509 srcPort>46349 dst>fd10:43:100::2/21309 
18:38:36.105594 ON flow>2510 srcPort>44887 dst>fd10:43:100::2/21310 
18:38:36.105847 CONNECT flow>2510 srcPort>44887 dst>fd10:43:100::2/21310 
18:38:36.161833 ON flow>2511 srcPort>43961 dst>fd10:43:100::2/21311 
18:38:36.162054 CONNECT flow>2511 srcPort>43961 dst>fd10:43:100::2/21311 
18:38:36.173956 ON flow>2512 srcPort>40567 dst>fd10:43:100::2/21312 
18:38:36.174220 CONNECT flow>2512 srcPort>40567 dst>fd10:43:100::2/21312 
18:38:36.215530 ON flow>2513 srcPort>41065 dst>fd10:43:100::2/21313 
18:38:36.215816 CONNECT flow>2513 srcPort>41065 dst>fd10:43:100::2/21313 
18:38:36.324271 ON flow>2514 srcPort>40337 dst>fd10:43:100::2/21314 
18:38:36.324523 CONNECT flow>2514 srcPort>40337 dst>fd10:43:100::2/21314 
18:38:36.434019 SHUTDOWN flow>2487 srcPort>44431 dst>fd10:43:100::2/21287 
18:38:36.434376 OFF flow>2487 srcPort>44431 dst>fd10:43:100::2/21287 
18:38:36.636612 SHUTDOWN flow>2488 srcPort>42421 dst>fd10:43:100::2/21288 
18:38:36.637034 OFF flow>2488 srcPort>42421 dst>fd10:43:100::2/21288 
18:38:36.669571 ON flow>2515 srcPort>45745 dst>fd10:43:100::2/21315 
18:38:36.669808 CONNECT flow>2515 srcPort>45745 dst>fd10:43:100::2/21315 
18:38:36.854248 SHUTDOWN flow>2489 srcPort>34341 dst>fd10:43:100::2/21289 
18:38:36.854741 OFF flow>2489 srcPort>34341 dst>fd10:43:100::2/21289 
18:38:37.596195 SHUTDOWN flow>2490 srcPort>38735 dst>fd10:43:100::2/21290 
18:38:37.596605 OFF flow>2490 srcPort>38735 dst>fd10:43:100::2/21290 
18:38:37.611993 SHUTDOWN flow>2491 srcPort>34737 dst>fd10:43:100::2/21291 
18:38:37.612282 OFF flow>2491 srcPort>34737 dst>fd10:43:100::2/21291 
18:38:37.671091 SHUTDOWN flow>2492 srcPort>37707 dst>fd10:43:100::2/21292 
18:38:37.671506 OFF flow>2492 srcPort>37707 dst>fd10:43:100::2/21292 
18:38:37.701345 SHUTDOWN flow>2493 srcPort>38689 dst>fd10:43:100::2/21293 
18:38:37.701658 OFF flow>2493 srcPort>38689 dst>fd10:43:100::2/21293 
18:38:37.834429 SHUTDOWN flow>2494 srcPort>42639 dst>fd10:43:100::2/21294 
18:38:37.834813 OFF flow>2494 srcPort>42639 dst>fd10:43:100::2/21294 
18:38:38.418449 ON flow>2516 srcPort>44373 dst>fd10:43:100::2/21316 
18:38:38.418696 CONNECT flow>2516 srcPort>44373 dst>fd10:43:100::2/21316 
18:38:38.423381 ON flow>2517 srcPort>39969 dst>fd10:43:100::2/21317 
18:38:38.423622 CONNECT flow>2517 srcPort>39969 dst>fd10:43:100::2/21317 
18:38:38.431871 ON flow>2518 srcPort>44837 dst>fd10:43:100::2/21318 
18:38:38.432082 CONNECT flow>2518 srcPort>44837 dst>fd10:43:100::2/21318 
18:38:38.435307 SHUTDOWN flow>2495 srcPort>38161 dst>fd10:43:100::2/21295 
18:38:38.435650 OFF flow>2495 srcPort>38161 dst>fd10:43:100::2/21295 
18:38:38.455991 ON flow>2519 srcPort>35757 dst>fd10:43:100::2/21319 
18:38:38.456244 CONNECT flow>2519 srcPort>35757 dst>fd10:43:100::2/21319 
18:38:38.458642 SHUTDOWN flow>2496 srcPort>35855 dst>fd10:43:100::2/21296 
18:38:38.458998 OFF flow>2496 srcPort>35855 dst>fd10:43:100::2/21296 
18:38:38.462836 SHUTDOWN flow>2497 srcPort>46361 dst>fd10:43:100::2/21297 
18:38:38.463113 OFF flow>2497 srcPort>46361 dst>fd10:43:100::2/21297 
18:38:38.465046 SHUTDOWN flow>2498 srcPort>43981 dst>fd10:43:100::2/21298 
18:38:38.465401 OFF flow>2498 srcPort>43981 dst>fd10:43:100::2/21298 
18:38:38.469242 SHUTDOWN flow>2499 srcPort>37873 dst>fd10:43:100::2/21299 
18:38:38.469522 OFF flow>2499 srcPort>37873 dst>fd10:43:100::2/21299 
18:38:38.570644 SHUTDOWN flow>2500 srcPort>45009 dst>fd10:43:100::2/21300 
18:38:38.571064 OFF flow>2500 srcPort>45009 dst>fd10:43:100::2/21300 
18:38:38.580835 SHUTDOWN flow>2501 srcPort>38439 dst>fd10:43:100::2/21301 
18:38:38.581158 OFF flow>2501 srcPort>38439 dst>fd10:43:100::2/21301 
18:38:38.715043 SHUTDOWN flow>2502 srcPort>38025 dst>fd10:43:100::2/21302 
18:38:38.715404 OFF flow>2502 srcPort>38025 dst>fd10:43:100::2/21302 
18:38:39.709527 SHUTDOWN flow>2503 srcPort>40135 dst>fd10:43:100::2/21303 
18:38:39.709996 OFF flow>2503 srcPort>40135 dst>fd10:43:100::2/21303 
18:38:40.730431 SHUTDOWN flow>2504 srcPort>34987 dst>fd10:43:100::2/21304 
18:38:40.730927 OFF flow>2504 srcPort>34987 dst>fd10:43:100::2/21304 
18:38:40.789909 SHUTDOWN flow>2505 srcPort>41985 dst>fd10:43:100::2/21305 
18:38:40.790265 OFF flow>2505 srcPort>41985 dst>fd10:43:100::2/21305 
18:38:40.804611 SHUTDOWN flow>2506 srcPort>34103 dst>fd10:43:100::2/21306 
18:38:40.804978 OFF flow>2506 srcPort>34103 dst>fd10:43:100::2/21306 
18:38:40.805412 SHUTDOWN flow>2507 srcPort>40195 dst>fd10:43:100::2/21307 
18:38:40.805760 OFF flow>2507 srcPort>40195 dst>fd10:43:100::2/21307 
18:38:40.834142 SHUTDOWN flow>2508 srcPort>37027 dst>fd10:43:100::2/21308 
18:38:40.834499 OFF flow>2508 srcPort>37027 dst>fd10:43:100::2/21308 
18:38:40.859246 SHUTDOWN flow>2509 srcPort>46349 dst>fd10:43:100::2/21309 
18:38:40.859562 OFF flow>2509 srcPort>46349 dst>fd10:43:100::2/21309 
18:38:40.905461 SHUTDOWN flow>2510 srcPort>44887 dst>fd10:43:100::2/21310 
18:38:40.905797 OFF flow>2510 srcPort>44887 dst>fd10:43:100::2/21310 
18:38:40.961748 SHUTDOWN flow>2511 srcPort>43961 dst>fd10:43:100::2/21311 
18:38:40.962081 OFF flow>2511 srcPort>43961 dst>fd10:43:100::2/21311 
18:38:40.973857 SHUTDOWN flow>2512 srcPort>40567 dst>fd10:43:100::2/21312 
18:38:40.974205 OFF flow>2512 srcPort>40567 dst>fd10:43:100::2/21312 
18:38:41.015453 SHUTDOWN flow>2513 srcPort>41065 dst>fd10:43:100::2/21313 
18:38:41.015810 OFF flow>2513 srcPort>41065 dst>fd10:43:100::2/21313 
18:38:41.124206 SHUTDOWN flow>2514 srcPort>40337 dst>fd10:43:100::2/21314 
18:38:41.124537 OFF flow>2514 srcPort>40337 dst>fd10:43:100::2/21314 
18:38:41.469409 SHUTDOWN flow>2515 srcPort>45745 dst>fd10:43:100::2/21315 
18:38:41.469772 OFF flow>2515 srcPort>45745 dst>fd10:43:100::2/21315 
18:38:41.932603 ON flow>2520 srcPort>41613 dst>fd10:43:100::2/21320 
18:38:41.932860 CONNECT flow>2520 srcPort>41613 dst>fd10:43:100::2/21320 
18:38:41.937689 ON flow>2521 srcPort>41527 dst>fd10:43:100::2/21321 
18:38:41.937939 CONNECT flow>2521 srcPort>41527 dst>fd10:43:100::2/21321 
18:38:41.985476 ON flow>2522 srcPort>40067 dst>fd10:43:100::2/21322 
18:38:41.985719 CONNECT flow>2522 srcPort>40067 dst>fd10:43:100::2/21322 
18:38:42.025094 ON flow>2523 srcPort>44295 dst>fd10:43:100::2/21323 
18:38:42.025334 CONNECT flow>2523 srcPort>44295 dst>fd10:43:100::2/21323 
18:38:43.218116 SHUTDOWN flow>2516 srcPort>44373 dst>fd10:43:100::2/21316 
18:38:43.218523 OFF flow>2516 srcPort>44373 dst>fd10:43:100::2/21316 
18:38:43.223324 SHUTDOWN flow>2517 srcPort>39969 dst>fd10:43:100::2/21317 
18:38:43.223697 OFF flow>2517 srcPort>39969 dst>fd10:43:100::2/21317 
18:38:43.231829 SHUTDOWN flow>2518 srcPort>44837 dst>fd10:43:100::2/21318 
18:38:43.232133 OFF flow>2518 srcPort>44837 dst>fd10:43:100::2/21318 
18:38:43.255922 SHUTDOWN flow>2519 srcPort>35757 dst>fd10:43:100::2/21319 
18:38:43.256360 OFF flow>2519 srcPort>35757 dst>fd10:43:100::2/21319 
18:38:46.732239 SHUTDOWN flow>2520 srcPort>41613 dst>fd10:43:100::2/21320 
18:38:46.732661 OFF flow>2520 srcPort>41613 dst>fd10:43:100::2/21320 
18:38:46.737633 SHUTDOWN flow>2521 srcPort>41527 dst>fd10:43:100::2/21321 
18:38:46.737941 OFF flow>2521 srcPort>41527 dst>fd10:43:100::2/21321 
18:38:46.785357 SHUTDOWN flow>2522 srcPort>40067 dst>fd10:43:100::2/21322 
18:38:46.785694 OFF flow>2522 srcPort>40067 dst>fd10:43:100::2/21322 
18:38:46.825052 SHUTDOWN flow>2523 srcPort>44295 dst>fd10:43:100::2/21323 
18:38:46.825390 OFF flow>2523 srcPort>44295 dst>fd10:43:100::2/21323 
18:38:47.562456 ON flow>2524 srcPort>36259 dst>fd10:43:100::2/21324 
18:38:47.562717 CONNECT flow>2524 srcPort>36259 dst>fd10:43:100::2/21324 
18:38:47.930930 ON flow>2525 srcPort>44163 dst>fd10:43:100::2/21325 
18:38:47.931353 CONNECT flow>2525 srcPort>44163 dst>fd10:43:100::2/21325 
18:38:50.859489 ON flow>2526 srcPort>37153 dst>fd10:43:100::2/21326 
18:38:50.859770 CONNECT flow>2526 srcPort>37153 dst>fd10:43:100::2/21326 
18:38:50.921084 ON flow>2527 srcPort>36367 dst>fd10:43:100::2/21327 
18:38:50.921334 CONNECT flow>2527 srcPort>36367 dst>fd10:43:100::2/21327 
18:38:51.188760 ON flow>2528 srcPort>32895 dst>fd10:43:100::2/21328 
18:38:51.189080 CONNECT flow>2528 srcPort>32895 dst>fd10:43:100::2/21328 
18:38:51.282702 ON flow>2529 srcPort>35007 dst>fd10:43:100::2/21329 
18:38:51.282987 CONNECT flow>2529 srcPort>35007 dst>fd10:43:100::2/21329 
18:38:51.421600 ON flow>2530 srcPort>40131 dst>fd10:43:100::2/21330 
18:38:51.421855 CONNECT flow>2530 srcPort>40131 dst>fd10:43:100::2/21330 
18:38:51.440142 ON flow>2531 srcPort>41339 dst>fd10:43:100::2/21331 
18:38:51.440415 CONNECT flow>2531 srcPort>41339 dst>fd10:43:100::2/21331 
18:38:51.470297 ON flow>2532 srcPort>39493 dst>fd10:43:100::2/21332 
18:38:51.470544 CONNECT flow>2532 srcPort>39493 dst>fd10:43:100::2/21332 
18:38:51.488962 ON flow>2533 srcPort>46257 dst>fd10:43:100::2/21333 
18:38:51.489307 CONNECT flow>2533 srcPort>46257 dst>fd10:43:100::2/21333 
18:38:51.637117 ON flow>2534 srcPort>33485 dst>fd10:43:100::2/21334 
18:38:51.637368 CONNECT flow>2534 srcPort>33485 dst>fd10:43:100::2/21334 
18:38:51.675713 ON flow>2535 srcPort>34939 dst>fd10:43:100::2/21335 
18:38:51.675955 CONNECT flow>2535 srcPort>34939 dst>fd10:43:100::2/21335 
18:38:51.712533 ON flow>2536 srcPort>41427 dst>fd10:43:100::2/21336 
18:38:51.712807 CONNECT flow>2536 srcPort>41427 dst>fd10:43:100::2/21336 
18:38:51.736635 ON flow>2537 srcPort>43977 dst>fd10:43:100::2/21337 
18:38:51.736891 CONNECT flow>2537 srcPort>43977 dst>fd10:43:100::2/21337 
18:38:52.362333 SHUTDOWN flow>2524 srcPort>36259 dst>fd10:43:100::2/21324 
18:38:52.362985 OFF flow>2524 srcPort>36259 dst>fd10:43:100::2/21324 
18:38:52.730818 SHUTDOWN flow>2525 srcPort>44163 dst>fd10:43:100::2/21325 
18:38:52.731264 OFF flow>2525 srcPort>44163 dst>fd10:43:100::2/21325 
18:38:54.245509 SHUTDOWN flow>2003 srcPort>41465 dst>fd10:43:100::2/20002 
18:38:54.245591 SHUTDOWN flow>2004 srcPort>45411 dst>fd10:43:100::2/20003 
18:38:54.245644 SHUTDOWN flow>2002 srcPort>44855 dst>fd10:43:100::2/20001 
18:38:54.245692 SHUTDOWN flow>2001 srcPort>37223 dst>fd10:43:100::2/20000 
18:38:54.246139 OFF flow>2003 srcPort>41465 dst>fd10:43:100::2/20002 
18:38:54.246481 OFF flow>2004 srcPort>45411 dst>fd10:43:100::2/20003 
18:38:54.246562 OFF flow>2002 srcPort>44855 dst>fd10:43:100::2/20001 
18:38:54.246599 OFF flow>2001 srcPort>37223 dst>fd10:43:100::2/20000 
18:38:55.659206 SHUTDOWN flow>2526 srcPort>37153 dst>fd10:43:100::2/21326 
18:38:55.659575 OFF flow>2526 srcPort>37153 dst>fd10:43:100::2/21326 
18:38:55.721052 SHUTDOWN flow>2527 srcPort>36367 dst>fd10:43:100::2/21327 
18:38:55.721431 OFF flow>2527 srcPort>36367 dst>fd10:43:100::2/21327 
18:38:55.988637 SHUTDOWN flow>2528 srcPort>32895 dst>fd10:43:100::2/21328 
18:38:55.988959 OFF flow>2528 srcPort>32895 dst>fd10:43:100::2/21328 
18:38:56.082641 SHUTDOWN flow>2529 srcPort>35007 dst>fd10:43:100::2/21329 
18:38:56.083099 OFF flow>2529 srcPort>35007 dst>fd10:43:100::2/21329 
18:38:56.221427 SHUTDOWN flow>2530 srcPort>40131 dst>fd10:43:100::2/21330 
18:38:56.221875 OFF flow>2530 srcPort>40131 dst>fd10:43:100::2/21330 
18:38:56.240058 SHUTDOWN flow>2531 srcPort>41339 dst>fd10:43:100::2/21331 
18:38:56.240373 OFF flow>2531 srcPort>41339 dst>fd10:43:100::2/21331 
18:38:56.270271 SHUTDOWN flow>2532 srcPort>39493 dst>fd10:43:100::2/21332 
18:38:56.270639 OFF flow>2532 srcPort>39493 dst>fd10:43:100::2/21332 
18:38:56.288863 SHUTDOWN flow>2533 srcPort>46257 dst>fd10:43:100::2/21333 
18:38:56.289241 OFF flow>2533 srcPort>46257 dst>fd10:43:100::2/21333 
18:38:56.436968 SHUTDOWN flow>2534 srcPort>33485 dst>fd10:43:100::2/21334 
18:38:56.437385 OFF flow>2534 srcPort>33485 dst>fd10:43:100::2/21334 
18:38:56.475691 SHUTDOWN flow>2535 srcPort>34939 dst>fd10:43:100::2/21335 
18:38:56.476075 OFF flow>2535 srcPort>34939 dst>fd10:43:100::2/21335 
18:38:56.512472 SHUTDOWN flow>2536 srcPort>41427 dst>fd10:43:100::2/21336 
18:38:56.512841 OFF flow>2536 srcPort>41427 dst>fd10:43:100::2/21336 
18:38:56.536565 SHUTDOWN flow>2537 srcPort>43977 dst>fd10:43:100::2/21337 
18:38:56.536928 OFF flow>2537 srcPort>43977 dst>fd10:43:100::2/21337 
18:38:56.536978 STOP
