16:43:51.104287 START Mgen Version 5.1.1
16:43:51.104517 ON flow>2001 srcPort>46017 dst>fd10:43:100::2/20000 
16:43:51.105186 CONNECT flow>2001 srcPort>46017 dst>fd10:43:100::2/20000 
16:43:51.604381 ON flow>2002 srcPort>39791 dst>fd10:43:100::2/20001 
16:43:51.604829 CONNECT flow>2002 srcPort>39791 dst>fd10:43:100::2/20001 
16:43:52.104381 ON flow>2003 srcPort>33541 dst>fd10:43:100::2/20002 
16:43:52.104753 CONNECT flow>2003 srcPort>33541 dst>fd10:43:100::2/20002 
16:43:52.604432 ON flow>2004 srcPort>36521 dst>fd10:43:100::2/20003 
16:43:52.604782 CONNECT flow>2004 srcPort>36521 dst>fd10:43:100::2/20003 
16:43:56.846152 ON flow>2200 srcPort>46779 dst>fd10:43:100::2/21000 
16:43:56.846539 CONNECT flow>2200 srcPort>46779 dst>fd10:43:100::2/21000 
16:43:56.989884 ON flow>2201 srcPort>39223 dst>fd10:43:100::2/21001 
16:43:56.990167 CONNECT flow>2201 srcPort>39223 dst>fd10:43:100::2/21001 
16:43:57.091293 ON flow>2202 srcPort>42579 dst>fd10:43:100::2/21002 
16:43:57.091560 CONNECT flow>2202 srcPort>42579 dst>fd10:43:100::2/21002 
16:43:57.293797 ON flow>2203 srcPort>39589 dst>fd10:43:100::2/21003 
16:43:57.294078 CONNECT flow>2203 srcPort>39589 dst>fd10:43:100::2/21003 
16:43:58.108134 ON flow>2204 srcPort>34997 dst>fd10:43:100::2/21004 
16:43:58.108447 CONNECT flow>2204 srcPort>34997 dst>fd10:43:100::2/21004 
16:43:58.252505 ON flow>2205 srcPort>32985 dst>fd10:43:100::2/21005 
16:43:58.252771 CONNECT flow>2205 srcPort>32985 dst>fd10:43:100::2/21005 
16:43:58.320687 ON flow>2206 srcPort>35289 dst>fd10:43:100::2/21006 
16:43:58.320974 CONNECT flow>2206 srcPort>35289 dst>fd10:43:100::2/21006 
16:43:58.351929 ON flow>2207 srcPort>38305 dst>fd10:43:100::2/21007 
16:43:58.352226 CONNECT flow>2207 srcPort>38305 dst>fd10:43:100::2/21007 
16:43:59.058392 ON flow>2208 srcPort>33577 dst>fd10:43:100::2/21008 
16:43:59.058697 CONNECT flow>2208 srcPort>33577 dst>fd10:43:100::2/21008 
16:43:59.286501 ON flow>2209 srcPort>43769 dst>fd10:43:100::2/21009 
16:43:59.286731 CONNECT flow>2209 srcPort>43769 dst>fd10:43:100::2/21009 
16:43:59.950760 ON flow>2210 srcPort>36545 dst>fd10:43:100::2/21010 
16:43:59.951000 CONNECT flow>2210 srcPort>36545 dst>fd10:43:100::2/21010 
16:44:00.050493 ON flow>2211 srcPort>32825 dst>fd10:43:100::2/21011 
16:44:00.050764 CONNECT flow>2211 srcPort>32825 dst>fd10:43:100::2/21011 
16:44:00.279964 ON flow>2212 srcPort>46291 dst>fd10:43:100::2/21012 
16:44:00.280245 CONNECT flow>2212 srcPort>46291 dst>fd10:43:100::2/21012 
16:44:01.011242 ON flow>2213 srcPort>44673 dst>fd10:43:100::2/21013 
16:44:01.011489 CONNECT flow>2213 srcPort>44673 dst>fd10:43:100::2/21013 
16:44:01.058360 ON flow>2214 srcPort>33127 dst>fd10:43:100::2/21014 
16:44:01.058610 CONNECT flow>2214 srcPort>33127 dst>fd10:43:100::2/21014 
16:44:01.061110 ON flow>2215 srcPort>38033 dst>fd10:43:100::2/21015 
16:44:01.061361 CONNECT flow>2215 srcPort>38033 dst>fd10:43:100::2/21015 
16:44:01.209333 ON flow>2216 srcPort>34423 dst>fd10:43:100::2/21016 
16:44:01.209640 CONNECT flow>2216 srcPort>34423 dst>fd10:43:100::2/21016 
16:44:01.267181 ON flow>2217 srcPort>41971 dst>fd10:43:100::2/21017 
16:44:01.267437 CONNECT flow>2217 srcPort>41971 dst>fd10:43:100::2/21017 
16:44:01.315259 ON flow>2218 srcPort>43683 dst>fd10:43:100::2/21018 
16:44:01.315573 CONNECT flow>2218 srcPort>43683 dst>fd10:43:100::2/21018 
16:44:01.360643 ON flow>2219 srcPort>44515 dst>fd10:43:100::2/21019 
16:44:01.360894 CONNECT flow>2219 srcPort>44515 dst>fd10:43:100::2/21019 
16:44:01.384633 ON flow>2220 srcPort>42955 dst>fd10:43:100::2/21020 
16:44:01.384906 CONNECT flow>2220 srcPort>42955 dst>fd10:43:100::2/21020 
16:44:01.464037 ON flow>2221 srcPort>38185 dst>fd10:43:100::2/21021 
16:44:01.464266 CONNECT flow>2221 srcPort>38185 dst>fd10:43:100::2/21021 
16:44:01.587542 ON flow>2222 srcPort>39051 dst>fd10:43:100::2/21022 
16:44:01.587889 CONNECT flow>2222 srcPort>39051 dst>fd10:43:100::2/21022 
16:44:01.646057 SHUTDOWN flow>2200 srcPort>46779 dst>fd10:43:100::2/21000 
16:44:01.646651 OFF flow>2200 srcPort>46779 dst>fd10:43:100::2/21000 
16:44:01.771071 ON flow>2223 srcPort>39147 dst>fd10:43:100::2/21023 
16:44:01.771398 CONNECT flow>2223 srcPort>39147 dst>fd10:43:100::2/21023 
16:44:01.789850 SHUTDOWN flow>2201 srcPort>39223 dst>fd10:43:100::2/21001 
16:44:01.790200 OFF flow>2201 srcPort>39223 dst>fd10:43:100::2/21001 
16:44:01.891257 SHUTDOWN flow>2202 srcPort>42579 dst>fd10:43:100::2/21002 
16:44:01.891604 OFF flow>2202 srcPort>42579 dst>fd10:43:100::2/21002 
16:44:01.972651 ON flow>2224 srcPort>42711 dst>fd10:43:100::2/21024 
16:44:01.972911 CONNECT flow>2224 srcPort>42711 dst>fd10:43:100::2/21024 
16:44:02.093757 SHUTDOWN flow>2203 srcPort>39589 dst>fd10:43:100::2/21003 
16:44:02.094078 OFF flow>2203 srcPort>39589 dst>fd10:43:100::2/21003 
16:44:02.106300 ON flow>2225 srcPort>33339 dst>fd10:43:100::2/21025 
16:44:02.106559 CONNECT flow>2225 srcPort>33339 dst>fd10:43:100::2/21025 
16:44:02.145341 ON flow>2226 srcPort>41151 dst>fd10:43:100::2/21026 
16:44:02.145566 CONNECT flow>2226 srcPort>41151 dst>fd10:43:100::2/21026 
16:44:02.147616 ON flow>2227 srcPort>35349 dst>fd10:43:100::2/21027 
16:44:02.147891 CONNECT flow>2227 srcPort>35349 dst>fd10:43:100::2/21027 
16:44:02.186221 ON flow>2228 srcPort>38321 dst>fd10:43:100::2/21028 
16:44:02.186495 CONNECT flow>2228 srcPort>38321 dst>fd10:43:100::2/21028 
16:44:02.317859 ON flow>2229 srcPort>40783 dst>fd10:43:100::2/21029 
16:44:02.318120 CONNECT flow>2229 srcPort>40783 dst>fd10:43:100::2/21029 
16:44:02.400964 ON flow>2230 srcPort>37219 dst>fd10:43:100::2/21030 
16:44:02.401207 CONNECT flow>2230 srcPort>37219 dst>fd10:43:100::2/21030 
16:44:02.405054 ON flow>2231 srcPort>36925 dst>fd10:43:100::2/21031 
16:44:02.405276 CONNECT flow>2231 srcPort>36925 dst>fd10:43:100::2/21031 
16:44:02.908052 SHUTDOWN flow>2204 srcPort>34997 dst>fd10:43:100::2/21004 
16:44:02.908425 OFF flow>2204 srcPort>34997 dst>fd10:43:100::2/21004 
16:44:03.052528 SHUTDOWN flow>2205 srcPort>32985 dst>fd10:43:100::2/21005 
16:44:03.053011 OFF flow>2205 srcPort>32985 dst>fd10:43:100::2/21005 
16:44:03.120663 SHUTDOWN flow>2206 srcPort>35289 dst>fd10:43:100::2/21006 
16:44:03.121002 OFF flow>2206 srcPort>35289 dst>fd10:43:100::2/21006 
16:44:03.151749 SHUTDOWN flow>2207 srcPort>38305 dst>fd10:43:100::2/21007 
16:44:03.152034 OFF flow>2207 srcPort>38305 dst>fd10:43:100::2/21007 
16:44:03.380295 ON flow>2232 srcPort>43833 dst>fd10:43:100::2/21032 
16:44:03.381019 CONNECT flow>2232 srcPort>43833 dst>fd10:43:100::2/21032 
16:44:03.402979 ON flow>2233 srcPort>39547 dst>fd10:43:100::2/21033 
16:44:03.403209 CONNECT flow>2233 srcPort>39547 dst>fd10:43:100::2/21033 
16:44:03.424764 ON flow>2234 srcPort>43645 dst>fd10:43:100::2/21034 
16:44:03.425021 CONNECT flow>2234 srcPort>43645 dst>fd10:43:100::2/21034 
16:44:03.521784 ON flow>2235 srcPort>33895 dst>fd10:43:100::2/21035 
16:44:03.522046 CONNECT flow>2235 srcPort>33895 dst>fd10:43:100::2/21035 
16:44:03.684986 ON flow>2236 srcPort>46331 dst>fd10:43:100::2/21036 
16:44:03.685236 CONNECT flow>2236 srcPort>46331 dst>fd10:43:100::2/21036 
16:44:03.723133 ON flow>2237 srcPort>37555 dst>fd10:43:100::2/21037 
16:44:03.723383 CONNECT flow>2237 srcPort>37555 dst>fd10:43:100::2/21037 
16:44:03.858253 SHUTDOWN flow>2208 srcPort>33577 dst>fd10:43:100::2/21008 
16:44:03.858583 OFF flow>2208 srcPort>33577 dst>fd10:43:100::2/21008 
16:44:03.997971 ON flow>2238 srcPort>36701 dst>fd10:43:100::2/21038 
16:44:03.998259 CONNECT flow>2238 srcPort>36701 dst>fd10:43:100::2/21038 
16:44:04.055309 ON flow>2239 srcPort>36595 dst>fd10:43:100::2/21039 
16:44:04.055602 CONNECT flow>2239 srcPort>36595 dst>fd10:43:100::2/21039 
16:44:04.086411 SHUTDOWN flow>2209 srcPort>43769 dst>fd10:43:100::2/21009 
16:44:04.086804 OFF flow>2209 srcPort>43769 dst>fd10:43:100::2/21009 
16:44:04.682351 ON flow>2240 srcPort>40339 dst>fd10:43:100::2/21040 
16:44:04.682580 CONNECT flow>2240 srcPort>40339 dst>fd10:43:100::2/21040 
16:44:04.736143 ON flow>2241 srcPort>40859 dst>fd10:43:100::2/21041 
16:44:04.736369 CONNECT flow>2241 srcPort>40859 dst>fd10:43:100::2/21041 
16:44:04.750726 SHUTDOWN flow>2210 srcPort>36545 dst>fd10:43:100::2/21010 
16:44:04.751209 OFF flow>2210 srcPort>36545 dst>fd10:43:100::2/21010 
16:44:04.850441 SHUTDOWN flow>2211 srcPort>32825 dst>fd10:43:100::2/21011 
16:44:04.850772 OFF flow>2211 srcPort>32825 dst>fd10:43:100::2/21011 
16:44:05.079687 SHUTDOWN flow>2212 srcPort>46291 dst>fd10:43:100::2/21012 
16:44:05.080091 OFF flow>2212 srcPort>46291 dst>fd10:43:100::2/21012 
16:44:05.692446 ON flow>2242 srcPort>37871 dst>fd10:43:100::2/21042 
16:44:05.692711 CONNECT flow>2242 srcPort>37871 dst>fd10:43:100::2/21042 
16:44:05.742340 ON flow>2243 srcPort>40549 dst>fd10:43:100::2/21043 
16:44:05.743043 CONNECT flow>2243 srcPort>40549 dst>fd10:43:100::2/21043 
16:44:05.754514 ON flow>2244 srcPort>35057 dst>fd10:43:100::2/21044 
16:44:05.754770 CONNECT flow>2244 srcPort>35057 dst>fd10:43:100::2/21044 
16:44:05.811225 SHUTDOWN flow>2213 srcPort>44673 dst>fd10:43:100::2/21013 
16:44:05.811774 OFF flow>2213 srcPort>44673 dst>fd10:43:100::2/21013 
16:44:05.858306 SHUTDOWN flow>2214 srcPort>33127 dst>fd10:43:100::2/21014 
16:44:05.858720 OFF flow>2214 srcPort>33127 dst>fd10:43:100::2/21014 
16:44:05.861077 SHUTDOWN flow>2215 srcPort>38033 dst>fd10:43:100::2/21015 
16:44:05.861351 OFF flow>2215 srcPort>38033 dst>fd10:43:100::2/21015 
16:44:06.009295 SHUTDOWN flow>2216 srcPort>34423 dst>fd10:43:100::2/21016 
16:44:06.009633 OFF flow>2216 srcPort>34423 dst>fd10:43:100::2/21016 
16:44:06.067103 SHUTDOWN flow>2217 srcPort>41971 dst>fd10:43:100::2/21017 
16:44:06.067407 OFF flow>2217 srcPort>41971 dst>fd10:43:100::2/21017 
16:44:06.115199 SHUTDOWN flow>2218 srcPort>43683 dst>fd10:43:100::2/21018 
16:44:06.115567 OFF flow>2218 srcPort>43683 dst>fd10:43:100::2/21018 
16:44:06.160614 SHUTDOWN flow>2219 srcPort>44515 dst>fd10:43:100::2/21019 
16:44:06.160908 OFF flow>2219 srcPort>44515 dst>fd10:43:100::2/21019 
16:44:06.184608 SHUTDOWN flow>2220 srcPort>42955 dst>fd10:43:100::2/21020 
16:44:06.184948 OFF flow>2220 srcPort>42955 dst>fd10:43:100::2/21020 
16:44:06.244842 ON flow>2245 srcPort>37103 dst>fd10:43:100::2/21045 
16:44:06.245057 CONNECT flow>2245 srcPort>37103 dst>fd10:43:100::2/21045 
16:44:06.264002 SHUTDOWN flow>2221 srcPort>38185 dst>fd10:43:100::2/21021 
16:44:06.264381 OFF flow>2221 srcPort>38185 dst>fd10:43:100::2/21021 
16:44:06.315543 ON flow>2246 srcPort>35119 dst>fd10:43:100::2/21046 
16:44:06.315787 CONNECT flow>2246 srcPort>35119 dst>fd10:43:100::2/21046 
16:44:06.338219 ON flow>2247 srcPort>38757 dst>fd10:43:100::2/21047 
16:44:06.338486 CONNECT flow>2247 srcPort>38757 dst>fd10:43:100::2/21047 
16:44:06.385251 ON flow>2248 srcPort>36477 dst>fd10:43:100::2/21048 
16:44:06.385538 CONNECT flow>2248 srcPort>36477 dst>fd10:43:100::2/21048 
16:44:06.387506 SHUTDOWN flow>2222 srcPort>39051 dst>fd10:43:100::2/21022 
16:44:06.387828 OFF flow>2222 srcPort>39051 dst>fd10:43:100::2/21022 
16:44:06.436184 ON flow>2249 srcPort>34679 dst>fd10:43:100::2/21049 
16:44:06.436554 CONNECT flow>2249 srcPort>34679 dst>fd10:43:100::2/21049 
16:44:06.571003 SHUTDOWN flow>2223 srcPort>39147 dst>fd10:43:100::2/21023 
16:44:06.571560 OFF flow>2223 srcPort>39147 dst>fd10:43:100::2/21023 
16:44:06.772616 SHUTDOWN flow>2224 srcPort>42711 dst>fd10:43:100::2/21024 
16:44:06.772983 OFF flow>2224 srcPort>42711 dst>fd10:43:100::2/21024 
16:44:06.906270 SHUTDOWN flow>2225 srcPort>33339 dst>fd10:43:100::2/21025 
16:44:06.906622 OFF flow>2225 srcPort>33339 dst>fd10:43:100::2/21025 
16:44:06.945287 SHUTDOWN flow>2226 srcPort>41151 dst>fd10:43:100::2/21026 
16:44:06.945579 OFF flow>2226 srcPort>41151 dst>fd10:43:100::2/21026 
16:44:06.947585 SHUTDOWN flow>2227 srcPort>35349 dst>fd10:43:100::2/21027 
16:44:06.947876 OFF flow>2227 srcPort>35349 dst>fd10:43:100::2/21027 
16:44:06.986187 SHUTDOWN flow>2228 srcPort>38321 dst>fd10:43:100::2/21028 
16:44:06.986479 OFF flow>2228 srcPort>38321 dst>fd10:43:100::2/21028 
16:44:07.117809 SHUTDOWN flow>2229 srcPort>40783 dst>fd10:43:100::2/21029 
16:44:07.118165 OFF flow>2229 srcPort>40783 dst>fd10:43:100::2/21029 
16:44:07.197002 ON flow>2250 srcPort>34983 dst>fd10:43:100::2/21050 
16:44:07.197240 CONNECT flow>2250 srcPort>34983 dst>fd10:43:100::2/21050 
16:44:07.200890 SHUTDOWN flow>2230 srcPort>37219 dst>fd10:43:100::2/21030 
16:44:07.201238 OFF flow>2230 srcPort>37219 dst>fd10:43:100::2/21030 
16:44:07.204985 SHUTDOWN flow>2231 srcPort>36925 dst>fd10:43:100::2/21031 
16:44:07.205271 OFF flow>2231 srcPort>36925 dst>fd10:43:100::2/21031 
16:44:07.442857 ON flow>2251 srcPort>42059 dst>fd10:43:100::2/21051 
16:44:07.443132 CONNECT flow>2251 srcPort>42059 dst>fd10:43:100::2/21051 
16:44:07.525870 ON flow>2252 srcPort>43877 dst>fd10:43:100::2/21052 
16:44:07.526103 CONNECT flow>2252 srcPort>43877 dst>fd10:43:100::2/21052 
16:44:07.546848 ON flow>2253 srcPort>41573 dst>fd10:43:100::2/21053 
16:44:07.547083 CONNECT flow>2253 srcPort>41573 dst>fd10:43:100::2/21053 
16:44:07.556944 ON flow>2254 srcPort>39575 dst>fd10:43:100::2/21054 
16:44:07.557241 CONNECT flow>2254 srcPort>39575 dst>fd10:43:100::2/21054 
16:44:07.702772 ON flow>2255 srcPort>32981 dst>fd10:43:100::2/21055 
16:44:07.703016 CONNECT flow>2255 srcPort>32981 dst>fd10:43:100::2/21055 
16:44:07.775517 ON flow>2256 srcPort>39107 dst>fd10:43:100::2/21056 
16:44:07.775783 CONNECT flow>2256 srcPort>39107 dst>fd10:43:100::2/21056 
16:44:07.796348 ON flow>2257 srcPort>41571 dst>fd10:43:100::2/21057 
16:44:07.796615 CONNECT flow>2257 srcPort>41571 dst>fd10:43:100::2/21057 
16:44:07.838556 ON flow>2258 srcPort>38803 dst>fd10:43:100::2/21058 
16:44:07.838824 CONNECT flow>2258 srcPort>38803 dst>fd10:43:100::2/21058 
16:44:07.898000 ON flow>2259 srcPort>36089 dst>fd10:43:100::2/21059 
16:44:07.898367 CONNECT flow>2259 srcPort>36089 dst>fd10:43:100::2/21059 
16:44:07.924452 ON flow>2260 srcPort>46345 dst>fd10:43:100::2/21060 
16:44:07.924660 CONNECT flow>2260 srcPort>46345 dst>fd10:43:100::2/21060 
16:44:07.948864 ON flow>2261 srcPort>35547 dst>fd10:43:100::2/21061 
16:44:07.949213 CONNECT flow>2261 srcPort>35547 dst>fd10:43:100::2/21061 
16:44:07.999458 ON flow>2262 srcPort>46133 dst>fd10:43:100::2/21062 
16:44:07.999916 CONNECT flow>2262 srcPort>46133 dst>fd10:43:100::2/21062 
16:44:08.180222 SHUTDOWN flow>2232 srcPort>43833 dst>fd10:43:100::2/21032 
16:44:08.180712 OFF flow>2232 srcPort>43833 dst>fd10:43:100::2/21032 
16:44:08.183895 ON flow>2263 srcPort>41639 dst>fd10:43:100::2/21063 
16:44:08.184146 CONNECT flow>2263 srcPort>41639 dst>fd10:43:100::2/21063 
16:44:08.202932 SHUTDOWN flow>2233 srcPort>39547 dst>fd10:43:100::2/21033 
16:44:08.203379 OFF flow>2233 srcPort>39547 dst>fd10:43:100::2/21033 
16:44:08.224730 SHUTDOWN flow>2234 srcPort>43645 dst>fd10:43:100::2/21034 
16:44:08.225170 OFF flow>2234 srcPort>43645 dst>fd10:43:100::2/21034 
16:44:08.289698 ON flow>2264 srcPort>43855 dst>fd10:43:100::2/21064 
16:44:08.289948 CONNECT flow>2264 srcPort>43855 dst>fd10:43:100::2/21064 
16:44:08.321736 SHUTDOWN flow>2235 srcPort>33895 dst>fd10:43:100::2/21035 
16:44:08.322088 OFF flow>2235 srcPort>33895 dst>fd10:43:100::2/21035 
16:44:08.484952 SHUTDOWN flow>2236 srcPort>46331 dst>fd10:43:100::2/21036 
16:44:08.485371 OFF flow>2236 srcPort>46331 dst>fd10:43:100::2/21036 
16:44:08.523057 SHUTDOWN flow>2237 srcPort>37555 dst>fd10:43:100::2/21037 
16:44:08.523382 OFF flow>2237 srcPort>37555 dst>fd10:43:100::2/21037 
16:44:08.797855 SHUTDOWN flow>2238 srcPort>36701 dst>fd10:43:100::2/21038 
16:44:08.798518 OFF flow>2238 srcPort>36701 dst>fd10:43:100::2/21038 
16:44:08.855255 SHUTDOWN flow>2239 srcPort>36595 dst>fd10:43:100::2/21039 
16:44:08.855539 OFF flow>2239 srcPort>36595 dst>fd10:43:100::2/21039 
16:44:09.482277 SHUTDOWN flow>2240 srcPort>40339 dst>fd10:43:100::2/21040 
16:44:09.482718 OFF flow>2240 srcPort>40339 dst>fd10:43:100::2/21040 
16:44:09.535872 SHUTDOWN flow>2241 srcPort>40859 dst>fd10:43:100::2/21041 
16:44:09.536246 OFF flow>2241 srcPort>40859 dst>fd10:43:100::2/21041 
16:44:10.166041 ON flow>2265 srcPort>39237 dst>fd10:43:100::2/21065 
16:44:10.166310 CONNECT flow>2265 srcPort>39237 dst>fd10:43:100::2/21065 
16:44:10.399922 ON flow>2266 srcPort>35411 dst>fd10:43:100::2/21066 
16:44:10.400186 CONNECT flow>2266 srcPort>35411 dst>fd10:43:100::2/21066 
16:44:10.492359 SHUTDOWN flow>2242 srcPort>37871 dst>fd10:43:100::2/21042 
16:44:10.492745 OFF flow>2242 srcPort>37871 dst>fd10:43:100::2/21042 
16:44:10.495982 ON flow>2267 srcPort>45361 dst>fd10:43:100::2/21067 
16:44:10.496257 CONNECT flow>2267 srcPort>45361 dst>fd10:43:100::2/21067 
16:44:10.496424 ON flow>2268 srcPort>42825 dst>fd10:43:100::2/21068 
16:44:10.496700 CONNECT flow>2268 srcPort>42825 dst>fd10:43:100::2/21068 
16:44:10.521727 ON flow>2269 srcPort>45337 dst>fd10:43:100::2/21069 
16:44:10.521984 CONNECT flow>2269 srcPort>45337 dst>fd10:43:100::2/21069 
16:44:10.526425 ON flow>2270 srcPort>45031 dst>fd10:43:100::2/21070 
16:44:10.526744 CONNECT flow>2270 srcPort>45031 dst>fd10:43:100::2/21070 
16:44:10.542264 SHUTDOWN flow>2243 srcPort>40549 dst>fd10:43:100::2/21043 
16:44:10.542663 OFF flow>2243 srcPort>40549 dst>fd10:43:100::2/21043 
16:44:10.554457 SHUTDOWN flow>2244 srcPort>35057 dst>fd10:43:100::2/21044 
16:44:10.554774 OFF flow>2244 srcPort>35057 dst>fd10:43:100::2/21044 
16:44:10.571043 ON flow>2271 srcPort>37945 dst>fd10:43:100::2/21071 
16:44:10.571301 CONNECT flow>2271 srcPort>37945 dst>fd10:43:100::2/21071 
16:44:10.591241 ON flow>2272 srcPort>44495 dst>fd10:43:100::2/21072 
16:44:10.591589 CONNECT flow>2272 srcPort>44495 dst>fd10:43:100::2/21072 
16:44:10.592434 ON flow>2273 srcPort>36881 dst>fd10:43:100::2/21073 
16:44:10.592639 CONNECT flow>2273 srcPort>36881 dst>fd10:43:100::2/21073 
16:44:10.634132 ON flow>2274 srcPort>42175 dst>fd10:43:100::2/21074 
16:44:10.634359 CONNECT flow>2274 srcPort>42175 dst>fd10:43:100::2/21074 
16:44:10.755851 ON flow>2275 srcPort>36461 dst>fd10:43:100::2/21075 
16:44:10.756130 CONNECT flow>2275 srcPort>36461 dst>fd10:43:100::2/21075 
16:44:10.801744 ON flow>2276 srcPort>45599 dst>fd10:43:100::2/21076 
16:44:10.802009 CONNECT flow>2276 srcPort>45599 dst>fd10:43:100::2/21076 
16:44:10.925552 ON flow>2277 srcPort>45797 dst>fd10:43:100::2/21077 
16:44:10.925852 CONNECT flow>2277 srcPort>45797 dst>fd10:43:100::2/21077 
16:44:10.988281 ON flow>2278 srcPort>36375 dst>fd10:43:100::2/21078 
16:44:10.988569 CONNECT flow>2278 srcPort>36375 dst>fd10:43:100::2/21078 
16:44:10.998136 ON flow>2279 srcPort>42055 dst>fd10:43:100::2/21079 
16:44:10.998411 CONNECT flow>2279 srcPort>42055 dst>fd10:43:100::2/21079 
16:44:11.044796 SHUTDOWN flow>2245 srcPort>37103 dst>fd10:43:100::2/21045 
16:44:11.045129 OFF flow>2245 srcPort>37103 dst>fd10:43:100::2/21045 
16:44:11.115504 SHUTDOWN flow>2246 srcPort>35119 dst>fd10:43:100::2/21046 
16:44:11.115863 OFF flow>2246 srcPort>35119 dst>fd10:43:100::2/21046 
16:44:11.138190 SHUTDOWN flow>2247 srcPort>38757 dst>fd10:43:100::2/21047 
16:44:11.138531 OFF flow>2247 srcPort>38757 dst>fd10:43:100::2/21047 
16:44:11.185192 SHUTDOWN flow>2248 srcPort>36477 dst>fd10:43:100::2/21048 
16:44:11.185524 OFF flow>2248 srcPort>36477 dst>fd10:43:100::2/21048 
16:44:11.236098 SHUTDOWN flow>2249 srcPort>34679 dst>fd10:43:100::2/21049 
16:44:11.236429 OFF flow>2249 srcPort>34679 dst>fd10:43:100::2/21049 
16:44:11.606417 ON flow>2280 srcPort>38919 dst>fd10:43:100::2/21080 
16:44:11.606661 CONNECT flow>2280 srcPort>38919 dst>fd10:43:100::2/21080 
16:44:11.657155 ON flow>2281 srcPort>39875 dst>fd10:43:100::2/21081 
16:44:11.657493 CONNECT flow>2281 srcPort>39875 dst>fd10:43:100::2/21081 
16:44:11.996908 SHUTDOWN flow>2250 srcPort>34983 dst>fd10:43:100::2/21050 
16:44:11.997260 OFF flow>2250 srcPort>34983 dst>fd10:43:100::2/21050 
16:44:12.242815 SHUTDOWN flow>2251 srcPort>42059 dst>fd10:43:100::2/21051 
16:44:12.243417 OFF flow>2251 srcPort>42059 dst>fd10:43:100::2/21051 
16:44:12.325811 SHUTDOWN flow>2252 srcPort>43877 dst>fd10:43:100::2/21052 
16:44:12.326145 OFF flow>2252 srcPort>43877 dst>fd10:43:100::2/21052 
16:44:12.346815 SHUTDOWN flow>2253 srcPort>41573 dst>fd10:43:100::2/21053 
16:44:12.347115 OFF flow>2253 srcPort>41573 dst>fd10:43:100::2/21053 
16:44:12.356910 SHUTDOWN flow>2254 srcPort>39575 dst>fd10:43:100::2/21054 
16:44:12.357212 OFF flow>2254 srcPort>39575 dst>fd10:43:100::2/21054 
16:44:12.502715 SHUTDOWN flow>2255 srcPort>32981 dst>fd10:43:100::2/21055 
16:44:12.503033 OFF flow>2255 srcPort>32981 dst>fd10:43:100::2/21055 
16:44:12.575418 SHUTDOWN flow>2256 srcPort>39107 dst>fd10:43:100::2/21056 
16:44:12.575755 OFF flow>2256 srcPort>39107 dst>fd10:43:100::2/21056 
16:44:12.593093 ON flow>2282 srcPort>36221 dst>fd10:43:100::2/21082 
16:44:12.593443 CONNECT flow>2282 srcPort>36221 dst>fd10:43:100::2/21082 
16:44:12.596315 SHUTDOWN flow>2257 srcPort>41571 dst>fd10:43:100::2/21057 
16:44:12.596725 OFF flow>2257 srcPort>41571 dst>fd10:43:100::2/21057 
16:44:12.638573 SHUTDOWN flow>2258 srcPort>38803 dst>fd10:43:100::2/21058 
16:44:12.639289 OFF flow>2258 srcPort>38803 dst>fd10:43:100::2/21058 
16:44:12.697927 SHUTDOWN flow>2259 srcPort>36089 dst>fd10:43:100::2/21059 
16:44:12.698250 OFF flow>2259 srcPort>36089 dst>fd10:43:100::2/21059 
16:44:12.724423 SHUTDOWN flow>2260 srcPort>46345 dst>fd10:43:100::2/21060 
16:44:12.724888 OFF flow>2260 srcPort>46345 dst>fd10:43:100::2/21060 
16:44:12.748851 SHUTDOWN flow>2261 srcPort>35547 dst>fd10:43:100::2/21061 
16:44:12.749182 OFF flow>2261 srcPort>35547 dst>fd10:43:100::2/21061 
16:44:12.799422 SHUTDOWN flow>2262 srcPort>46133 dst>fd10:43:100::2/21062 
16:44:12.799729 OFF flow>2262 srcPort>46133 dst>fd10:43:100::2/21062 
16:44:12.917870 ON flow>2283 srcPort>44475 dst>fd10:43:100::2/21083 
16:44:12.918126 CONNECT flow>2283 srcPort>44475 dst>fd10:43:100::2/21083 
16:44:12.983798 SHUTDOWN flow>2263 srcPort>41639 dst>fd10:43:100::2/21063 
16:44:12.984447 OFF flow>2263 srcPort>41639 dst>fd10:43:100::2/21063 
16:44:13.026638 ON flow>2284 srcPort>44079 dst>fd10:43:100::2/21084 
16:44:13.026896 CONNECT flow>2284 srcPort>44079 dst>fd10:43:100::2/21084 
16:44:13.066494 ON flow>2285 srcPort>37483 dst>fd10:43:100::2/21085 
16:44:13.066983 CONNECT flow>2285 srcPort>37483 dst>fd10:43:100::2/21085 
16:44:13.089608 SHUTDOWN flow>2264 srcPort>43855 dst>fd10:43:100::2/21064 
16:44:13.089909 OFF flow>2264 srcPort>43855 dst>fd10:43:100::2/21064 
16:44:13.163817 ON flow>2286 srcPort>41241 dst>fd10:43:100::2/21086 
16:44:13.164052 CONNECT flow>2286 srcPort>41241 dst>fd10:43:100::2/21086 
16:44:13.223242 ON flow>2287 srcPort>36933 dst>fd10:43:100::2/21087 
16:44:13.223584 CONNECT flow>2287 srcPort>36933 dst>fd10:43:100::2/21087 
16:44:13.263571 ON flow>2288 srcPort>38469 dst>fd10:43:100::2/21088 
16:44:13.263858 CONNECT flow>2288 srcPort>38469 dst>fd10:43:100::2/21088 
16:44:13.287880 ON flow>2289 srcPort>45787 dst>fd10:43:100::2/21089 
16:44:13.288137 CONNECT flow>2289 srcPort>45787 dst>fd10:43:100::2/21089 
16:44:14.347613 ON flow>2290 srcPort>42737 dst>fd10:43:100::2/21090 
16:44:14.347865 CONNECT flow>2290 srcPort>42737 dst>fd10:43:100::2/21090 
16:44:14.375374 ON flow>2291 srcPort>43375 dst>fd10:43:100::2/21091 
16:44:14.375612 CONNECT flow>2291 srcPort>43375 dst>fd10:43:100::2/21091 
16:44:14.389244 ON flow>2292 srcPort>44243 dst>fd10:43:100::2/21092 
16:44:14.389532 CONNECT flow>2292 srcPort>44243 dst>fd10:43:100::2/21092 
16:44:14.966065 SHUTDOWN flow>2265 srcPort>39237 dst>fd10:43:100::2/21065 
16:44:14.966919 OFF flow>2265 srcPort>39237 dst>fd10:43:100::2/21065 
16:44:15.199587 SHUTDOWN flow>2266 srcPort>35411 dst>fd10:43:100::2/21066 
16:44:15.200040 OFF flow>2266 srcPort>35411 dst>fd10:43:100::2/21066 
16:44:15.295683 SHUTDOWN flow>2267 srcPort>45361 dst>fd10:43:100::2/21067 
16:44:15.296137 OFF flow>2267 srcPort>45361 dst>fd10:43:100::2/21067 
16:44:15.296377 SHUTDOWN flow>2268 srcPort>42825 dst>fd10:43:100::2/21068 
16:44:15.296693 OFF flow>2268 srcPort>42825 dst>fd10:43:100::2/21068 
16:44:15.321685 SHUTDOWN flow>2269 srcPort>45337 dst>fd10:43:100::2/21069 
16:44:15.322014 OFF flow>2269 srcPort>45337 dst>fd10:43:100::2/21069 
16:44:15.326390 SHUTDOWN flow>2270 srcPort>45031 dst>fd10:43:100::2/21070 
16:44:15.326739 OFF flow>2270 srcPort>45031 dst>fd10:43:100::2/21070 
16:44:15.371008 SHUTDOWN flow>2271 srcPort>37945 dst>fd10:43:100::2/21071 
16:44:15.371316 OFF flow>2271 srcPort>37945 dst>fd10:43:100::2/21071 
16:44:15.391203 SHUTDOWN flow>2272 srcPort>44495 dst>fd10:43:100::2/21072 
16:44:15.391529 OFF flow>2272 srcPort>44495 dst>fd10:43:100::2/21072 
16:44:15.392393 SHUTDOWN flow>2273 srcPort>36881 dst>fd10:43:100::2/21073 
16:44:15.392703 OFF flow>2273 srcPort>36881 dst>fd10:43:100::2/21073 
16:44:15.434101 SHUTDOWN flow>2274 srcPort>42175 dst>fd10:43:100::2/21074 
16:44:15.434410 OFF flow>2274 srcPort>42175 dst>fd10:43:100::2/21074 
16:44:15.555801 SHUTDOWN flow>2275 srcPort>36461 dst>fd10:43:100::2/21075 
16:44:15.556100 OFF flow>2275 srcPort>36461 dst>fd10:43:100::2/21075 
16:44:15.601703 SHUTDOWN flow>2276 srcPort>45599 dst>fd10:43:100::2/21076 
16:44:15.602035 OFF flow>2276 srcPort>45599 dst>fd10:43:100::2/21076 
16:44:15.725527 SHUTDOWN flow>2277 srcPort>45797 dst>fd10:43:100::2/21077 
16:44:15.725864 OFF flow>2277 srcPort>45797 dst>fd10:43:100::2/21077 
16:44:15.788224 SHUTDOWN flow>2278 srcPort>36375 dst>fd10:43:100::2/21078 
16:44:15.788694 OFF flow>2278 srcPort>36375 dst>fd10:43:100::2/21078 
16:44:15.798104 SHUTDOWN flow>2279 srcPort>42055 dst>fd10:43:100::2/21079 
16:44:15.798444 OFF flow>2279 srcPort>42055 dst>fd10:43:100::2/21079 
16:44:16.318799 ON flow>2293 srcPort>38389 dst>fd10:43:100::2/21093 
16:44:16.319054 CONNECT flow>2293 srcPort>38389 dst>fd10:43:100::2/21093 
16:44:16.365874 ON flow>2294 srcPort>44231 dst>fd10:43:100::2/21094 
16:44:16.366155 CONNECT flow>2294 srcPort>44231 dst>fd10:43:100::2/21094 
16:44:16.370757 ON flow>2295 srcPort>41265 dst>fd10:43:100::2/21095 
16:44:16.371166 CONNECT flow>2295 srcPort>41265 dst>fd10:43:100::2/21095 
16:44:16.406325 SHUTDOWN flow>2280 srcPort>38919 dst>fd10:43:100::2/21080 
16:44:16.406737 OFF flow>2280 srcPort>38919 dst>fd10:43:100::2/21080 
16:44:16.457107 SHUTDOWN flow>2281 srcPort>39875 dst>fd10:43:100::2/21081 
16:44:16.457438 OFF flow>2281 srcPort>39875 dst>fd10:43:100::2/21081 
16:44:16.522385 ON flow>2296 srcPort>40987 dst>fd10:43:100::2/21096 
16:44:16.522672 CONNECT flow>2296 srcPort>40987 dst>fd10:43:100::2/21096 
16:44:17.393005 SHUTDOWN flow>2282 srcPort>36221 dst>fd10:43:100::2/21082 
16:44:17.393359 OFF flow>2282 srcPort>36221 dst>fd10:43:100::2/21082 
16:44:17.717813 SHUTDOWN flow>2283 srcPort>44475 dst>fd10:43:100::2/21083 
16:44:17.718166 OFF flow>2283 srcPort>44475 dst>fd10:43:100::2/21083 
16:44:17.826633 SHUTDOWN flow>2284 srcPort>44079 dst>fd10:43:100::2/21084 
16:44:17.827015 OFF flow>2284 srcPort>44079 dst>fd10:43:100::2/21084 
16:44:17.866405 SHUTDOWN flow>2285 srcPort>37483 dst>fd10:43:100::2/21085 
16:44:17.866713 OFF flow>2285 srcPort>37483 dst>fd10:43:100::2/21085 
16:44:17.963711 SHUTDOWN flow>2286 srcPort>41241 dst>fd10:43:100::2/21086 
16:44:17.964093 OFF flow>2286 srcPort>41241 dst>fd10:43:100::2/21086 
16:44:18.023217 SHUTDOWN flow>2287 srcPort>36933 dst>fd10:43:100::2/21087 
16:44:18.023533 OFF flow>2287 srcPort>36933 dst>fd10:43:100::2/21087 
16:44:18.063525 SHUTDOWN flow>2288 srcPort>38469 dst>fd10:43:100::2/21088 
16:44:18.063922 OFF flow>2288 srcPort>38469 dst>fd10:43:100::2/21088 
16:44:18.087812 SHUTDOWN flow>2289 srcPort>45787 dst>fd10:43:100::2/21089 
16:44:18.088145 OFF flow>2289 srcPort>45787 dst>fd10:43:100::2/21089 
16:44:19.147506 SHUTDOWN flow>2290 srcPort>42737 dst>fd10:43:100::2/21090 
16:44:19.147893 OFF flow>2290 srcPort>42737 dst>fd10:43:100::2/21090 
16:44:19.153014 ON flow>2297 srcPort>43065 dst>fd10:43:100::2/21097 
16:44:19.153305 CONNECT flow>2297 srcPort>43065 dst>fd10:43:100::2/21097 
16:44:19.175307 SHUTDOWN flow>2291 srcPort>43375 dst>fd10:43:100::2/21091 
16:44:19.175680 OFF flow>2291 srcPort>43375 dst>fd10:43:100::2/21091 
16:44:19.189206 SHUTDOWN flow>2292 srcPort>44243 dst>fd10:43:100::2/21092 
16:44:19.189551 OFF flow>2292 srcPort>44243 dst>fd10:43:100::2/21092 
16:44:19.529425 ON flow>2298 srcPort>45833 dst>fd10:43:100::2/21098 
16:44:19.529658 CONNECT flow>2298 srcPort>45833 dst>fd10:43:100::2/21098 
16:44:19.614182 ON flow>2299 srcPort>44773 dst>fd10:43:100::2/21099 
16:44:19.614436 CONNECT flow>2299 srcPort>44773 dst>fd10:43:100::2/21099 
16:44:19.693785 ON flow>2300 srcPort>43433 dst>fd10:43:100::2/21100 
16:44:19.694056 CONNECT flow>2300 srcPort>43433 dst>fd10:43:100::2/21100 
16:44:20.340270 ON flow>2301 srcPort>36951 dst>fd10:43:100::2/21101 
16:44:20.340564 CONNECT flow>2301 srcPort>36951 dst>fd10:43:100::2/21101 
16:44:20.573688 ON flow>2302 srcPort>43489 dst>fd10:43:100::2/21102 
16:44:20.573952 CONNECT flow>2302 srcPort>43489 dst>fd10:43:100::2/21102 
16:44:21.118723 SHUTDOWN flow>2293 srcPort>38389 dst>fd10:43:100::2/21093 
16:44:21.119189 OFF flow>2293 srcPort>38389 dst>fd10:43:100::2/21093 
16:44:21.165840 SHUTDOWN flow>2294 srcPort>44231 dst>fd10:43:100::2/21094 
16:44:21.166196 OFF flow>2294 srcPort>44231 dst>fd10:43:100::2/21094 
16:44:21.170712 SHUTDOWN flow>2295 srcPort>41265 dst>fd10:43:100::2/21095 
16:44:21.171050 OFF flow>2295 srcPort>41265 dst>fd10:43:100::2/21095 
16:44:21.322327 SHUTDOWN flow>2296 srcPort>40987 dst>fd10:43:100::2/21096 
16:44:21.322708 OFF flow>2296 srcPort>40987 dst>fd10:43:100::2/21096 
16:44:23.251056 ON flow>2303 srcPort>39249 dst>fd10:43:100::2/21103 
16:44:23.251396 CONNECT flow>2303 srcPort>39249 dst>fd10:43:100::2/21103 
16:44:23.357681 ON flow>2304 srcPort>39149 dst>fd10:43:100::2/21104 
16:44:23.357925 CONNECT flow>2304 srcPort>39149 dst>fd10:43:100::2/21104 
16:44:23.363344 ON flow>2305 srcPort>42273 dst>fd10:43:100::2/21105 
16:44:23.363613 CONNECT flow>2305 srcPort>42273 dst>fd10:43:100::2/21105 
16:44:23.525350 ON flow>2306 srcPort>38427 dst>fd10:43:100::2/21106 
16:44:23.525608 CONNECT flow>2306 srcPort>38427 dst>fd10:43:100::2/21106 
16:44:23.533739 ON flow>2307 srcPort>33515 dst>fd10:43:100::2/21107 
16:44:23.534007 CONNECT flow>2307 srcPort>33515 dst>fd10:43:100::2/21107 
16:44:23.537552 ON flow>2308 srcPort>42447 dst>fd10:43:100::2/21108 
16:44:23.537844 CONNECT flow>2308 srcPort>42447 dst>fd10:43:100::2/21108 
16:44:23.686758 ON flow>2309 srcPort>34077 dst>fd10:43:100::2/21109 
16:44:23.687016 CONNECT flow>2309 srcPort>34077 dst>fd10:43:100::2/21109 
16:44:23.766301 ON flow>2310 srcPort>39715 dst>fd10:43:100::2/21110 
16:44:23.766603 CONNECT flow>2310 srcPort>39715 dst>fd10:43:100::2/21110 
16:44:23.916164 ON flow>2311 srcPort>36577 dst>fd10:43:100::2/21111 
16:44:23.916428 CONNECT flow>2311 srcPort>36577 dst>fd10:43:100::2/21111 
16:44:23.952942 SHUTDOWN flow>2297 srcPort>43065 dst>fd10:43:100::2/21097 
16:44:23.953535 OFF flow>2297 srcPort>43065 dst>fd10:43:100::2/21097 
16:44:24.202081 ON flow>2312 srcPort>39719 dst>fd10:43:100::2/21112 
16:44:24.202400 CONNECT flow>2312 srcPort>39719 dst>fd10:43:100::2/21112 
16:44:24.329339 SHUTDOWN flow>2298 srcPort>45833 dst>fd10:43:100::2/21098 
16:44:24.329708 OFF flow>2298 srcPort>45833 dst>fd10:43:100::2/21098 
16:44:24.414202 SHUTDOWN flow>2299 srcPort>44773 dst>fd10:43:100::2/21099 
16:44:24.415068 OFF flow>2299 srcPort>44773 dst>fd10:43:100::2/21099 
16:44:24.493642 SHUTDOWN flow>2300 srcPort>43433 dst>fd10:43:100::2/21100 
16:44:24.494067 OFF flow>2300 srcPort>43433 dst>fd10:43:100::2/21100 
16:44:25.140127 SHUTDOWN flow>2301 srcPort>36951 dst>fd10:43:100::2/21101 
16:44:25.140558 OFF flow>2301 srcPort>36951 dst>fd10:43:100::2/21101 
16:44:25.373627 SHUTDOWN flow>2302 srcPort>43489 dst>fd10:43:100::2/21102 
16:44:25.374061 OFF flow>2302 srcPort>43489 dst>fd10:43:100::2/21102 
16:44:25.516041 ON flow>2313 srcPort>33337 dst>fd10:43:100::2/21113 
16:44:25.516320 CONNECT flow>2313 srcPort>33337 dst>fd10:43:100::2/21113 
16:44:25.774070 ON flow>2314 srcPort>38821 dst>fd10:43:100::2/21114 
16:44:25.774343 CONNECT flow>2314 srcPort>38821 dst>fd10:43:100::2/21114 
16:44:25.865669 ON flow>2315 srcPort>34149 dst>fd10:43:100::2/21115 
16:44:25.865963 CONNECT flow>2315 srcPort>34149 dst>fd10:43:100::2/21115 
16:44:25.868371 ON flow>2316 srcPort>35107 dst>fd10:43:100::2/21116 
16:44:25.868620 CONNECT flow>2316 srcPort>35107 dst>fd10:43:100::2/21116 
16:44:26.957913 ON flow>2317 srcPort>44137 dst>fd10:43:100::2/21117 
16:44:26.958165 CONNECT flow>2317 srcPort>44137 dst>fd10:43:100::2/21117 
16:44:27.113546 ON flow>2318 srcPort>40933 dst>fd10:43:100::2/21118 
16:44:27.113799 CONNECT flow>2318 srcPort>40933 dst>fd10:43:100::2/21118 
16:44:27.267607 ON flow>2319 srcPort>44977 dst>fd10:43:100::2/21119 
16:44:27.267838 CONNECT flow>2319 srcPort>44977 dst>fd10:43:100::2/21119 
16:44:27.554822 ON flow>2320 srcPort>38703 dst>fd10:43:100::2/21120 
16:44:27.555139 CONNECT flow>2320 srcPort>38703 dst>fd10:43:100::2/21120 
16:44:27.865218 ON flow>2321 srcPort>38249 dst>fd10:43:100::2/21121 
16:44:27.865525 CONNECT flow>2321 srcPort>38249 dst>fd10:43:100::2/21121 
16:44:27.914764 ON flow>2322 srcPort>44021 dst>fd10:43:100::2/21122 
16:44:27.914968 CONNECT flow>2322 srcPort>44021 dst>fd10:43:100::2/21122 
16:44:28.050834 SHUTDOWN flow>2303 srcPort>39249 dst>fd10:43:100::2/21103 
16:44:28.051166 OFF flow>2303 srcPort>39249 dst>fd10:43:100::2/21103 
16:44:28.157614 SHUTDOWN flow>2304 srcPort>39149 dst>fd10:43:100::2/21104 
16:44:28.158025 OFF flow>2304 srcPort>39149 dst>fd10:43:100::2/21104 
16:44:28.163308 SHUTDOWN flow>2305 srcPort>42273 dst>fd10:43:100::2/21105 
16:44:28.163741 OFF flow>2305 srcPort>42273 dst>fd10:43:100::2/21105 
16:44:28.325320 SHUTDOWN flow>2306 srcPort>38427 dst>fd10:43:100::2/21106 
16:44:28.325695 OFF flow>2306 srcPort>38427 dst>fd10:43:100::2/21106 
16:44:28.333730 SHUTDOWN flow>2307 srcPort>33515 dst>fd10:43:100::2/21107 
16:44:28.334056 OFF flow>2307 srcPort>33515 dst>fd10:43:100::2/21107 
16:44:28.337523 SHUTDOWN flow>2308 srcPort>42447 dst>fd10:43:100::2/21108 
16:44:28.337898 OFF flow>2308 srcPort>42447 dst>fd10:43:100::2/21108 
16:44:28.486721 SHUTDOWN flow>2309 srcPort>34077 dst>fd10:43:100::2/21109 
16:44:28.487068 OFF flow>2309 srcPort>34077 dst>fd10:43:100::2/21109 
16:44:28.566220 SHUTDOWN flow>2310 srcPort>39715 dst>fd10:43:100::2/21110 
16:44:28.566613 OFF flow>2310 srcPort>39715 dst>fd10:43:100::2/21110 
16:44:28.716107 SHUTDOWN flow>2311 srcPort>36577 dst>fd10:43:100::2/21111 
16:44:28.716649 OFF flow>2311 srcPort>36577 dst>fd10:43:100::2/21111 
16:44:29.001940 SHUTDOWN flow>2312 srcPort>39719 dst>fd10:43:100::2/21112 
16:44:29.002313 OFF flow>2312 srcPort>39719 dst>fd10:43:100::2/21112 
16:44:30.315931 SHUTDOWN flow>2313 srcPort>33337 dst>fd10:43:100::2/21113 
16:44:30.316391 OFF flow>2313 srcPort>33337 dst>fd10:43:100::2/21113 
16:44:30.413189 ON flow>2323 srcPort>37619 dst>fd10:43:100::2/21123 
16:44:30.413469 CONNECT flow>2323 srcPort>37619 dst>fd10:43:100::2/21123 
16:44:30.414768 ON flow>2324 srcPort>33071 dst>fd10:43:100::2/21124 
16:44:30.414990 CONNECT flow>2324 srcPort>33071 dst>fd10:43:100::2/21124 
16:44:30.489078 ON flow>2325 srcPort>42959 dst>fd10:43:100::2/21125 
16:44:30.489296 CONNECT flow>2325 srcPort>42959 dst>fd10:43:100::2/21125 
16:44:30.535545 ON flow>2326 srcPort>40321 dst>fd10:43:100::2/21126 
16:44:30.535797 CONNECT flow>2326 srcPort>40321 dst>fd10:43:100::2/21126 
16:44:30.574043 SHUTDOWN flow>2314 srcPort>38821 dst>fd10:43:100::2/21114 
16:44:30.574450 OFF flow>2314 srcPort>38821 dst>fd10:43:100::2/21114 
16:44:30.635976 ON flow>2327 srcPort>38243 dst>fd10:43:100::2/21127 
16:44:30.636253 CONNECT flow>2327 srcPort>38243 dst>fd10:43:100::2/21127 
16:44:30.656488 ON flow>2328 srcPort>37039 dst>fd10:43:100::2/21128 
16:44:30.656694 CONNECT flow>2328 srcPort>37039 dst>fd10:43:100::2/21128 
16:44:30.665649 SHUTDOWN flow>2315 srcPort>34149 dst>fd10:43:100::2/21115 
16:44:30.665968 OFF flow>2315 srcPort>34149 dst>fd10:43:100::2/21115 
16:44:30.668340 SHUTDOWN flow>2316 srcPort>35107 dst>fd10:43:100::2/21116 
16:44:30.668664 OFF flow>2316 srcPort>35107 dst>fd10:43:100::2/21116 
16:44:31.757860 SHUTDOWN flow>2317 srcPort>44137 dst>fd10:43:100::2/21117 
16:44:31.758267 OFF flow>2317 srcPort>44137 dst>fd10:43:100::2/21117 
16:44:31.913219 SHUTDOWN flow>2318 srcPort>40933 dst>fd10:43:100::2/21118 
16:44:31.913740 OFF flow>2318 srcPort>40933 dst>fd10:43:100::2/21118 
16:44:32.067523 SHUTDOWN flow>2319 srcPort>44977 dst>fd10:43:100::2/21119 
16:44:32.067908 OFF flow>2319 srcPort>44977 dst>fd10:43:100::2/21119 
16:44:32.354723 SHUTDOWN flow>2320 srcPort>38703 dst>fd10:43:100::2/21120 
16:44:32.355062 OFF flow>2320 srcPort>38703 dst>fd10:43:100::2/21120 
16:44:32.665123 SHUTDOWN flow>2321 srcPort>38249 dst>fd10:43:100::2/21121 
16:44:32.665487 OFF flow>2321 srcPort>38249 dst>fd10:43:100::2/21121 
16:44:32.714725 SHUTDOWN flow>2322 srcPort>44021 dst>fd10:43:100::2/21122 
16:44:32.715051 OFF flow>2322 srcPort>44021 dst>fd10:43:100::2/21122 
16:44:33.010352 ON flow>2329 srcPort>43551 dst>fd10:43:100::2/21129 
16:44:33.010639 CONNECT flow>2329 srcPort>43551 dst>fd10:43:100::2/21129 
16:44:33.116034 ON flow>2330 srcPort>44359 dst>fd10:43:100::2/21130 
16:44:33.116349 CONNECT flow>2330 srcPort>44359 dst>fd10:43:100::2/21130 
16:44:33.120358 ON flow>2331 srcPort>45695 dst>fd10:43:100::2/21131 
16:44:33.120615 CONNECT flow>2331 srcPort>45695 dst>fd10:43:100::2/21131 
16:44:33.151601 ON flow>2332 srcPort>41847 dst>fd10:43:100::2/21132 
16:44:33.151898 CONNECT flow>2332 srcPort>41847 dst>fd10:43:100::2/21132 
16:44:33.402290 ON flow>2333 srcPort>35307 dst>fd10:43:100::2/21133 
16:44:33.402567 CONNECT flow>2333 srcPort>35307 dst>fd10:43:100::2/21133 
16:44:33.424964 ON flow>2334 srcPort>45551 dst>fd10:43:100::2/21134 
16:44:33.425215 CONNECT flow>2334 srcPort>45551 dst>fd10:43:100::2/21134 
16:44:33.462819 ON flow>2335 srcPort>39327 dst>fd10:43:100::2/21135 
16:44:33.463100 CONNECT flow>2335 srcPort>39327 dst>fd10:43:100::2/21135 
16:44:33.467374 ON flow>2336 srcPort>39057 dst>fd10:43:100::2/21136 
16:44:33.467622 CONNECT flow>2336 srcPort>39057 dst>fd10:43:100::2/21136 
16:44:33.467779 ON flow>2337 srcPort>38065 dst>fd10:43:100::2/21137 
16:44:33.468051 CONNECT flow>2337 srcPort>38065 dst>fd10:43:100::2/21137 
16:44:33.469363 ON flow>2338 srcPort>38809 dst>fd10:43:100::2/21138 
16:44:33.469602 CONNECT flow>2338 srcPort>38809 dst>fd10:43:100::2/21138 
16:44:33.540767 ON flow>2339 srcPort>39285 dst>fd10:43:100::2/21139 
16:44:33.541032 CONNECT flow>2339 srcPort>39285 dst>fd10:43:100::2/21139 
16:44:33.542608 ON flow>2340 srcPort>35753 dst>fd10:43:100::2/21140 
16:44:33.542851 CONNECT flow>2340 srcPort>35753 dst>fd10:43:100::2/21140 
16:44:33.575821 ON flow>2341 srcPort>34095 dst>fd10:43:100::2/21141 
16:44:33.576103 CONNECT flow>2341 srcPort>34095 dst>fd10:43:100::2/21141 
16:44:34.533382 ON flow>2342 srcPort>38007 dst>fd10:43:100::2/21142 
16:44:34.533650 CONNECT flow>2342 srcPort>38007 dst>fd10:43:100::2/21142 
16:44:34.604601 ON flow>2343 srcPort>34959 dst>fd10:43:100::2/21143 
16:44:34.604923 CONNECT flow>2343 srcPort>34959 dst>fd10:43:100::2/21143 
16:44:34.611540 ON flow>2344 srcPort>36355 dst>fd10:43:100::2/21144 
16:44:34.611816 CONNECT flow>2344 srcPort>36355 dst>fd10:43:100::2/21144 
16:44:34.780840 ON flow>2345 srcPort>39597 dst>fd10:43:100::2/21145 
16:44:34.781145 CONNECT flow>2345 srcPort>39597 dst>fd10:43:100::2/21145 
16:44:35.213026 SHUTDOWN flow>2323 srcPort>37619 dst>fd10:43:100::2/21123 
16:44:35.213427 OFF flow>2323 srcPort>37619 dst>fd10:43:100::2/21123 
16:44:35.214714 SHUTDOWN flow>2324 srcPort>33071 dst>fd10:43:100::2/21124 
16:44:35.215052 OFF flow>2324 srcPort>33071 dst>fd10:43:100::2/21124 
16:44:35.289027 SHUTDOWN flow>2325 srcPort>42959 dst>fd10:43:100::2/21125 
16:44:35.289384 OFF flow>2325 srcPort>42959 dst>fd10:43:100::2/21125 
16:44:35.335422 SHUTDOWN flow>2326 srcPort>40321 dst>fd10:43:100::2/21126 
16:44:35.335774 OFF flow>2326 srcPort>40321 dst>fd10:43:100::2/21126 
16:44:35.435930 SHUTDOWN flow>2327 srcPort>38243 dst>fd10:43:100::2/21127 
16:44:35.436500 OFF flow>2327 srcPort>38243 dst>fd10:43:100::2/21127 
16:44:35.456429 SHUTDOWN flow>2328 srcPort>37039 dst>fd10:43:100::2/21128 
16:44:35.456755 OFF flow>2328 srcPort>37039 dst>fd10:43:100::2/21128 
16:44:37.152162 ON flow>2346 srcPort>44001 dst>fd10:43:100::2/21146 
16:44:37.152446 CONNECT flow>2346 srcPort>44001 dst>fd10:43:100::2/21146 
16:44:37.471723 ON flow>2347 srcPort>33253 dst>fd10:43:100::2/21147 
16:44:37.472049 CONNECT flow>2347 srcPort>33253 dst>fd10:43:100::2/21147 
16:44:37.545079 ON flow>2348 srcPort>41871 dst>fd10:43:100::2/21148 
16:44:37.545313 CONNECT flow>2348 srcPort>41871 dst>fd10:43:100::2/21148 
16:44:37.810235 SHUTDOWN flow>2329 srcPort>43551 dst>fd10:43:100::2/21129 
16:44:37.810650 OFF flow>2329 srcPort>43551 dst>fd10:43:100::2/21129 
16:44:37.915926 SHUTDOWN flow>2330 srcPort>44359 dst>fd10:43:100::2/21130 
16:44:37.916302 OFF flow>2330 srcPort>44359 dst>fd10:43:100::2/21130 
16:44:37.920320 SHUTDOWN flow>2331 srcPort>45695 dst>fd10:43:100::2/21131 
16:44:37.920645 OFF flow>2331 srcPort>45695 dst>fd10:43:100::2/21131 
16:44:37.951533 SHUTDOWN flow>2332 srcPort>41847 dst>fd10:43:100::2/21132 
16:44:37.951882 OFF flow>2332 srcPort>41847 dst>fd10:43:100::2/21132 
16:44:38.202246 SHUTDOWN flow>2333 srcPort>35307 dst>fd10:43:100::2/21133 
16:44:38.202718 OFF flow>2333 srcPort>35307 dst>fd10:43:100::2/21133 
16:44:38.224928 SHUTDOWN flow>2334 srcPort>45551 dst>fd10:43:100::2/21134 
16:44:38.225333 OFF flow>2334 srcPort>45551 dst>fd10:43:100::2/21134 
16:44:38.262735 SHUTDOWN flow>2335 srcPort>39327 dst>fd10:43:100::2/21135 
16:44:38.263111 OFF flow>2335 srcPort>39327 dst>fd10:43:100::2/21135 
16:44:38.267326 SHUTDOWN flow>2336 srcPort>39057 dst>fd10:43:100::2/21136 
16:44:38.267650 OFF flow>2336 srcPort>39057 dst>fd10:43:100::2/21136 
16:44:38.267729 SHUTDOWN flow>2337 srcPort>38065 dst>fd10:43:100::2/21137 
16:44:38.268060 OFF flow>2337 srcPort>38065 dst>fd10:43:100::2/21137 
16:44:38.269332 SHUTDOWN flow>2338 srcPort>38809 dst>fd10:43:100::2/21138 
16:44:38.269648 OFF flow>2338 srcPort>38809 dst>fd10:43:100::2/21138 
16:44:38.340675 SHUTDOWN flow>2339 srcPort>39285 dst>fd10:43:100::2/21139 
16:44:38.341003 OFF flow>2339 srcPort>39285 dst>fd10:43:100::2/21139 
16:44:38.342582 SHUTDOWN flow>2340 srcPort>35753 dst>fd10:43:100::2/21140 
16:44:38.342904 OFF flow>2340 srcPort>35753 dst>fd10:43:100::2/21140 
16:44:38.375793 SHUTDOWN flow>2341 srcPort>34095 dst>fd10:43:100::2/21141 
16:44:38.376152 OFF flow>2341 srcPort>34095 dst>fd10:43:100::2/21141 
16:44:39.333259 SHUTDOWN flow>2342 srcPort>38007 dst>fd10:43:100::2/21142 
16:44:39.333771 OFF flow>2342 srcPort>38007 dst>fd10:43:100::2/21142 
16:44:39.404433 SHUTDOWN flow>2343 srcPort>34959 dst>fd10:43:100::2/21143 
16:44:39.404794 OFF flow>2343 srcPort>34959 dst>fd10:43:100::2/21143 
16:44:39.411434 SHUTDOWN flow>2344 srcPort>36355 dst>fd10:43:100::2/21144 
16:44:39.411795 OFF flow>2344 srcPort>36355 dst>fd10:43:100::2/21144 
16:44:39.580727 SHUTDOWN flow>2345 srcPort>39597 dst>fd10:43:100::2/21145 
16:44:39.581311 OFF flow>2345 srcPort>39597 dst>fd10:43:100::2/21145 
16:44:40.214447 ON flow>2349 srcPort>41807 dst>fd10:43:100::2/21149 
16:44:40.214752 CONNECT flow>2349 srcPort>41807 dst>fd10:43:100::2/21149 
16:44:40.218261 ON flow>2350 srcPort>42771 dst>fd10:43:100::2/21150 
16:44:40.218515 CONNECT flow>2350 srcPort>42771 dst>fd10:43:100::2/21150 
16:44:40.263909 ON flow>2351 srcPort>41425 dst>fd10:43:100::2/21151 
16:44:40.264148 CONNECT flow>2351 srcPort>41425 dst>fd10:43:100::2/21151 
16:44:40.338509 ON flow>2352 srcPort>36511 dst>fd10:43:100::2/21152 
16:44:40.338747 CONNECT flow>2352 srcPort>36511 dst>fd10:43:100::2/21152 
16:44:40.373986 ON flow>2353 srcPort>40835 dst>fd10:43:100::2/21153 
16:44:40.374296 CONNECT flow>2353 srcPort>40835 dst>fd10:43:100::2/21153 
16:44:40.415782 ON flow>2354 srcPort>40621 dst>fd10:43:100::2/21154 
16:44:40.416026 CONNECT flow>2354 srcPort>40621 dst>fd10:43:100::2/21154 
16:44:40.436674 ON flow>2355 srcPort>32979 dst>fd10:43:100::2/21155 
16:44:40.436901 CONNECT flow>2355 srcPort>32979 dst>fd10:43:100::2/21155 
16:44:40.464866 ON flow>2356 srcPort>34475 dst>fd10:43:100::2/21156 
16:44:40.465117 CONNECT flow>2356 srcPort>34475 dst>fd10:43:100::2/21156 
16:44:40.569986 ON flow>2357 srcPort>43353 dst>fd10:43:100::2/21157 
16:44:40.570219 CONNECT flow>2357 srcPort>43353 dst>fd10:43:100::2/21157 
16:44:41.952030 SHUTDOWN flow>2346 srcPort>44001 dst>fd10:43:100::2/21146 
16:44:41.952435 OFF flow>2346 srcPort>44001 dst>fd10:43:100::2/21146 
16:44:42.066183 ON flow>2358 srcPort>42359 dst>fd10:43:100::2/21158 
16:44:42.066485 CONNECT flow>2358 srcPort>42359 dst>fd10:43:100::2/21158 
16:44:42.070824 ON flow>2359 srcPort>38543 dst>fd10:43:100::2/21159 
16:44:42.071108 CONNECT flow>2359 srcPort>38543 dst>fd10:43:100::2/21159 
16:44:42.127695 ON flow>2360 srcPort>46729 dst>fd10:43:100::2/21160 
16:44:42.127961 CONNECT flow>2360 srcPort>46729 dst>fd10:43:100::2/21160 
16:44:42.187816 ON flow>2361 srcPort>40929 dst>fd10:43:100::2/21161 
16:44:42.188082 CONNECT flow>2361 srcPort>40929 dst>fd10:43:100::2/21161 
16:44:42.271637 SHUTDOWN flow>2347 srcPort>33253 dst>fd10:43:100::2/21147 
16:44:42.271989 OFF flow>2347 srcPort>33253 dst>fd10:43:100::2/21147 
16:44:42.345054 SHUTDOWN flow>2348 srcPort>41871 dst>fd10:43:100::2/21148 
16:44:42.345785 OFF flow>2348 srcPort>41871 dst>fd10:43:100::2/21148 
16:44:43.721631 ON flow>2362 srcPort>35601 dst>fd10:43:100::2/21162 
16:44:43.721886 CONNECT flow>2362 srcPort>35601 dst>fd10:43:100::2/21162 
16:44:43.767993 ON flow>2363 srcPort>33239 dst>fd10:43:100::2/21163 
16:44:43.768253 CONNECT flow>2363 srcPort>33239 dst>fd10:43:100::2/21163 
16:44:43.843027 ON flow>2364 srcPort>36667 dst>fd10:43:100::2/21164 
16:44:43.843309 CONNECT flow>2364 srcPort>36667 dst>fd10:43:100::2/21164 
16:44:43.943994 ON flow>2365 srcPort>37157 dst>fd10:43:100::2/21165 
16:44:43.944216 CONNECT flow>2365 srcPort>37157 dst>fd10:43:100::2/21165 
16:44:44.110381 ON flow>2366 srcPort>37671 dst>fd10:43:100::2/21166 
16:44:44.110654 CONNECT flow>2366 srcPort>37671 dst>fd10:43:100::2/21166 
16:44:44.299913 ON flow>2367 srcPort>42157 dst>fd10:43:100::2/21167 
16:44:44.300213 CONNECT flow>2367 srcPort>42157 dst>fd10:43:100::2/21167 
16:44:44.385130 ON flow>2368 srcPort>46817 dst>fd10:43:100::2/21168 
16:44:44.385383 CONNECT flow>2368 srcPort>46817 dst>fd10:43:100::2/21168 
16:44:44.499669 ON flow>2369 srcPort>45871 dst>fd10:43:100::2/21169 
16:44:44.499946 CONNECT flow>2369 srcPort>45871 dst>fd10:43:100::2/21169 
16:44:44.543988 ON flow>2370 srcPort>39673 dst>fd10:43:100::2/21170 
16:44:44.544240 CONNECT flow>2370 srcPort>39673 dst>fd10:43:100::2/21170 
16:44:44.573816 ON flow>2371 srcPort>38119 dst>fd10:43:100::2/21171 
16:44:44.574166 CONNECT flow>2371 srcPort>38119 dst>fd10:43:100::2/21171 
16:44:44.594032 ON flow>2372 srcPort>39557 dst>fd10:43:100::2/21172 
16:44:44.594310 CONNECT flow>2372 srcPort>39557 dst>fd10:43:100::2/21172 
16:44:44.620908 ON flow>2373 srcPort>35839 dst>fd10:43:100::2/21173 
16:44:44.621428 CONNECT flow>2373 srcPort>35839 dst>fd10:43:100::2/21173 
16:44:44.637992 ON flow>2374 srcPort>44029 dst>fd10:43:100::2/21174 
16:44:44.638872 CONNECT flow>2374 srcPort>44029 dst>fd10:43:100::2/21174 
16:44:44.723812 ON flow>2375 srcPort>42051 dst>fd10:43:100::2/21175 
16:44:44.724085 CONNECT flow>2375 srcPort>42051 dst>fd10:43:100::2/21175 
16:44:44.782972 ON flow>2376 srcPort>43831 dst>fd10:43:100::2/21176 
16:44:44.783288 CONNECT flow>2376 srcPort>43831 dst>fd10:43:100::2/21176 
16:44:44.933013 ON flow>2377 srcPort>44717 dst>fd10:43:100::2/21177 
16:44:44.933247 CONNECT flow>2377 srcPort>44717 dst>fd10:43:100::2/21177 
16:44:45.014328 SHUTDOWN flow>2349 srcPort>41807 dst>fd10:43:100::2/21149 
16:44:45.014773 OFF flow>2349 srcPort>41807 dst>fd10:43:100::2/21149 
16:44:45.018225 SHUTDOWN flow>2350 srcPort>42771 dst>fd10:43:100::2/21150 
16:44:45.018756 OFF flow>2350 srcPort>42771 dst>fd10:43:100::2/21150 
16:44:45.025698 ON flow>2378 srcPort>44863 dst>fd10:43:100::2/21178 
16:44:45.025968 CONNECT flow>2378 srcPort>44863 dst>fd10:43:100::2/21178 
16:44:45.046199 ON flow>2379 srcPort>37133 dst>fd10:43:100::2/21179 
16:44:45.046463 CONNECT flow>2379 srcPort>37133 dst>fd10:43:100::2/21179 
16:44:45.063834 SHUTDOWN flow>2351 srcPort>41425 dst>fd10:43:100::2/21151 
16:44:45.064181 OFF flow>2351 srcPort>41425 dst>fd10:43:100::2/21151 
16:44:45.138433 SHUTDOWN flow>2352 srcPort>36511 dst>fd10:43:100::2/21152 
16:44:45.139082 OFF flow>2352 srcPort>36511 dst>fd10:43:100::2/21152 
16:44:45.173929 SHUTDOWN flow>2353 srcPort>40835 dst>fd10:43:100::2/21153 
16:44:45.174387 OFF flow>2353 srcPort>40835 dst>fd10:43:100::2/21153 
16:44:45.215737 SHUTDOWN flow>2354 srcPort>40621 dst>fd10:43:100::2/21154 
16:44:45.216083 OFF flow>2354 srcPort>40621 dst>fd10:43:100::2/21154 
16:44:45.236625 SHUTDOWN flow>2355 srcPort>32979 dst>fd10:43:100::2/21155 
16:44:45.237035 OFF flow>2355 srcPort>32979 dst>fd10:43:100::2/21155 
16:44:45.264835 SHUTDOWN flow>2356 srcPort>34475 dst>fd10:43:100::2/21156 
16:44:45.265241 OFF flow>2356 srcPort>34475 dst>fd10:43:100::2/21156 
16:44:45.369943 SHUTDOWN flow>2357 srcPort>43353 dst>fd10:43:100::2/21157 
16:44:45.370408 OFF flow>2357 srcPort>43353 dst>fd10:43:100::2/21157 
16:44:46.866089 SHUTDOWN flow>2358 srcPort>42359 dst>fd10:43:100::2/21158 
16:44:46.866575 OFF flow>2358 srcPort>42359 dst>fd10:43:100::2/21158 
16:44:46.870774 SHUTDOWN flow>2359 srcPort>38543 dst>fd10:43:100::2/21159 
16:44:46.871164 OFF flow>2359 srcPort>38543 dst>fd10:43:100::2/21159 
16:44:46.927646 SHUTDOWN flow>2360 srcPort>46729 dst>fd10:43:100::2/21160 
16:44:46.928004 OFF flow>2360 srcPort>46729 dst>fd10:43:100::2/21160 
16:44:46.987732 SHUTDOWN flow>2361 srcPort>40929 dst>fd10:43:100::2/21161 
16:44:46.988168 OFF flow>2361 srcPort>40929 dst>fd10:43:100::2/21161 
16:44:48.521533 SHUTDOWN flow>2362 srcPort>35601 dst>fd10:43:100::2/21162 
16:44:48.521940 OFF flow>2362 srcPort>35601 dst>fd10:43:100::2/21162 
16:44:48.567961 SHUTDOWN flow>2363 srcPort>33239 dst>fd10:43:100::2/21163 
16:44:48.568437 OFF flow>2363 srcPort>33239 dst>fd10:43:100::2/21163 
16:44:48.642940 SHUTDOWN flow>2364 srcPort>36667 dst>fd10:43:100::2/21164 
16:44:48.643314 OFF flow>2364 srcPort>36667 dst>fd10:43:100::2/21164 
16:44:48.743843 SHUTDOWN flow>2365 srcPort>37157 dst>fd10:43:100::2/21165 
16:44:48.744241 OFF flow>2365 srcPort>37157 dst>fd10:43:100::2/21165 
16:44:48.910147 SHUTDOWN flow>2366 srcPort>37671 dst>fd10:43:100::2/21166 
16:44:48.910632 OFF flow>2366 srcPort>37671 dst>fd10:43:100::2/21166 
16:44:49.088722 ON flow>2380 srcPort>41213 dst>fd10:43:100::2/21180 
16:44:49.088997 CONNECT flow>2380 srcPort>41213 dst>fd10:43:100::2/21180 
16:44:49.099848 SHUTDOWN flow>2367 srcPort>42157 dst>fd10:43:100::2/21167 
16:44:49.100304 OFF flow>2367 srcPort>42157 dst>fd10:43:100::2/21167 
16:44:49.122278 ON flow>2381 srcPort>36053 dst>fd10:43:100::2/21181 
16:44:49.122568 CONNECT flow>2381 srcPort>36053 dst>fd10:43:100::2/21181 
16:44:49.185060 SHUTDOWN flow>2368 srcPort>46817 dst>fd10:43:100::2/21168 
16:44:49.185487 OFF flow>2368 srcPort>46817 dst>fd10:43:100::2/21168 
16:44:49.245717 ON flow>2382 srcPort>39175 dst>fd10:43:100::2/21182 
16:44:49.246014 CONNECT flow>2382 srcPort>39175 dst>fd10:43:100::2/21182 
16:44:49.299555 SHUTDOWN flow>2369 srcPort>45871 dst>fd10:43:100::2/21169 
16:44:49.299974 OFF flow>2369 srcPort>45871 dst>fd10:43:100::2/21169 
16:44:49.314614 ON flow>2383 srcPort>33403 dst>fd10:43:100::2/21183 
16:44:49.314946 CONNECT flow>2383 srcPort>33403 dst>fd10:43:100::2/21183 
16:44:49.321569 ON flow>2384 srcPort>41237 dst>fd10:43:100::2/21184 
16:44:49.321819 CONNECT flow>2384 srcPort>41237 dst>fd10:43:100::2/21184 
16:44:49.343856 SHUTDOWN flow>2370 srcPort>39673 dst>fd10:43:100::2/21170 
16:44:49.344238 OFF flow>2370 srcPort>39673 dst>fd10:43:100::2/21170 
16:44:49.370422 ON flow>2385 srcPort>35435 dst>fd10:43:100::2/21185 
16:44:49.370709 CONNECT flow>2385 srcPort>35435 dst>fd10:43:100::2/21185 
16:44:49.373753 SHUTDOWN flow>2371 srcPort>38119 dst>fd10:43:100::2/21171 
16:44:49.374148 OFF flow>2371 srcPort>38119 dst>fd10:43:100::2/21171 
16:44:49.393856 SHUTDOWN flow>2372 srcPort>39557 dst>fd10:43:100::2/21172 
16:44:49.394287 OFF flow>2372 srcPort>39557 dst>fd10:43:100::2/21172 
16:44:49.420864 SHUTDOWN flow>2373 srcPort>35839 dst>fd10:43:100::2/21173 
16:44:49.421296 OFF flow>2373 srcPort>35839 dst>fd10:43:100::2/21173 
16:44:49.437956 SHUTDOWN flow>2374 srcPort>44029 dst>fd10:43:100::2/21174 
16:44:49.438344 OFF flow>2374 srcPort>44029 dst>fd10:43:100::2/21174 
16:44:49.523771 SHUTDOWN flow>2375 srcPort>42051 dst>fd10:43:100::2/21175 
16:44:49.524314 OFF flow>2375 srcPort>42051 dst>fd10:43:100::2/21175 
16:44:49.582860 SHUTDOWN flow>2376 srcPort>43831 dst>fd10:43:100::2/21176 
16:44:49.583262 OFF flow>2376 srcPort>43831 dst>fd10:43:100::2/21176 
16:44:49.586153 ON flow>2386 srcPort>36051 dst>fd10:43:100::2/21186 
16:44:49.586794 CONNECT flow>2386 srcPort>36051 dst>fd10:43:100::2/21186 
16:44:49.683726 ON flow>2387 srcPort>43733 dst>fd10:43:100::2/21187 
16:44:49.683975 CONNECT flow>2387 srcPort>43733 dst>fd10:43:100::2/21187 
16:44:49.732964 SHUTDOWN flow>2377 srcPort>44717 dst>fd10:43:100::2/21177 
16:44:49.733568 OFF flow>2377 srcPort>44717 dst>fd10:43:100::2/21177 
16:44:49.825662 SHUTDOWN flow>2378 srcPort>44863 dst>fd10:43:100::2/21178 
16:44:49.826038 OFF flow>2378 srcPort>44863 dst>fd10:43:100::2/21178 
16:44:49.846158 SHUTDOWN flow>2379 srcPort>37133 dst>fd10:43:100::2/21179 
16:44:49.846540 OFF flow>2379 srcPort>37133 dst>fd10:43:100::2/21179 
16:44:52.386378 ON flow>2388 srcPort>33423 dst>fd10:43:100::2/21188 
16:44:52.386703 CONNECT flow>2388 srcPort>33423 dst>fd10:43:100::2/21188 
16:44:52.437413 ON flow>2389 srcPort>38417 dst>fd10:43:100::2/21189 
16:44:52.437691 CONNECT flow>2389 srcPort>38417 dst>fd10:43:100::2/21189 
16:44:52.702870 ON flow>2390 srcPort>38093 dst>fd10:43:100::2/21190 
16:44:52.703174 CONNECT flow>2390 srcPort>38093 dst>fd10:43:100::2/21190 
16:44:52.748628 ON flow>2391 srcPort>38531 dst>fd10:43:100::2/21191 
16:44:52.748920 CONNECT flow>2391 srcPort>38531 dst>fd10:43:100::2/21191 
16:44:52.773020 ON flow>2392 srcPort>44309 dst>fd10:43:100::2/21192 
16:44:52.773279 CONNECT flow>2392 srcPort>44309 dst>fd10:43:100::2/21192 
16:44:52.840316 ON flow>2393 srcPort>42807 dst>fd10:43:100::2/21193 
16:44:52.840614 CONNECT flow>2393 srcPort>42807 dst>fd10:43:100::2/21193 
16:44:53.394919 ON flow>2394 srcPort>33297 dst>fd10:43:100::2/21194 
16:44:53.395170 CONNECT flow>2394 srcPort>33297 dst>fd10:43:100::2/21194 
16:44:53.548205 ON flow>2395 srcPort>43177 dst>fd10:43:100::2/21195 
16:44:53.548494 CONNECT flow>2395 srcPort>43177 dst>fd10:43:100::2/21195 
16:44:53.618592 ON flow>2396 srcPort>45397 dst>fd10:43:100::2/21196 
16:44:53.618863 CONNECT flow>2396 srcPort>45397 dst>fd10:43:100::2/21196 
16:44:53.888638 SHUTDOWN flow>2380 srcPort>41213 dst>fd10:43:100::2/21180 
16:44:53.889000 OFF flow>2380 srcPort>41213 dst>fd10:43:100::2/21180 
16:44:53.922239 SHUTDOWN flow>2381 srcPort>36053 dst>fd10:43:100::2/21181 
16:44:53.922519 OFF flow>2381 srcPort>36053 dst>fd10:43:100::2/21181 
16:44:54.045680 SHUTDOWN flow>2382 srcPort>39175 dst>fd10:43:100::2/21182 
16:44:54.048918 OFF flow>2382 srcPort>39175 dst>fd10:43:100::2/21182 
16:44:54.114581 SHUTDOWN flow>2383 srcPort>33403 dst>fd10:43:100::2/21183 
16:44:54.114905 OFF flow>2383 srcPort>33403 dst>fd10:43:100::2/21183 
16:44:54.121473 SHUTDOWN flow>2384 srcPort>41237 dst>fd10:43:100::2/21184 
16:44:54.121749 OFF flow>2384 srcPort>41237 dst>fd10:43:100::2/21184 
16:44:54.170386 SHUTDOWN flow>2385 srcPort>35435 dst>fd10:43:100::2/21185 
16:44:54.170778 OFF flow>2385 srcPort>35435 dst>fd10:43:100::2/21185 
16:44:54.386091 SHUTDOWN flow>2386 srcPort>36051 dst>fd10:43:100::2/21186 
16:44:54.386530 OFF flow>2386 srcPort>36051 dst>fd10:43:100::2/21186 
16:44:54.483685 SHUTDOWN flow>2387 srcPort>43733 dst>fd10:43:100::2/21187 
16:44:54.484098 OFF flow>2387 srcPort>43733 dst>fd10:43:100::2/21187 
16:44:54.702659 ON flow>2397 srcPort>38569 dst>fd10:43:100::2/21197 
16:44:54.702912 CONNECT flow>2397 srcPort>38569 dst>fd10:43:100::2/21197 
16:44:54.768421 ON flow>2398 srcPort>38225 dst>fd10:43:100::2/21198 
16:44:54.768652 CONNECT flow>2398 srcPort>38225 dst>fd10:43:100::2/21198 
16:44:54.862983 ON flow>2399 srcPort>32877 dst>fd10:43:100::2/21199 
16:44:54.863259 CONNECT flow>2399 srcPort>32877 dst>fd10:43:100::2/21199 
16:44:54.901944 ON flow>2400 srcPort>44407 dst>fd10:43:100::2/21200 
16:44:54.902238 CONNECT flow>2400 srcPort>44407 dst>fd10:43:100::2/21200 
16:44:55.020056 ON flow>2401 srcPort>46021 dst>fd10:43:100::2/21201 
16:44:55.020294 CONNECT flow>2401 srcPort>46021 dst>fd10:43:100::2/21201 
16:44:55.061685 ON flow>2402 srcPort>38839 dst>fd10:43:100::2/21202 
16:44:55.061895 CONNECT flow>2402 srcPort>38839 dst>fd10:43:100::2/21202 
16:44:55.626767 ON flow>2403 srcPort>34235 dst>fd10:43:100::2/21203 
16:44:55.627017 CONNECT flow>2403 srcPort>34235 dst>fd10:43:100::2/21203 
16:44:55.738365 ON flow>2404 srcPort>46089 dst>fd10:43:100::2/21204 
16:44:55.738623 CONNECT flow>2404 srcPort>46089 dst>fd10:43:100::2/21204 
16:44:55.893450 ON flow>2405 srcPort>40327 dst>fd10:43:100::2/21205 
16:44:55.893706 CONNECT flow>2405 srcPort>40327 dst>fd10:43:100::2/21205 
16:44:56.001940 ON flow>2406 srcPort>42547 dst>fd10:43:100::2/21206 
16:44:56.002530 CONNECT flow>2406 srcPort>42547 dst>fd10:43:100::2/21206 
16:44:56.920038 ON flow>2407 srcPort>39115 dst>fd10:43:100::2/21207 
16:44:56.920311 CONNECT flow>2407 srcPort>39115 dst>fd10:43:100::2/21207 
16:44:56.933988 ON flow>2408 srcPort>42655 dst>fd10:43:100::2/21208 
16:44:56.934232 CONNECT flow>2408 srcPort>42655 dst>fd10:43:100::2/21208 
16:44:57.007194 ON flow>2409 srcPort>41169 dst>fd10:43:100::2/21209 
16:44:57.007471 CONNECT flow>2409 srcPort>41169 dst>fd10:43:100::2/21209 
16:44:57.141487 ON flow>2410 srcPort>45409 dst>fd10:43:100::2/21210 
16:44:57.141782 CONNECT flow>2410 srcPort>45409 dst>fd10:43:100::2/21210 
16:44:57.186267 SHUTDOWN flow>2388 srcPort>33423 dst>fd10:43:100::2/21188 
16:44:57.186682 OFF flow>2388 srcPort>33423 dst>fd10:43:100::2/21188 
16:44:57.237371 SHUTDOWN flow>2389 srcPort>38417 dst>fd10:43:100::2/21189 
16:44:57.237728 OFF flow>2389 srcPort>38417 dst>fd10:43:100::2/21189 
16:44:57.283602 ON flow>2411 srcPort>38673 dst>fd10:43:100::2/21211 
16:44:57.283860 CONNECT flow>2411 srcPort>38673 dst>fd10:43:100::2/21211 
16:44:57.310793 ON flow>2412 srcPort>39763 dst>fd10:43:100::2/21212 
16:44:57.311048 CONNECT flow>2412 srcPort>39763 dst>fd10:43:100::2/21212 
16:44:57.317891 ON flow>2413 srcPort>40699 dst>fd10:43:100::2/21213 
16:44:57.318143 CONNECT flow>2413 srcPort>40699 dst>fd10:43:100::2/21213 
16:44:57.321691 ON flow>2414 srcPort>40263 dst>fd10:43:100::2/21214 
16:44:57.321916 CONNECT flow>2414 srcPort>40263 dst>fd10:43:100::2/21214 
16:44:57.362717 ON flow>2415 srcPort>45013 dst>fd10:43:100::2/21215 
16:44:57.363028 CONNECT flow>2415 srcPort>45013 dst>fd10:43:100::2/21215 
16:44:57.502768 SHUTDOWN flow>2390 srcPort>38093 dst>fd10:43:100::2/21190 
16:44:57.503277 OFF flow>2390 srcPort>38093 dst>fd10:43:100::2/21190 
16:44:57.533436 ON flow>2416 srcPort>43163 dst>fd10:43:100::2/21216 
16:44:57.533665 CONNECT flow>2416 srcPort>43163 dst>fd10:43:100::2/21216 
16:44:57.548572 SHUTDOWN flow>2391 srcPort>38531 dst>fd10:43:100::2/21191 
16:44:57.548925 OFF flow>2391 srcPort>38531 dst>fd10:43:100::2/21191 
16:44:57.572977 SHUTDOWN flow>2392 srcPort>44309 dst>fd10:43:100::2/21192 
16:44:57.573388 OFF flow>2392 srcPort>44309 dst>fd10:43:100::2/21192 
16:44:57.640274 SHUTDOWN flow>2393 srcPort>42807 dst>fd10:43:100::2/21193 
16:44:57.640639 OFF flow>2393 srcPort>42807 dst>fd10:43:100::2/21193 
16:44:58.194849 SHUTDOWN flow>2394 srcPort>33297 dst>fd10:43:100::2/21194 
16:44:58.195272 OFF flow>2394 srcPort>33297 dst>fd10:43:100::2/21194 
16:44:58.246154 ON flow>2417 srcPort>44159 dst>fd10:43:100::2/21217 
16:44:58.246417 CONNECT flow>2417 srcPort>44159 dst>fd10:43:100::2/21217 
16:44:58.348155 SHUTDOWN flow>2395 srcPort>43177 dst>fd10:43:100::2/21195 
16:44:58.348486 OFF flow>2395 srcPort>43177 dst>fd10:43:100::2/21195 
16:44:58.418552 SHUTDOWN flow>2396 srcPort>45397 dst>fd10:43:100::2/21196 
16:44:58.418894 OFF flow>2396 srcPort>45397 dst>fd10:43:100::2/21196 
16:44:59.468959 ON flow>2418 srcPort>35841 dst>fd10:43:100::2/21218 
16:44:59.469257 CONNECT flow>2418 srcPort>35841 dst>fd10:43:100::2/21218 
16:44:59.502537 SHUTDOWN flow>2397 srcPort>38569 dst>fd10:43:100::2/21197 
16:44:59.502890 OFF flow>2397 srcPort>38569 dst>fd10:43:100::2/21197 
16:44:59.568349 SHUTDOWN flow>2398 srcPort>38225 dst>fd10:43:100::2/21198 
16:44:59.568695 OFF flow>2398 srcPort>38225 dst>fd10:43:100::2/21198 
16:44:59.662940 SHUTDOWN flow>2399 srcPort>32877 dst>fd10:43:100::2/21199 
16:44:59.663378 OFF flow>2399 srcPort>32877 dst>fd10:43:100::2/21199 
16:44:59.666634 ON flow>2419 srcPort>41955 dst>fd10:43:100::2/21219 
16:44:59.666971 CONNECT flow>2419 srcPort>41955 dst>fd10:43:100::2/21219 
16:44:59.701659 SHUTDOWN flow>2400 srcPort>44407 dst>fd10:43:100::2/21200 
16:44:59.702169 OFF flow>2400 srcPort>44407 dst>fd10:43:100::2/21200 
16:44:59.707501 ON flow>2420 srcPort>40117 dst>fd10:43:100::2/21220 
16:44:59.707809 CONNECT flow>2420 srcPort>40117 dst>fd10:43:100::2/21220 
16:44:59.733202 ON flow>2421 srcPort>44687 dst>fd10:43:100::2/21221 
16:44:59.733493 CONNECT flow>2421 srcPort>44687 dst>fd10:43:100::2/21221 
16:44:59.797407 ON flow>2422 srcPort>40601 dst>fd10:43:100::2/21222 
16:44:59.797680 CONNECT flow>2422 srcPort>40601 dst>fd10:43:100::2/21222 
16:44:59.819948 SHUTDOWN flow>2401 srcPort>46021 dst>fd10:43:100::2/21201 
16:44:59.820423 OFF flow>2401 srcPort>46021 dst>fd10:43:100::2/21201 
16:44:59.861632 SHUTDOWN flow>2402 srcPort>38839 dst>fd10:43:100::2/21202 
16:44:59.862430 OFF flow>2402 srcPort>38839 dst>fd10:43:100::2/21202 
16:45:00.426651 SHUTDOWN flow>2403 srcPort>34235 dst>fd10:43:100::2/21203 
16:45:00.427085 OFF flow>2403 srcPort>34235 dst>fd10:43:100::2/21203 
16:45:00.538257 SHUTDOWN flow>2404 srcPort>46089 dst>fd10:43:100::2/21204 
16:45:00.538995 OFF flow>2404 srcPort>46089 dst>fd10:43:100::2/21204 
16:45:00.686962 ON flow>2423 srcPort>34211 dst>fd10:43:100::2/21223 
16:45:00.687245 CONNECT flow>2423 srcPort>34211 dst>fd10:43:100::2/21223 
16:45:00.693358 SHUTDOWN flow>2405 srcPort>40327 dst>fd10:43:100::2/21205 
16:45:00.693694 OFF flow>2405 srcPort>40327 dst>fd10:43:100::2/21205 
16:45:00.801855 SHUTDOWN flow>2406 srcPort>42547 dst>fd10:43:100::2/21206 
16:45:00.802309 OFF flow>2406 srcPort>42547 dst>fd10:43:100::2/21206 
16:45:00.940614 ON flow>2424 srcPort>44815 dst>fd10:43:100::2/21224 
16:45:00.940862 CONNECT flow>2424 srcPort>44815 dst>fd10:43:100::2/21224 
16:45:00.965201 ON flow>2425 srcPort>34707 dst>fd10:43:100::2/21225 
16:45:00.965830 CONNECT flow>2425 srcPort>34707 dst>fd10:43:100::2/21225 
16:45:01.167993 ON flow>2426 srcPort>38741 dst>fd10:43:100::2/21226 
16:45:01.168259 CONNECT flow>2426 srcPort>38741 dst>fd10:43:100::2/21226 
16:45:01.236906 ON flow>2427 srcPort>37793 dst>fd10:43:100::2/21227 
16:45:01.237161 CONNECT flow>2427 srcPort>37793 dst>fd10:43:100::2/21227 
16:45:01.541392 ON flow>2428 srcPort>41243 dst>fd10:43:100::2/21228 
16:45:01.541634 CONNECT flow>2428 srcPort>41243 dst>fd10:43:100::2/21228 
16:45:01.616728 ON flow>2429 srcPort>44367 dst>fd10:43:100::2/21229 
16:45:01.617012 CONNECT flow>2429 srcPort>44367 dst>fd10:43:100::2/21229 
16:45:01.691625 ON flow>2430 srcPort>32967 dst>fd10:43:100::2/21230 
16:45:01.691907 CONNECT flow>2430 srcPort>32967 dst>fd10:43:100::2/21230 
16:45:01.719939 SHUTDOWN flow>2407 srcPort>39115 dst>fd10:43:100::2/21207 
16:45:01.720354 OFF flow>2407 srcPort>39115 dst>fd10:43:100::2/21207 
16:45:01.733934 SHUTDOWN flow>2408 srcPort>42655 dst>fd10:43:100::2/21208 
16:45:01.734254 OFF flow>2408 srcPort>42655 dst>fd10:43:100::2/21208 
16:45:01.807150 SHUTDOWN flow>2409 srcPort>41169 dst>fd10:43:100::2/21209 
16:45:01.807502 OFF flow>2409 srcPort>41169 dst>fd10:43:100::2/21209 
16:45:01.899509 ON flow>2431 srcPort>40355 dst>fd10:43:100::2/21231 
16:45:01.899777 CONNECT flow>2431 srcPort>40355 dst>fd10:43:100::2/21231 
16:45:01.941443 SHUTDOWN flow>2410 srcPort>45409 dst>fd10:43:100::2/21210 
16:45:01.941921 OFF flow>2410 srcPort>45409 dst>fd10:43:100::2/21210 
16:45:02.083587 SHUTDOWN flow>2411 srcPort>38673 dst>fd10:43:100::2/21211 
16:45:02.084029 OFF flow>2411 srcPort>38673 dst>fd10:43:100::2/21211 
16:45:02.110759 SHUTDOWN flow>2412 srcPort>39763 dst>fd10:43:100::2/21212 
16:45:02.111074 OFF flow>2412 srcPort>39763 dst>fd10:43:100::2/21212 
16:45:02.117854 SHUTDOWN flow>2413 srcPort>40699 dst>fd10:43:100::2/21213 
16:45:02.118162 OFF flow>2413 srcPort>40699 dst>fd10:43:100::2/21213 
16:45:02.121655 SHUTDOWN flow>2414 srcPort>40263 dst>fd10:43:100::2/21214 
16:45:02.121991 OFF flow>2414 srcPort>40263 dst>fd10:43:100::2/21214 
16:45:02.162666 SHUTDOWN flow>2415 srcPort>45013 dst>fd10:43:100::2/21215 
16:45:02.163036 OFF flow>2415 srcPort>45013 dst>fd10:43:100::2/21215 
16:45:02.333389 SHUTDOWN flow>2416 srcPort>43163 dst>fd10:43:100::2/21216 
16:45:02.333966 OFF flow>2416 srcPort>43163 dst>fd10:43:100::2/21216 
16:45:03.046052 SHUTDOWN flow>2417 srcPort>44159 dst>fd10:43:100::2/21217 
16:45:03.046471 OFF flow>2417 srcPort>44159 dst>fd10:43:100::2/21217 
16:45:03.171821 ON flow>2432 srcPort>33747 dst>fd10:43:100::2/21232 
16:45:03.172122 CONNECT flow>2432 srcPort>33747 dst>fd10:43:100::2/21232 
16:45:03.190700 ON flow>2433 srcPort>41201 dst>fd10:43:100::2/21233 
16:45:03.190974 CONNECT flow>2433 srcPort>41201 dst>fd10:43:100::2/21233 
16:45:03.344500 ON flow>2434 srcPort>40041 dst>fd10:43:100::2/21234 
16:45:03.345152 CONNECT flow>2434 srcPort>40041 dst>fd10:43:100::2/21234 
16:45:03.489599 ON flow>2435 srcPort>41121 dst>fd10:43:100::2/21235 
16:45:03.489856 CONNECT flow>2435 srcPort>41121 dst>fd10:43:100::2/21235 
16:45:03.551117 ON flow>2436 srcPort>36127 dst>fd10:43:100::2/21236 
16:45:03.551458 CONNECT flow>2436 srcPort>36127 dst>fd10:43:100::2/21236 
16:45:03.886512 ON flow>2437 srcPort>41099 dst>fd10:43:100::2/21237 
16:45:03.886795 CONNECT flow>2437 srcPort>41099 dst>fd10:43:100::2/21237 
16:45:03.889303 ON flow>2438 srcPort>39917 dst>fd10:43:100::2/21238 
16:45:03.889580 CONNECT flow>2438 srcPort>39917 dst>fd10:43:100::2/21238 
16:45:03.920404 ON flow>2439 srcPort>43377 dst>fd10:43:100::2/21239 
16:45:03.920662 CONNECT flow>2439 srcPort>43377 dst>fd10:43:100::2/21239 
16:45:03.981811 ON flow>2440 srcPort>45777 dst>fd10:43:100::2/21240 
16:45:03.982136 CONNECT flow>2440 srcPort>45777 dst>fd10:43:100::2/21240 
16:45:03.987327 ON flow>2441 srcPort>42853 dst>fd10:43:100::2/21241 
16:45:03.987711 CONNECT flow>2441 srcPort>42853 dst>fd10:43:100::2/21241 
16:45:04.268851 SHUTDOWN flow>2418 srcPort>35841 dst>fd10:43:100::2/21218 
16:45:04.269259 OFF flow>2418 srcPort>35841 dst>fd10:43:100::2/21218 
16:45:04.466561 SHUTDOWN flow>2419 srcPort>41955 dst>fd10:43:100::2/21219 
16:45:04.466908 OFF flow>2419 srcPort>41955 dst>fd10:43:100::2/21219 
16:45:04.507505 SHUTDOWN flow>2420 srcPort>40117 dst>fd10:43:100::2/21220 
16:45:04.507993 OFF flow>2420 srcPort>40117 dst>fd10:43:100::2/21220 
16:45:04.533165 SHUTDOWN flow>2421 srcPort>44687 dst>fd10:43:100::2/21221 
16:45:04.533528 OFF flow>2421 srcPort>44687 dst>fd10:43:100::2/21221 
16:45:04.597361 SHUTDOWN flow>2422 srcPort>40601 dst>fd10:43:100::2/21222 
16:45:04.597773 OFF flow>2422 srcPort>40601 dst>fd10:43:100::2/21222 
16:45:05.011156 ON flow>2442 srcPort>35637 dst>fd10:43:100::2/21242 
16:45:05.011472 CONNECT flow>2442 srcPort>35637 dst>fd10:43:100::2/21242 
16:45:05.035409 ON flow>2443 srcPort>39019 dst>fd10:43:100::2/21243 
16:45:05.035692 CONNECT flow>2443 srcPort>39019 dst>fd10:43:100::2/21243 
16:45:05.200294 ON flow>2444 srcPort>38823 dst>fd10:43:100::2/21244 
16:45:05.200550 CONNECT flow>2444 srcPort>38823 dst>fd10:43:100::2/21244 
16:45:05.486860 SHUTDOWN flow>2423 srcPort>34211 dst>fd10:43:100::2/21223 
16:45:05.487402 OFF flow>2423 srcPort>34211 dst>fd10:43:100::2/21223 
16:45:05.526227 ON flow>2445 srcPort>39415 dst>fd10:43:100::2/21245 
16:45:05.526574 CONNECT flow>2445 srcPort>39415 dst>fd10:43:100::2/21245 
16:45:05.740554 SHUTDOWN flow>2424 srcPort>44815 dst>fd10:43:100::2/21224 
16:45:05.740965 OFF flow>2424 srcPort>44815 dst>fd10:43:100::2/21224 
16:45:05.765171 SHUTDOWN flow>2425 srcPort>34707 dst>fd10:43:100::2/21225 
16:45:05.765675 OFF flow>2425 srcPort>34707 dst>fd10:43:100::2/21225 
16:45:05.810396 ON flow>2446 srcPort>38371 dst>fd10:43:100::2/21246 
16:45:05.810735 CONNECT flow>2446 srcPort>38371 dst>fd10:43:100::2/21246 
16:45:05.967958 SHUTDOWN flow>2426 srcPort>38741 dst>fd10:43:100::2/21226 
16:45:05.968392 OFF flow>2426 srcPort>38741 dst>fd10:43:100::2/21226 
16:45:06.036870 SHUTDOWN flow>2427 srcPort>37793 dst>fd10:43:100::2/21227 
16:45:06.037392 OFF flow>2427 srcPort>37793 dst>fd10:43:100::2/21227 
16:45:06.341369 SHUTDOWN flow>2428 srcPort>41243 dst>fd10:43:100::2/21228 
16:45:06.341828 OFF flow>2428 srcPort>41243 dst>fd10:43:100::2/21228 
16:45:06.375383 ON flow>2447 srcPort>37545 dst>fd10:43:100::2/21247 
16:45:06.375653 CONNECT flow>2447 srcPort>37545 dst>fd10:43:100::2/21247 
16:45:06.416565 SHUTDOWN flow>2429 srcPort>44367 dst>fd10:43:100::2/21229 
16:45:06.416979 OFF flow>2429 srcPort>44367 dst>fd10:43:100::2/21229 
16:45:06.490233 ON flow>2448 srcPort>41917 dst>fd10:43:100::2/21248 
16:45:06.490489 CONNECT flow>2448 srcPort>41917 dst>fd10:43:100::2/21248 
16:45:06.491558 SHUTDOWN flow>2430 srcPort>32967 dst>fd10:43:100::2/21230 
16:45:06.491879 OFF flow>2430 srcPort>32967 dst>fd10:43:100::2/21230 
16:45:06.530237 ON flow>2449 srcPort>39067 dst>fd10:43:100::2/21249 
16:45:06.530488 CONNECT flow>2449 srcPort>39067 dst>fd10:43:100::2/21249 
16:45:06.573424 ON flow>2450 srcPort>45961 dst>fd10:43:100::2/21250 
16:45:06.573671 CONNECT flow>2450 srcPort>45961 dst>fd10:43:100::2/21250 
16:45:06.699465 SHUTDOWN flow>2431 srcPort>40355 dst>fd10:43:100::2/21231 
16:45:06.699860 OFF flow>2431 srcPort>40355 dst>fd10:43:100::2/21231 
16:45:07.971784 SHUTDOWN flow>2432 srcPort>33747 dst>fd10:43:100::2/21232 
16:45:07.972283 OFF flow>2432 srcPort>33747 dst>fd10:43:100::2/21232 
16:45:07.990662 SHUTDOWN flow>2433 srcPort>41201 dst>fd10:43:100::2/21233 
16:45:07.990978 OFF flow>2433 srcPort>41201 dst>fd10:43:100::2/21233 
16:45:08.144463 SHUTDOWN flow>2434 srcPort>40041 dst>fd10:43:100::2/21234 
16:45:08.144865 OFF flow>2434 srcPort>40041 dst>fd10:43:100::2/21234 
16:45:08.265582 ON flow>2451 srcPort>33779 dst>fd10:43:100::2/21251 
16:45:08.265842 CONNECT flow>2451 srcPort>33779 dst>fd10:43:100::2/21251 
16:45:08.289559 SHUTDOWN flow>2435 srcPort>41121 dst>fd10:43:100::2/21235 
16:45:08.289936 OFF flow>2435 srcPort>41121 dst>fd10:43:100::2/21235 
16:45:08.351075 SHUTDOWN flow>2436 srcPort>36127 dst>fd10:43:100::2/21236 
16:45:08.351417 OFF flow>2436 srcPort>36127 dst>fd10:43:100::2/21236 
16:45:08.606587 ON flow>2452 srcPort>35647 dst>fd10:43:100::2/21252 
16:45:08.606862 CONNECT flow>2452 srcPort>35647 dst>fd10:43:100::2/21252 
16:45:08.686486 SHUTDOWN flow>2437 srcPort>41099 dst>fd10:43:100::2/21237 
16:45:08.686919 OFF flow>2437 srcPort>41099 dst>fd10:43:100::2/21237 
16:45:08.689257 SHUTDOWN flow>2438 srcPort>39917 dst>fd10:43:100::2/21238 
16:45:08.690065 OFF flow>2438 srcPort>39917 dst>fd10:43:100::2/21238 
16:45:08.720371 SHUTDOWN flow>2439 srcPort>43377 dst>fd10:43:100::2/21239 
16:45:08.720743 OFF flow>2439 srcPort>43377 dst>fd10:43:100::2/21239 
16:45:08.781780 SHUTDOWN flow>2440 srcPort>45777 dst>fd10:43:100::2/21240 
16:45:08.782205 OFF flow>2440 srcPort>45777 dst>fd10:43:100::2/21240 
16:45:08.787272 SHUTDOWN flow>2441 srcPort>42853 dst>fd10:43:100::2/21241 
16:45:08.787845 OFF flow>2441 srcPort>42853 dst>fd10:43:100::2/21241 
16:45:09.326678 ON flow>2453 srcPort>44941 dst>fd10:43:100::2/21253 
16:45:09.326887 CONNECT flow>2453 srcPort>44941 dst>fd10:43:100::2/21253 
16:45:09.439358 ON flow>2454 srcPort>42373 dst>fd10:43:100::2/21254 
16:45:09.439663 CONNECT flow>2454 srcPort>42373 dst>fd10:43:100::2/21254 
16:45:09.531352 ON flow>2455 srcPort>42801 dst>fd10:43:100::2/21255 
16:45:09.531642 CONNECT flow>2455 srcPort>42801 dst>fd10:43:100::2/21255 
16:45:09.588526 ON flow>2456 srcPort>36099 dst>fd10:43:100::2/21256 
16:45:09.588828 CONNECT flow>2456 srcPort>36099 dst>fd10:43:100::2/21256 
16:45:09.811070 SHUTDOWN flow>2442 srcPort>35637 dst>fd10:43:100::2/21242 
16:45:09.811502 OFF flow>2442 srcPort>35637 dst>fd10:43:100::2/21242 
16:45:09.835369 SHUTDOWN flow>2443 srcPort>39019 dst>fd10:43:100::2/21243 
16:45:09.835720 OFF flow>2443 srcPort>39019 dst>fd10:43:100::2/21243 
16:45:10.000158 SHUTDOWN flow>2444 srcPort>38823 dst>fd10:43:100::2/21244 
16:45:10.000691 OFF flow>2444 srcPort>38823 dst>fd10:43:100::2/21244 
16:45:10.326207 SHUTDOWN flow>2445 srcPort>39415 dst>fd10:43:100::2/21245 
16:45:10.326681 OFF flow>2445 srcPort>39415 dst>fd10:43:100::2/21245 
16:45:10.609964 SHUTDOWN flow>2446 srcPort>38371 dst>fd10:43:100::2/21246 
16:45:10.610423 OFF flow>2446 srcPort>38371 dst>fd10:43:100::2/21246 
16:45:10.872994 ON flow>2457 srcPort>34709 dst>fd10:43:100::2/21257 
16:45:10.873294 CONNECT flow>2457 srcPort>34709 dst>fd10:43:100::2/21257 
16:45:11.175265 SHUTDOWN flow>2447 srcPort>37545 dst>fd10:43:100::2/21247 
16:45:11.175769 OFF flow>2447 srcPort>37545 dst>fd10:43:100::2/21247 
16:45:11.290184 SHUTDOWN flow>2448 srcPort>41917 dst>fd10:43:100::2/21248 
16:45:11.290575 OFF flow>2448 srcPort>41917 dst>fd10:43:100::2/21248 
16:45:11.330186 SHUTDOWN flow>2449 srcPort>39067 dst>fd10:43:100::2/21249 
16:45:11.330616 OFF flow>2449 srcPort>39067 dst>fd10:43:100::2/21249 
16:45:11.373372 SHUTDOWN flow>2450 srcPort>45961 dst>fd10:43:100::2/21250 
16:45:11.373860 OFF flow>2450 srcPort>45961 dst>fd10:43:100::2/21250 
16:45:11.418566 ON flow>2458 srcPort>42645 dst>fd10:43:100::2/21258 
16:45:11.418993 CONNECT flow>2458 srcPort>42645 dst>fd10:43:100::2/21258 
16:45:11.462957 ON flow>2459 srcPort>37417 dst>fd10:43:100::2/21259 
16:45:11.463222 CONNECT flow>2459 srcPort>37417 dst>fd10:43:100::2/21259 
16:45:11.819798 ON flow>2460 srcPort>38635 dst>fd10:43:100::2/21260 
16:45:11.820194 CONNECT flow>2460 srcPort>38635 dst>fd10:43:100::2/21260 
16:45:13.065474 SHUTDOWN flow>2451 srcPort>33779 dst>fd10:43:100::2/21251 
16:45:13.065898 OFF flow>2451 srcPort>33779 dst>fd10:43:100::2/21251 
16:45:13.204423 ON flow>2461 srcPort>42663 dst>fd10:43:100::2/21261 
16:45:13.204725 CONNECT flow>2461 srcPort>42663 dst>fd10:43:100::2/21261 
16:45:13.406470 SHUTDOWN flow>2452 srcPort>35647 dst>fd10:43:100::2/21252 
16:45:13.406832 OFF flow>2452 srcPort>35647 dst>fd10:43:100::2/21252 
16:45:13.451032 ON flow>2462 srcPort>37113 dst>fd10:43:100::2/21262 
16:45:13.451282 CONNECT flow>2462 srcPort>37113 dst>fd10:43:100::2/21262 
16:45:13.627326 ON flow>2463 srcPort>39747 dst>fd10:43:100::2/21263 
16:45:13.627599 CONNECT flow>2463 srcPort>39747 dst>fd10:43:100::2/21263 
16:45:14.008434 ON flow>2464 srcPort>36243 dst>fd10:43:100::2/21264 
16:45:14.008739 CONNECT flow>2464 srcPort>36243 dst>fd10:43:100::2/21264 
16:45:14.019222 ON flow>2465 srcPort>44031 dst>fd10:43:100::2/21265 
16:45:14.019533 CONNECT flow>2465 srcPort>44031 dst>fd10:43:100::2/21265 
16:45:14.028413 ON flow>2466 srcPort>36207 dst>fd10:43:100::2/21266 
16:45:14.028651 CONNECT flow>2466 srcPort>36207 dst>fd10:43:100::2/21266 
16:45:14.053728 ON flow>2467 srcPort>38835 dst>fd10:43:100::2/21267 
16:45:14.054008 CONNECT flow>2467 srcPort>38835 dst>fd10:43:100::2/21267 
16:45:14.112815 ON flow>2468 srcPort>44957 dst>fd10:43:100::2/21268 
16:45:14.113057 CONNECT flow>2468 srcPort>44957 dst>fd10:43:100::2/21268 
16:45:14.126572 SHUTDOWN flow>2453 srcPort>44941 dst>fd10:43:100::2/21253 
16:45:14.126969 OFF flow>2453 srcPort>44941 dst>fd10:43:100::2/21253 
16:45:14.198014 ON flow>2469 srcPort>33543 dst>fd10:43:100::2/21269 
16:45:14.198399 CONNECT flow>2469 srcPort>33543 dst>fd10:43:100::2/21269 
16:45:14.211712 ON flow>2470 srcPort>34171 dst>fd10:43:100::2/21270 
16:45:14.211944 CONNECT flow>2470 srcPort>34171 dst>fd10:43:100::2/21270 
16:45:14.238312 ON flow>2471 srcPort>39089 dst>fd10:43:100::2/21271 
16:45:14.238632 CONNECT flow>2471 srcPort>39089 dst>fd10:43:100::2/21271 
16:45:14.239290 SHUTDOWN flow>2454 srcPort>42373 dst>fd10:43:100::2/21254 
16:45:14.239715 OFF flow>2454 srcPort>42373 dst>fd10:43:100::2/21254 
16:45:14.254865 ON flow>2472 srcPort>41191 dst>fd10:43:100::2/21272 
16:45:14.255176 CONNECT flow>2472 srcPort>41191 dst>fd10:43:100::2/21272 
16:45:14.281720 ON flow>2473 srcPort>42887 dst>fd10:43:100::2/21273 
16:45:14.282034 CONNECT flow>2473 srcPort>42887 dst>fd10:43:100::2/21273 
16:45:14.318792 ON flow>2474 srcPort>40185 dst>fd10:43:100::2/21274 
16:45:14.319088 CONNECT flow>2474 srcPort>40185 dst>fd10:43:100::2/21274 
16:45:14.331288 SHUTDOWN flow>2455 srcPort>42801 dst>fd10:43:100::2/21255 
16:45:14.331833 OFF flow>2455 srcPort>42801 dst>fd10:43:100::2/21255 
16:45:14.388479 SHUTDOWN flow>2456 srcPort>36099 dst>fd10:43:100::2/21256 
16:45:14.388892 OFF flow>2456 srcPort>36099 dst>fd10:43:100::2/21256 
16:45:15.672869 SHUTDOWN flow>2457 srcPort>34709 dst>fd10:43:100::2/21257 
16:45:15.673285 OFF flow>2457 srcPort>34709 dst>fd10:43:100::2/21257 
16:45:16.218467 SHUTDOWN flow>2458 srcPort>42645 dst>fd10:43:100::2/21258 
16:45:16.218843 OFF flow>2458 srcPort>42645 dst>fd10:43:100::2/21258 
16:45:16.262872 SHUTDOWN flow>2459 srcPort>37417 dst>fd10:43:100::2/21259 
16:45:16.263259 OFF flow>2459 srcPort>37417 dst>fd10:43:100::2/21259 
16:45:16.619665 SHUTDOWN flow>2460 srcPort>38635 dst>fd10:43:100::2/21260 
16:45:16.620030 OFF flow>2460 srcPort>38635 dst>fd10:43:100::2/21260 
16:45:16.796897 ON flow>2475 srcPort>43417 dst>fd10:43:100::2/21275 
16:45:16.797237 CONNECT flow>2475 srcPort>43417 dst>fd10:43:100::2/21275 
16:45:16.875720 ON flow>2476 srcPort>45427 dst>fd10:43:100::2/21276 
16:45:16.876028 CONNECT flow>2476 srcPort>45427 dst>fd10:43:100::2/21276 
16:45:16.888420 ON flow>2477 srcPort>35237 dst>fd10:43:100::2/21277 
16:45:16.888692 CONNECT flow>2477 srcPort>35237 dst>fd10:43:100::2/21277 
16:45:16.898217 ON flow>2478 srcPort>33435 dst>fd10:43:100::2/21278 
16:45:16.898548 CONNECT flow>2478 srcPort>33435 dst>fd10:43:100::2/21278 
16:45:16.904222 ON flow>2479 srcPort>46435 dst>fd10:43:100::2/21279 
16:45:16.904484 CONNECT flow>2479 srcPort>46435 dst>fd10:43:100::2/21279 
16:45:16.908337 ON flow>2480 srcPort>39965 dst>fd10:43:100::2/21280 
16:45:16.908662 CONNECT flow>2480 srcPort>39965 dst>fd10:43:100::2/21280 
16:45:16.916426 ON flow>2481 srcPort>44223 dst>fd10:43:100::2/21281 
16:45:16.916734 CONNECT flow>2481 srcPort>44223 dst>fd10:43:100::2/21281 
16:45:17.026726 ON flow>2482 srcPort>34127 dst>fd10:43:100::2/21282 
16:45:17.026953 CONNECT flow>2482 srcPort>34127 dst>fd10:43:100::2/21282 
16:45:17.109728 ON flow>2483 srcPort>44301 dst>fd10:43:100::2/21283 
16:45:17.109989 CONNECT flow>2483 srcPort>44301 dst>fd10:43:100::2/21283 
16:45:17.194493 ON flow>2484 srcPort>33495 dst>fd10:43:100::2/21284 
16:45:17.194773 CONNECT flow>2484 srcPort>33495 dst>fd10:43:100::2/21284 
16:45:18.004330 SHUTDOWN flow>2461 srcPort>42663 dst>fd10:43:100::2/21261 
16:45:18.004968 OFF flow>2461 srcPort>42663 dst>fd10:43:100::2/21261 
16:45:18.250989 SHUTDOWN flow>2462 srcPort>37113 dst>fd10:43:100::2/21262 
16:45:18.251461 OFF flow>2462 srcPort>37113 dst>fd10:43:100::2/21262 
16:45:18.427295 SHUTDOWN flow>2463 srcPort>39747 dst>fd10:43:100::2/21263 
16:45:18.427782 OFF flow>2463 srcPort>39747 dst>fd10:43:100::2/21263 
16:45:18.808377 SHUTDOWN flow>2464 srcPort>36243 dst>fd10:43:100::2/21264 
16:45:18.808823 OFF flow>2464 srcPort>36243 dst>fd10:43:100::2/21264 
16:45:18.819175 SHUTDOWN flow>2465 srcPort>44031 dst>fd10:43:100::2/21265 
16:45:18.819507 OFF flow>2465 srcPort>44031 dst>fd10:43:100::2/21265 
16:45:18.828374 SHUTDOWN flow>2466 srcPort>36207 dst>fd10:43:100::2/21266 
16:45:18.828705 OFF flow>2466 srcPort>36207 dst>fd10:43:100::2/21266 
16:45:18.853683 SHUTDOWN flow>2467 srcPort>38835 dst>fd10:43:100::2/21267 
16:45:18.854011 OFF flow>2467 srcPort>38835 dst>fd10:43:100::2/21267 
16:45:18.912772 SHUTDOWN flow>2468 srcPort>44957 dst>fd10:43:100::2/21268 
16:45:18.913123 OFF flow>2468 srcPort>44957 dst>fd10:43:100::2/21268 
16:45:18.997975 SHUTDOWN flow>2469 srcPort>33543 dst>fd10:43:100::2/21269 
16:45:18.998333 OFF flow>2469 srcPort>33543 dst>fd10:43:100::2/21269 
16:45:19.011671 SHUTDOWN flow>2470 srcPort>34171 dst>fd10:43:100::2/21270 
16:45:19.012052 OFF flow>2470 srcPort>34171 dst>fd10:43:100::2/21270 
16:45:19.038275 SHUTDOWN flow>2471 srcPort>39089 dst>fd10:43:100::2/21271 
16:45:19.038669 OFF flow>2471 srcPort>39089 dst>fd10:43:100::2/21271 
16:45:19.054776 SHUTDOWN flow>2472 srcPort>41191 dst>fd10:43:100::2/21272 
16:45:19.055080 OFF flow>2472 srcPort>41191 dst>fd10:43:100::2/21272 
16:45:19.081685 SHUTDOWN flow>2473 srcPort>42887 dst>fd10:43:100::2/21273 
16:45:19.082005 OFF flow>2473 srcPort>42887 dst>fd10:43:100::2/21273 
16:45:19.118491 SHUTDOWN flow>2474 srcPort>40185 dst>fd10:43:100::2/21274 
16:45:19.118894 OFF flow>2474 srcPort>40185 dst>fd10:43:100::2/21274 
16:45:19.414435 ON flow>2485 srcPort>45835 dst>fd10:43:100::2/21285 
16:45:19.414708 CONNECT flow>2485 srcPort>45835 dst>fd10:43:100::2/21285 
16:45:19.666917 ON flow>2486 srcPort>41953 dst>fd10:43:100::2/21286 
16:45:19.667180 CONNECT flow>2486 srcPort>41953 dst>fd10:43:100::2/21286 
16:45:21.596806 SHUTDOWN flow>2475 srcPort>43417 dst>fd10:43:100::2/21275 
16:45:21.597272 OFF flow>2475 srcPort>43417 dst>fd10:43:100::2/21275 
16:45:21.675699 SHUTDOWN flow>2476 srcPort>45427 dst>fd10:43:100::2/21276 
16:45:21.676056 OFF flow>2476 srcPort>45427 dst>fd10:43:100::2/21276 
16:45:21.688374 SHUTDOWN flow>2477 srcPort>35237 dst>fd10:43:100::2/21277 
16:45:21.688684 OFF flow>2477 srcPort>35237 dst>fd10:43:100::2/21277 
16:45:21.699266 SHUTDOWN flow>2478 srcPort>33435 dst>fd10:43:100::2/21278 
16:45:21.699624 OFF flow>2478 srcPort>33435 dst>fd10:43:100::2/21278 
16:45:21.704181 SHUTDOWN flow>2479 srcPort>46435 dst>fd10:43:100::2/21279 
16:45:21.704508 OFF flow>2479 srcPort>46435 dst>fd10:43:100::2/21279 
16:45:21.708277 SHUTDOWN flow>2480 srcPort>39965 dst>fd10:43:100::2/21280 
16:45:21.708610 OFF flow>2480 srcPort>39965 dst>fd10:43:100::2/21280 
16:45:21.716377 SHUTDOWN flow>2481 srcPort>44223 dst>fd10:43:100::2/21281 
16:45:21.716703 OFF flow>2481 srcPort>44223 dst>fd10:43:100::2/21281 
16:45:21.826670 SHUTDOWN flow>2482 srcPort>34127 dst>fd10:43:100::2/21282 
16:45:21.827611 OFF flow>2482 srcPort>34127 dst>fd10:43:100::2/21282 
16:45:21.909693 SHUTDOWN flow>2483 srcPort>44301 dst>fd10:43:100::2/21283 
16:45:21.910167 OFF flow>2483 srcPort>44301 dst>fd10:43:100::2/21283 
16:45:21.994250 SHUTDOWN flow>2484 srcPort>33495 dst>fd10:43:100::2/21284 
16:45:21.994631 OFF flow>2484 srcPort>33495 dst>fd10:43:100::2/21284 
16:45:23.493065 ON flow>2487 srcPort>35855 dst>fd10:43:100::2/21287 
16:45:23.493358 CONNECT flow>2487 srcPort>35855 dst>fd10:43:100::2/21287 
16:45:23.695632 ON flow>2488 srcPort>33389 dst>fd10:43:100::2/21288 
16:45:23.695897 CONNECT flow>2488 srcPort>33389 dst>fd10:43:100::2/21288 
16:45:23.913212 ON flow>2489 srcPort>42205 dst>fd10:43:100::2/21289 
16:45:23.913769 CONNECT flow>2489 srcPort>42205 dst>fd10:43:100::2/21289 
16:45:24.214076 SHUTDOWN flow>2485 srcPort>45835 dst>fd10:43:100::2/21285 
16:45:24.214594 OFF flow>2485 srcPort>45835 dst>fd10:43:100::2/21285 
16:45:24.466786 SHUTDOWN flow>2486 srcPort>41953 dst>fd10:43:100::2/21286 
16:45:24.467333 OFF flow>2486 srcPort>41953 dst>fd10:43:100::2/21286 
16:45:24.655214 ON flow>2490 srcPort>42987 dst>fd10:43:100::2/21290 
16:45:24.655558 CONNECT flow>2490 srcPort>42987 dst>fd10:43:100::2/21290 
16:45:24.670927 ON flow>2491 srcPort>41535 dst>fd10:43:100::2/21291 
16:45:24.671208 CONNECT flow>2491 srcPort>41535 dst>fd10:43:100::2/21291 
16:45:24.730031 ON flow>2492 srcPort>35163 dst>fd10:43:100::2/21292 
16:45:24.730294 CONNECT flow>2492 srcPort>35163 dst>fd10:43:100::2/21292 
16:45:24.760219 ON flow>2493 srcPort>42659 dst>fd10:43:100::2/21293 
16:45:24.760508 CONNECT flow>2493 srcPort>42659 dst>fd10:43:100::2/21293 
16:45:24.893431 ON flow>2494 srcPort>36643 dst>fd10:43:100::2/21294 
16:45:24.893736 CONNECT flow>2494 srcPort>36643 dst>fd10:43:100::2/21294 
16:45:25.494295 ON flow>2495 srcPort>33349 dst>fd10:43:100::2/21295 
16:45:25.494619 CONNECT flow>2495 srcPort>33349 dst>fd10:43:100::2/21295 
16:45:25.517568 ON flow>2496 srcPort>37399 dst>fd10:43:100::2/21296 
16:45:25.517872 CONNECT flow>2496 srcPort>37399 dst>fd10:43:100::2/21296 
16:45:25.521765 ON flow>2497 srcPort>38019 dst>fd10:43:100::2/21297 
16:45:25.522087 CONNECT flow>2497 srcPort>38019 dst>fd10:43:100::2/21297 
16:45:25.523940 ON flow>2498 srcPort>43351 dst>fd10:43:100::2/21298 
16:45:25.524232 CONNECT flow>2498 srcPort>43351 dst>fd10:43:100::2/21298 
16:45:25.528160 ON flow>2499 srcPort>33457 dst>fd10:43:100::2/21299 
16:45:25.528418 CONNECT flow>2499 srcPort>33457 dst>fd10:43:100::2/21299 
16:45:25.629532 ON flow>2500 srcPort>42845 dst>fd10:43:100::2/21300 
16:45:25.629758 CONNECT flow>2500 srcPort>42845 dst>fd10:43:100::2/21300 
16:45:25.639734 ON flow>2501 srcPort>39105 dst>fd10:43:100::2/21301 
16:45:25.640001 CONNECT flow>2501 srcPort>39105 dst>fd10:43:100::2/21301 
16:45:25.773938 ON flow>2502 srcPort>46785 dst>fd10:43:100::2/21302 
16:45:25.774203 CONNECT flow>2502 srcPort>46785 dst>fd10:43:100::2/21302 
16:45:26.768502 ON flow>2503 srcPort>33811 dst>fd10:43:100::2/21303 
16:45:26.768734 CONNECT flow>2503 srcPort>33811 dst>fd10:43:100::2/21303 
16:45:27.789406 ON flow>2504 srcPort>38393 dst>fd10:43:100::2/21304 
16:45:27.789688 CONNECT flow>2504 srcPort>38393 dst>fd10:43:100::2/21304 
16:45:27.848839 ON flow>2505 srcPort>34131 dst>fd10:43:100::2/21305 
16:45:27.849107 CONNECT flow>2505 srcPort>34131 dst>fd10:43:100::2/21305 
16:45:27.863556 ON flow>2506 srcPort>41695 dst>fd10:43:100::2/21306 
16:45:27.863822 CONNECT flow>2506 srcPort>41695 dst>fd10:43:100::2/21306 
16:45:27.864327 ON flow>2507 srcPort>38837 dst>fd10:43:100::2/21307 
16:45:27.864578 CONNECT flow>2507 srcPort>38837 dst>fd10:43:100::2/21307 
16:45:27.893031 ON flow>2508 srcPort>41177 dst>fd10:43:100::2/21308 
16:45:27.893292 CONNECT flow>2508 srcPort>41177 dst>fd10:43:100::2/21308 
16:45:27.918130 ON flow>2509 srcPort>45863 dst>fd10:43:100::2/21309 
16:45:27.918393 CONNECT flow>2509 srcPort>45863 dst>fd10:43:100::2/21309 
16:45:27.964332 ON flow>2510 srcPort>34929 dst>fd10:43:100::2/21310 
16:45:27.964611 CONNECT flow>2510 srcPort>34929 dst>fd10:43:100::2/21310 
16:45:28.020657 ON flow>2511 srcPort>44361 dst>fd10:43:100::2/21311 
16:45:28.021012 CONNECT flow>2511 srcPort>44361 dst>fd10:43:100::2/21311 
16:45:28.032746 ON flow>2512 srcPort>41737 dst>fd10:43:100::2/21312 
16:45:28.033081 CONNECT flow>2512 srcPort>41737 dst>fd10:43:100::2/21312 
16:45:28.074347 ON flow>2513 srcPort>46667 dst>fd10:43:100::2/21313 
16:45:28.074620 CONNECT flow>2513 srcPort>46667 dst>fd10:43:100::2/21313 
16:45:28.183169 ON flow>2514 srcPort>33269 dst>fd10:43:100::2/21314 
16:45:28.183423 CONNECT flow>2514 srcPort>33269 dst>fd10:43:100::2/21314 
16:45:28.292904 SHUTDOWN flow>2487 srcPort>35855 dst>fd10:43:100::2/21287 
16:45:28.293350 OFF flow>2487 srcPort>35855 dst>fd10:43:100::2/21287 
16:45:28.495485 SHUTDOWN flow>2488 srcPort>33389 dst>fd10:43:100::2/21288 
16:45:28.495884 OFF flow>2488 srcPort>33389 dst>fd10:43:100::2/21288 
16:45:28.528432 ON flow>2515 srcPort>36679 dst>fd10:43:100::2/21315 
16:45:28.528779 CONNECT flow>2515 srcPort>36679 dst>fd10:43:100::2/21315 
16:45:28.713082 SHUTDOWN flow>2489 srcPort>42205 dst>fd10:43:100::2/21289 
16:45:28.713451 OFF flow>2489 srcPort>42205 dst>fd10:43:100::2/21289 
16:45:29.455078 SHUTDOWN flow>2490 srcPort>42987 dst>fd10:43:100::2/21290 
16:45:29.455524 OFF flow>2490 srcPort>42987 dst>fd10:43:100::2/21290 
16:45:29.470878 SHUTDOWN flow>2491 srcPort>41535 dst>fd10:43:100::2/21291 
16:45:29.471223 OFF flow>2491 srcPort>41535 dst>fd10:43:100::2/21291 
16:45:29.529972 SHUTDOWN flow>2492 srcPort>35163 dst>fd10:43:100::2/21292 
16:45:29.530318 OFF flow>2492 srcPort>35163 dst>fd10:43:100::2/21292 
16:45:29.560178 SHUTDOWN flow>2493 srcPort>42659 dst>fd10:43:100::2/21293 
16:45:29.560678 OFF flow>2493 srcPort>42659 dst>fd10:43:100::2/21293 
16:45:29.693273 SHUTDOWN flow>2494 srcPort>36643 dst>fd10:43:100::2/21294 
16:45:29.693703 OFF flow>2494 srcPort>36643 dst>fd10:43:100::2/21294 
16:45:30.277179 ON flow>2516 srcPort>39987 dst>fd10:43:100::2/21316 
16:45:30.277434 CONNECT flow>2516 srcPort>39987 dst>fd10:43:100::2/21316 
16:45:30.282249 ON flow>2517 srcPort>45069 dst>fd10:43:100::2/21317 
16:45:30.282534 CONNECT flow>2517 srcPort>45069 dst>fd10:43:100::2/21317 
16:45:30.290747 ON flow>2518 srcPort>35243 dst>fd10:43:100::2/21318 
16:45:30.290994 CONNECT flow>2518 srcPort>35243 dst>fd10:43:100::2/21318 
16:45:30.294182 SHUTDOWN flow>2495 srcPort>33349 dst>fd10:43:100::2/21295 
16:45:30.294558 OFF flow>2495 srcPort>33349 dst>fd10:43:100::2/21295 
16:45:30.314913 ON flow>2519 srcPort>44243 dst>fd10:43:100::2/21319 
16:45:30.315174 CONNECT flow>2519 srcPort>44243 dst>fd10:43:100::2/21319 
16:45:30.317487 SHUTDOWN flow>2496 srcPort>37399 dst>fd10:43:100::2/21296 
16:45:30.317831 OFF flow>2496 srcPort>37399 dst>fd10:43:100::2/21296 
16:45:30.321680 SHUTDOWN flow>2497 srcPort>38019 dst>fd10:43:100::2/21297 
16:45:30.322037 OFF flow>2497 srcPort>38019 dst>fd10:43:100::2/21297 
16:45:30.323882 SHUTDOWN flow>2498 srcPort>43351 dst>fd10:43:100::2/21298 
16:45:30.324244 OFF flow>2498 srcPort>43351 dst>fd10:43:100::2/21298 
16:45:30.328082 SHUTDOWN flow>2499 srcPort>33457 dst>fd10:43:100::2/21299 
16:45:30.328432 OFF flow>2499 srcPort>33457 dst>fd10:43:100::2/21299 
16:45:30.429488 SHUTDOWN flow>2500 srcPort>42845 dst>fd10:43:100::2/21300 
16:45:30.429828 OFF flow>2500 srcPort>42845 dst>fd10:43:100::2/21300 
16:45:30.439686 SHUTDOWN flow>2501 srcPort>39105 dst>fd10:43:100::2/21301 
16:45:30.440012 OFF flow>2501 srcPort>39105 dst>fd10:43:100::2/21301 
16:45:30.573893 SHUTDOWN flow>2502 srcPort>46785 dst>fd10:43:100::2/21302 
16:45:30.574201 OFF flow>2502 srcPort>46785 dst>fd10:43:100::2/21302 
16:45:31.568375 SHUTDOWN flow>2503 srcPort>33811 dst>fd10:43:100::2/21303 
16:45:31.568902 OFF flow>2503 srcPort>33811 dst>fd10:43:100::2/21303 
16:45:32.589295 SHUTDOWN flow>2504 srcPort>38393 dst>fd10:43:100::2/21304 
16:45:32.589880 OFF flow>2504 srcPort>38393 dst>fd10:43:100::2/21304 
16:45:32.648789 SHUTDOWN flow>2505 srcPort>34131 dst>fd10:43:100::2/21305 
16:45:32.649124 OFF flow>2505 srcPort>34131 dst>fd10:43:100::2/21305 
16:45:32.663494 SHUTDOWN flow>2506 srcPort>41695 dst>fd10:43:100::2/21306 
16:45:32.664036 OFF flow>2506 srcPort>41695 dst>fd10:43:100::2/21306 
16:45:32.664292 SHUTDOWN flow>2507 srcPort>38837 dst>fd10:43:100::2/21307 
16:45:32.664636 OFF flow>2507 srcPort>38837 dst>fd10:43:100::2/21307 
16:45:32.693001 SHUTDOWN flow>2508 srcPort>41177 dst>fd10:43:100::2/21308 
16:45:32.693424 OFF flow>2508 srcPort>41177 dst>fd10:43:100::2/21308 
16:45:32.718133 SHUTDOWN flow>2509 srcPort>45863 dst>fd10:43:100::2/21309 
16:45:32.718492 OFF flow>2509 srcPort>45863 dst>fd10:43:100::2/21309 
16:45:32.764296 SHUTDOWN flow>2510 srcPort>34929 dst>fd10:43:100::2/21310 
16:45:32.764666 OFF flow>2510 srcPort>34929 dst>fd10:43:100::2/21310 
16:45:32.820604 SHUTDOWN flow>2511 srcPort>44361 dst>fd10:43:100::2/21311 
16:45:32.821091 OFF flow>2511 srcPort>44361 dst>fd10:43:100::2/21311 
16:45:32.832714 SHUTDOWN flow>2512 srcPort>41737 dst>fd10:43:100::2/21312 
16:45:32.833100 OFF flow>2512 srcPort>41737 dst>fd10:43:100::2/21312 
16:45:32.874316 SHUTDOWN flow>2513 srcPort>46667 dst>fd10:43:100::2/21313 
16:45:32.874684 OFF flow>2513 srcPort>46667 dst>fd10:43:100::2/21313 
16:45:32.983089 SHUTDOWN flow>2514 srcPort>33269 dst>fd10:43:100::2/21314 
16:45:32.983529 OFF flow>2514 srcPort>33269 dst>fd10:43:100::2/21314 
16:45:33.328332 SHUTDOWN flow>2515 srcPort>36679 dst>fd10:43:100::2/21315 
16:45:33.328745 OFF flow>2515 srcPort>36679 dst>fd10:43:100::2/21315 
16:45:33.791593 ON flow>2520 srcPort>42059 dst>fd10:43:100::2/21320 
16:45:33.791917 CONNECT flow>2520 srcPort>42059 dst>fd10:43:100::2/21320 
16:45:33.796541 ON flow>2521 srcPort>43821 dst>fd10:43:100::2/21321 
16:45:33.796856 CONNECT flow>2521 srcPort>43821 dst>fd10:43:100::2/21321 
16:45:33.844284 ON flow>2522 srcPort>45439 dst>fd10:43:100::2/21322 
16:45:33.844521 CONNECT flow>2522 srcPort>45439 dst>fd10:43:100::2/21322 
16:45:33.883993 ON flow>2523 srcPort>41051 dst>fd10:43:100::2/21323 
16:45:33.884281 CONNECT flow>2523 srcPort>41051 dst>fd10:43:100::2/21323 
16:45:35.076999 SHUTDOWN flow>2516 srcPort>39987 dst>fd10:43:100::2/21316 
16:45:35.077498 OFF flow>2516 srcPort>39987 dst>fd10:43:100::2/21316 
16:45:35.082201 SHUTDOWN flow>2517 srcPort>45069 dst>fd10:43:100::2/21317 
16:45:35.082548 OFF flow>2517 srcPort>45069 dst>fd10:43:100::2/21317 
16:45:35.090702 SHUTDOWN flow>2518 srcPort>35243 dst>fd10:43:100::2/21318 
16:45:35.091034 OFF flow>2518 srcPort>35243 dst>fd10:43:100::2/21318 
16:45:35.114838 SHUTDOWN flow>2519 srcPort>44243 dst>fd10:43:100::2/21319 
16:45:35.115206 OFF flow>2519 srcPort>44243 dst>fd10:43:100::2/21319 
16:45:38.591098 SHUTDOWN flow>2520 srcPort>42059 dst>fd10:43:100::2/21320 
16:45:38.591752 OFF flow>2520 srcPort>42059 dst>fd10:43:100::2/21320 
16:45:38.596491 SHUTDOWN flow>2521 srcPort>43821 dst>fd10:43:100::2/21321 
16:45:38.596847 OFF flow>2521 srcPort>43821 dst>fd10:43:100::2/21321 
16:45:38.644201 SHUTDOWN flow>2522 srcPort>45439 dst>fd10:43:100::2/21322 
16:45:38.644691 OFF flow>2522 srcPort>45439 dst>fd10:43:100::2/21322 
16:45:38.683899 SHUTDOWN flow>2523 srcPort>41051 dst>fd10:43:100::2/21323 
16:45:38.684268 OFF flow>2523 srcPort>41051 dst>fd10:43:100::2/21323 
16:45:39.421488 ON flow>2524 srcPort>40943 dst>fd10:43:100::2/21324 
16:45:39.421771 CONNECT flow>2524 srcPort>40943 dst>fd10:43:100::2/21324 
16:45:39.789859 ON flow>2525 srcPort>45171 dst>fd10:43:100::2/21325 
16:45:39.790132 CONNECT flow>2525 srcPort>45171 dst>fd10:43:100::2/21325 
16:45:42.718567 ON flow>2526 srcPort>42047 dst>fd10:43:100::2/21326 
16:45:42.718958 CONNECT flow>2526 srcPort>42047 dst>fd10:43:100::2/21326 
16:45:42.779945 ON flow>2527 srcPort>36937 dst>fd10:43:100::2/21327 
16:45:42.780234 CONNECT flow>2527 srcPort>36937 dst>fd10:43:100::2/21327 
16:45:43.047593 ON flow>2528 srcPort>39015 dst>fd10:43:100::2/21328 
16:45:43.047914 CONNECT flow>2528 srcPort>39015 dst>fd10:43:100::2/21328 
16:45:43.141563 ON flow>2529 srcPort>38975 dst>fd10:43:100::2/21329 
16:45:43.141867 CONNECT flow>2529 srcPort>38975 dst>fd10:43:100::2/21329 
16:45:43.280352 ON flow>2530 srcPort>46687 dst>fd10:43:100::2/21330 
16:45:43.280581 CONNECT flow>2530 srcPort>46687 dst>fd10:43:100::2/21330 
16:45:43.298964 ON flow>2531 srcPort>35339 dst>fd10:43:100::2/21331 
16:45:43.299266 CONNECT flow>2531 srcPort>35339 dst>fd10:43:100::2/21331 
16:45:43.329160 ON flow>2532 srcPort>43597 dst>fd10:43:100::2/21332 
16:45:43.329435 CONNECT flow>2532 srcPort>43597 dst>fd10:43:100::2/21332 
16:45:43.347890 ON flow>2533 srcPort>46725 dst>fd10:43:100::2/21333 
16:45:43.348250 CONNECT flow>2533 srcPort>46725 dst>fd10:43:100::2/21333 
16:45:43.495869 ON flow>2534 srcPort>37225 dst>fd10:43:100::2/21334 
16:45:43.496199 CONNECT flow>2534 srcPort>37225 dst>fd10:43:100::2/21334 
16:45:43.534622 ON flow>2535 srcPort>44181 dst>fd10:43:100::2/21335 
16:45:43.534851 CONNECT flow>2535 srcPort>44181 dst>fd10:43:100::2/21335 
16:45:43.571410 ON flow>2536 srcPort>43293 dst>fd10:43:100::2/21336 
16:45:43.571664 CONNECT flow>2536 srcPort>43293 dst>fd10:43:100::2/21336 
16:45:43.595491 ON flow>2537 srcPort>45227 dst>fd10:43:100::2/21337 
16:45:43.595722 CONNECT flow>2537 srcPort>45227 dst>fd10:43:100::2/21337 
16:45:44.221227 SHUTDOWN flow>2524 srcPort>40943 dst>fd10:43:100::2/21324 
16:45:44.221694 OFF flow>2524 srcPort>40943 dst>fd10:43:100::2/21324 
16:45:44.589755 SHUTDOWN flow>2525 srcPort>45171 dst>fd10:43:100::2/21325 
16:45:44.590249 OFF flow>2525 srcPort>45171 dst>fd10:43:100::2/21325 
16:45:46.104386 SHUTDOWN flow>2003 srcPort>33541 dst>fd10:43:100::2/20002 
16:45:46.104464 SHUTDOWN flow>2002 srcPort>39791 dst>fd10:43:100::2/20001 
16:45:46.104495 SHUTDOWN flow>2004 srcPort>36521 dst>fd10:43:100::2/20003 
16:45:46.104582 SHUTDOWN flow>2001 srcPort>46017 dst>fd10:43:100::2/20000 
16:45:46.104841 OFF flow>2003 srcPort>33541 dst>fd10:43:100::2/20002 
16:45:46.104951 OFF flow>2004 srcPort>36521 dst>fd10:43:100::2/20003 
16:45:46.104966 OFF flow>2002 srcPort>39791 dst>fd10:43:100::2/20001 
16:45:46.104982 OFF flow>2001 srcPort>46017 dst>fd10:43:100::2/20000 
16:45:47.518123 SHUTDOWN flow>2526 srcPort>42047 dst>fd10:43:100::2/21326 
16:45:47.518564 OFF flow>2526 srcPort>42047 dst>fd10:43:100::2/21326 
16:45:47.579905 SHUTDOWN flow>2527 srcPort>36937 dst>fd10:43:100::2/21327 
16:45:47.580269 OFF flow>2527 srcPort>36937 dst>fd10:43:100::2/21327 
16:45:47.847498 SHUTDOWN flow>2528 srcPort>39015 dst>fd10:43:100::2/21328 
16:45:47.847934 OFF flow>2528 srcPort>39015 dst>fd10:43:100::2/21328 
16:45:47.941494 SHUTDOWN flow>2529 srcPort>38975 dst>fd10:43:100::2/21329 
16:45:47.941886 OFF flow>2529 srcPort>38975 dst>fd10:43:100::2/21329 
16:45:48.080214 SHUTDOWN flow>2530 srcPort>46687 dst>fd10:43:100::2/21330 
16:45:48.080589 OFF flow>2530 srcPort>46687 dst>fd10:43:100::2/21330 
16:45:48.098903 SHUTDOWN flow>2531 srcPort>35339 dst>fd10:43:100::2/21331 
16:45:48.099274 OFF flow>2531 srcPort>35339 dst>fd10:43:100::2/21331 
16:45:48.129108 SHUTDOWN flow>2532 srcPort>43597 dst>fd10:43:100::2/21332 
16:45:48.129501 OFF flow>2532 srcPort>43597 dst>fd10:43:100::2/21332 
16:45:48.147698 SHUTDOWN flow>2533 srcPort>46725 dst>fd10:43:100::2/21333 
16:45:48.147958 OFF flow>2533 srcPort>46725 dst>fd10:43:100::2/21333 
16:45:48.295798 SHUTDOWN flow>2534 srcPort>37225 dst>fd10:43:100::2/21334 
16:45:48.296360 OFF flow>2534 srcPort>37225 dst>fd10:43:100::2/21334 
16:45:48.334570 SHUTDOWN flow>2535 srcPort>44181 dst>fd10:43:100::2/21335 
16:45:48.335210 OFF flow>2535 srcPort>44181 dst>fd10:43:100::2/21335 
16:45:48.371381 SHUTDOWN flow>2536 srcPort>43293 dst>fd10:43:100::2/21336 
16:45:48.371810 OFF flow>2536 srcPort>43293 dst>fd10:43:100::2/21336 
16:45:48.395476 SHUTDOWN flow>2537 srcPort>45227 dst>fd10:43:100::2/21337 
16:45:48.395908 OFF flow>2537 srcPort>45227 dst>fd10:43:100::2/21337 
16:45:48.395945 STOP
