02:45:54.709627 START Mgen Version 5.1.1
02:45:54.709919 ON flow>2001 srcPort>44125 dst>fd10:43:100::2/20000 
02:45:54.710534 CONNECT flow>2001 srcPort>44125 dst>fd10:43:100::2/20000 
02:45:55.209822 ON flow>2002 srcPort>43725 dst>fd10:43:100::2/20001 
02:45:55.210215 CONNECT flow>2002 srcPort>43725 dst>fd10:43:100::2/20001 
02:45:55.709802 ON flow>2003 srcPort>36529 dst>fd10:43:100::2/20002 
02:45:55.710817 CONNECT flow>2003 srcPort>36529 dst>fd10:43:100::2/20002 
02:45:56.209805 ON flow>2004 srcPort>34237 dst>fd10:43:100::2/20003 
02:45:56.210099 CONNECT flow>2004 srcPort>34237 dst>fd10:43:100::2/20003 
02:46:00.451499 ON flow>2200 srcPort>45709 dst>fd10:43:100::2/21000 
02:46:00.452058 CONNECT flow>2200 srcPort>45709 dst>fd10:43:100::2/21000 
02:46:00.595279 ON flow>2201 srcPort>39931 dst>fd10:43:100::2/21001 
02:46:00.595631 CONNECT flow>2201 srcPort>39931 dst>fd10:43:100::2/21001 
02:46:00.696632 ON flow>2202 srcPort>34815 dst>fd10:43:100::2/21002 
02:46:00.696877 CONNECT flow>2202 srcPort>34815 dst>fd10:43:100::2/21002 
02:46:00.899134 ON flow>2203 srcPort>45953 dst>fd10:43:100::2/21003 
02:46:00.899464 CONNECT flow>2203 srcPort>45953 dst>fd10:43:100::2/21003 
02:46:01.713459 ON flow>2204 srcPort>44933 dst>fd10:43:100::2/21004 
02:46:01.713729 CONNECT flow>2204 srcPort>44933 dst>fd10:43:100::2/21004 
02:46:01.857840 ON flow>2205 srcPort>34495 dst>fd10:43:100::2/21005 
02:46:01.858119 CONNECT flow>2205 srcPort>34495 dst>fd10:43:100::2/21005 
02:46:01.926040 ON flow>2206 srcPort>39503 dst>fd10:43:100::2/21006 
02:46:01.926406 CONNECT flow>2206 srcPort>39503 dst>fd10:43:100::2/21006 
02:46:01.957188 ON flow>2207 srcPort>36819 dst>fd10:43:100::2/21007 
02:46:01.957467 CONNECT flow>2207 srcPort>36819 dst>fd10:43:100::2/21007 
02:46:02.663731 ON flow>2208 srcPort>40441 dst>fd10:43:100::2/21008 
02:46:02.663982 CONNECT flow>2208 srcPort>40441 dst>fd10:43:100::2/21008 
02:46:02.891943 ON flow>2209 srcPort>33331 dst>fd10:43:100::2/21009 
02:46:02.892261 CONNECT flow>2209 srcPort>33331 dst>fd10:43:100::2/21009 
02:46:03.556238 ON flow>2210 srcPort>45691 dst>fd10:43:100::2/21010 
02:46:03.556517 CONNECT flow>2210 srcPort>45691 dst>fd10:43:100::2/21010 
02:46:03.655949 ON flow>2211 srcPort>34319 dst>fd10:43:100::2/21011 
02:46:03.656201 CONNECT flow>2211 srcPort>34319 dst>fd10:43:100::2/21011 
02:46:03.885136 ON flow>2212 srcPort>36925 dst>fd10:43:100::2/21012 
02:46:03.885379 CONNECT flow>2212 srcPort>36925 dst>fd10:43:100::2/21012 
02:46:04.616653 ON flow>2213 srcPort>38665 dst>fd10:43:100::2/21013 
02:46:04.616943 CONNECT flow>2213 srcPort>38665 dst>fd10:43:100::2/21013 
02:46:04.663737 ON flow>2214 srcPort>36859 dst>fd10:43:100::2/21014 
02:46:04.664032 CONNECT flow>2214 srcPort>36859 dst>fd10:43:100::2/21014 
02:46:04.666530 ON flow>2215 srcPort>34985 dst>fd10:43:100::2/21015 
02:46:04.666825 CONNECT flow>2215 srcPort>34985 dst>fd10:43:100::2/21015 
02:46:04.814977 ON flow>2216 srcPort>40683 dst>fd10:43:100::2/21016 
02:46:04.815253 CONNECT flow>2216 srcPort>40683 dst>fd10:43:100::2/21016 
02:46:04.872603 ON flow>2217 srcPort>34673 dst>fd10:43:100::2/21017 
02:46:04.872888 CONNECT flow>2217 srcPort>34673 dst>fd10:43:100::2/21017 
02:46:04.920674 ON flow>2218 srcPort>38209 dst>fd10:43:100::2/21018 
02:46:04.920914 CONNECT flow>2218 srcPort>38209 dst>fd10:43:100::2/21018 
02:46:04.966002 ON flow>2219 srcPort>33709 dst>fd10:43:100::2/21019 
02:46:04.966238 CONNECT flow>2219 srcPort>33709 dst>fd10:43:100::2/21019 
02:46:04.990055 ON flow>2220 srcPort>39569 dst>fd10:43:100::2/21020 
02:46:04.990305 CONNECT flow>2220 srcPort>39569 dst>fd10:43:100::2/21020 
02:46:05.069419 ON flow>2221 srcPort>44283 dst>fd10:43:100::2/21021 
02:46:05.069655 CONNECT flow>2221 srcPort>44283 dst>fd10:43:100::2/21021 
02:46:05.192991 ON flow>2222 srcPort>46729 dst>fd10:43:100::2/21022 
02:46:05.193330 CONNECT flow>2222 srcPort>46729 dst>fd10:43:100::2/21022 
02:46:05.251406 SHUTDOWN flow>2200 srcPort>45709 dst>fd10:43:100::2/21000 
02:46:05.251776 OFF flow>2200 srcPort>45709 dst>fd10:43:100::2/21000 
02:46:05.376415 ON flow>2223 srcPort>44365 dst>fd10:43:100::2/21023 
02:46:05.376657 CONNECT flow>2223 srcPort>44365 dst>fd10:43:100::2/21023 
02:46:05.395208 SHUTDOWN flow>2201 srcPort>39931 dst>fd10:43:100::2/21001 
02:46:05.395542 OFF flow>2201 srcPort>39931 dst>fd10:43:100::2/21001 
02:46:05.496602 SHUTDOWN flow>2202 srcPort>34815 dst>fd10:43:100::2/21002 
02:46:05.496982 OFF flow>2202 srcPort>34815 dst>fd10:43:100::2/21002 
02:46:05.578064 ON flow>2224 srcPort>46405 dst>fd10:43:100::2/21024 
02:46:05.578329 CONNECT flow>2224 srcPort>46405 dst>fd10:43:100::2/21024 
02:46:05.699104 SHUTDOWN flow>2203 srcPort>45953 dst>fd10:43:100::2/21003 
02:46:05.699462 OFF flow>2203 srcPort>45953 dst>fd10:43:100::2/21003 
02:46:05.711632 ON flow>2225 srcPort>38069 dst>fd10:43:100::2/21025 
02:46:05.712089 CONNECT flow>2225 srcPort>38069 dst>fd10:43:100::2/21025 
02:46:05.750628 ON flow>2226 srcPort>35173 dst>fd10:43:100::2/21026 
02:46:05.750889 CONNECT flow>2226 srcPort>35173 dst>fd10:43:100::2/21026 
02:46:05.752885 ON flow>2227 srcPort>36577 dst>fd10:43:100::2/21027 
02:46:05.753132 CONNECT flow>2227 srcPort>36577 dst>fd10:43:100::2/21027 
02:46:05.791482 ON flow>2228 srcPort>39257 dst>fd10:43:100::2/21028 
02:46:05.791771 CONNECT flow>2228 srcPort>39257 dst>fd10:43:100::2/21028 
02:46:05.923082 ON flow>2229 srcPort>37815 dst>fd10:43:100::2/21029 
02:46:05.923330 CONNECT flow>2229 srcPort>37815 dst>fd10:43:100::2/21029 
02:46:06.006230 ON flow>2230 srcPort>46049 dst>fd10:43:100::2/21030 
02:46:06.006499 CONNECT flow>2230 srcPort>46049 dst>fd10:43:100::2/21030 
02:46:06.010300 ON flow>2231 srcPort>44915 dst>fd10:43:100::2/21031 
02:46:06.010543 CONNECT flow>2231 srcPort>44915 dst>fd10:43:100::2/21031 
02:46:06.513426 SHUTDOWN flow>2204 srcPort>44933 dst>fd10:43:100::2/21004 
02:46:06.513811 OFF flow>2204 srcPort>44933 dst>fd10:43:100::2/21004 
02:46:06.657817 SHUTDOWN flow>2205 srcPort>34495 dst>fd10:43:100::2/21005 
02:46:06.658273 OFF flow>2205 srcPort>34495 dst>fd10:43:100::2/21005 
02:46:06.726007 SHUTDOWN flow>2206 srcPort>39503 dst>fd10:43:100::2/21006 
02:46:06.726369 OFF flow>2206 srcPort>39503 dst>fd10:43:100::2/21006 
02:46:06.757104 SHUTDOWN flow>2207 srcPort>36819 dst>fd10:43:100::2/21007 
02:46:06.757410 OFF flow>2207 srcPort>36819 dst>fd10:43:100::2/21007 
02:46:06.985650 ON flow>2232 srcPort>42079 dst>fd10:43:100::2/21032 
02:46:06.986247 CONNECT flow>2232 srcPort>42079 dst>fd10:43:100::2/21032 
02:46:07.008295 ON flow>2233 srcPort>36915 dst>fd10:43:100::2/21033 
02:46:07.008517 CONNECT flow>2233 srcPort>36915 dst>fd10:43:100::2/21033 
02:46:07.030086 ON flow>2234 srcPort>37703 dst>fd10:43:100::2/21034 
02:46:07.030355 CONNECT flow>2234 srcPort>37703 dst>fd10:43:100::2/21034 
02:46:07.127095 ON flow>2235 srcPort>35707 dst>fd10:43:100::2/21035 
02:46:07.127357 CONNECT flow>2235 srcPort>35707 dst>fd10:43:100::2/21035 
02:46:07.290299 ON flow>2236 srcPort>37301 dst>fd10:43:100::2/21036 
02:46:07.290550 CONNECT flow>2236 srcPort>37301 dst>fd10:43:100::2/21036 
02:46:07.328402 ON flow>2237 srcPort>38529 dst>fd10:43:100::2/21037 
02:46:07.328664 CONNECT flow>2237 srcPort>38529 dst>fd10:43:100::2/21037 
02:46:07.463638 SHUTDOWN flow>2208 srcPort>40441 dst>fd10:43:100::2/21008 
02:46:07.464052 OFF flow>2208 srcPort>40441 dst>fd10:43:100::2/21008 
02:46:07.603204 ON flow>2238 srcPort>37075 dst>fd10:43:100::2/21038 
02:46:07.603472 CONNECT flow>2238 srcPort>37075 dst>fd10:43:100::2/21038 
02:46:07.660593 ON flow>2239 srcPort>44463 dst>fd10:43:100::2/21039 
02:46:07.660882 CONNECT flow>2239 srcPort>44463 dst>fd10:43:100::2/21039 
02:46:07.691845 SHUTDOWN flow>2209 srcPort>33331 dst>fd10:43:100::2/21009 
02:46:07.692203 OFF flow>2209 srcPort>33331 dst>fd10:43:100::2/21009 
02:46:08.287749 ON flow>2240 srcPort>41117 dst>fd10:43:100::2/21040 
02:46:08.288004 CONNECT flow>2240 srcPort>41117 dst>fd10:43:100::2/21040 
02:46:08.341345 ON flow>2241 srcPort>36543 dst>fd10:43:100::2/21041 
02:46:08.341604 CONNECT flow>2241 srcPort>36543 dst>fd10:43:100::2/21041 
02:46:08.356175 SHUTDOWN flow>2210 srcPort>45691 dst>fd10:43:100::2/21010 
02:46:08.356633 OFF flow>2210 srcPort>45691 dst>fd10:43:100::2/21010 
02:46:08.455856 SHUTDOWN flow>2211 srcPort>34319 dst>fd10:43:100::2/21011 
02:46:08.456324 OFF flow>2211 srcPort>34319 dst>fd10:43:100::2/21011 
02:46:08.685090 SHUTDOWN flow>2212 srcPort>36925 dst>fd10:43:100::2/21012 
02:46:08.685462 OFF flow>2212 srcPort>36925 dst>fd10:43:100::2/21012 
02:46:09.297782 ON flow>2242 srcPort>46521 dst>fd10:43:100::2/21042 
02:46:09.298055 CONNECT flow>2242 srcPort>46521 dst>fd10:43:100::2/21042 
02:46:09.347693 ON flow>2243 srcPort>46231 dst>fd10:43:100::2/21043 
02:46:09.348604 CONNECT flow>2243 srcPort>46231 dst>fd10:43:100::2/21043 
02:46:09.359826 ON flow>2244 srcPort>37877 dst>fd10:43:100::2/21044 
02:46:09.360092 CONNECT flow>2244 srcPort>37877 dst>fd10:43:100::2/21044 
02:46:09.416593 SHUTDOWN flow>2213 srcPort>38665 dst>fd10:43:100::2/21013 
02:46:09.417711 OFF flow>2213 srcPort>38665 dst>fd10:43:100::2/21013 
02:46:09.463698 SHUTDOWN flow>2214 srcPort>36859 dst>fd10:43:100::2/21014 
02:46:09.463990 OFF flow>2214 srcPort>36859 dst>fd10:43:100::2/21014 
02:46:09.466495 SHUTDOWN flow>2215 srcPort>34985 dst>fd10:43:100::2/21015 
02:46:09.466819 OFF flow>2215 srcPort>34985 dst>fd10:43:100::2/21015 
02:46:09.614659 SHUTDOWN flow>2216 srcPort>40683 dst>fd10:43:100::2/21016 
02:46:09.615028 OFF flow>2216 srcPort>40683 dst>fd10:43:100::2/21016 
02:46:09.672460 SHUTDOWN flow>2217 srcPort>34673 dst>fd10:43:100::2/21017 
02:46:09.672738 OFF flow>2217 srcPort>34673 dst>fd10:43:100::2/21017 
02:46:09.720565 SHUTDOWN flow>2218 srcPort>38209 dst>fd10:43:100::2/21018 
02:46:09.720901 OFF flow>2218 srcPort>38209 dst>fd10:43:100::2/21018 
02:46:09.765969 SHUTDOWN flow>2219 srcPort>33709 dst>fd10:43:100::2/21019 
02:46:09.766329 OFF flow>2219 srcPort>33709 dst>fd10:43:100::2/21019 
02:46:09.789965 SHUTDOWN flow>2220 srcPort>39569 dst>fd10:43:100::2/21020 
02:46:09.790278 OFF flow>2220 srcPort>39569 dst>fd10:43:100::2/21020 
02:46:09.850289 ON flow>2245 srcPort>37485 dst>fd10:43:100::2/21045 
02:46:09.850516 CONNECT flow>2245 srcPort>37485 dst>fd10:43:100::2/21045 
02:46:09.869366 SHUTDOWN flow>2221 srcPort>44283 dst>fd10:43:100::2/21021 
02:46:09.869669 OFF flow>2221 srcPort>44283 dst>fd10:43:100::2/21021 
02:46:09.921021 ON flow>2246 srcPort>33895 dst>fd10:43:100::2/21046 
02:46:09.921284 CONNECT flow>2246 srcPort>33895 dst>fd10:43:100::2/21046 
02:46:09.943702 ON flow>2247 srcPort>46005 dst>fd10:43:100::2/21047 
02:46:09.944013 CONNECT flow>2247 srcPort>46005 dst>fd10:43:100::2/21047 
02:46:09.990713 ON flow>2248 srcPort>42699 dst>fd10:43:100::2/21048 
02:46:09.991104 CONNECT flow>2248 srcPort>42699 dst>fd10:43:100::2/21048 
02:46:09.992862 SHUTDOWN flow>2222 srcPort>46729 dst>fd10:43:100::2/21022 
02:46:09.993172 OFF flow>2222 srcPort>46729 dst>fd10:43:100::2/21022 
02:46:10.041669 ON flow>2249 srcPort>42461 dst>fd10:43:100::2/21049 
02:46:10.041905 CONNECT flow>2249 srcPort>42461 dst>fd10:43:100::2/21049 
02:46:10.176369 SHUTDOWN flow>2223 srcPort>44365 dst>fd10:43:100::2/21023 
02:46:10.176690 OFF flow>2223 srcPort>44365 dst>fd10:43:100::2/21023 
02:46:10.377973 SHUTDOWN flow>2224 srcPort>46405 dst>fd10:43:100::2/21024 
02:46:10.378315 OFF flow>2224 srcPort>46405 dst>fd10:43:100::2/21024 
02:46:10.511556 SHUTDOWN flow>2225 srcPort>38069 dst>fd10:43:100::2/21025 
02:46:10.511881 OFF flow>2225 srcPort>38069 dst>fd10:43:100::2/21025 
02:46:10.550546 SHUTDOWN flow>2226 srcPort>35173 dst>fd10:43:100::2/21026 
02:46:10.550955 OFF flow>2226 srcPort>35173 dst>fd10:43:100::2/21026 
02:46:10.552840 SHUTDOWN flow>2227 srcPort>36577 dst>fd10:43:100::2/21027 
02:46:10.553162 OFF flow>2227 srcPort>36577 dst>fd10:43:100::2/21027 
02:46:10.591447 SHUTDOWN flow>2228 srcPort>39257 dst>fd10:43:100::2/21028 
02:46:10.596184 OFF flow>2228 srcPort>39257 dst>fd10:43:100::2/21028 
02:46:10.723059 SHUTDOWN flow>2229 srcPort>37815 dst>fd10:43:100::2/21029 
02:46:10.723397 OFF flow>2229 srcPort>37815 dst>fd10:43:100::2/21029 
02:46:10.802370 ON flow>2250 srcPort>45221 dst>fd10:43:100::2/21050 
02:46:10.802577 CONNECT flow>2250 srcPort>45221 dst>fd10:43:100::2/21050 
02:46:10.806152 SHUTDOWN flow>2230 srcPort>46049 dst>fd10:43:100::2/21030 
02:46:10.806482 OFF flow>2230 srcPort>46049 dst>fd10:43:100::2/21030 
02:46:10.810248 SHUTDOWN flow>2231 srcPort>44915 dst>fd10:43:100::2/21031 
02:46:10.810567 OFF flow>2231 srcPort>44915 dst>fd10:43:100::2/21031 
02:46:11.048251 ON flow>2251 srcPort>37561 dst>fd10:43:100::2/21051 
02:46:11.048489 CONNECT flow>2251 srcPort>37561 dst>fd10:43:100::2/21051 
02:46:11.131242 ON flow>2252 srcPort>37817 dst>fd10:43:100::2/21052 
02:46:11.131487 CONNECT flow>2252 srcPort>37817 dst>fd10:43:100::2/21052 
02:46:11.152243 ON flow>2253 srcPort>45549 dst>fd10:43:100::2/21053 
02:46:11.152484 CONNECT flow>2253 srcPort>45549 dst>fd10:43:100::2/21053 
02:46:11.162342 ON flow>2254 srcPort>35459 dst>fd10:43:100::2/21054 
02:46:11.162579 CONNECT flow>2254 srcPort>35459 dst>fd10:43:100::2/21054 
02:46:11.308147 ON flow>2255 srcPort>44847 dst>fd10:43:100::2/21055 
02:46:11.308378 CONNECT flow>2255 srcPort>44847 dst>fd10:43:100::2/21055 
02:46:11.380909 ON flow>2256 srcPort>33257 dst>fd10:43:100::2/21056 
02:46:11.381144 CONNECT flow>2256 srcPort>33257 dst>fd10:43:100::2/21056 
02:46:11.401752 ON flow>2257 srcPort>41427 dst>fd10:43:100::2/21057 
02:46:11.402038 CONNECT flow>2257 srcPort>41427 dst>fd10:43:100::2/21057 
02:46:11.443962 ON flow>2258 srcPort>33371 dst>fd10:43:100::2/21058 
02:46:11.444299 CONNECT flow>2258 srcPort>33371 dst>fd10:43:100::2/21058 
02:46:11.503391 ON flow>2259 srcPort>39321 dst>fd10:43:100::2/21059 
02:46:11.503634 CONNECT flow>2259 srcPort>39321 dst>fd10:43:100::2/21059 
02:46:11.529853 ON flow>2260 srcPort>41317 dst>fd10:43:100::2/21060 
02:46:11.530238 CONNECT flow>2260 srcPort>41317 dst>fd10:43:100::2/21060 
02:46:11.554262 ON flow>2261 srcPort>44589 dst>fd10:43:100::2/21061 
02:46:11.554510 CONNECT flow>2261 srcPort>44589 dst>fd10:43:100::2/21061 
02:46:11.604859 ON flow>2262 srcPort>44999 dst>fd10:43:100::2/21062 
02:46:11.605092 CONNECT flow>2262 srcPort>44999 dst>fd10:43:100::2/21062 
02:46:11.785548 SHUTDOWN flow>2232 srcPort>42079 dst>fd10:43:100::2/21032 
02:46:11.785924 OFF flow>2232 srcPort>42079 dst>fd10:43:100::2/21032 
02:46:11.789227 ON flow>2263 srcPort>33219 dst>fd10:43:100::2/21063 
02:46:11.789478 CONNECT flow>2263 srcPort>33219 dst>fd10:43:100::2/21063 
02:46:11.808251 SHUTDOWN flow>2233 srcPort>36915 dst>fd10:43:100::2/21033 
02:46:11.808726 OFF flow>2233 srcPort>36915 dst>fd10:43:100::2/21033 
02:46:11.830051 SHUTDOWN flow>2234 srcPort>37703 dst>fd10:43:100::2/21034 
02:46:11.830612 OFF flow>2234 srcPort>37703 dst>fd10:43:100::2/21034 
02:46:11.895064 ON flow>2264 srcPort>45117 dst>fd10:43:100::2/21064 
02:46:11.895333 CONNECT flow>2264 srcPort>45117 dst>fd10:43:100::2/21064 
02:46:11.927061 SHUTDOWN flow>2235 srcPort>35707 dst>fd10:43:100::2/21035 
02:46:11.927414 OFF flow>2235 srcPort>35707 dst>fd10:43:100::2/21035 
02:46:12.090257 SHUTDOWN flow>2236 srcPort>37301 dst>fd10:43:100::2/21036 
02:46:12.090616 OFF flow>2236 srcPort>37301 dst>fd10:43:100::2/21036 
02:46:12.128359 SHUTDOWN flow>2237 srcPort>38529 dst>fd10:43:100::2/21037 
02:46:12.128660 OFF flow>2237 srcPort>38529 dst>fd10:43:100::2/21037 
02:46:12.403168 SHUTDOWN flow>2238 srcPort>37075 dst>fd10:43:100::2/21038 
02:46:12.403553 OFF flow>2238 srcPort>37075 dst>fd10:43:100::2/21038 
02:46:12.460583 SHUTDOWN flow>2239 srcPort>44463 dst>fd10:43:100::2/21039 
02:46:12.460978 OFF flow>2239 srcPort>44463 dst>fd10:43:100::2/21039 
02:46:13.087667 SHUTDOWN flow>2240 srcPort>41117 dst>fd10:43:100::2/21040 
02:46:13.088277 OFF flow>2240 srcPort>41117 dst>fd10:43:100::2/21040 
02:46:13.141279 SHUTDOWN flow>2241 srcPort>36543 dst>fd10:43:100::2/21041 
02:46:13.141654 OFF flow>2241 srcPort>36543 dst>fd10:43:100::2/21041 
02:46:13.771413 ON flow>2265 srcPort>41849 dst>fd10:43:100::2/21065 
02:46:13.771646 CONNECT flow>2265 srcPort>41849 dst>fd10:43:100::2/21065 
02:46:14.004945 ON flow>2266 srcPort>36179 dst>fd10:43:100::2/21066 
02:46:14.005221 CONNECT flow>2266 srcPort>36179 dst>fd10:43:100::2/21066 
02:46:14.097687 SHUTDOWN flow>2242 srcPort>46521 dst>fd10:43:100::2/21042 
02:46:14.098161 OFF flow>2242 srcPort>46521 dst>fd10:43:100::2/21042 
02:46:14.101068 ON flow>2267 srcPort>37685 dst>fd10:43:100::2/21067 
02:46:14.101335 CONNECT flow>2267 srcPort>37685 dst>fd10:43:100::2/21067 
02:46:14.101713 ON flow>2268 srcPort>44683 dst>fd10:43:100::2/21068 
02:46:14.101966 CONNECT flow>2268 srcPort>44683 dst>fd10:43:100::2/21068 
02:46:14.127022 ON flow>2269 srcPort>41121 dst>fd10:43:100::2/21069 
02:46:14.127275 CONNECT flow>2269 srcPort>41121 dst>fd10:43:100::2/21069 
02:46:14.131719 ON flow>2270 srcPort>40673 dst>fd10:43:100::2/21070 
02:46:14.131953 CONNECT flow>2270 srcPort>40673 dst>fd10:43:100::2/21070 
02:46:14.147578 SHUTDOWN flow>2243 srcPort>46231 dst>fd10:43:100::2/21043 
02:46:14.147963 OFF flow>2243 srcPort>46231 dst>fd10:43:100::2/21043 
02:46:14.159781 SHUTDOWN flow>2244 srcPort>37877 dst>fd10:43:100::2/21044 
02:46:14.160111 OFF flow>2244 srcPort>37877 dst>fd10:43:100::2/21044 
02:46:14.176325 ON flow>2271 srcPort>33045 dst>fd10:43:100::2/21071 
02:46:14.176559 CONNECT flow>2271 srcPort>33045 dst>fd10:43:100::2/21071 
02:46:14.196546 ON flow>2272 srcPort>44707 dst>fd10:43:100::2/21072 
02:46:14.196812 CONNECT flow>2272 srcPort>44707 dst>fd10:43:100::2/21072 
02:46:14.197722 ON flow>2273 srcPort>44767 dst>fd10:43:100::2/21073 
02:46:14.197960 CONNECT flow>2273 srcPort>44767 dst>fd10:43:100::2/21073 
02:46:14.239446 ON flow>2274 srcPort>38477 dst>fd10:43:100::2/21074 
02:46:14.239714 CONNECT flow>2274 srcPort>38477 dst>fd10:43:100::2/21074 
02:46:14.361130 ON flow>2275 srcPort>41307 dst>fd10:43:100::2/21075 
02:46:14.361363 CONNECT flow>2275 srcPort>41307 dst>fd10:43:100::2/21075 
02:46:14.407049 ON flow>2276 srcPort>36461 dst>fd10:43:100::2/21076 
02:46:14.407280 CONNECT flow>2276 srcPort>36461 dst>fd10:43:100::2/21076 
02:46:14.530842 ON flow>2277 srcPort>46265 dst>fd10:43:100::2/21077 
02:46:14.531091 CONNECT flow>2277 srcPort>46265 dst>fd10:43:100::2/21077 
02:46:14.593544 ON flow>2278 srcPort>44367 dst>fd10:43:100::2/21078 
02:46:14.593806 CONNECT flow>2278 srcPort>44367 dst>fd10:43:100::2/21078 
02:46:14.603447 ON flow>2279 srcPort>45795 dst>fd10:43:100::2/21079 
02:46:14.603702 CONNECT flow>2279 srcPort>45795 dst>fd10:43:100::2/21079 
02:46:14.650275 SHUTDOWN flow>2245 srcPort>37485 dst>fd10:43:100::2/21045 
02:46:14.650687 OFF flow>2245 srcPort>37485 dst>fd10:43:100::2/21045 
02:46:14.720987 SHUTDOWN flow>2246 srcPort>33895 dst>fd10:43:100::2/21046 
02:46:14.721357 OFF flow>2246 srcPort>33895 dst>fd10:43:100::2/21046 
02:46:14.743675 SHUTDOWN flow>2247 srcPort>46005 dst>fd10:43:100::2/21047 
02:46:14.744066 OFF flow>2247 srcPort>46005 dst>fd10:43:100::2/21047 
02:46:14.790696 SHUTDOWN flow>2248 srcPort>42699 dst>fd10:43:100::2/21048 
02:46:14.791047 OFF flow>2248 srcPort>42699 dst>fd10:43:100::2/21048 
02:46:14.841601 SHUTDOWN flow>2249 srcPort>42461 dst>fd10:43:100::2/21049 
02:46:14.842079 OFF flow>2249 srcPort>42461 dst>fd10:43:100::2/21049 
02:46:15.211793 ON flow>2280 srcPort>40839 dst>fd10:43:100::2/21080 
02:46:15.212053 CONNECT flow>2280 srcPort>40839 dst>fd10:43:100::2/21080 
02:46:15.262491 ON flow>2281 srcPort>45523 dst>fd10:43:100::2/21081 
02:46:15.262734 CONNECT flow>2281 srcPort>45523 dst>fd10:43:100::2/21081 
02:46:15.602315 SHUTDOWN flow>2250 srcPort>45221 dst>fd10:43:100::2/21050 
02:46:15.602717 OFF flow>2250 srcPort>45221 dst>fd10:43:100::2/21050 
02:46:15.848231 SHUTDOWN flow>2251 srcPort>37561 dst>fd10:43:100::2/21051 
02:46:15.848657 OFF flow>2251 srcPort>37561 dst>fd10:43:100::2/21051 
02:46:15.931212 SHUTDOWN flow>2252 srcPort>37817 dst>fd10:43:100::2/21052 
02:46:15.931564 OFF flow>2252 srcPort>37817 dst>fd10:43:100::2/21052 
02:46:15.952229 SHUTDOWN flow>2253 srcPort>45549 dst>fd10:43:100::2/21053 
02:46:15.952585 OFF flow>2253 srcPort>45549 dst>fd10:43:100::2/21053 
02:46:15.962307 SHUTDOWN flow>2254 srcPort>35459 dst>fd10:43:100::2/21054 
02:46:15.962611 OFF flow>2254 srcPort>35459 dst>fd10:43:100::2/21054 
02:46:16.108116 SHUTDOWN flow>2255 srcPort>44847 dst>fd10:43:100::2/21055 
02:46:16.108509 OFF flow>2255 srcPort>44847 dst>fd10:43:100::2/21055 
02:46:16.180818 SHUTDOWN flow>2256 srcPort>33257 dst>fd10:43:100::2/21056 
02:46:16.181177 OFF flow>2256 srcPort>33257 dst>fd10:43:100::2/21056 
02:46:16.198434 ON flow>2282 srcPort>40713 dst>fd10:43:100::2/21082 
02:46:16.198680 CONNECT flow>2282 srcPort>40713 dst>fd10:43:100::2/21082 
02:46:16.201742 SHUTDOWN flow>2257 srcPort>41427 dst>fd10:43:100::2/21057 
02:46:16.202264 OFF flow>2257 srcPort>41427 dst>fd10:43:100::2/21057 
02:46:16.243956 SHUTDOWN flow>2258 srcPort>33371 dst>fd10:43:100::2/21058 
02:46:16.244889 OFF flow>2258 srcPort>33371 dst>fd10:43:100::2/21058 
02:46:16.303315 SHUTDOWN flow>2259 srcPort>39321 dst>fd10:43:100::2/21059 
02:46:16.303784 OFF flow>2259 srcPort>39321 dst>fd10:43:100::2/21059 
02:46:16.329830 SHUTDOWN flow>2260 srcPort>41317 dst>fd10:43:100::2/21060 
02:46:16.330172 OFF flow>2260 srcPort>41317 dst>fd10:43:100::2/21060 
02:46:16.354224 SHUTDOWN flow>2261 srcPort>44589 dst>fd10:43:100::2/21061 
02:46:16.354651 OFF flow>2261 srcPort>44589 dst>fd10:43:100::2/21061 
02:46:16.404822 SHUTDOWN flow>2262 srcPort>44999 dst>fd10:43:100::2/21062 
02:46:16.405166 OFF flow>2262 srcPort>44999 dst>fd10:43:100::2/21062 
02:46:16.523243 ON flow>2283 srcPort>42713 dst>fd10:43:100::2/21083 
02:46:16.523539 CONNECT flow>2283 srcPort>42713 dst>fd10:43:100::2/21083 
02:46:16.589217 SHUTDOWN flow>2263 srcPort>33219 dst>fd10:43:100::2/21063 
02:46:16.589904 OFF flow>2263 srcPort>33219 dst>fd10:43:100::2/21063 
02:46:16.632060 ON flow>2284 srcPort>33177 dst>fd10:43:100::2/21084 
02:46:16.632270 CONNECT flow>2284 srcPort>33177 dst>fd10:43:100::2/21084 
02:46:16.671821 ON flow>2285 srcPort>34625 dst>fd10:43:100::2/21085 
02:46:16.672031 CONNECT flow>2285 srcPort>34625 dst>fd10:43:100::2/21085 
02:46:16.694994 SHUTDOWN flow>2264 srcPort>45117 dst>fd10:43:100::2/21064 
02:46:16.695422 OFF flow>2264 srcPort>45117 dst>fd10:43:100::2/21064 
02:46:16.769132 ON flow>2286 srcPort>39023 dst>fd10:43:100::2/21086 
02:46:16.769372 CONNECT flow>2286 srcPort>39023 dst>fd10:43:100::2/21086 
02:46:16.828626 ON flow>2287 srcPort>40045 dst>fd10:43:100::2/21087 
02:46:16.828865 CONNECT flow>2287 srcPort>40045 dst>fd10:43:100::2/21087 
02:46:16.869008 ON flow>2288 srcPort>33667 dst>fd10:43:100::2/21088 
02:46:16.869281 CONNECT flow>2288 srcPort>33667 dst>fd10:43:100::2/21088 
02:46:16.893228 ON flow>2289 srcPort>42863 dst>fd10:43:100::2/21089 
02:46:16.893483 CONNECT flow>2289 srcPort>42863 dst>fd10:43:100::2/21089 
02:46:17.952973 ON flow>2290 srcPort>33147 dst>fd10:43:100::2/21090 
02:46:17.953207 CONNECT flow>2290 srcPort>33147 dst>fd10:43:100::2/21090 
02:46:17.980719 ON flow>2291 srcPort>40099 dst>fd10:43:100::2/21091 
02:46:17.980993 CONNECT flow>2291 srcPort>40099 dst>fd10:43:100::2/21091 
02:46:17.994657 ON flow>2292 srcPort>35641 dst>fd10:43:100::2/21092 
02:46:17.995043 CONNECT flow>2292 srcPort>35641 dst>fd10:43:100::2/21092 
02:46:18.571281 SHUTDOWN flow>2265 srcPort>41849 dst>fd10:43:100::2/21065 
02:46:18.571691 OFF flow>2265 srcPort>41849 dst>fd10:43:100::2/21065 
02:46:18.804884 SHUTDOWN flow>2266 srcPort>36179 dst>fd10:43:100::2/21066 
02:46:18.805322 OFF flow>2266 srcPort>36179 dst>fd10:43:100::2/21066 
02:46:18.900986 SHUTDOWN flow>2267 srcPort>37685 dst>fd10:43:100::2/21067 
02:46:18.901329 OFF flow>2267 srcPort>37685 dst>fd10:43:100::2/21067 
02:46:18.901680 SHUTDOWN flow>2268 srcPort>44683 dst>fd10:43:100::2/21068 
02:46:18.901960 OFF flow>2268 srcPort>44683 dst>fd10:43:100::2/21068 
02:46:18.926988 SHUTDOWN flow>2269 srcPort>41121 dst>fd10:43:100::2/21069 
02:46:18.927321 OFF flow>2269 srcPort>41121 dst>fd10:43:100::2/21069 
02:46:18.931681 SHUTDOWN flow>2270 srcPort>40673 dst>fd10:43:100::2/21070 
02:46:18.931957 OFF flow>2270 srcPort>40673 dst>fd10:43:100::2/21070 
02:46:18.976288 SHUTDOWN flow>2271 srcPort>33045 dst>fd10:43:100::2/21071 
02:46:18.977904 OFF flow>2271 srcPort>33045 dst>fd10:43:100::2/21071 
02:46:18.996490 SHUTDOWN flow>2272 srcPort>44707 dst>fd10:43:100::2/21072 
02:46:18.996814 OFF flow>2272 srcPort>44707 dst>fd10:43:100::2/21072 
02:46:18.997688 SHUTDOWN flow>2273 srcPort>44767 dst>fd10:43:100::2/21073 
02:46:18.997991 OFF flow>2273 srcPort>44767 dst>fd10:43:100::2/21073 
02:46:19.039425 SHUTDOWN flow>2274 srcPort>38477 dst>fd10:43:100::2/21074 
02:46:19.039769 OFF flow>2274 srcPort>38477 dst>fd10:43:100::2/21074 
02:46:19.161094 SHUTDOWN flow>2275 srcPort>41307 dst>fd10:43:100::2/21075 
02:46:19.161468 OFF flow>2275 srcPort>41307 dst>fd10:43:100::2/21075 
02:46:19.206997 SHUTDOWN flow>2276 srcPort>36461 dst>fd10:43:100::2/21076 
02:46:19.207319 OFF flow>2276 srcPort>36461 dst>fd10:43:100::2/21076 
02:46:19.330798 SHUTDOWN flow>2277 srcPort>46265 dst>fd10:43:100::2/21077 
02:46:19.331090 OFF flow>2277 srcPort>46265 dst>fd10:43:100::2/21077 
02:46:19.393513 SHUTDOWN flow>2278 srcPort>44367 dst>fd10:43:100::2/21078 
02:46:19.393857 OFF flow>2278 srcPort>44367 dst>fd10:43:100::2/21078 
02:46:19.403411 SHUTDOWN flow>2279 srcPort>45795 dst>fd10:43:100::2/21079 
02:46:19.403820 OFF flow>2279 srcPort>45795 dst>fd10:43:100::2/21079 
02:46:19.924174 ON flow>2293 srcPort>37779 dst>fd10:43:100::2/21093 
02:46:19.924429 CONNECT flow>2293 srcPort>37779 dst>fd10:43:100::2/21093 
02:46:19.971229 ON flow>2294 srcPort>36991 dst>fd10:43:100::2/21094 
02:46:19.971495 CONNECT flow>2294 srcPort>36991 dst>fd10:43:100::2/21094 
02:46:19.976123 ON flow>2295 srcPort>40417 dst>fd10:43:100::2/21095 
02:46:19.976351 CONNECT flow>2295 srcPort>40417 dst>fd10:43:100::2/21095 
02:46:20.011659 SHUTDOWN flow>2280 srcPort>40839 dst>fd10:43:100::2/21080 
02:46:20.012047 OFF flow>2280 srcPort>40839 dst>fd10:43:100::2/21080 
02:46:20.062464 SHUTDOWN flow>2281 srcPort>45523 dst>fd10:43:100::2/21081 
02:46:20.062810 OFF flow>2281 srcPort>45523 dst>fd10:43:100::2/21081 
02:46:20.127752 ON flow>2296 srcPort>42557 dst>fd10:43:100::2/21096 
02:46:20.128006 CONNECT flow>2296 srcPort>42557 dst>fd10:43:100::2/21096 
02:46:20.998359 SHUTDOWN flow>2282 srcPort>40713 dst>fd10:43:100::2/21082 
02:46:20.998764 OFF flow>2282 srcPort>40713 dst>fd10:43:100::2/21082 
02:46:21.323184 SHUTDOWN flow>2283 srcPort>42713 dst>fd10:43:100::2/21083 
02:46:21.323584 OFF flow>2283 srcPort>42713 dst>fd10:43:100::2/21083 
02:46:21.431986 SHUTDOWN flow>2284 srcPort>33177 dst>fd10:43:100::2/21084 
02:46:21.432389 OFF flow>2284 srcPort>33177 dst>fd10:43:100::2/21084 
02:46:21.471770 SHUTDOWN flow>2285 srcPort>34625 dst>fd10:43:100::2/21085 
02:46:21.472109 OFF flow>2285 srcPort>34625 dst>fd10:43:100::2/21085 
02:46:21.569084 SHUTDOWN flow>2286 srcPort>39023 dst>fd10:43:100::2/21086 
02:46:21.569462 OFF flow>2286 srcPort>39023 dst>fd10:43:100::2/21086 
02:46:21.628585 SHUTDOWN flow>2287 srcPort>40045 dst>fd10:43:100::2/21087 
02:46:21.628978 OFF flow>2287 srcPort>40045 dst>fd10:43:100::2/21087 
02:46:21.668898 SHUTDOWN flow>2288 srcPort>33667 dst>fd10:43:100::2/21088 
02:46:21.669226 OFF flow>2288 srcPort>33667 dst>fd10:43:100::2/21088 
02:46:21.693193 SHUTDOWN flow>2289 srcPort>42863 dst>fd10:43:100::2/21089 
02:46:21.693472 OFF flow>2289 srcPort>42863 dst>fd10:43:100::2/21089 
02:46:22.752897 SHUTDOWN flow>2290 srcPort>33147 dst>fd10:43:100::2/21090 
02:46:22.753465 OFF flow>2290 srcPort>33147 dst>fd10:43:100::2/21090 
02:46:22.758616 ON flow>2297 srcPort>33923 dst>fd10:43:100::2/21097 
02:46:22.758903 CONNECT flow>2297 srcPort>33923 dst>fd10:43:100::2/21097 
02:46:22.780708 SHUTDOWN flow>2291 srcPort>40099 dst>fd10:43:100::2/21091 
02:46:22.781061 OFF flow>2291 srcPort>40099 dst>fd10:43:100::2/21091 
02:46:22.794592 SHUTDOWN flow>2292 srcPort>35641 dst>fd10:43:100::2/21092 
02:46:22.794921 OFF flow>2292 srcPort>35641 dst>fd10:43:100::2/21092 
02:46:23.134850 ON flow>2298 srcPort>42447 dst>fd10:43:100::2/21098 
02:46:23.135136 CONNECT flow>2298 srcPort>42447 dst>fd10:43:100::2/21098 
02:46:23.219608 ON flow>2299 srcPort>43769 dst>fd10:43:100::2/21099 
02:46:23.219906 CONNECT flow>2299 srcPort>43769 dst>fd10:43:100::2/21099 
02:46:23.299082 ON flow>2300 srcPort>42593 dst>fd10:43:100::2/21100 
02:46:23.299347 CONNECT flow>2300 srcPort>42593 dst>fd10:43:100::2/21100 
02:46:23.945666 ON flow>2301 srcPort>35385 dst>fd10:43:100::2/21101 
02:46:23.945970 CONNECT flow>2301 srcPort>35385 dst>fd10:43:100::2/21101 
02:46:24.179097 ON flow>2302 srcPort>44375 dst>fd10:43:100::2/21102 
02:46:24.179333 CONNECT flow>2302 srcPort>44375 dst>fd10:43:100::2/21102 
02:46:24.724091 SHUTDOWN flow>2293 srcPort>37779 dst>fd10:43:100::2/21093 
02:46:24.724602 OFF flow>2293 srcPort>37779 dst>fd10:43:100::2/21093 
02:46:24.771203 SHUTDOWN flow>2294 srcPort>36991 dst>fd10:43:100::2/21094 
02:46:24.771557 OFF flow>2294 srcPort>36991 dst>fd10:43:100::2/21094 
02:46:24.776082 SHUTDOWN flow>2295 srcPort>40417 dst>fd10:43:100::2/21095 
02:46:24.776386 OFF flow>2295 srcPort>40417 dst>fd10:43:100::2/21095 
02:46:24.927697 SHUTDOWN flow>2296 srcPort>42557 dst>fd10:43:100::2/21096 
02:46:24.928005 OFF flow>2296 srcPort>42557 dst>fd10:43:100::2/21096 
02:46:26.856433 ON flow>2303 srcPort>43595 dst>fd10:43:100::2/21103 
02:46:26.856773 CONNECT flow>2303 srcPort>43595 dst>fd10:43:100::2/21103 
02:46:26.963043 ON flow>2304 srcPort>39571 dst>fd10:43:100::2/21104 
02:46:26.963312 CONNECT flow>2304 srcPort>39571 dst>fd10:43:100::2/21104 
02:46:26.968729 ON flow>2305 srcPort>33631 dst>fd10:43:100::2/21105 
02:46:26.968971 CONNECT flow>2305 srcPort>33631 dst>fd10:43:100::2/21105 
02:46:27.130730 ON flow>2306 srcPort>33879 dst>fd10:43:100::2/21106 
02:46:27.130978 CONNECT flow>2306 srcPort>33879 dst>fd10:43:100::2/21106 
02:46:27.139136 ON flow>2307 srcPort>33531 dst>fd10:43:100::2/21107 
02:46:27.139391 CONNECT flow>2307 srcPort>33531 dst>fd10:43:100::2/21107 
02:46:27.142965 ON flow>2308 srcPort>44751 dst>fd10:43:100::2/21108 
02:46:27.143207 CONNECT flow>2308 srcPort>44751 dst>fd10:43:100::2/21108 
02:46:27.292384 ON flow>2309 srcPort>44803 dst>fd10:43:100::2/21109 
02:46:27.292688 CONNECT flow>2309 srcPort>44803 dst>fd10:43:100::2/21109 
02:46:27.371705 ON flow>2310 srcPort>40593 dst>fd10:43:100::2/21110 
02:46:27.372011 CONNECT flow>2310 srcPort>40593 dst>fd10:43:100::2/21110 
02:46:27.521556 ON flow>2311 srcPort>43727 dst>fd10:43:100::2/21111 
02:46:27.521814 CONNECT flow>2311 srcPort>43727 dst>fd10:43:100::2/21111 
02:46:27.558287 SHUTDOWN flow>2297 srcPort>33923 dst>fd10:43:100::2/21097 
02:46:27.558701 OFF flow>2297 srcPort>33923 dst>fd10:43:100::2/21097 
02:46:27.807378 ON flow>2312 srcPort>34715 dst>fd10:43:100::2/21112 
02:46:27.807666 CONNECT flow>2312 srcPort>34715 dst>fd10:43:100::2/21112 
02:46:27.934703 SHUTDOWN flow>2298 srcPort>42447 dst>fd10:43:100::2/21098 
02:46:27.935096 OFF flow>2298 srcPort>42447 dst>fd10:43:100::2/21098 
02:46:28.019569 SHUTDOWN flow>2299 srcPort>43769 dst>fd10:43:100::2/21099 
02:46:28.020639 OFF flow>2299 srcPort>43769 dst>fd10:43:100::2/21099 
02:46:28.099005 SHUTDOWN flow>2300 srcPort>42593 dst>fd10:43:100::2/21100 
02:46:28.099445 OFF flow>2300 srcPort>42593 dst>fd10:43:100::2/21100 
02:46:28.745486 SHUTDOWN flow>2301 srcPort>35385 dst>fd10:43:100::2/21101 
02:46:28.745896 OFF flow>2301 srcPort>35385 dst>fd10:43:100::2/21101 
02:46:28.978998 SHUTDOWN flow>2302 srcPort>44375 dst>fd10:43:100::2/21102 
02:46:28.979339 OFF flow>2302 srcPort>44375 dst>fd10:43:100::2/21102 
02:46:29.121763 ON flow>2313 srcPort>36597 dst>fd10:43:100::2/21113 
02:46:29.122039 CONNECT flow>2313 srcPort>36597 dst>fd10:43:100::2/21113 
02:46:29.379858 ON flow>2314 srcPort>36193 dst>fd10:43:100::2/21114 
02:46:29.380124 CONNECT flow>2314 srcPort>36193 dst>fd10:43:100::2/21114 
02:46:29.471418 ON flow>2315 srcPort>42283 dst>fd10:43:100::2/21115 
02:46:29.471705 CONNECT flow>2315 srcPort>42283 dst>fd10:43:100::2/21115 
02:46:29.474110 ON flow>2316 srcPort>42565 dst>fd10:43:100::2/21116 
02:46:29.474397 CONNECT flow>2316 srcPort>42565 dst>fd10:43:100::2/21116 
02:46:30.563332 ON flow>2317 srcPort>45613 dst>fd10:43:100::2/21117 
02:46:30.563694 CONNECT flow>2317 srcPort>45613 dst>fd10:43:100::2/21117 
02:46:30.718677 ON flow>2318 srcPort>33651 dst>fd10:43:100::2/21118 
02:46:30.718966 CONNECT flow>2318 srcPort>33651 dst>fd10:43:100::2/21118 
02:46:30.873000 ON flow>2319 srcPort>46443 dst>fd10:43:100::2/21119 
02:46:30.873250 CONNECT flow>2319 srcPort>46443 dst>fd10:43:100::2/21119 
02:46:31.160410 ON flow>2320 srcPort>46203 dst>fd10:43:100::2/21120 
02:46:31.160659 CONNECT flow>2320 srcPort>46203 dst>fd10:43:100::2/21120 
02:46:31.470631 ON flow>2321 srcPort>39107 dst>fd10:43:100::2/21121 
02:46:31.470918 CONNECT flow>2321 srcPort>39107 dst>fd10:43:100::2/21121 
02:46:31.520254 ON flow>2322 srcPort>43075 dst>fd10:43:100::2/21122 
02:46:31.520475 CONNECT flow>2322 srcPort>43075 dst>fd10:43:100::2/21122 
02:46:31.656192 SHUTDOWN flow>2303 srcPort>43595 dst>fd10:43:100::2/21103 
02:46:31.656589 OFF flow>2303 srcPort>43595 dst>fd10:43:100::2/21103 
02:46:31.762994 SHUTDOWN flow>2304 srcPort>39571 dst>fd10:43:100::2/21104 
02:46:31.763336 OFF flow>2304 srcPort>39571 dst>fd10:43:100::2/21104 
02:46:31.768686 SHUTDOWN flow>2305 srcPort>33631 dst>fd10:43:100::2/21105 
02:46:31.769001 OFF flow>2305 srcPort>33631 dst>fd10:43:100::2/21105 
02:46:31.930694 SHUTDOWN flow>2306 srcPort>33879 dst>fd10:43:100::2/21106 
02:46:31.931038 OFF flow>2306 srcPort>33879 dst>fd10:43:100::2/21106 
02:46:31.939091 SHUTDOWN flow>2307 srcPort>33531 dst>fd10:43:100::2/21107 
02:46:31.939392 OFF flow>2307 srcPort>33531 dst>fd10:43:100::2/21107 
02:46:31.942909 SHUTDOWN flow>2308 srcPort>44751 dst>fd10:43:100::2/21108 
02:46:31.943289 OFF flow>2308 srcPort>44751 dst>fd10:43:100::2/21108 
02:46:32.092119 SHUTDOWN flow>2309 srcPort>44803 dst>fd10:43:100::2/21109 
02:46:32.092538 OFF flow>2309 srcPort>44803 dst>fd10:43:100::2/21109 
02:46:32.171626 SHUTDOWN flow>2310 srcPort>40593 dst>fd10:43:100::2/21110 
02:46:32.171966 OFF flow>2310 srcPort>40593 dst>fd10:43:100::2/21110 
02:46:32.321520 SHUTDOWN flow>2311 srcPort>43727 dst>fd10:43:100::2/21111 
02:46:32.321876 OFF flow>2311 srcPort>43727 dst>fd10:43:100::2/21111 
02:46:32.607311 SHUTDOWN flow>2312 srcPort>34715 dst>fd10:43:100::2/21112 
02:46:32.607720 OFF flow>2312 srcPort>34715 dst>fd10:43:100::2/21112 
02:46:33.921678 SHUTDOWN flow>2313 srcPort>36597 dst>fd10:43:100::2/21113 
02:46:33.922173 OFF flow>2313 srcPort>36597 dst>fd10:43:100::2/21113 
02:46:34.018715 ON flow>2323 srcPort>34917 dst>fd10:43:100::2/21123 
02:46:34.019028 CONNECT flow>2323 srcPort>34917 dst>fd10:43:100::2/21123 
02:46:34.020169 ON flow>2324 srcPort>44149 dst>fd10:43:100::2/21124 
02:46:34.020408 CONNECT flow>2324 srcPort>44149 dst>fd10:43:100::2/21124 
02:46:34.094557 ON flow>2325 srcPort>36559 dst>fd10:43:100::2/21125 
02:46:34.094839 CONNECT flow>2325 srcPort>36559 dst>fd10:43:100::2/21125 
02:46:34.140923 ON flow>2326 srcPort>45583 dst>fd10:43:100::2/21126 
02:46:34.141194 CONNECT flow>2326 srcPort>45583 dst>fd10:43:100::2/21126 
02:46:34.179802 SHUTDOWN flow>2314 srcPort>36193 dst>fd10:43:100::2/21114 
02:46:34.180227 OFF flow>2314 srcPort>36193 dst>fd10:43:100::2/21114 
02:46:34.241393 ON flow>2327 srcPort>46239 dst>fd10:43:100::2/21127 
02:46:34.241585 CONNECT flow>2327 srcPort>46239 dst>fd10:43:100::2/21127 
02:46:34.261920 ON flow>2328 srcPort>33893 dst>fd10:43:100::2/21128 
02:46:34.262209 CONNECT flow>2328 srcPort>33893 dst>fd10:43:100::2/21128 
02:46:34.271398 SHUTDOWN flow>2315 srcPort>42283 dst>fd10:43:100::2/21115 
02:46:34.271737 OFF flow>2315 srcPort>42283 dst>fd10:43:100::2/21115 
02:46:34.274075 SHUTDOWN flow>2316 srcPort>42565 dst>fd10:43:100::2/21116 
02:46:34.274408 OFF flow>2316 srcPort>42565 dst>fd10:43:100::2/21116 
02:46:35.363246 SHUTDOWN flow>2317 srcPort>45613 dst>fd10:43:100::2/21117 
02:46:35.363653 OFF flow>2317 srcPort>45613 dst>fd10:43:100::2/21117 
02:46:35.518640 SHUTDOWN flow>2318 srcPort>33651 dst>fd10:43:100::2/21118 
02:46:35.519091 OFF flow>2318 srcPort>33651 dst>fd10:43:100::2/21118 
02:46:35.672938 SHUTDOWN flow>2319 srcPort>46443 dst>fd10:43:100::2/21119 
02:46:35.673294 OFF flow>2319 srcPort>46443 dst>fd10:43:100::2/21119 
02:46:35.960138 SHUTDOWN flow>2320 srcPort>46203 dst>fd10:43:100::2/21120 
02:46:35.960603 OFF flow>2320 srcPort>46203 dst>fd10:43:100::2/21120 
02:46:36.270544 SHUTDOWN flow>2321 srcPort>39107 dst>fd10:43:100::2/21121 
02:46:36.270986 OFF flow>2321 srcPort>39107 dst>fd10:43:100::2/21121 
02:46:36.320129 SHUTDOWN flow>2322 srcPort>43075 dst>fd10:43:100::2/21122 
02:46:36.320461 OFF flow>2322 srcPort>43075 dst>fd10:43:100::2/21122 
02:46:36.615962 ON flow>2329 srcPort>33301 dst>fd10:43:100::2/21129 
02:46:36.616216 CONNECT flow>2329 srcPort>33301 dst>fd10:43:100::2/21129 
02:46:36.721434 ON flow>2330 srcPort>39937 dst>fd10:43:100::2/21130 
02:46:36.721691 CONNECT flow>2330 srcPort>39937 dst>fd10:43:100::2/21130 
02:46:36.725779 ON flow>2331 srcPort>34577 dst>fd10:43:100::2/21131 
02:46:36.726031 CONNECT flow>2331 srcPort>34577 dst>fd10:43:100::2/21131 
02:46:36.756998 ON flow>2332 srcPort>44867 dst>fd10:43:100::2/21132 
02:46:36.757245 CONNECT flow>2332 srcPort>44867 dst>fd10:43:100::2/21132 
02:46:37.007684 ON flow>2333 srcPort>34375 dst>fd10:43:100::2/21133 
02:46:37.007966 CONNECT flow>2333 srcPort>34375 dst>fd10:43:100::2/21133 
02:46:37.030616 ON flow>2334 srcPort>39901 dst>fd10:43:100::2/21134 
02:46:37.030962 CONNECT flow>2334 srcPort>39901 dst>fd10:43:100::2/21134 
02:46:37.068208 ON flow>2335 srcPort>39899 dst>fd10:43:100::2/21135 
02:46:37.068464 CONNECT flow>2335 srcPort>39899 dst>fd10:43:100::2/21135 
02:46:37.072820 ON flow>2336 srcPort>42063 dst>fd10:43:100::2/21136 
02:46:37.073041 CONNECT flow>2336 srcPort>42063 dst>fd10:43:100::2/21136 
02:46:37.073236 ON flow>2337 srcPort>35421 dst>fd10:43:100::2/21137 
02:46:37.073552 CONNECT flow>2337 srcPort>35421 dst>fd10:43:100::2/21137 
02:46:37.074791 ON flow>2338 srcPort>46699 dst>fd10:43:100::2/21138 
02:46:37.075043 CONNECT flow>2338 srcPort>46699 dst>fd10:43:100::2/21138 
02:46:37.146156 ON flow>2339 srcPort>44825 dst>fd10:43:100::2/21139 
02:46:37.146386 CONNECT flow>2339 srcPort>44825 dst>fd10:43:100::2/21139 
02:46:37.148000 ON flow>2340 srcPort>33781 dst>fd10:43:100::2/21140 
02:46:37.148226 CONNECT flow>2340 srcPort>33781 dst>fd10:43:100::2/21140 
02:46:37.181199 ON flow>2341 srcPort>36851 dst>fd10:43:100::2/21141 
02:46:37.181463 CONNECT flow>2341 srcPort>36851 dst>fd10:43:100::2/21141 
02:46:38.138741 ON flow>2342 srcPort>36435 dst>fd10:43:100::2/21142 
02:46:38.139012 CONNECT flow>2342 srcPort>36435 dst>fd10:43:100::2/21142 
02:46:38.209864 ON flow>2343 srcPort>46087 dst>fd10:43:100::2/21143 
02:46:38.210134 CONNECT flow>2343 srcPort>46087 dst>fd10:43:100::2/21143 
02:46:38.217071 ON flow>2344 srcPort>43321 dst>fd10:43:100::2/21144 
02:46:38.217324 CONNECT flow>2344 srcPort>43321 dst>fd10:43:100::2/21144 
02:46:38.386237 ON flow>2345 srcPort>39255 dst>fd10:43:100::2/21145 
02:46:38.386435 CONNECT flow>2345 srcPort>39255 dst>fd10:43:100::2/21145 
02:46:38.818431 SHUTDOWN flow>2323 srcPort>34917 dst>fd10:43:100::2/21123 
02:46:38.818868 OFF flow>2323 srcPort>34917 dst>fd10:43:100::2/21123 
02:46:38.820125 SHUTDOWN flow>2324 srcPort>44149 dst>fd10:43:100::2/21124 
02:46:38.820441 OFF flow>2324 srcPort>44149 dst>fd10:43:100::2/21124 
02:46:38.894443 SHUTDOWN flow>2325 srcPort>36559 dst>fd10:43:100::2/21125 
02:46:38.894752 OFF flow>2325 srcPort>36559 dst>fd10:43:100::2/21125 
02:46:38.940849 SHUTDOWN flow>2326 srcPort>45583 dst>fd10:43:100::2/21126 
02:46:38.941199 OFF flow>2326 srcPort>45583 dst>fd10:43:100::2/21126 
02:46:39.041350 SHUTDOWN flow>2327 srcPort>46239 dst>fd10:43:100::2/21127 
02:46:39.041673 OFF flow>2327 srcPort>46239 dst>fd10:43:100::2/21127 
02:46:39.061852 SHUTDOWN flow>2328 srcPort>33893 dst>fd10:43:100::2/21128 
02:46:39.062195 OFF flow>2328 srcPort>33893 dst>fd10:43:100::2/21128 
02:46:40.757641 ON flow>2346 srcPort>33921 dst>fd10:43:100::2/21146 
02:46:40.757899 CONNECT flow>2346 srcPort>33921 dst>fd10:43:100::2/21146 
02:46:41.077139 ON flow>2347 srcPort>41109 dst>fd10:43:100::2/21147 
02:46:41.077399 CONNECT flow>2347 srcPort>41109 dst>fd10:43:100::2/21147 
02:46:41.150497 ON flow>2348 srcPort>38585 dst>fd10:43:100::2/21148 
02:46:41.150752 CONNECT flow>2348 srcPort>38585 dst>fd10:43:100::2/21148 
02:46:41.415644 SHUTDOWN flow>2329 srcPort>33301 dst>fd10:43:100::2/21129 
02:46:41.416130 OFF flow>2329 srcPort>33301 dst>fd10:43:100::2/21129 
02:46:41.521338 SHUTDOWN flow>2330 srcPort>39937 dst>fd10:43:100::2/21130 
02:46:41.521990 OFF flow>2330 srcPort>39937 dst>fd10:43:100::2/21130 
02:46:41.525734 SHUTDOWN flow>2331 srcPort>34577 dst>fd10:43:100::2/21131 
02:46:41.526069 OFF flow>2331 srcPort>34577 dst>fd10:43:100::2/21131 
02:46:41.556950 SHUTDOWN flow>2332 srcPort>44867 dst>fd10:43:100::2/21132 
02:46:41.557324 OFF flow>2332 srcPort>44867 dst>fd10:43:100::2/21132 
02:46:41.807643 SHUTDOWN flow>2333 srcPort>34375 dst>fd10:43:100::2/21133 
02:46:41.808195 OFF flow>2333 srcPort>34375 dst>fd10:43:100::2/21133 
02:46:41.830358 SHUTDOWN flow>2334 srcPort>39901 dst>fd10:43:100::2/21134 
02:46:41.830653 OFF flow>2334 srcPort>39901 dst>fd10:43:100::2/21134 
02:46:41.868161 SHUTDOWN flow>2335 srcPort>39899 dst>fd10:43:100::2/21135 
02:46:41.868499 OFF flow>2335 srcPort>39899 dst>fd10:43:100::2/21135 
02:46:41.872746 SHUTDOWN flow>2336 srcPort>42063 dst>fd10:43:100::2/21136 
02:46:41.873148 SHUTDOWN flow>2337 srcPort>35421 dst>fd10:43:100::2/21137 
02:46:41.873212 OFF flow>2336 srcPort>42063 dst>fd10:43:100::2/21136 
02:46:41.873952 OFF flow>2337 srcPort>35421 dst>fd10:43:100::2/21137 
02:46:41.874758 SHUTDOWN flow>2338 srcPort>46699 dst>fd10:43:100::2/21138 
02:46:41.875055 OFF flow>2338 srcPort>46699 dst>fd10:43:100::2/21138 
02:46:41.946064 SHUTDOWN flow>2339 srcPort>44825 dst>fd10:43:100::2/21139 
02:46:41.946403 OFF flow>2339 srcPort>44825 dst>fd10:43:100::2/21139 
02:46:41.947951 SHUTDOWN flow>2340 srcPort>33781 dst>fd10:43:100::2/21140 
02:46:41.948278 OFF flow>2340 srcPort>33781 dst>fd10:43:100::2/21140 
02:46:41.981161 SHUTDOWN flow>2341 srcPort>36851 dst>fd10:43:100::2/21141 
02:46:41.981531 OFF flow>2341 srcPort>36851 dst>fd10:43:100::2/21141 
02:46:42.938616 SHUTDOWN flow>2342 srcPort>36435 dst>fd10:43:100::2/21142 
02:46:42.939013 OFF flow>2342 srcPort>36435 dst>fd10:43:100::2/21142 
02:46:43.009809 SHUTDOWN flow>2343 srcPort>46087 dst>fd10:43:100::2/21143 
02:46:43.010265 OFF flow>2343 srcPort>46087 dst>fd10:43:100::2/21143 
02:46:43.016801 SHUTDOWN flow>2344 srcPort>43321 dst>fd10:43:100::2/21144 
02:46:43.017126 OFF flow>2344 srcPort>43321 dst>fd10:43:100::2/21144 
02:46:43.186118 SHUTDOWN flow>2345 srcPort>39255 dst>fd10:43:100::2/21145 
02:46:43.186484 OFF flow>2345 srcPort>39255 dst>fd10:43:100::2/21145 
02:46:43.819854 ON flow>2349 srcPort>43897 dst>fd10:43:100::2/21149 
02:46:43.820124 CONNECT flow>2349 srcPort>43897 dst>fd10:43:100::2/21149 
02:46:43.823711 ON flow>2350 srcPort>44113 dst>fd10:43:100::2/21150 
02:46:43.824065 CONNECT flow>2350 srcPort>44113 dst>fd10:43:100::2/21150 
02:46:43.869264 ON flow>2351 srcPort>33551 dst>fd10:43:100::2/21151 
02:46:43.869537 CONNECT flow>2351 srcPort>33551 dst>fd10:43:100::2/21151 
02:46:43.943870 ON flow>2352 srcPort>43469 dst>fd10:43:100::2/21152 
02:46:43.944113 CONNECT flow>2352 srcPort>43469 dst>fd10:43:100::2/21152 
02:46:43.979361 ON flow>2353 srcPort>42513 dst>fd10:43:100::2/21153 
02:46:43.979594 CONNECT flow>2353 srcPort>42513 dst>fd10:43:100::2/21153 
02:46:44.021188 ON flow>2354 srcPort>37823 dst>fd10:43:100::2/21154 
02:46:44.021455 CONNECT flow>2354 srcPort>37823 dst>fd10:43:100::2/21154 
02:46:44.042075 ON flow>2355 srcPort>46667 dst>fd10:43:100::2/21155 
02:46:44.042329 CONNECT flow>2355 srcPort>46667 dst>fd10:43:100::2/21155 
02:46:44.070271 ON flow>2356 srcPort>42891 dst>fd10:43:100::2/21156 
02:46:44.070507 CONNECT flow>2356 srcPort>42891 dst>fd10:43:100::2/21156 
02:46:44.175397 ON flow>2357 srcPort>42815 dst>fd10:43:100::2/21157 
02:46:44.175637 CONNECT flow>2357 srcPort>42815 dst>fd10:43:100::2/21157 
02:46:45.557420 SHUTDOWN flow>2346 srcPort>33921 dst>fd10:43:100::2/21146 
02:46:45.557894 OFF flow>2346 srcPort>33921 dst>fd10:43:100::2/21146 
02:46:45.671565 ON flow>2358 srcPort>33929 dst>fd10:43:100::2/21158 
02:46:45.671878 CONNECT flow>2358 srcPort>33929 dst>fd10:43:100::2/21158 
02:46:45.676207 ON flow>2359 srcPort>39447 dst>fd10:43:100::2/21159 
02:46:45.676472 CONNECT flow>2359 srcPort>39447 dst>fd10:43:100::2/21159 
02:46:45.733077 ON flow>2360 srcPort>33597 dst>fd10:43:100::2/21160 
02:46:45.733382 CONNECT flow>2360 srcPort>33597 dst>fd10:43:100::2/21160 
02:46:45.793201 ON flow>2361 srcPort>34627 dst>fd10:43:100::2/21161 
02:46:45.793462 CONNECT flow>2361 srcPort>34627 dst>fd10:43:100::2/21161 
02:46:45.877034 SHUTDOWN flow>2347 srcPort>41109 dst>fd10:43:100::2/21147 
02:46:45.877409 OFF flow>2347 srcPort>41109 dst>fd10:43:100::2/21147 
02:46:45.950430 SHUTDOWN flow>2348 srcPort>38585 dst>fd10:43:100::2/21148 
02:46:45.951292 OFF flow>2348 srcPort>38585 dst>fd10:43:100::2/21148 
02:46:47.327082 ON flow>2362 srcPort>40603 dst>fd10:43:100::2/21162 
02:46:47.327318 CONNECT flow>2362 srcPort>40603 dst>fd10:43:100::2/21162 
02:46:47.373368 ON flow>2363 srcPort>42761 dst>fd10:43:100::2/21163 
02:46:47.373703 CONNECT flow>2363 srcPort>42761 dst>fd10:43:100::2/21163 
02:46:47.448417 ON flow>2364 srcPort>41631 dst>fd10:43:100::2/21164 
02:46:47.448692 CONNECT flow>2364 srcPort>41631 dst>fd10:43:100::2/21164 
02:46:47.549265 ON flow>2365 srcPort>35103 dst>fd10:43:100::2/21165 
02:46:47.549457 CONNECT flow>2365 srcPort>35103 dst>fd10:43:100::2/21165 
02:46:47.715591 ON flow>2366 srcPort>35439 dst>fd10:43:100::2/21166 
02:46:47.715815 CONNECT flow>2366 srcPort>35439 dst>fd10:43:100::2/21166 
02:46:47.905329 ON flow>2367 srcPort>46363 dst>fd10:43:100::2/21167 
02:46:47.905648 CONNECT flow>2367 srcPort>46363 dst>fd10:43:100::2/21167 
02:46:47.990466 ON flow>2368 srcPort>33979 dst>fd10:43:100::2/21168 
02:46:47.990738 CONNECT flow>2368 srcPort>33979 dst>fd10:43:100::2/21168 
02:46:48.104967 ON flow>2369 srcPort>33383 dst>fd10:43:100::2/21169 
02:46:48.105180 CONNECT flow>2369 srcPort>33383 dst>fd10:43:100::2/21169 
02:46:48.149256 ON flow>2370 srcPort>36355 dst>fd10:43:100::2/21170 
02:46:48.149597 CONNECT flow>2370 srcPort>36355 dst>fd10:43:100::2/21170 
02:46:48.179206 ON flow>2371 srcPort>45335 dst>fd10:43:100::2/21171 
02:46:48.179443 CONNECT flow>2371 srcPort>45335 dst>fd10:43:100::2/21171 
02:46:48.199258 ON flow>2372 srcPort>43737 dst>fd10:43:100::2/21172 
02:46:48.199533 CONNECT flow>2372 srcPort>43737 dst>fd10:43:100::2/21172 
02:46:48.226277 ON flow>2373 srcPort>33173 dst>fd10:43:100::2/21173 
02:46:48.226863 CONNECT flow>2373 srcPort>33173 dst>fd10:43:100::2/21173 
02:46:48.243369 ON flow>2374 srcPort>39967 dst>fd10:43:100::2/21174 
02:46:48.244053 CONNECT flow>2374 srcPort>39967 dst>fd10:43:100::2/21174 
02:46:48.329174 ON flow>2375 srcPort>33657 dst>fd10:43:100::2/21175 
02:46:48.329395 CONNECT flow>2375 srcPort>33657 dst>fd10:43:100::2/21175 
02:46:48.388297 ON flow>2376 srcPort>36665 dst>fd10:43:100::2/21176 
02:46:48.388720 CONNECT flow>2376 srcPort>36665 dst>fd10:43:100::2/21176 
02:46:48.538422 ON flow>2377 srcPort>36301 dst>fd10:43:100::2/21177 
02:46:48.538635 CONNECT flow>2377 srcPort>36301 dst>fd10:43:100::2/21177 
02:46:48.619713 SHUTDOWN flow>2349 srcPort>43897 dst>fd10:43:100::2/21149 
02:46:48.620082 OFF flow>2349 srcPort>43897 dst>fd10:43:100::2/21149 
02:46:48.623611 SHUTDOWN flow>2350 srcPort>44113 dst>fd10:43:100::2/21150 
02:46:48.623928 OFF flow>2350 srcPort>44113 dst>fd10:43:100::2/21150 
02:46:48.631089 ON flow>2378 srcPort>39295 dst>fd10:43:100::2/21178 
02:46:48.631316 CONNECT flow>2378 srcPort>39295 dst>fd10:43:100::2/21178 
02:46:48.651583 ON flow>2379 srcPort>35611 dst>fd10:43:100::2/21179 
02:46:48.651917 CONNECT flow>2379 srcPort>35611 dst>fd10:43:100::2/21179 
02:46:48.669211 SHUTDOWN flow>2351 srcPort>33551 dst>fd10:43:100::2/21151 
02:46:48.669546 OFF flow>2351 srcPort>33551 dst>fd10:43:100::2/21151 
02:46:48.743818 SHUTDOWN flow>2352 srcPort>43469 dst>fd10:43:100::2/21152 
02:46:48.744355 OFF flow>2352 srcPort>43469 dst>fd10:43:100::2/21152 
02:46:48.779316 SHUTDOWN flow>2353 srcPort>42513 dst>fd10:43:100::2/21153 
02:46:48.779774 OFF flow>2353 srcPort>42513 dst>fd10:43:100::2/21153 
02:46:48.821139 SHUTDOWN flow>2354 srcPort>37823 dst>fd10:43:100::2/21154 
02:46:48.821492 OFF flow>2354 srcPort>37823 dst>fd10:43:100::2/21154 
02:46:48.842039 SHUTDOWN flow>2355 srcPort>46667 dst>fd10:43:100::2/21155 
02:46:48.842362 OFF flow>2355 srcPort>46667 dst>fd10:43:100::2/21155 
02:46:48.870241 SHUTDOWN flow>2356 srcPort>42891 dst>fd10:43:100::2/21156 
02:46:48.870577 OFF flow>2356 srcPort>42891 dst>fd10:43:100::2/21156 
02:46:48.975342 SHUTDOWN flow>2357 srcPort>42815 dst>fd10:43:100::2/21157 
02:46:48.975778 OFF flow>2357 srcPort>42815 dst>fd10:43:100::2/21157 
02:46:50.471470 SHUTDOWN flow>2358 srcPort>33929 dst>fd10:43:100::2/21158 
02:46:50.471871 OFF flow>2358 srcPort>33929 dst>fd10:43:100::2/21158 
02:46:50.476165 SHUTDOWN flow>2359 srcPort>39447 dst>fd10:43:100::2/21159 
02:46:50.476451 OFF flow>2359 srcPort>39447 dst>fd10:43:100::2/21159 
02:46:50.533040 SHUTDOWN flow>2360 srcPort>33597 dst>fd10:43:100::2/21160 
02:46:50.533335 OFF flow>2360 srcPort>33597 dst>fd10:43:100::2/21160 
02:46:50.593150 SHUTDOWN flow>2361 srcPort>34627 dst>fd10:43:100::2/21161 
02:46:50.593487 OFF flow>2361 srcPort>34627 dst>fd10:43:100::2/21161 
02:46:52.126926 SHUTDOWN flow>2362 srcPort>40603 dst>fd10:43:100::2/21162 
02:46:52.127337 OFF flow>2362 srcPort>40603 dst>fd10:43:100::2/21162 
02:46:52.173347 SHUTDOWN flow>2363 srcPort>42761 dst>fd10:43:100::2/21163 
02:46:52.173702 OFF flow>2363 srcPort>42761 dst>fd10:43:100::2/21163 
02:46:52.248352 SHUTDOWN flow>2364 srcPort>41631 dst>fd10:43:100::2/21164 
02:46:52.248720 OFF flow>2364 srcPort>41631 dst>fd10:43:100::2/21164 
02:46:52.349246 SHUTDOWN flow>2365 srcPort>35103 dst>fd10:43:100::2/21165 
02:46:52.349606 OFF flow>2365 srcPort>35103 dst>fd10:43:100::2/21165 
02:46:52.515520 SHUTDOWN flow>2366 srcPort>35439 dst>fd10:43:100::2/21166 
02:46:52.515863 OFF flow>2366 srcPort>35439 dst>fd10:43:100::2/21166 
02:46:52.694251 ON flow>2380 srcPort>44591 dst>fd10:43:100::2/21180 
02:46:52.694490 CONNECT flow>2380 srcPort>44591 dst>fd10:43:100::2/21180 
02:46:52.705218 SHUTDOWN flow>2367 srcPort>46363 dst>fd10:43:100::2/21167 
02:46:52.705697 OFF flow>2367 srcPort>46363 dst>fd10:43:100::2/21167 
02:46:52.727694 ON flow>2381 srcPort>33251 dst>fd10:43:100::2/21181 
02:46:52.727955 CONNECT flow>2381 srcPort>33251 dst>fd10:43:100::2/21181 
02:46:52.790425 SHUTDOWN flow>2368 srcPort>33979 dst>fd10:43:100::2/21168 
02:46:52.790743 OFF flow>2368 srcPort>33979 dst>fd10:43:100::2/21168 
02:46:52.851128 ON flow>2382 srcPort>33825 dst>fd10:43:100::2/21182 
02:46:52.851366 CONNECT flow>2382 srcPort>33825 dst>fd10:43:100::2/21182 
02:46:52.904998 SHUTDOWN flow>2369 srcPort>33383 dst>fd10:43:100::2/21169 
02:46:52.905438 OFF flow>2369 srcPort>33383 dst>fd10:43:100::2/21169 
02:46:52.920028 ON flow>2383 srcPort>33951 dst>fd10:43:100::2/21183 
02:46:52.920293 CONNECT flow>2383 srcPort>33951 dst>fd10:43:100::2/21183 
02:46:52.926883 ON flow>2384 srcPort>45525 dst>fd10:43:100::2/21184 
02:46:52.927092 CONNECT flow>2384 srcPort>45525 dst>fd10:43:100::2/21184 
02:46:52.949231 SHUTDOWN flow>2370 srcPort>36355 dst>fd10:43:100::2/21170 
02:46:52.949612 OFF flow>2370 srcPort>36355 dst>fd10:43:100::2/21170 
02:46:52.975803 ON flow>2385 srcPort>46361 dst>fd10:43:100::2/21185 
02:46:52.976042 CONNECT flow>2385 srcPort>46361 dst>fd10:43:100::2/21185 
02:46:52.979127 SHUTDOWN flow>2371 srcPort>45335 dst>fd10:43:100::2/21171 
02:46:52.979470 OFF flow>2371 srcPort>45335 dst>fd10:43:100::2/21171 
02:46:52.999229 SHUTDOWN flow>2372 srcPort>43737 dst>fd10:43:100::2/21172 
02:46:52.999578 OFF flow>2372 srcPort>43737 dst>fd10:43:100::2/21172 
02:46:53.026227 SHUTDOWN flow>2373 srcPort>33173 dst>fd10:43:100::2/21173 
02:46:53.026668 OFF flow>2373 srcPort>33173 dst>fd10:43:100::2/21173 
02:46:53.043320 SHUTDOWN flow>2374 srcPort>39967 dst>fd10:43:100::2/21174 
02:46:53.043659 OFF flow>2374 srcPort>39967 dst>fd10:43:100::2/21174 
02:46:53.129129 SHUTDOWN flow>2375 srcPort>33657 dst>fd10:43:100::2/21175 
02:46:53.129579 OFF flow>2375 srcPort>33657 dst>fd10:43:100::2/21175 
02:46:53.188250 SHUTDOWN flow>2376 srcPort>36665 dst>fd10:43:100::2/21176 
02:46:53.188597 OFF flow>2376 srcPort>36665 dst>fd10:43:100::2/21176 
02:46:53.191671 ON flow>2386 srcPort>35011 dst>fd10:43:100::2/21186 
02:46:53.192318 CONNECT flow>2386 srcPort>35011 dst>fd10:43:100::2/21186 
02:46:53.289167 ON flow>2387 srcPort>40167 dst>fd10:43:100::2/21187 
02:46:53.289423 CONNECT flow>2387 srcPort>40167 dst>fd10:43:100::2/21187 
02:46:53.338345 SHUTDOWN flow>2377 srcPort>36301 dst>fd10:43:100::2/21177 
02:46:53.338767 OFF flow>2377 srcPort>36301 dst>fd10:43:100::2/21177 
02:46:53.431031 SHUTDOWN flow>2378 srcPort>39295 dst>fd10:43:100::2/21178 
02:46:53.431357 OFF flow>2378 srcPort>39295 dst>fd10:43:100::2/21178 
02:46:53.451529 SHUTDOWN flow>2379 srcPort>35611 dst>fd10:43:100::2/21179 
02:46:53.451834 OFF flow>2379 srcPort>35611 dst>fd10:43:100::2/21179 
02:46:55.991797 ON flow>2388 srcPort>40773 dst>fd10:43:100::2/21188 
02:46:55.992065 CONNECT flow>2388 srcPort>40773 dst>fd10:43:100::2/21188 
02:46:56.042980 ON flow>2389 srcPort>44381 dst>fd10:43:100::2/21189 
02:46:56.043253 CONNECT flow>2389 srcPort>44381 dst>fd10:43:100::2/21189 
02:46:56.308268 ON flow>2390 srcPort>43311 dst>fd10:43:100::2/21190 
02:46:56.308537 CONNECT flow>2390 srcPort>43311 dst>fd10:43:100::2/21190 
02:46:56.354002 ON flow>2391 srcPort>37659 dst>fd10:43:100::2/21191 
02:46:56.354287 CONNECT flow>2391 srcPort>37659 dst>fd10:43:100::2/21191 
02:46:56.378424 ON flow>2392 srcPort>35051 dst>fd10:43:100::2/21192 
02:46:56.378679 CONNECT flow>2392 srcPort>35051 dst>fd10:43:100::2/21192 
02:46:56.445722 ON flow>2393 srcPort>41425 dst>fd10:43:100::2/21193 
02:46:56.446003 CONNECT flow>2393 srcPort>41425 dst>fd10:43:100::2/21193 
02:46:57.000389 ON flow>2394 srcPort>41045 dst>fd10:43:100::2/21194 
02:46:57.000624 CONNECT flow>2394 srcPort>41045 dst>fd10:43:100::2/21194 
02:46:57.153632 ON flow>2395 srcPort>41125 dst>fd10:43:100::2/21195 
02:46:57.153907 CONNECT flow>2395 srcPort>41125 dst>fd10:43:100::2/21195 
02:46:57.224103 ON flow>2396 srcPort>37647 dst>fd10:43:100::2/21196 
02:46:57.224373 CONNECT flow>2396 srcPort>37647 dst>fd10:43:100::2/21196 
02:46:57.494050 SHUTDOWN flow>2380 srcPort>44591 dst>fd10:43:100::2/21180 
02:46:57.494472 OFF flow>2380 srcPort>44591 dst>fd10:43:100::2/21180 
02:46:57.527632 SHUTDOWN flow>2381 srcPort>33251 dst>fd10:43:100::2/21181 
02:46:57.527912 OFF flow>2381 srcPort>33251 dst>fd10:43:100::2/21181 
02:46:57.651053 SHUTDOWN flow>2382 srcPort>33825 dst>fd10:43:100::2/21182 
02:46:57.651503 OFF flow>2382 srcPort>33825 dst>fd10:43:100::2/21182 
02:46:57.719956 SHUTDOWN flow>2383 srcPort>33951 dst>fd10:43:100::2/21183 
02:46:57.720270 OFF flow>2383 srcPort>33951 dst>fd10:43:100::2/21183 
02:46:57.726842 SHUTDOWN flow>2384 srcPort>45525 dst>fd10:43:100::2/21184 
02:46:57.727130 OFF flow>2384 srcPort>45525 dst>fd10:43:100::2/21184 
02:46:57.775748 SHUTDOWN flow>2385 srcPort>46361 dst>fd10:43:100::2/21185 
02:46:57.776102 OFF flow>2385 srcPort>46361 dst>fd10:43:100::2/21185 
02:46:57.991448 SHUTDOWN flow>2386 srcPort>35011 dst>fd10:43:100::2/21186 
02:46:57.991869 OFF flow>2386 srcPort>35011 dst>fd10:43:100::2/21186 
02:46:58.089039 SHUTDOWN flow>2387 srcPort>40167 dst>fd10:43:100::2/21187 
02:46:58.089485 OFF flow>2387 srcPort>40167 dst>fd10:43:100::2/21187 
02:46:58.308050 ON flow>2397 srcPort>37611 dst>fd10:43:100::2/21197 
02:46:58.308320 CONNECT flow>2397 srcPort>37611 dst>fd10:43:100::2/21197 
02:46:58.373827 ON flow>2398 srcPort>35397 dst>fd10:43:100::2/21198 
02:46:58.374091 CONNECT flow>2398 srcPort>35397 dst>fd10:43:100::2/21198 
02:46:58.468375 ON flow>2399 srcPort>44465 dst>fd10:43:100::2/21199 
02:46:58.468587 CONNECT flow>2399 srcPort>44465 dst>fd10:43:100::2/21199 
02:46:58.507087 ON flow>2400 srcPort>46803 dst>fd10:43:100::2/21200 
02:46:58.507302 CONNECT flow>2400 srcPort>46803 dst>fd10:43:100::2/21200 
02:46:58.625381 ON flow>2401 srcPort>46417 dst>fd10:43:100::2/21201 
02:46:58.625628 CONNECT flow>2401 srcPort>46417 dst>fd10:43:100::2/21201 
02:46:58.667102 ON flow>2402 srcPort>33883 dst>fd10:43:100::2/21202 
02:46:58.667342 CONNECT flow>2402 srcPort>33883 dst>fd10:43:100::2/21202 
02:46:59.232146 ON flow>2403 srcPort>37069 dst>fd10:43:100::2/21203 
02:46:59.232412 CONNECT flow>2403 srcPort>37069 dst>fd10:43:100::2/21203 
02:46:59.343699 ON flow>2404 srcPort>36069 dst>fd10:43:100::2/21204 
02:46:59.343989 CONNECT flow>2404 srcPort>36069 dst>fd10:43:100::2/21204 
02:46:59.498800 ON flow>2405 srcPort>42013 dst>fd10:43:100::2/21205 
02:46:59.499092 CONNECT flow>2405 srcPort>42013 dst>fd10:43:100::2/21205 
02:46:59.607278 ON flow>2406 srcPort>37351 dst>fd10:43:100::2/21206 
02:46:59.607726 CONNECT flow>2406 srcPort>37351 dst>fd10:43:100::2/21206 
02:47:00.525474 ON flow>2407 srcPort>46397 dst>fd10:43:100::2/21207 
02:47:00.525740 CONNECT flow>2407 srcPort>46397 dst>fd10:43:100::2/21207 
02:47:00.539426 ON flow>2408 srcPort>45693 dst>fd10:43:100::2/21208 
02:47:00.539671 CONNECT flow>2408 srcPort>45693 dst>fd10:43:100::2/21208 
02:47:00.612601 ON flow>2409 srcPort>45735 dst>fd10:43:100::2/21209 
02:47:00.612836 CONNECT flow>2409 srcPort>45735 dst>fd10:43:100::2/21209 
02:47:00.746900 ON flow>2410 srcPort>37271 dst>fd10:43:100::2/21210 
02:47:00.747128 CONNECT flow>2410 srcPort>37271 dst>fd10:43:100::2/21210 
02:47:00.791641 SHUTDOWN flow>2388 srcPort>40773 dst>fd10:43:100::2/21188 
02:47:00.792029 OFF flow>2388 srcPort>40773 dst>fd10:43:100::2/21188 
02:47:00.842745 SHUTDOWN flow>2389 srcPort>44381 dst>fd10:43:100::2/21189 
02:47:00.843081 OFF flow>2389 srcPort>44381 dst>fd10:43:100::2/21189 
02:47:00.889040 ON flow>2411 srcPort>42455 dst>fd10:43:100::2/21211 
02:47:00.891552 CONNECT flow>2411 srcPort>42455 dst>fd10:43:100::2/21211 
02:47:00.916190 ON flow>2412 srcPort>39539 dst>fd10:43:100::2/21212 
02:47:00.916422 CONNECT flow>2412 srcPort>39539 dst>fd10:43:100::2/21212 
02:47:00.923284 ON flow>2413 srcPort>35629 dst>fd10:43:100::2/21213 
02:47:00.923500 CONNECT flow>2413 srcPort>35629 dst>fd10:43:100::2/21213 
02:47:00.927131 ON flow>2414 srcPort>43891 dst>fd10:43:100::2/21214 
02:47:00.927525 CONNECT flow>2414 srcPort>43891 dst>fd10:43:100::2/21214 
02:47:00.968106 ON flow>2415 srcPort>42437 dst>fd10:43:100::2/21215 
02:47:00.968325 CONNECT flow>2415 srcPort>42437 dst>fd10:43:100::2/21215 
02:47:01.108118 SHUTDOWN flow>2390 srcPort>43311 dst>fd10:43:100::2/21190 
02:47:01.108677 OFF flow>2390 srcPort>43311 dst>fd10:43:100::2/21190 
02:47:01.138806 ON flow>2416 srcPort>41123 dst>fd10:43:100::2/21216 
02:47:01.139064 CONNECT flow>2416 srcPort>41123 dst>fd10:43:100::2/21216 
02:47:01.153941 SHUTDOWN flow>2391 srcPort>37659 dst>fd10:43:100::2/21191 
02:47:01.154265 OFF flow>2391 srcPort>37659 dst>fd10:43:100::2/21191 
02:47:01.178336 SHUTDOWN flow>2392 srcPort>35051 dst>fd10:43:100::2/21192 
02:47:01.178620 OFF flow>2392 srcPort>35051 dst>fd10:43:100::2/21192 
02:47:01.245636 SHUTDOWN flow>2393 srcPort>41425 dst>fd10:43:100::2/21193 
02:47:01.245910 OFF flow>2393 srcPort>41425 dst>fd10:43:100::2/21193 
02:47:01.800255 SHUTDOWN flow>2394 srcPort>41045 dst>fd10:43:100::2/21194 
02:47:01.800642 OFF flow>2394 srcPort>41045 dst>fd10:43:100::2/21194 
02:47:01.851586 ON flow>2417 srcPort>34407 dst>fd10:43:100::2/21217 
02:47:01.851826 CONNECT flow>2417 srcPort>34407 dst>fd10:43:100::2/21217 
02:47:01.953558 SHUTDOWN flow>2395 srcPort>41125 dst>fd10:43:100::2/21195 
02:47:01.953913 OFF flow>2395 srcPort>41125 dst>fd10:43:100::2/21195 
02:47:02.023961 SHUTDOWN flow>2396 srcPort>37647 dst>fd10:43:100::2/21196 
02:47:02.024285 OFF flow>2396 srcPort>37647 dst>fd10:43:100::2/21196 
02:47:03.074467 ON flow>2418 srcPort>45019 dst>fd10:43:100::2/21218 
02:47:03.074757 CONNECT flow>2418 srcPort>45019 dst>fd10:43:100::2/21218 
02:47:03.107942 SHUTDOWN flow>2397 srcPort>37611 dst>fd10:43:100::2/21197 
02:47:03.108260 OFF flow>2397 srcPort>37611 dst>fd10:43:100::2/21197 
02:47:03.173748 SHUTDOWN flow>2398 srcPort>35397 dst>fd10:43:100::2/21198 
02:47:03.174144 OFF flow>2398 srcPort>35397 dst>fd10:43:100::2/21198 
02:47:03.268334 SHUTDOWN flow>2399 srcPort>44465 dst>fd10:43:100::2/21199 
02:47:03.268746 OFF flow>2399 srcPort>44465 dst>fd10:43:100::2/21199 
02:47:03.272087 ON flow>2419 srcPort>41209 dst>fd10:43:100::2/21219 
02:47:03.272339 CONNECT flow>2419 srcPort>41209 dst>fd10:43:100::2/21219 
02:47:03.307058 SHUTDOWN flow>2400 srcPort>46803 dst>fd10:43:100::2/21200 
02:47:03.307412 OFF flow>2400 srcPort>46803 dst>fd10:43:100::2/21200 
02:47:03.312876 ON flow>2420 srcPort>38835 dst>fd10:43:100::2/21220 
02:47:03.313099 CONNECT flow>2420 srcPort>38835 dst>fd10:43:100::2/21220 
02:47:03.338609 ON flow>2421 srcPort>35693 dst>fd10:43:100::2/21221 
02:47:03.338888 CONNECT flow>2421 srcPort>35693 dst>fd10:43:100::2/21221 
02:47:03.402810 ON flow>2422 srcPort>42859 dst>fd10:43:100::2/21222 
02:47:03.403072 CONNECT flow>2422 srcPort>42859 dst>fd10:43:100::2/21222 
02:47:03.425342 SHUTDOWN flow>2401 srcPort>46417 dst>fd10:43:100::2/21201 
02:47:03.425751 OFF flow>2401 srcPort>46417 dst>fd10:43:100::2/21201 
02:47:03.467052 SHUTDOWN flow>2402 srcPort>33883 dst>fd10:43:100::2/21202 
02:47:03.467569 OFF flow>2402 srcPort>33883 dst>fd10:43:100::2/21202 
02:47:04.032033 SHUTDOWN flow>2403 srcPort>37069 dst>fd10:43:100::2/21203 
02:47:04.032435 OFF flow>2403 srcPort>37069 dst>fd10:43:100::2/21203 
02:47:04.143648 SHUTDOWN flow>2404 srcPort>36069 dst>fd10:43:100::2/21204 
02:47:04.143951 OFF flow>2404 srcPort>36069 dst>fd10:43:100::2/21204 
02:47:04.292357 ON flow>2423 srcPort>44147 dst>fd10:43:100::2/21223 
02:47:04.292594 CONNECT flow>2423 srcPort>44147 dst>fd10:43:100::2/21223 
02:47:04.298740 SHUTDOWN flow>2405 srcPort>42013 dst>fd10:43:100::2/21205 
02:47:04.299049 OFF flow>2405 srcPort>42013 dst>fd10:43:100::2/21205 
02:47:04.407240 SHUTDOWN flow>2406 srcPort>37351 dst>fd10:43:100::2/21206 
02:47:04.407833 OFF flow>2406 srcPort>37351 dst>fd10:43:100::2/21206 
02:47:04.546115 ON flow>2424 srcPort>36945 dst>fd10:43:100::2/21224 
02:47:04.546375 CONNECT flow>2424 srcPort>36945 dst>fd10:43:100::2/21224 
02:47:04.570635 ON flow>2425 srcPort>35615 dst>fd10:43:100::2/21225 
02:47:04.571398 CONNECT flow>2425 srcPort>35615 dst>fd10:43:100::2/21225 
02:47:04.773446 ON flow>2426 srcPort>44987 dst>fd10:43:100::2/21226 
02:47:04.774133 CONNECT flow>2426 srcPort>44987 dst>fd10:43:100::2/21226 
02:47:04.842313 ON flow>2427 srcPort>46401 dst>fd10:43:100::2/21227 
02:47:04.842567 CONNECT flow>2427 srcPort>46401 dst>fd10:43:100::2/21227 
02:47:05.146843 ON flow>2428 srcPort>45241 dst>fd10:43:100::2/21228 
02:47:05.147086 CONNECT flow>2428 srcPort>45241 dst>fd10:43:100::2/21228 
02:47:05.222086 ON flow>2429 srcPort>44155 dst>fd10:43:100::2/21229 
02:47:05.222332 CONNECT flow>2429 srcPort>44155 dst>fd10:43:100::2/21229 
02:47:05.297012 ON flow>2430 srcPort>40897 dst>fd10:43:100::2/21230 
02:47:05.297262 CONNECT flow>2430 srcPort>40897 dst>fd10:43:100::2/21230 
02:47:05.325334 SHUTDOWN flow>2407 srcPort>46397 dst>fd10:43:100::2/21207 
02:47:05.325687 OFF flow>2407 srcPort>46397 dst>fd10:43:100::2/21207 
02:47:05.339333 SHUTDOWN flow>2408 srcPort>45693 dst>fd10:43:100::2/21208 
02:47:05.339657 OFF flow>2408 srcPort>45693 dst>fd10:43:100::2/21208 
02:47:05.412542 SHUTDOWN flow>2409 srcPort>45735 dst>fd10:43:100::2/21209 
02:47:05.412865 OFF flow>2409 srcPort>45735 dst>fd10:43:100::2/21209 
02:47:05.504908 ON flow>2431 srcPort>45259 dst>fd10:43:100::2/21231 
02:47:05.505151 CONNECT flow>2431 srcPort>45259 dst>fd10:43:100::2/21231 
02:47:05.546850 SHUTDOWN flow>2410 srcPort>37271 dst>fd10:43:100::2/21210 
02:47:05.547262 OFF flow>2410 srcPort>37271 dst>fd10:43:100::2/21210 
02:47:05.688963 SHUTDOWN flow>2411 srcPort>42455 dst>fd10:43:100::2/21211 
02:47:05.689449 OFF flow>2411 srcPort>42455 dst>fd10:43:100::2/21211 
02:47:05.716173 SHUTDOWN flow>2412 srcPort>39539 dst>fd10:43:100::2/21212 
02:47:05.716577 OFF flow>2412 srcPort>39539 dst>fd10:43:100::2/21212 
02:47:05.723251 SHUTDOWN flow>2413 srcPort>35629 dst>fd10:43:100::2/21213 
02:47:05.723581 OFF flow>2413 srcPort>35629 dst>fd10:43:100::2/21213 
02:47:05.727055 SHUTDOWN flow>2414 srcPort>43891 dst>fd10:43:100::2/21214 
02:47:05.727355 OFF flow>2414 srcPort>43891 dst>fd10:43:100::2/21214 
02:47:05.768077 SHUTDOWN flow>2415 srcPort>42437 dst>fd10:43:100::2/21215 
02:47:05.768587 OFF flow>2415 srcPort>42437 dst>fd10:43:100::2/21215 
02:47:05.938760 SHUTDOWN flow>2416 srcPort>41123 dst>fd10:43:100::2/21216 
02:47:05.939230 OFF flow>2416 srcPort>41123 dst>fd10:43:100::2/21216 
02:47:06.651445 SHUTDOWN flow>2417 srcPort>34407 dst>fd10:43:100::2/21217 
02:47:06.651825 OFF flow>2417 srcPort>34407 dst>fd10:43:100::2/21217 
02:47:06.777268 ON flow>2432 srcPort>43645 dst>fd10:43:100::2/21232 
02:47:06.777548 CONNECT flow>2432 srcPort>43645 dst>fd10:43:100::2/21232 
02:47:06.796137 ON flow>2433 srcPort>45985 dst>fd10:43:100::2/21233 
02:47:06.796413 CONNECT flow>2433 srcPort>45985 dst>fd10:43:100::2/21233 
02:47:06.950000 ON flow>2434 srcPort>32867 dst>fd10:43:100::2/21234 
02:47:06.950626 CONNECT flow>2434 srcPort>32867 dst>fd10:43:100::2/21234 
02:47:07.095058 ON flow>2435 srcPort>44477 dst>fd10:43:100::2/21235 
02:47:07.095350 CONNECT flow>2435 srcPort>44477 dst>fd10:43:100::2/21235 
02:47:07.156556 ON flow>2436 srcPort>45775 dst>fd10:43:100::2/21236 
02:47:07.156814 CONNECT flow>2436 srcPort>45775 dst>fd10:43:100::2/21236 
02:47:07.492017 ON flow>2437 srcPort>35953 dst>fd10:43:100::2/21237 
02:47:07.492261 CONNECT flow>2437 srcPort>35953 dst>fd10:43:100::2/21237 
02:47:07.494726 ON flow>2438 srcPort>33733 dst>fd10:43:100::2/21238 
02:47:07.494957 CONNECT flow>2438 srcPort>33733 dst>fd10:43:100::2/21238 
02:47:07.525837 ON flow>2439 srcPort>40373 dst>fd10:43:100::2/21239 
02:47:07.526149 CONNECT flow>2439 srcPort>40373 dst>fd10:43:100::2/21239 
02:47:07.587257 ON flow>2440 srcPort>43461 dst>fd10:43:100::2/21240 
02:47:07.587508 CONNECT flow>2440 srcPort>43461 dst>fd10:43:100::2/21240 
02:47:07.592744 ON flow>2441 srcPort>40939 dst>fd10:43:100::2/21241 
02:47:07.592978 CONNECT flow>2441 srcPort>40939 dst>fd10:43:100::2/21241 
02:47:07.874249 SHUTDOWN flow>2418 srcPort>45019 dst>fd10:43:100::2/21218 
02:47:07.874612 OFF flow>2418 srcPort>45019 dst>fd10:43:100::2/21218 
02:47:08.071954 SHUTDOWN flow>2419 srcPort>41209 dst>fd10:43:100::2/21219 
02:47:08.072312 OFF flow>2419 srcPort>41209 dst>fd10:43:100::2/21219 
02:47:08.112848 SHUTDOWN flow>2420 srcPort>38835 dst>fd10:43:100::2/21220 
02:47:08.113185 OFF flow>2420 srcPort>38835 dst>fd10:43:100::2/21220 
02:47:08.138545 SHUTDOWN flow>2421 srcPort>35693 dst>fd10:43:100::2/21221 
02:47:08.138857 OFF flow>2421 srcPort>35693 dst>fd10:43:100::2/21221 
02:47:08.202750 SHUTDOWN flow>2422 srcPort>42859 dst>fd10:43:100::2/21222 
02:47:08.203245 OFF flow>2422 srcPort>42859 dst>fd10:43:100::2/21222 
02:47:08.616578 ON flow>2442 srcPort>46539 dst>fd10:43:100::2/21242 
02:47:08.616856 CONNECT flow>2442 srcPort>46539 dst>fd10:43:100::2/21242 
02:47:08.640800 ON flow>2443 srcPort>32895 dst>fd10:43:100::2/21243 
02:47:08.641012 CONNECT flow>2443 srcPort>32895 dst>fd10:43:100::2/21243 
02:47:08.805633 ON flow>2444 srcPort>44479 dst>fd10:43:100::2/21244 
02:47:08.805864 CONNECT flow>2444 srcPort>44479 dst>fd10:43:100::2/21244 
02:47:09.092249 SHUTDOWN flow>2423 srcPort>44147 dst>fd10:43:100::2/21223 
02:47:09.092879 OFF flow>2423 srcPort>44147 dst>fd10:43:100::2/21223 
02:47:09.131670 ON flow>2445 srcPort>38059 dst>fd10:43:100::2/21245 
02:47:09.131977 CONNECT flow>2445 srcPort>38059 dst>fd10:43:100::2/21245 
02:47:09.345960 SHUTDOWN flow>2424 srcPort>36945 dst>fd10:43:100::2/21224 
02:47:09.346385 OFF flow>2424 srcPort>36945 dst>fd10:43:100::2/21224 
02:47:09.370555 SHUTDOWN flow>2425 srcPort>35615 dst>fd10:43:100::2/21225 
02:47:09.370914 OFF flow>2425 srcPort>35615 dst>fd10:43:100::2/21225 
02:47:09.415457 ON flow>2446 srcPort>41079 dst>fd10:43:100::2/21246 
02:47:09.416293 CONNECT flow>2446 srcPort>41079 dst>fd10:43:100::2/21246 
02:47:09.573351 SHUTDOWN flow>2426 srcPort>44987 dst>fd10:43:100::2/21226 
02:47:09.573741 OFF flow>2426 srcPort>44987 dst>fd10:43:100::2/21226 
02:47:09.642250 SHUTDOWN flow>2427 srcPort>46401 dst>fd10:43:100::2/21227 
02:47:09.642567 OFF flow>2427 srcPort>46401 dst>fd10:43:100::2/21227 
02:47:09.946777 SHUTDOWN flow>2428 srcPort>45241 dst>fd10:43:100::2/21228 
02:47:09.947216 OFF flow>2428 srcPort>45241 dst>fd10:43:100::2/21228 
02:47:09.980760 ON flow>2447 srcPort>35273 dst>fd10:43:100::2/21247 
02:47:09.981011 CONNECT flow>2447 srcPort>35273 dst>fd10:43:100::2/21247 
02:47:10.021971 SHUTDOWN flow>2429 srcPort>44155 dst>fd10:43:100::2/21229 
02:47:10.022327 OFF flow>2429 srcPort>44155 dst>fd10:43:100::2/21229 
02:47:10.095631 ON flow>2448 srcPort>42367 dst>fd10:43:100::2/21248 
02:47:10.095870 CONNECT flow>2448 srcPort>42367 dst>fd10:43:100::2/21248 
02:47:10.096954 SHUTDOWN flow>2430 srcPort>40897 dst>fd10:43:100::2/21230 
02:47:10.097364 OFF flow>2430 srcPort>40897 dst>fd10:43:100::2/21230 
02:47:10.135588 ON flow>2449 srcPort>41127 dst>fd10:43:100::2/21249 
02:47:10.135827 CONNECT flow>2449 srcPort>41127 dst>fd10:43:100::2/21249 
02:47:10.178792 ON flow>2450 srcPort>41369 dst>fd10:43:100::2/21250 
02:47:10.179039 CONNECT flow>2450 srcPort>41369 dst>fd10:43:100::2/21250 
02:47:10.304855 SHUTDOWN flow>2431 srcPort>45259 dst>fd10:43:100::2/21231 
02:47:10.305348 OFF flow>2431 srcPort>45259 dst>fd10:43:100::2/21231 
02:47:11.577163 SHUTDOWN flow>2432 srcPort>43645 dst>fd10:43:100::2/21232 
02:47:11.577621 OFF flow>2432 srcPort>43645 dst>fd10:43:100::2/21232 
02:47:11.596044 SHUTDOWN flow>2433 srcPort>45985 dst>fd10:43:100::2/21233 
02:47:11.596371 OFF flow>2433 srcPort>45985 dst>fd10:43:100::2/21233 
02:47:11.749876 SHUTDOWN flow>2434 srcPort>32867 dst>fd10:43:100::2/21234 
02:47:11.750285 OFF flow>2434 srcPort>32867 dst>fd10:43:100::2/21234 
02:47:11.870974 ON flow>2451 srcPort>45857 dst>fd10:43:100::2/21251 
02:47:11.871262 CONNECT flow>2451 srcPort>45857 dst>fd10:43:100::2/21251 
02:47:11.894956 SHUTDOWN flow>2435 srcPort>44477 dst>fd10:43:100::2/21235 
02:47:11.895226 OFF flow>2435 srcPort>44477 dst>fd10:43:100::2/21235 
02:47:11.956460 SHUTDOWN flow>2436 srcPort>45775 dst>fd10:43:100::2/21236 
02:47:11.956833 OFF flow>2436 srcPort>45775 dst>fd10:43:100::2/21236 
02:47:12.211997 ON flow>2452 srcPort>41671 dst>fd10:43:100::2/21252 
02:47:12.212261 CONNECT flow>2452 srcPort>41671 dst>fd10:43:100::2/21252 
02:47:12.291864 SHUTDOWN flow>2437 srcPort>35953 dst>fd10:43:100::2/21237 
02:47:12.292245 OFF flow>2437 srcPort>35953 dst>fd10:43:100::2/21237 
02:47:12.294652 SHUTDOWN flow>2438 srcPort>33733 dst>fd10:43:100::2/21238 
02:47:12.295432 OFF flow>2438 srcPort>33733 dst>fd10:43:100::2/21238 
02:47:12.325773 SHUTDOWN flow>2439 srcPort>40373 dst>fd10:43:100::2/21239 
02:47:12.326106 OFF flow>2439 srcPort>40373 dst>fd10:43:100::2/21239 
02:47:12.387176 SHUTDOWN flow>2440 srcPort>43461 dst>fd10:43:100::2/21240 
02:47:12.387602 OFF flow>2440 srcPort>43461 dst>fd10:43:100::2/21240 
02:47:12.392657 SHUTDOWN flow>2441 srcPort>40939 dst>fd10:43:100::2/21241 
02:47:12.392977 OFF flow>2441 srcPort>40939 dst>fd10:43:100::2/21241 
02:47:12.932078 ON flow>2453 srcPort>39493 dst>fd10:43:100::2/21253 
02:47:12.932395 CONNECT flow>2453 srcPort>39493 dst>fd10:43:100::2/21253 
02:47:13.044785 ON flow>2454 srcPort>39675 dst>fd10:43:100::2/21254 
02:47:13.045063 CONNECT flow>2454 srcPort>39675 dst>fd10:43:100::2/21254 
02:47:13.136750 ON flow>2455 srcPort>41267 dst>fd10:43:100::2/21255 
02:47:13.136996 CONNECT flow>2455 srcPort>41267 dst>fd10:43:100::2/21255 
02:47:13.193922 ON flow>2456 srcPort>38933 dst>fd10:43:100::2/21256 
02:47:13.194182 CONNECT flow>2456 srcPort>38933 dst>fd10:43:100::2/21256 
02:47:13.416457 SHUTDOWN flow>2442 srcPort>46539 dst>fd10:43:100::2/21242 
02:47:13.416807 OFF flow>2442 srcPort>46539 dst>fd10:43:100::2/21242 
02:47:13.440759 SHUTDOWN flow>2443 srcPort>32895 dst>fd10:43:100::2/21243 
02:47:13.441129 OFF flow>2443 srcPort>32895 dst>fd10:43:100::2/21243 
02:47:13.605547 SHUTDOWN flow>2444 srcPort>44479 dst>fd10:43:100::2/21244 
02:47:13.606139 OFF flow>2444 srcPort>44479 dst>fd10:43:100::2/21244 
02:47:13.931562 SHUTDOWN flow>2445 srcPort>38059 dst>fd10:43:100::2/21245 
02:47:13.932007 OFF flow>2445 srcPort>38059 dst>fd10:43:100::2/21245 
02:47:14.215375 SHUTDOWN flow>2446 srcPort>41079 dst>fd10:43:100::2/21246 
02:47:14.215816 OFF flow>2446 srcPort>41079 dst>fd10:43:100::2/21246 
02:47:14.478382 ON flow>2457 srcPort>34479 dst>fd10:43:100::2/21257 
02:47:14.478626 CONNECT flow>2457 srcPort>34479 dst>fd10:43:100::2/21257 
02:47:14.780659 SHUTDOWN flow>2447 srcPort>35273 dst>fd10:43:100::2/21247 
02:47:14.781043 OFF flow>2447 srcPort>35273 dst>fd10:43:100::2/21247 
02:47:14.895551 SHUTDOWN flow>2448 srcPort>42367 dst>fd10:43:100::2/21248 
02:47:14.895863 OFF flow>2448 srcPort>42367 dst>fd10:43:100::2/21248 
02:47:14.935554 SHUTDOWN flow>2449 srcPort>41127 dst>fd10:43:100::2/21249 
02:47:14.935859 OFF flow>2449 srcPort>41127 dst>fd10:43:100::2/21249 
02:47:14.978760 SHUTDOWN flow>2450 srcPort>41369 dst>fd10:43:100::2/21250 
02:47:14.979081 OFF flow>2450 srcPort>41369 dst>fd10:43:100::2/21250 
02:47:15.023968 ON flow>2458 srcPort>34585 dst>fd10:43:100::2/21258 
02:47:15.024247 CONNECT flow>2458 srcPort>34585 dst>fd10:43:100::2/21258 
02:47:15.068422 ON flow>2459 srcPort>33719 dst>fd10:43:100::2/21259 
02:47:15.068721 CONNECT flow>2459 srcPort>33719 dst>fd10:43:100::2/21259 
02:47:15.425187 ON flow>2460 srcPort>34461 dst>fd10:43:100::2/21260 
02:47:15.425479 CONNECT flow>2460 srcPort>34461 dst>fd10:43:100::2/21260 
02:47:16.670858 SHUTDOWN flow>2451 srcPort>45857 dst>fd10:43:100::2/21251 
02:47:16.671289 OFF flow>2451 srcPort>45857 dst>fd10:43:100::2/21251 
02:47:16.809796 ON flow>2461 srcPort>34965 dst>fd10:43:100::2/21261 
02:47:16.810053 CONNECT flow>2461 srcPort>34965 dst>fd10:43:100::2/21261 
02:47:17.011848 SHUTDOWN flow>2452 srcPort>41671 dst>fd10:43:100::2/21252 
02:47:17.012276 OFF flow>2452 srcPort>41671 dst>fd10:43:100::2/21252 
02:47:17.056449 ON flow>2462 srcPort>37569 dst>fd10:43:100::2/21262 
02:47:17.056691 CONNECT flow>2462 srcPort>37569 dst>fd10:43:100::2/21262 
02:47:17.232761 ON flow>2463 srcPort>42929 dst>fd10:43:100::2/21263 
02:47:17.232998 CONNECT flow>2463 srcPort>42929 dst>fd10:43:100::2/21263 
02:47:17.613889 ON flow>2464 srcPort>43773 dst>fd10:43:100::2/21264 
02:47:17.614169 CONNECT flow>2464 srcPort>43773 dst>fd10:43:100::2/21264 
02:47:17.624630 ON flow>2465 srcPort>39121 dst>fd10:43:100::2/21265 
02:47:17.624885 CONNECT flow>2465 srcPort>39121 dst>fd10:43:100::2/21265 
02:47:17.633833 ON flow>2466 srcPort>36331 dst>fd10:43:100::2/21266 
02:47:17.634122 CONNECT flow>2466 srcPort>36331 dst>fd10:43:100::2/21266 
02:47:17.659115 ON flow>2467 srcPort>46251 dst>fd10:43:100::2/21267 
02:47:17.659363 CONNECT flow>2467 srcPort>46251 dst>fd10:43:100::2/21267 
02:47:17.718252 ON flow>2468 srcPort>34505 dst>fd10:43:100::2/21268 
02:47:17.718655 CONNECT flow>2468 srcPort>34505 dst>fd10:43:100::2/21268 
02:47:17.731967 SHUTDOWN flow>2453 srcPort>39493 dst>fd10:43:100::2/21253 
02:47:17.732340 OFF flow>2453 srcPort>39493 dst>fd10:43:100::2/21253 
02:47:17.803439 ON flow>2469 srcPort>42225 dst>fd10:43:100::2/21269 
02:47:17.803679 CONNECT flow>2469 srcPort>42225 dst>fd10:43:100::2/21269 
02:47:17.817122 ON flow>2470 srcPort>38989 dst>fd10:43:100::2/21270 
02:47:17.817416 CONNECT flow>2470 srcPort>38989 dst>fd10:43:100::2/21270 
02:47:17.843802 ON flow>2471 srcPort>33957 dst>fd10:43:100::2/21271 
02:47:17.844026 CONNECT flow>2471 srcPort>33957 dst>fd10:43:100::2/21271 
02:47:17.844658 SHUTDOWN flow>2454 srcPort>39675 dst>fd10:43:100::2/21254 
02:47:17.845015 OFF flow>2454 srcPort>39675 dst>fd10:43:100::2/21254 
02:47:17.860261 ON flow>2472 srcPort>41779 dst>fd10:43:100::2/21272 
02:47:17.860509 CONNECT flow>2472 srcPort>41779 dst>fd10:43:100::2/21272 
02:47:17.887103 ON flow>2473 srcPort>34997 dst>fd10:43:100::2/21273 
02:47:17.887350 CONNECT flow>2473 srcPort>34997 dst>fd10:43:100::2/21273 
02:47:17.923901 ON flow>2474 srcPort>42279 dst>fd10:43:100::2/21274 
02:47:17.924128 CONNECT flow>2474 srcPort>42279 dst>fd10:43:100::2/21274 
02:47:17.936656 SHUTDOWN flow>2455 srcPort>41267 dst>fd10:43:100::2/21255 
02:47:17.936976 OFF flow>2455 srcPort>41267 dst>fd10:43:100::2/21255 
02:47:17.993856 SHUTDOWN flow>2456 srcPort>38933 dst>fd10:43:100::2/21256 
02:47:17.994294 OFF flow>2456 srcPort>38933 dst>fd10:43:100::2/21256 
02:47:19.278252 SHUTDOWN flow>2457 srcPort>34479 dst>fd10:43:100::2/21257 
02:47:19.278709 OFF flow>2457 srcPort>34479 dst>fd10:43:100::2/21257 
02:47:19.823862 SHUTDOWN flow>2458 srcPort>34585 dst>fd10:43:100::2/21258 
02:47:19.824359 OFF flow>2458 srcPort>34585 dst>fd10:43:100::2/21258 
02:47:19.868263 SHUTDOWN flow>2459 srcPort>33719 dst>fd10:43:100::2/21259 
02:47:19.868627 OFF flow>2459 srcPort>33719 dst>fd10:43:100::2/21259 
02:47:20.225067 SHUTDOWN flow>2460 srcPort>34461 dst>fd10:43:100::2/21260 
02:47:20.225481 OFF flow>2460 srcPort>34461 dst>fd10:43:100::2/21260 
02:47:20.402320 ON flow>2475 srcPort>44215 dst>fd10:43:100::2/21275 
02:47:20.402545 CONNECT flow>2475 srcPort>44215 dst>fd10:43:100::2/21275 
02:47:20.481173 ON flow>2476 srcPort>33309 dst>fd10:43:100::2/21276 
02:47:20.481526 CONNECT flow>2476 srcPort>33309 dst>fd10:43:100::2/21276 
02:47:20.493846 ON flow>2477 srcPort>39389 dst>fd10:43:100::2/21277 
02:47:20.494120 CONNECT flow>2477 srcPort>39389 dst>fd10:43:100::2/21277 
02:47:20.503633 ON flow>2478 srcPort>40305 dst>fd10:43:100::2/21278 
02:47:20.503894 CONNECT flow>2478 srcPort>40305 dst>fd10:43:100::2/21278 
02:47:20.509650 ON flow>2479 srcPort>42571 dst>fd10:43:100::2/21279 
02:47:20.509957 CONNECT flow>2479 srcPort>42571 dst>fd10:43:100::2/21279 
02:47:20.513773 ON flow>2480 srcPort>34929 dst>fd10:43:100::2/21280 
02:47:20.514045 CONNECT flow>2480 srcPort>34929 dst>fd10:43:100::2/21280 
02:47:20.521871 ON flow>2481 srcPort>37391 dst>fd10:43:100::2/21281 
02:47:20.522131 CONNECT flow>2481 srcPort>37391 dst>fd10:43:100::2/21281 
02:47:20.632225 ON flow>2482 srcPort>42135 dst>fd10:43:100::2/21282 
02:47:20.634134 CONNECT flow>2482 srcPort>42135 dst>fd10:43:100::2/21282 
02:47:20.715136 ON flow>2483 srcPort>43861 dst>fd10:43:100::2/21283 
02:47:20.715389 CONNECT flow>2483 srcPort>43861 dst>fd10:43:100::2/21283 
02:47:20.799639 ON flow>2484 srcPort>45073 dst>fd10:43:100::2/21284 
02:47:20.800010 CONNECT flow>2484 srcPort>45073 dst>fd10:43:100::2/21284 
02:47:21.609654 SHUTDOWN flow>2461 srcPort>34965 dst>fd10:43:100::2/21261 
02:47:21.610186 OFF flow>2461 srcPort>34965 dst>fd10:43:100::2/21261 
02:47:21.856352 SHUTDOWN flow>2462 srcPort>37569 dst>fd10:43:100::2/21262 
02:47:21.856972 OFF flow>2462 srcPort>37569 dst>fd10:43:100::2/21262 
02:47:22.032653 SHUTDOWN flow>2463 srcPort>42929 dst>fd10:43:100::2/21263 
02:47:22.033041 OFF flow>2463 srcPort>42929 dst>fd10:43:100::2/21263 
02:47:22.413754 SHUTDOWN flow>2464 srcPort>43773 dst>fd10:43:100::2/21264 
02:47:22.414283 OFF flow>2464 srcPort>43773 dst>fd10:43:100::2/21264 
02:47:22.424549 SHUTDOWN flow>2465 srcPort>39121 dst>fd10:43:100::2/21265 
02:47:22.424960 OFF flow>2465 srcPort>39121 dst>fd10:43:100::2/21265 
02:47:22.433750 SHUTDOWN flow>2466 srcPort>36331 dst>fd10:43:100::2/21266 
02:47:22.434101 OFF flow>2466 srcPort>36331 dst>fd10:43:100::2/21266 
02:47:22.459079 SHUTDOWN flow>2467 srcPort>46251 dst>fd10:43:100::2/21267 
02:47:22.459513 OFF flow>2467 srcPort>46251 dst>fd10:43:100::2/21267 
02:47:22.518154 SHUTDOWN flow>2468 srcPort>34505 dst>fd10:43:100::2/21268 
02:47:22.518554 OFF flow>2468 srcPort>34505 dst>fd10:43:100::2/21268 
02:47:22.603360 SHUTDOWN flow>2469 srcPort>42225 dst>fd10:43:100::2/21269 
02:47:22.603728 OFF flow>2469 srcPort>42225 dst>fd10:43:100::2/21269 
02:47:22.617058 SHUTDOWN flow>2470 srcPort>38989 dst>fd10:43:100::2/21270 
02:47:22.617403 OFF flow>2470 srcPort>38989 dst>fd10:43:100::2/21270 
02:47:22.643679 SHUTDOWN flow>2471 srcPort>33957 dst>fd10:43:100::2/21271 
02:47:22.644099 OFF flow>2471 srcPort>33957 dst>fd10:43:100::2/21271 
02:47:22.660158 SHUTDOWN flow>2472 srcPort>41779 dst>fd10:43:100::2/21272 
02:47:22.660498 OFF flow>2472 srcPort>41779 dst>fd10:43:100::2/21272 
02:47:22.687060 SHUTDOWN flow>2473 srcPort>34997 dst>fd10:43:100::2/21273 
02:47:22.687460 OFF flow>2473 srcPort>34997 dst>fd10:43:100::2/21273 
02:47:22.723864 SHUTDOWN flow>2474 srcPort>42279 dst>fd10:43:100::2/21274 
02:47:22.724272 OFF flow>2474 srcPort>42279 dst>fd10:43:100::2/21274 
02:47:23.019578 ON flow>2485 srcPort>39375 dst>fd10:43:100::2/21285 
02:47:23.019853 CONNECT flow>2485 srcPort>39375 dst>fd10:43:100::2/21285 
02:47:23.272371 ON flow>2486 srcPort>41973 dst>fd10:43:100::2/21286 
02:47:23.272608 CONNECT flow>2486 srcPort>41973 dst>fd10:43:100::2/21286 
02:47:25.202171 SHUTDOWN flow>2475 srcPort>44215 dst>fd10:43:100::2/21275 
02:47:25.202588 OFF flow>2475 srcPort>44215 dst>fd10:43:100::2/21275 
02:47:25.281094 SHUTDOWN flow>2476 srcPort>33309 dst>fd10:43:100::2/21276 
02:47:25.281460 OFF flow>2476 srcPort>33309 dst>fd10:43:100::2/21276 
02:47:25.293789 SHUTDOWN flow>2477 srcPort>39389 dst>fd10:43:100::2/21277 
02:47:25.294244 OFF flow>2477 srcPort>39389 dst>fd10:43:100::2/21277 
02:47:25.303592 SHUTDOWN flow>2478 srcPort>40305 dst>fd10:43:100::2/21278 
02:47:25.303959 OFF flow>2478 srcPort>40305 dst>fd10:43:100::2/21278 
02:47:25.309592 SHUTDOWN flow>2479 srcPort>42571 dst>fd10:43:100::2/21279 
02:47:25.309967 OFF flow>2479 srcPort>42571 dst>fd10:43:100::2/21279 
02:47:25.313692 SHUTDOWN flow>2480 srcPort>34929 dst>fd10:43:100::2/21280 
02:47:25.313998 OFF flow>2480 srcPort>34929 dst>fd10:43:100::2/21280 
02:47:25.321794 SHUTDOWN flow>2481 srcPort>37391 dst>fd10:43:100::2/21281 
02:47:25.322116 OFF flow>2481 srcPort>37391 dst>fd10:43:100::2/21281 
02:47:25.432170 SHUTDOWN flow>2482 srcPort>42135 dst>fd10:43:100::2/21282 
02:47:25.433014 OFF flow>2482 srcPort>42135 dst>fd10:43:100::2/21282 
02:47:25.515253 SHUTDOWN flow>2483 srcPort>43861 dst>fd10:43:100::2/21283 
02:47:25.515714 OFF flow>2483 srcPort>43861 dst>fd10:43:100::2/21283 
02:47:25.599576 SHUTDOWN flow>2484 srcPort>45073 dst>fd10:43:100::2/21284 
02:47:25.600000 OFF flow>2484 srcPort>45073 dst>fd10:43:100::2/21284 
02:47:27.098414 ON flow>2487 srcPort>40619 dst>fd10:43:100::2/21287 
02:47:27.098666 CONNECT flow>2487 srcPort>40619 dst>fd10:43:100::2/21287 
02:47:27.300915 ON flow>2488 srcPort>40565 dst>fd10:43:100::2/21288 
02:47:27.301203 CONNECT flow>2488 srcPort>40565 dst>fd10:43:100::2/21288 
02:47:27.518598 ON flow>2489 srcPort>45201 dst>fd10:43:100::2/21289 
02:47:27.519081 CONNECT flow>2489 srcPort>45201 dst>fd10:43:100::2/21289 
02:47:27.819467 SHUTDOWN flow>2485 srcPort>39375 dst>fd10:43:100::2/21285 
02:47:27.819807 OFF flow>2485 srcPort>39375 dst>fd10:43:100::2/21285 
02:47:28.072178 SHUTDOWN flow>2486 srcPort>41973 dst>fd10:43:100::2/21286 
02:47:28.073032 OFF flow>2486 srcPort>41973 dst>fd10:43:100::2/21286 
02:47:28.260601 ON flow>2490 srcPort>39455 dst>fd10:43:100::2/21290 
02:47:28.260841 CONNECT flow>2490 srcPort>39455 dst>fd10:43:100::2/21290 
02:47:28.276319 ON flow>2491 srcPort>39715 dst>fd10:43:100::2/21291 
02:47:28.276637 CONNECT flow>2491 srcPort>39715 dst>fd10:43:100::2/21291 
02:47:28.335504 ON flow>2492 srcPort>42459 dst>fd10:43:100::2/21292 
02:47:28.335774 CONNECT flow>2492 srcPort>42459 dst>fd10:43:100::2/21292 
02:47:28.365618 ON flow>2493 srcPort>35123 dst>fd10:43:100::2/21293 
02:47:28.365907 CONNECT flow>2493 srcPort>35123 dst>fd10:43:100::2/21293 
02:47:28.498722 ON flow>2494 srcPort>42683 dst>fd10:43:100::2/21294 
02:47:28.499004 CONNECT flow>2494 srcPort>42683 dst>fd10:43:100::2/21294 
02:47:29.099679 ON flow>2495 srcPort>35435 dst>fd10:43:100::2/21295 
02:47:29.099944 CONNECT flow>2495 srcPort>35435 dst>fd10:43:100::2/21295 
02:47:29.122913 ON flow>2496 srcPort>34999 dst>fd10:43:100::2/21296 
02:47:29.123122 CONNECT flow>2496 srcPort>34999 dst>fd10:43:100::2/21296 
02:47:29.127098 ON flow>2497 srcPort>41295 dst>fd10:43:100::2/21297 
02:47:29.127371 CONNECT flow>2497 srcPort>41295 dst>fd10:43:100::2/21297 
02:47:29.129302 ON flow>2498 srcPort>37473 dst>fd10:43:100::2/21298 
02:47:29.129545 CONNECT flow>2498 srcPort>37473 dst>fd10:43:100::2/21298 
02:47:29.133506 ON flow>2499 srcPort>45281 dst>fd10:43:100::2/21299 
02:47:29.133742 CONNECT flow>2499 srcPort>45281 dst>fd10:43:100::2/21299 
02:47:29.234907 ON flow>2500 srcPort>40817 dst>fd10:43:100::2/21300 
02:47:29.235144 CONNECT flow>2500 srcPort>40817 dst>fd10:43:100::2/21300 
02:47:29.245364 ON flow>2501 srcPort>42951 dst>fd10:43:100::2/21301 
02:47:29.245611 CONNECT flow>2501 srcPort>42951 dst>fd10:43:100::2/21301 
02:47:29.379318 ON flow>2502 srcPort>36921 dst>fd10:43:100::2/21302 
02:47:29.379546 CONNECT flow>2502 srcPort>36921 dst>fd10:43:100::2/21302 
02:47:30.373907 ON flow>2503 srcPort>45357 dst>fd10:43:100::2/21303 
02:47:30.374165 CONNECT flow>2503 srcPort>45357 dst>fd10:43:100::2/21303 
02:47:31.394823 ON flow>2504 srcPort>34093 dst>fd10:43:100::2/21304 
02:47:31.395083 CONNECT flow>2504 srcPort>34093 dst>fd10:43:100::2/21304 
02:47:31.454203 ON flow>2505 srcPort>42793 dst>fd10:43:100::2/21305 
02:47:31.454498 CONNECT flow>2505 srcPort>42793 dst>fd10:43:100::2/21305 
02:47:31.469127 ON flow>2506 srcPort>39331 dst>fd10:43:100::2/21306 
02:47:31.469428 CONNECT flow>2506 srcPort>39331 dst>fd10:43:100::2/21306 
02:47:31.469796 ON flow>2507 srcPort>34927 dst>fd10:43:100::2/21307 
02:47:31.470051 CONNECT flow>2507 srcPort>34927 dst>fd10:43:100::2/21307 
02:47:31.498472 ON flow>2508 srcPort>33885 dst>fd10:43:100::2/21308 
02:47:31.498769 CONNECT flow>2508 srcPort>33885 dst>fd10:43:100::2/21308 
02:47:31.523501 ON flow>2509 srcPort>40551 dst>fd10:43:100::2/21309 
02:47:31.523731 CONNECT flow>2509 srcPort>40551 dst>fd10:43:100::2/21309 
02:47:31.569721 ON flow>2510 srcPort>45835 dst>fd10:43:100::2/21310 
02:47:31.569999 CONNECT flow>2510 srcPort>45835 dst>fd10:43:100::2/21310 
02:47:31.626008 ON flow>2511 srcPort>38077 dst>fd10:43:100::2/21311 
02:47:31.626255 CONNECT flow>2511 srcPort>38077 dst>fd10:43:100::2/21311 
02:47:31.638275 ON flow>2512 srcPort>38263 dst>fd10:43:100::2/21312 
02:47:31.638546 CONNECT flow>2512 srcPort>38263 dst>fd10:43:100::2/21312 
02:47:31.679826 ON flow>2513 srcPort>44615 dst>fd10:43:100::2/21313 
02:47:31.680181 CONNECT flow>2513 srcPort>44615 dst>fd10:43:100::2/21313 
02:47:31.788543 ON flow>2514 srcPort>42227 dst>fd10:43:100::2/21314 
02:47:31.788782 CONNECT flow>2514 srcPort>42227 dst>fd10:43:100::2/21314 
02:47:31.898264 SHUTDOWN flow>2487 srcPort>40619 dst>fd10:43:100::2/21287 
02:47:31.898630 OFF flow>2487 srcPort>40619 dst>fd10:43:100::2/21287 
02:47:32.100866 SHUTDOWN flow>2488 srcPort>40565 dst>fd10:43:100::2/21288 
02:47:32.101204 OFF flow>2488 srcPort>40565 dst>fd10:43:100::2/21288 
02:47:32.133767 ON flow>2515 srcPort>36423 dst>fd10:43:100::2/21315 
02:47:32.133945 CONNECT flow>2515 srcPort>36423 dst>fd10:43:100::2/21315 
02:47:32.318460 SHUTDOWN flow>2489 srcPort>45201 dst>fd10:43:100::2/21289 
02:47:32.318792 OFF flow>2489 srcPort>45201 dst>fd10:43:100::2/21289 
02:47:33.060489 SHUTDOWN flow>2490 srcPort>39455 dst>fd10:43:100::2/21290 
02:47:33.060981 OFF flow>2490 srcPort>39455 dst>fd10:43:100::2/21290 
02:47:33.076285 SHUTDOWN flow>2491 srcPort>39715 dst>fd10:43:100::2/21291 
02:47:33.076629 OFF flow>2491 srcPort>39715 dst>fd10:43:100::2/21291 
02:47:33.135387 SHUTDOWN flow>2492 srcPort>42459 dst>fd10:43:100::2/21292 
02:47:33.135664 OFF flow>2492 srcPort>42459 dst>fd10:43:100::2/21292 
02:47:33.165587 SHUTDOWN flow>2493 srcPort>35123 dst>fd10:43:100::2/21293 
02:47:33.166158 OFF flow>2493 srcPort>35123 dst>fd10:43:100::2/21293 
02:47:33.298688 SHUTDOWN flow>2494 srcPort>42683 dst>fd10:43:100::2/21294 
02:47:33.299279 OFF flow>2494 srcPort>42683 dst>fd10:43:100::2/21294 
02:47:33.882516 ON flow>2516 srcPort>32993 dst>fd10:43:100::2/21316 
02:47:33.882791 CONNECT flow>2516 srcPort>32993 dst>fd10:43:100::2/21316 
02:47:33.887609 ON flow>2517 srcPort>33415 dst>fd10:43:100::2/21317 
02:47:33.887866 CONNECT flow>2517 srcPort>33415 dst>fd10:43:100::2/21317 
02:47:33.896154 ON flow>2518 srcPort>34321 dst>fd10:43:100::2/21318 
02:47:33.896392 CONNECT flow>2518 srcPort>34321 dst>fd10:43:100::2/21318 
02:47:33.899559 SHUTDOWN flow>2495 srcPort>35435 dst>fd10:43:100::2/21295 
02:47:33.903529 OFF flow>2495 srcPort>35435 dst>fd10:43:100::2/21295 
02:47:33.920230 ON flow>2519 srcPort>38201 dst>fd10:43:100::2/21319 
02:47:33.920485 CONNECT flow>2519 srcPort>38201 dst>fd10:43:100::2/21319 
02:47:33.922864 SHUTDOWN flow>2496 srcPort>34999 dst>fd10:43:100::2/21296 
02:47:33.923171 OFF flow>2496 srcPort>34999 dst>fd10:43:100::2/21296 
02:47:33.927054 SHUTDOWN flow>2497 srcPort>41295 dst>fd10:43:100::2/21297 
02:47:33.927344 OFF flow>2497 srcPort>41295 dst>fd10:43:100::2/21297 
02:47:33.929261 SHUTDOWN flow>2498 srcPort>37473 dst>fd10:43:100::2/21298 
02:47:33.929596 OFF flow>2498 srcPort>37473 dst>fd10:43:100::2/21298 
02:47:33.933463 SHUTDOWN flow>2499 srcPort>45281 dst>fd10:43:100::2/21299 
02:47:33.933797 OFF flow>2499 srcPort>45281 dst>fd10:43:100::2/21299 
02:47:34.034863 SHUTDOWN flow>2500 srcPort>40817 dst>fd10:43:100::2/21300 
02:47:34.035224 OFF flow>2500 srcPort>40817 dst>fd10:43:100::2/21300 
02:47:34.045058 SHUTDOWN flow>2501 srcPort>42951 dst>fd10:43:100::2/21301 
02:47:34.045414 OFF flow>2501 srcPort>42951 dst>fd10:43:100::2/21301 
02:47:34.179292 SHUTDOWN flow>2502 srcPort>36921 dst>fd10:43:100::2/21302 
02:47:34.179779 OFF flow>2502 srcPort>36921 dst>fd10:43:100::2/21302 
02:47:35.173757 SHUTDOWN flow>2503 srcPort>45357 dst>fd10:43:100::2/21303 
02:47:35.174443 OFF flow>2503 srcPort>45357 dst>fd10:43:100::2/21303 
02:47:36.194666 SHUTDOWN flow>2504 srcPort>34093 dst>fd10:43:100::2/21304 
02:47:36.195202 OFF flow>2504 srcPort>34093 dst>fd10:43:100::2/21304 
02:47:36.254173 SHUTDOWN flow>2505 srcPort>42793 dst>fd10:43:100::2/21305 
02:47:36.254649 OFF flow>2505 srcPort>42793 dst>fd10:43:100::2/21305 
02:47:36.268864 SHUTDOWN flow>2506 srcPort>39331 dst>fd10:43:100::2/21306 
02:47:36.269268 OFF flow>2506 srcPort>39331 dst>fd10:43:100::2/21306 
02:47:36.269665 SHUTDOWN flow>2507 srcPort>34927 dst>fd10:43:100::2/21307 
02:47:36.270060 OFF flow>2507 srcPort>34927 dst>fd10:43:100::2/21307 
02:47:36.298360 SHUTDOWN flow>2508 srcPort>33885 dst>fd10:43:100::2/21308 
02:47:36.298675 OFF flow>2508 srcPort>33885 dst>fd10:43:100::2/21308 
02:47:36.323455 SHUTDOWN flow>2509 srcPort>40551 dst>fd10:43:100::2/21309 
02:47:36.323864 OFF flow>2509 srcPort>40551 dst>fd10:43:100::2/21309 
02:47:36.369664 SHUTDOWN flow>2510 srcPort>45835 dst>fd10:43:100::2/21310 
02:47:36.370034 OFF flow>2510 srcPort>45835 dst>fd10:43:100::2/21310 
02:47:36.425987 SHUTDOWN flow>2511 srcPort>38077 dst>fd10:43:100::2/21311 
02:47:36.426366 OFF flow>2511 srcPort>38077 dst>fd10:43:100::2/21311 
02:47:36.438060 SHUTDOWN flow>2512 srcPort>38263 dst>fd10:43:100::2/21312 
02:47:36.438380 OFF flow>2512 srcPort>38263 dst>fd10:43:100::2/21312 
02:47:36.479683 SHUTDOWN flow>2513 srcPort>44615 dst>fd10:43:100::2/21313 
02:47:36.480042 OFF flow>2513 srcPort>44615 dst>fd10:43:100::2/21313 
02:47:36.588481 SHUTDOWN flow>2514 srcPort>42227 dst>fd10:43:100::2/21314 
02:47:36.589011 OFF flow>2514 srcPort>42227 dst>fd10:43:100::2/21314 
02:47:36.933681 SHUTDOWN flow>2515 srcPort>36423 dst>fd10:43:100::2/21315 
02:47:36.934082 OFF flow>2515 srcPort>36423 dst>fd10:43:100::2/21315 
02:47:37.396669 ON flow>2520 srcPort>44775 dst>fd10:43:100::2/21320 
02:47:37.396903 CONNECT flow>2520 srcPort>44775 dst>fd10:43:100::2/21320 
02:47:37.401954 ON flow>2521 srcPort>38579 dst>fd10:43:100::2/21321 
02:47:37.402220 CONNECT flow>2521 srcPort>38579 dst>fd10:43:100::2/21321 
02:47:37.449625 ON flow>2522 srcPort>44179 dst>fd10:43:100::2/21322 
02:47:37.450004 CONNECT flow>2522 srcPort>44179 dst>fd10:43:100::2/21322 
02:47:37.489344 ON flow>2523 srcPort>43863 dst>fd10:43:100::2/21323 
02:47:37.489610 CONNECT flow>2523 srcPort>43863 dst>fd10:43:100::2/21323 
02:47:38.682392 SHUTDOWN flow>2516 srcPort>32993 dst>fd10:43:100::2/21316 
02:47:38.683422 OFF flow>2516 srcPort>32993 dst>fd10:43:100::2/21316 
02:47:38.687570 SHUTDOWN flow>2517 srcPort>33415 dst>fd10:43:100::2/21317 
02:47:38.687957 OFF flow>2517 srcPort>33415 dst>fd10:43:100::2/21317 
02:47:38.696068 SHUTDOWN flow>2518 srcPort>34321 dst>fd10:43:100::2/21318 
02:47:38.696449 OFF flow>2518 srcPort>34321 dst>fd10:43:100::2/21318 
02:47:38.720187 SHUTDOWN flow>2519 srcPort>38201 dst>fd10:43:100::2/21319 
02:47:38.720553 OFF flow>2519 srcPort>38201 dst>fd10:43:100::2/21319 
02:47:42.196466 SHUTDOWN flow>2520 srcPort>44775 dst>fd10:43:100::2/21320 
02:47:42.196902 OFF flow>2520 srcPort>44775 dst>fd10:43:100::2/21320 
02:47:42.201863 SHUTDOWN flow>2521 srcPort>38579 dst>fd10:43:100::2/21321 
02:47:42.202224 OFF flow>2521 srcPort>38579 dst>fd10:43:100::2/21321 
02:47:42.249576 SHUTDOWN flow>2522 srcPort>44179 dst>fd10:43:100::2/21322 
02:47:42.249909 OFF flow>2522 srcPort>44179 dst>fd10:43:100::2/21322 
02:47:42.289275 SHUTDOWN flow>2523 srcPort>43863 dst>fd10:43:100::2/21323 
02:47:42.289629 OFF flow>2523 srcPort>43863 dst>fd10:43:100::2/21323 
02:47:43.026834 ON flow>2524 srcPort>38085 dst>fd10:43:100::2/21324 
02:47:43.027194 CONNECT flow>2524 srcPort>38085 dst>fd10:43:100::2/21324 
02:47:43.395214 ON flow>2525 srcPort>36755 dst>fd10:43:100::2/21325 
02:47:43.395552 CONNECT flow>2525 srcPort>36755 dst>fd10:43:100::2/21325 
02:47:46.323663 ON flow>2526 srcPort>38271 dst>fd10:43:100::2/21326 
02:47:46.323986 CONNECT flow>2526 srcPort>38271 dst>fd10:43:100::2/21326 
02:47:46.385428 ON flow>2527 srcPort>42781 dst>fd10:43:100::2/21327 
02:47:46.385741 CONNECT flow>2527 srcPort>42781 dst>fd10:43:100::2/21327 
02:47:46.653067 ON flow>2528 srcPort>33113 dst>fd10:43:100::2/21328 
02:47:46.653364 CONNECT flow>2528 srcPort>33113 dst>fd10:43:100::2/21328 
02:47:46.747030 ON flow>2529 srcPort>38291 dst>fd10:43:100::2/21329 
02:47:46.747274 CONNECT flow>2529 srcPort>38291 dst>fd10:43:100::2/21329 
02:47:46.885677 ON flow>2530 srcPort>33985 dst>fd10:43:100::2/21330 
02:47:46.886134 CONNECT flow>2530 srcPort>33985 dst>fd10:43:100::2/21330 
02:47:46.904365 ON flow>2531 srcPort>41257 dst>fd10:43:100::2/21331 
02:47:46.904654 CONNECT flow>2531 srcPort>41257 dst>fd10:43:100::2/21331 
02:47:46.934567 ON flow>2532 srcPort>38621 dst>fd10:43:100::2/21332 
02:47:46.934788 CONNECT flow>2532 srcPort>38621 dst>fd10:43:100::2/21332 
02:47:46.953165 ON flow>2533 srcPort>36559 dst>fd10:43:100::2/21333 
02:47:46.953460 CONNECT flow>2533 srcPort>36559 dst>fd10:43:100::2/21333 
02:47:47.101305 ON flow>2534 srcPort>37603 dst>fd10:43:100::2/21334 
02:47:47.101572 CONNECT flow>2534 srcPort>37603 dst>fd10:43:100::2/21334 
02:47:47.140001 ON flow>2535 srcPort>39227 dst>fd10:43:100::2/21335 
02:47:47.140241 CONNECT flow>2535 srcPort>39227 dst>fd10:43:100::2/21335 
02:47:47.176784 ON flow>2536 srcPort>45983 dst>fd10:43:100::2/21336 
02:47:47.177094 CONNECT flow>2536 srcPort>45983 dst>fd10:43:100::2/21336 
02:47:47.200866 ON flow>2537 srcPort>42955 dst>fd10:43:100::2/21337 
02:47:47.201109 CONNECT flow>2537 srcPort>42955 dst>fd10:43:100::2/21337 
02:47:47.826569 SHUTDOWN flow>2524 srcPort>38085 dst>fd10:43:100::2/21324 
02:47:47.827049 OFF flow>2524 srcPort>38085 dst>fd10:43:100::2/21324 
02:47:48.195076 SHUTDOWN flow>2525 srcPort>36755 dst>fd10:43:100::2/21325 
02:47:48.195545 OFF flow>2525 srcPort>36755 dst>fd10:43:100::2/21325 
02:47:49.709733 SHUTDOWN flow>2003 srcPort>36529 dst>fd10:43:100::2/20002 
02:47:49.709874 SHUTDOWN flow>2004 srcPort>34237 dst>fd10:43:100::2/20003 
02:47:49.709897 SHUTDOWN flow>2002 srcPort>43725 dst>fd10:43:100::2/20001 
02:47:49.709986 SHUTDOWN flow>2001 srcPort>44125 dst>fd10:43:100::2/20000 
02:47:49.710175 OFF flow>2003 srcPort>36529 dst>fd10:43:100::2/20002 
02:47:49.710281 OFF flow>2004 srcPort>34237 dst>fd10:43:100::2/20003 
02:47:49.710364 OFF flow>2002 srcPort>43725 dst>fd10:43:100::2/20001 
02:47:49.710383 OFF flow>2001 srcPort>44125 dst>fd10:43:100::2/20000 
02:47:51.123472 SHUTDOWN flow>2526 srcPort>38271 dst>fd10:43:100::2/21326 
02:47:51.123877 OFF flow>2526 srcPort>38271 dst>fd10:43:100::2/21326 
02:47:51.185271 SHUTDOWN flow>2527 srcPort>42781 dst>fd10:43:100::2/21327 
02:47:51.185582 OFF flow>2527 srcPort>42781 dst>fd10:43:100::2/21327 
02:47:51.452896 SHUTDOWN flow>2528 srcPort>33113 dst>fd10:43:100::2/21328 
02:47:51.453553 OFF flow>2528 srcPort>33113 dst>fd10:43:100::2/21328 
02:47:51.546879 SHUTDOWN flow>2529 srcPort>38291 dst>fd10:43:100::2/21329 
02:47:51.547225 OFF flow>2529 srcPort>38291 dst>fd10:43:100::2/21329 
02:47:51.685576 SHUTDOWN flow>2530 srcPort>33985 dst>fd10:43:100::2/21330 
02:47:51.685961 OFF flow>2530 srcPort>33985 dst>fd10:43:100::2/21330 
02:47:51.704280 SHUTDOWN flow>2531 srcPort>41257 dst>fd10:43:100::2/21331 
02:47:51.704585 OFF flow>2531 srcPort>41257 dst>fd10:43:100::2/21331 
02:47:51.734482 SHUTDOWN flow>2532 srcPort>38621 dst>fd10:43:100::2/21332 
02:47:51.734842 OFF flow>2532 srcPort>38621 dst>fd10:43:100::2/21332 
02:47:51.753083 SHUTDOWN flow>2533 srcPort>36559 dst>fd10:43:100::2/21333 
02:47:51.753448 OFF flow>2533 srcPort>36559 dst>fd10:43:100::2/21333 
02:47:51.901183 SHUTDOWN flow>2534 srcPort>37603 dst>fd10:43:100::2/21334 
02:47:51.901523 OFF flow>2534 srcPort>37603 dst>fd10:43:100::2/21334 
02:47:51.939886 SHUTDOWN flow>2535 srcPort>39227 dst>fd10:43:100::2/21335 
02:47:51.940232 OFF flow>2535 srcPort>39227 dst>fd10:43:100::2/21335 
02:47:51.976686 SHUTDOWN flow>2536 srcPort>45983 dst>fd10:43:100::2/21336 
02:47:51.977046 OFF flow>2536 srcPort>45983 dst>fd10:43:100::2/21336 
02:47:52.000807 SHUTDOWN flow>2537 srcPort>42955 dst>fd10:43:100::2/21337 
02:47:52.001206 OFF flow>2537 srcPort>42955 dst>fd10:43:100::2/21337 
02:47:52.001237 STOP
