02:01:03.584135 START Mgen Version 5.1.1
02:01:03.584364 ON flow>2001 srcPort>36263 dst>fd10:43:100::2/20000 
02:01:03.584849 CONNECT flow>2001 srcPort>36263 dst>fd10:43:100::2/20000 
02:01:04.084233 ON flow>2002 srcPort>36897 dst>fd10:43:100::2/20001 
02:01:04.084733 CONNECT flow>2002 srcPort>36897 dst>fd10:43:100::2/20001 
02:01:04.584237 ON flow>2003 srcPort>34263 dst>fd10:43:100::2/20002 
02:01:04.584569 CONNECT flow>2003 srcPort>34263 dst>fd10:43:100::2/20002 
02:01:05.084300 ON flow>2004 srcPort>44621 dst>fd10:43:100::2/20003 
02:01:05.084649 CONNECT flow>2004 srcPort>44621 dst>fd10:43:100::2/20003 
02:01:09.325985 ON flow>2200 srcPort>44101 dst>fd10:43:100::2/21000 
02:01:09.326707 CONNECT flow>2200 srcPort>44101 dst>fd10:43:100::2/21000 
02:01:09.469723 ON flow>2201 srcPort>43571 dst>fd10:43:100::2/21001 
02:01:09.470035 CONNECT flow>2201 srcPort>43571 dst>fd10:43:100::2/21001 
02:01:09.571134 ON flow>2202 srcPort>44589 dst>fd10:43:100::2/21002 
02:01:09.571386 CONNECT flow>2202 srcPort>44589 dst>fd10:43:100::2/21002 
02:01:09.773629 ON flow>2203 srcPort>35249 dst>fd10:43:100::2/21003 
02:01:09.773927 CONNECT flow>2203 srcPort>35249 dst>fd10:43:100::2/21003 
02:01:10.587976 ON flow>2204 srcPort>39777 dst>fd10:43:100::2/21004 
02:01:10.588219 CONNECT flow>2204 srcPort>39777 dst>fd10:43:100::2/21004 
02:01:10.732329 ON flow>2205 srcPort>36595 dst>fd10:43:100::2/21005 
02:01:10.732597 CONNECT flow>2205 srcPort>36595 dst>fd10:43:100::2/21005 
02:01:10.800590 ON flow>2206 srcPort>39093 dst>fd10:43:100::2/21006 
02:01:10.800825 CONNECT flow>2206 srcPort>39093 dst>fd10:43:100::2/21006 
02:01:10.831634 ON flow>2207 srcPort>40177 dst>fd10:43:100::2/21007 
02:01:10.831950 CONNECT flow>2207 srcPort>40177 dst>fd10:43:100::2/21007 
02:01:11.538190 ON flow>2208 srcPort>33587 dst>fd10:43:100::2/21008 
02:01:11.538451 CONNECT flow>2208 srcPort>33587 dst>fd10:43:100::2/21008 
02:01:11.766317 ON flow>2209 srcPort>37955 dst>fd10:43:100::2/21009 
02:01:11.766620 CONNECT flow>2209 srcPort>37955 dst>fd10:43:100::2/21009 
02:01:12.430656 ON flow>2210 srcPort>39261 dst>fd10:43:100::2/21010 
02:01:12.430915 CONNECT flow>2210 srcPort>39261 dst>fd10:43:100::2/21010 
02:01:12.530337 ON flow>2211 srcPort>33421 dst>fd10:43:100::2/21011 
02:01:12.530558 CONNECT flow>2211 srcPort>33421 dst>fd10:43:100::2/21011 
02:01:12.759598 ON flow>2212 srcPort>39977 dst>fd10:43:100::2/21012 
02:01:12.759872 CONNECT flow>2212 srcPort>39977 dst>fd10:43:100::2/21012 
02:01:13.491169 ON flow>2213 srcPort>38951 dst>fd10:43:100::2/21013 
02:01:13.491438 CONNECT flow>2213 srcPort>38951 dst>fd10:43:100::2/21013 
02:01:13.538189 ON flow>2214 srcPort>37851 dst>fd10:43:100::2/21014 
02:01:13.538458 CONNECT flow>2214 srcPort>37851 dst>fd10:43:100::2/21014 
02:01:13.540972 ON flow>2215 srcPort>40841 dst>fd10:43:100::2/21015 
02:01:13.541225 CONNECT flow>2215 srcPort>40841 dst>fd10:43:100::2/21015 
02:01:13.689174 ON flow>2216 srcPort>39729 dst>fd10:43:100::2/21016 
02:01:13.689425 CONNECT flow>2216 srcPort>39729 dst>fd10:43:100::2/21016 
02:01:13.746963 ON flow>2217 srcPort>40751 dst>fd10:43:100::2/21017 
02:01:13.747228 CONNECT flow>2217 srcPort>40751 dst>fd10:43:100::2/21017 
02:01:13.795082 ON flow>2218 srcPort>44369 dst>fd10:43:100::2/21018 
02:01:13.795322 CONNECT flow>2218 srcPort>44369 dst>fd10:43:100::2/21018 
02:01:13.840461 ON flow>2219 srcPort>46771 dst>fd10:43:100::2/21019 
02:01:13.840710 CONNECT flow>2219 srcPort>46771 dst>fd10:43:100::2/21019 
02:01:13.864486 ON flow>2220 srcPort>37237 dst>fd10:43:100::2/21020 
02:01:13.864730 CONNECT flow>2220 srcPort>37237 dst>fd10:43:100::2/21020 
02:01:13.943889 ON flow>2221 srcPort>34191 dst>fd10:43:100::2/21021 
02:01:13.946211 CONNECT flow>2221 srcPort>34191 dst>fd10:43:100::2/21021 
02:01:14.067396 ON flow>2222 srcPort>33697 dst>fd10:43:100::2/21022 
02:01:14.067800 CONNECT flow>2222 srcPort>33697 dst>fd10:43:100::2/21022 
02:01:14.125908 SHUTDOWN flow>2200 srcPort>44101 dst>fd10:43:100::2/21000 
02:01:14.126382 OFF flow>2200 srcPort>44101 dst>fd10:43:100::2/21000 
02:01:14.250951 ON flow>2223 srcPort>43245 dst>fd10:43:100::2/21023 
02:01:14.251291 CONNECT flow>2223 srcPort>43245 dst>fd10:43:100::2/21023 
02:01:14.269693 SHUTDOWN flow>2201 srcPort>43571 dst>fd10:43:100::2/21001 
02:01:14.269982 OFF flow>2201 srcPort>43571 dst>fd10:43:100::2/21001 
02:01:14.371118 SHUTDOWN flow>2202 srcPort>44589 dst>fd10:43:100::2/21002 
02:01:14.371454 OFF flow>2202 srcPort>44589 dst>fd10:43:100::2/21002 
02:01:14.452487 ON flow>2224 srcPort>34773 dst>fd10:43:100::2/21024 
02:01:14.452731 CONNECT flow>2224 srcPort>34773 dst>fd10:43:100::2/21024 
02:01:14.573602 SHUTDOWN flow>2203 srcPort>35249 dst>fd10:43:100::2/21003 
02:01:14.574247 OFF flow>2203 srcPort>35249 dst>fd10:43:100::2/21003 
02:01:14.586187 ON flow>2225 srcPort>34111 dst>fd10:43:100::2/21025 
02:01:14.586407 CONNECT flow>2225 srcPort>34111 dst>fd10:43:100::2/21025 
02:01:14.625186 ON flow>2226 srcPort>35391 dst>fd10:43:100::2/21026 
02:01:14.625427 CONNECT flow>2226 srcPort>35391 dst>fd10:43:100::2/21026 
02:01:14.627484 ON flow>2227 srcPort>45793 dst>fd10:43:100::2/21027 
02:01:14.627745 CONNECT flow>2227 srcPort>45793 dst>fd10:43:100::2/21027 
02:01:14.666091 ON flow>2228 srcPort>42101 dst>fd10:43:100::2/21028 
02:01:14.666316 CONNECT flow>2228 srcPort>42101 dst>fd10:43:100::2/21028 
02:01:14.797702 ON flow>2229 srcPort>38843 dst>fd10:43:100::2/21029 
02:01:14.797987 CONNECT flow>2229 srcPort>38843 dst>fd10:43:100::2/21029 
02:01:14.880800 ON flow>2230 srcPort>36845 dst>fd10:43:100::2/21030 
02:01:14.881054 CONNECT flow>2230 srcPort>36845 dst>fd10:43:100::2/21030 
02:01:14.884923 ON flow>2231 srcPort>35939 dst>fd10:43:100::2/21031 
02:01:14.885361 CONNECT flow>2231 srcPort>35939 dst>fd10:43:100::2/21031 
02:01:15.387905 SHUTDOWN flow>2204 srcPort>39777 dst>fd10:43:100::2/21004 
02:01:15.388341 OFF flow>2204 srcPort>39777 dst>fd10:43:100::2/21004 
02:01:15.532296 SHUTDOWN flow>2205 srcPort>36595 dst>fd10:43:100::2/21005 
02:01:15.532784 OFF flow>2205 srcPort>36595 dst>fd10:43:100::2/21005 
02:01:15.600499 SHUTDOWN flow>2206 srcPort>39093 dst>fd10:43:100::2/21006 
02:01:15.600842 OFF flow>2206 srcPort>39093 dst>fd10:43:100::2/21006 
02:01:15.631589 SHUTDOWN flow>2207 srcPort>40177 dst>fd10:43:100::2/21007 
02:01:15.631876 OFF flow>2207 srcPort>40177 dst>fd10:43:100::2/21007 
02:01:15.860193 ON flow>2232 srcPort>38035 dst>fd10:43:100::2/21032 
02:01:15.860780 CONNECT flow>2232 srcPort>38035 dst>fd10:43:100::2/21032 
02:01:15.882813 ON flow>2233 srcPort>45095 dst>fd10:43:100::2/21033 
02:01:15.883105 CONNECT flow>2233 srcPort>45095 dst>fd10:43:100::2/21033 
02:01:15.904611 ON flow>2234 srcPort>34193 dst>fd10:43:100::2/21034 
02:01:15.904868 CONNECT flow>2234 srcPort>34193 dst>fd10:43:100::2/21034 
02:01:16.001616 ON flow>2235 srcPort>43519 dst>fd10:43:100::2/21035 
02:01:16.001864 CONNECT flow>2235 srcPort>43519 dst>fd10:43:100::2/21035 
02:01:16.164843 ON flow>2236 srcPort>39193 dst>fd10:43:100::2/21036 
02:01:16.165068 CONNECT flow>2236 srcPort>39193 dst>fd10:43:100::2/21036 
02:01:16.202915 ON flow>2237 srcPort>40155 dst>fd10:43:100::2/21037 
02:01:16.203184 CONNECT flow>2237 srcPort>40155 dst>fd10:43:100::2/21037 
02:01:16.338101 SHUTDOWN flow>2208 srcPort>33587 dst>fd10:43:100::2/21008 
02:01:16.338437 OFF flow>2208 srcPort>33587 dst>fd10:43:100::2/21008 
02:01:16.477723 ON flow>2238 srcPort>45377 dst>fd10:43:100::2/21038 
02:01:16.477972 CONNECT flow>2238 srcPort>45377 dst>fd10:43:100::2/21038 
02:01:16.535126 ON flow>2239 srcPort>41853 dst>fd10:43:100::2/21039 
02:01:16.535359 CONNECT flow>2239 srcPort>41853 dst>fd10:43:100::2/21039 
02:01:16.566277 SHUTDOWN flow>2209 srcPort>37955 dst>fd10:43:100::2/21009 
02:01:16.566763 OFF flow>2209 srcPort>37955 dst>fd10:43:100::2/21009 
02:01:17.162283 ON flow>2240 srcPort>34783 dst>fd10:43:100::2/21040 
02:01:17.162559 CONNECT flow>2240 srcPort>34783 dst>fd10:43:100::2/21040 
02:01:17.215879 ON flow>2241 srcPort>46695 dst>fd10:43:100::2/21041 
02:01:17.216136 CONNECT flow>2241 srcPort>46695 dst>fd10:43:100::2/21041 
02:01:17.230577 SHUTDOWN flow>2210 srcPort>39261 dst>fd10:43:100::2/21010 
02:01:17.230923 OFF flow>2210 srcPort>39261 dst>fd10:43:100::2/21010 
02:01:17.330295 SHUTDOWN flow>2211 srcPort>33421 dst>fd10:43:100::2/21011 
02:01:17.330620 OFF flow>2211 srcPort>33421 dst>fd10:43:100::2/21011 
02:01:17.559571 SHUTDOWN flow>2212 srcPort>39977 dst>fd10:43:100::2/21012 
02:01:17.559985 OFF flow>2212 srcPort>39977 dst>fd10:43:100::2/21012 
02:01:18.172274 ON flow>2242 srcPort>42049 dst>fd10:43:100::2/21042 
02:01:18.172518 CONNECT flow>2242 srcPort>42049 dst>fd10:43:100::2/21042 
02:01:18.222118 ON flow>2243 srcPort>37969 dst>fd10:43:100::2/21043 
02:01:18.222835 CONNECT flow>2243 srcPort>37969 dst>fd10:43:100::2/21043 
02:01:18.234384 ON flow>2244 srcPort>35419 dst>fd10:43:100::2/21044 
02:01:18.234654 CONNECT flow>2244 srcPort>35419 dst>fd10:43:100::2/21044 
02:01:18.291055 SHUTDOWN flow>2213 srcPort>38951 dst>fd10:43:100::2/21013 
02:01:18.291946 OFF flow>2213 srcPort>38951 dst>fd10:43:100::2/21013 
02:01:18.338153 SHUTDOWN flow>2214 srcPort>37851 dst>fd10:43:100::2/21014 
02:01:18.338514 OFF flow>2214 srcPort>37851 dst>fd10:43:100::2/21014 
02:01:18.340944 SHUTDOWN flow>2215 srcPort>40841 dst>fd10:43:100::2/21015 
02:01:18.341260 OFF flow>2215 srcPort>40841 dst>fd10:43:100::2/21015 
02:01:18.489131 SHUTDOWN flow>2216 srcPort>39729 dst>fd10:43:100::2/21016 
02:01:18.489459 OFF flow>2216 srcPort>39729 dst>fd10:43:100::2/21016 
02:01:18.546937 SHUTDOWN flow>2217 srcPort>40751 dst>fd10:43:100::2/21017 
02:01:18.547272 OFF flow>2217 srcPort>40751 dst>fd10:43:100::2/21017 
02:01:18.595041 SHUTDOWN flow>2218 srcPort>44369 dst>fd10:43:100::2/21018 
02:01:18.595362 OFF flow>2218 srcPort>44369 dst>fd10:43:100::2/21018 
02:01:18.640447 SHUTDOWN flow>2219 srcPort>46771 dst>fd10:43:100::2/21019 
02:01:18.640777 OFF flow>2219 srcPort>46771 dst>fd10:43:100::2/21019 
02:01:18.664440 SHUTDOWN flow>2220 srcPort>37237 dst>fd10:43:100::2/21020 
02:01:18.664787 OFF flow>2220 srcPort>37237 dst>fd10:43:100::2/21020 
02:01:18.724715 ON flow>2245 srcPort>46013 dst>fd10:43:100::2/21045 
02:01:18.724984 CONNECT flow>2245 srcPort>46013 dst>fd10:43:100::2/21045 
02:01:18.743841 SHUTDOWN flow>2221 srcPort>34191 dst>fd10:43:100::2/21021 
02:01:18.744176 OFF flow>2221 srcPort>34191 dst>fd10:43:100::2/21021 
02:01:18.795430 ON flow>2246 srcPort>33231 dst>fd10:43:100::2/21046 
02:01:18.795698 CONNECT flow>2246 srcPort>33231 dst>fd10:43:100::2/21046 
02:01:18.818081 ON flow>2247 srcPort>37165 dst>fd10:43:100::2/21047 
02:01:18.818304 CONNECT flow>2247 srcPort>37165 dst>fd10:43:100::2/21047 
02:01:18.865086 ON flow>2248 srcPort>41965 dst>fd10:43:100::2/21048 
02:01:18.865330 CONNECT flow>2248 srcPort>41965 dst>fd10:43:100::2/21048 
02:01:18.867341 SHUTDOWN flow>2222 srcPort>33697 dst>fd10:43:100::2/21022 
02:01:18.867663 OFF flow>2222 srcPort>33697 dst>fd10:43:100::2/21022 
02:01:18.916062 ON flow>2249 srcPort>45927 dst>fd10:43:100::2/21049 
02:01:18.916316 CONNECT flow>2249 srcPort>45927 dst>fd10:43:100::2/21049 
02:01:19.050850 SHUTDOWN flow>2223 srcPort>43245 dst>fd10:43:100::2/21023 
02:01:19.051193 OFF flow>2223 srcPort>43245 dst>fd10:43:100::2/21023 
02:01:19.252472 SHUTDOWN flow>2224 srcPort>34773 dst>fd10:43:100::2/21024 
02:01:19.252854 OFF flow>2224 srcPort>34773 dst>fd10:43:100::2/21024 
02:01:19.386147 SHUTDOWN flow>2225 srcPort>34111 dst>fd10:43:100::2/21025 
02:01:19.386437 OFF flow>2225 srcPort>34111 dst>fd10:43:100::2/21025 
02:01:19.425148 SHUTDOWN flow>2226 srcPort>35391 dst>fd10:43:100::2/21026 
02:01:19.425448 OFF flow>2226 srcPort>35391 dst>fd10:43:100::2/21026 
02:01:19.427450 SHUTDOWN flow>2227 srcPort>45793 dst>fd10:43:100::2/21027 
02:01:19.427727 OFF flow>2227 srcPort>45793 dst>fd10:43:100::2/21027 
02:01:19.466056 SHUTDOWN flow>2228 srcPort>42101 dst>fd10:43:100::2/21028 
02:01:19.466362 OFF flow>2228 srcPort>42101 dst>fd10:43:100::2/21028 
02:01:19.597657 SHUTDOWN flow>2229 srcPort>38843 dst>fd10:43:100::2/21029 
02:01:19.598129 OFF flow>2229 srcPort>38843 dst>fd10:43:100::2/21029 
02:01:19.676835 ON flow>2250 srcPort>39683 dst>fd10:43:100::2/21050 
02:01:19.677122 CONNECT flow>2250 srcPort>39683 dst>fd10:43:100::2/21050 
02:01:19.680764 SHUTDOWN flow>2230 srcPort>36845 dst>fd10:43:100::2/21030 
02:01:19.681133 OFF flow>2230 srcPort>36845 dst>fd10:43:100::2/21030 
02:01:19.684849 SHUTDOWN flow>2231 srcPort>35939 dst>fd10:43:100::2/21031 
02:01:19.685168 OFF flow>2231 srcPort>35939 dst>fd10:43:100::2/21031 
02:01:19.922782 ON flow>2251 srcPort>45345 dst>fd10:43:100::2/21051 
02:01:19.923054 CONNECT flow>2251 srcPort>45345 dst>fd10:43:100::2/21051 
02:01:20.005720 ON flow>2252 srcPort>45711 dst>fd10:43:100::2/21052 
02:01:20.006041 CONNECT flow>2252 srcPort>45711 dst>fd10:43:100::2/21052 
02:01:20.026717 ON flow>2253 srcPort>37435 dst>fd10:43:100::2/21053 
02:01:20.026952 CONNECT flow>2253 srcPort>37435 dst>fd10:43:100::2/21053 
02:01:20.036845 ON flow>2254 srcPort>43077 dst>fd10:43:100::2/21054 
02:01:20.037114 CONNECT flow>2254 srcPort>43077 dst>fd10:43:100::2/21054 
02:01:20.182656 ON flow>2255 srcPort>37789 dst>fd10:43:100::2/21055 
02:01:20.182935 CONNECT flow>2255 srcPort>37789 dst>fd10:43:100::2/21055 
02:01:20.255343 ON flow>2256 srcPort>44781 dst>fd10:43:100::2/21056 
02:01:20.255630 CONNECT flow>2256 srcPort>44781 dst>fd10:43:100::2/21056 
02:01:20.276221 ON flow>2257 srcPort>42581 dst>fd10:43:100::2/21057 
02:01:20.276480 CONNECT flow>2257 srcPort>42581 dst>fd10:43:100::2/21057 
02:01:20.318432 ON flow>2258 srcPort>36753 dst>fd10:43:100::2/21058 
02:01:20.318677 CONNECT flow>2258 srcPort>36753 dst>fd10:43:100::2/21058 
02:01:20.377843 ON flow>2259 srcPort>38139 dst>fd10:43:100::2/21059 
02:01:20.378085 CONNECT flow>2259 srcPort>38139 dst>fd10:43:100::2/21059 
02:01:20.404318 ON flow>2260 srcPort>46393 dst>fd10:43:100::2/21060 
02:01:20.404593 CONNECT flow>2260 srcPort>46393 dst>fd10:43:100::2/21060 
02:01:20.428738 ON flow>2261 srcPort>35653 dst>fd10:43:100::2/21061 
02:01:20.429043 CONNECT flow>2261 srcPort>35653 dst>fd10:43:100::2/21061 
02:01:20.479311 ON flow>2262 srcPort>40781 dst>fd10:43:100::2/21062 
02:01:20.479564 CONNECT flow>2262 srcPort>40781 dst>fd10:43:100::2/21062 
02:01:20.660082 SHUTDOWN flow>2232 srcPort>38035 dst>fd10:43:100::2/21032 
02:01:20.660505 OFF flow>2232 srcPort>38035 dst>fd10:43:100::2/21032 
02:01:20.663786 ON flow>2263 srcPort>34613 dst>fd10:43:100::2/21063 
02:01:20.664077 CONNECT flow>2263 srcPort>34613 dst>fd10:43:100::2/21063 
02:01:20.682759 SHUTDOWN flow>2233 srcPort>45095 dst>fd10:43:100::2/21033 
02:01:20.683312 OFF flow>2233 srcPort>45095 dst>fd10:43:100::2/21033 
02:01:20.704580 SHUTDOWN flow>2234 srcPort>34193 dst>fd10:43:100::2/21034 
02:01:20.705001 OFF flow>2234 srcPort>34193 dst>fd10:43:100::2/21034 
02:01:20.769566 ON flow>2264 srcPort>40283 dst>fd10:43:100::2/21064 
02:01:20.769802 CONNECT flow>2264 srcPort>40283 dst>fd10:43:100::2/21064 
02:01:20.801591 SHUTDOWN flow>2235 srcPort>43519 dst>fd10:43:100::2/21035 
02:01:20.801949 OFF flow>2235 srcPort>43519 dst>fd10:43:100::2/21035 
02:01:20.964766 SHUTDOWN flow>2236 srcPort>39193 dst>fd10:43:100::2/21036 
02:01:20.965279 OFF flow>2236 srcPort>39193 dst>fd10:43:100::2/21036 
02:01:21.002883 SHUTDOWN flow>2237 srcPort>40155 dst>fd10:43:100::2/21037 
02:01:21.003180 OFF flow>2237 srcPort>40155 dst>fd10:43:100::2/21037 
02:01:21.277682 SHUTDOWN flow>2238 srcPort>45377 dst>fd10:43:100::2/21038 
02:01:21.277988 OFF flow>2238 srcPort>45377 dst>fd10:43:100::2/21038 
02:01:21.335094 SHUTDOWN flow>2239 srcPort>41853 dst>fd10:43:100::2/21039 
02:01:21.335491 OFF flow>2239 srcPort>41853 dst>fd10:43:100::2/21039 
02:01:21.962238 SHUTDOWN flow>2240 srcPort>34783 dst>fd10:43:100::2/21040 
02:01:21.962625 OFF flow>2240 srcPort>34783 dst>fd10:43:100::2/21040 
02:01:22.015827 SHUTDOWN flow>2241 srcPort>46695 dst>fd10:43:100::2/21041 
02:01:22.016444 OFF flow>2241 srcPort>46695 dst>fd10:43:100::2/21041 
02:01:22.645824 ON flow>2265 srcPort>43293 dst>fd10:43:100::2/21065 
02:01:22.646113 CONNECT flow>2265 srcPort>43293 dst>fd10:43:100::2/21065 
02:01:22.879392 ON flow>2266 srcPort>39037 dst>fd10:43:100::2/21066 
02:01:22.879649 CONNECT flow>2266 srcPort>39037 dst>fd10:43:100::2/21066 
02:01:22.972180 SHUTDOWN flow>2242 srcPort>42049 dst>fd10:43:100::2/21042 
02:01:22.972509 OFF flow>2242 srcPort>42049 dst>fd10:43:100::2/21042 
02:01:22.975567 ON flow>2267 srcPort>43255 dst>fd10:43:100::2/21067 
02:01:22.975845 CONNECT flow>2267 srcPort>43255 dst>fd10:43:100::2/21067 
02:01:22.976176 ON flow>2268 srcPort>35437 dst>fd10:43:100::2/21068 
02:01:22.976428 CONNECT flow>2268 srcPort>35437 dst>fd10:43:100::2/21068 
02:01:23.001485 ON flow>2269 srcPort>43705 dst>fd10:43:100::2/21069 
02:01:23.001804 CONNECT flow>2269 srcPort>43705 dst>fd10:43:100::2/21069 
02:01:23.006183 ON flow>2270 srcPort>39577 dst>fd10:43:100::2/21070 
02:01:23.006379 CONNECT flow>2270 srcPort>39577 dst>fd10:43:100::2/21070 
02:01:23.022086 SHUTDOWN flow>2243 srcPort>37969 dst>fd10:43:100::2/21043 
02:01:23.022629 OFF flow>2243 srcPort>37969 dst>fd10:43:100::2/21043 
02:01:23.034282 SHUTDOWN flow>2244 srcPort>35419 dst>fd10:43:100::2/21044 
02:01:23.034596 OFF flow>2244 srcPort>35419 dst>fd10:43:100::2/21044 
02:01:23.050790 ON flow>2271 srcPort>41555 dst>fd10:43:100::2/21071 
02:01:23.051044 CONNECT flow>2271 srcPort>41555 dst>fd10:43:100::2/21071 
02:01:23.070998 ON flow>2272 srcPort>38397 dst>fd10:43:100::2/21072 
02:01:23.071231 CONNECT flow>2272 srcPort>38397 dst>fd10:43:100::2/21072 
02:01:23.072208 ON flow>2273 srcPort>45359 dst>fd10:43:100::2/21073 
02:01:23.072430 CONNECT flow>2273 srcPort>45359 dst>fd10:43:100::2/21073 
02:01:23.113890 ON flow>2274 srcPort>38365 dst>fd10:43:100::2/21074 
02:01:23.114112 CONNECT flow>2274 srcPort>38365 dst>fd10:43:100::2/21074 
02:01:23.235590 ON flow>2275 srcPort>43663 dst>fd10:43:100::2/21075 
02:01:23.235826 CONNECT flow>2275 srcPort>43663 dst>fd10:43:100::2/21075 
02:01:23.281486 ON flow>2276 srcPort>41867 dst>fd10:43:100::2/21076 
02:01:23.281735 CONNECT flow>2276 srcPort>41867 dst>fd10:43:100::2/21076 
02:01:23.405304 ON flow>2277 srcPort>46363 dst>fd10:43:100::2/21077 
02:01:23.405544 CONNECT flow>2277 srcPort>46363 dst>fd10:43:100::2/21077 
02:01:23.468059 ON flow>2278 srcPort>45163 dst>fd10:43:100::2/21078 
02:01:23.468336 CONNECT flow>2278 srcPort>45163 dst>fd10:43:100::2/21078 
02:01:23.477906 ON flow>2279 srcPort>41125 dst>fd10:43:100::2/21079 
02:01:23.478176 CONNECT flow>2279 srcPort>41125 dst>fd10:43:100::2/21079 
02:01:23.524639 SHUTDOWN flow>2245 srcPort>46013 dst>fd10:43:100::2/21045 
02:01:23.525022 OFF flow>2245 srcPort>46013 dst>fd10:43:100::2/21045 
02:01:23.595343 SHUTDOWN flow>2246 srcPort>33231 dst>fd10:43:100::2/21046 
02:01:23.595825 OFF flow>2246 srcPort>33231 dst>fd10:43:100::2/21046 
02:01:23.618042 SHUTDOWN flow>2247 srcPort>37165 dst>fd10:43:100::2/21047 
02:01:23.618440 OFF flow>2247 srcPort>37165 dst>fd10:43:100::2/21047 
02:01:23.665053 SHUTDOWN flow>2248 srcPort>41965 dst>fd10:43:100::2/21048 
02:01:23.665469 OFF flow>2248 srcPort>41965 dst>fd10:43:100::2/21048 
02:01:23.715944 SHUTDOWN flow>2249 srcPort>45927 dst>fd10:43:100::2/21049 
02:01:23.716309 OFF flow>2249 srcPort>45927 dst>fd10:43:100::2/21049 
02:01:24.086216 ON flow>2280 srcPort>45751 dst>fd10:43:100::2/21080 
02:01:24.086497 CONNECT flow>2280 srcPort>45751 dst>fd10:43:100::2/21080 
02:01:24.136985 ON flow>2281 srcPort>45043 dst>fd10:43:100::2/21081 
02:01:24.137223 CONNECT flow>2281 srcPort>45043 dst>fd10:43:100::2/21081 
02:01:24.476764 SHUTDOWN flow>2250 srcPort>39683 dst>fd10:43:100::2/21050 
02:01:24.477108 OFF flow>2250 srcPort>39683 dst>fd10:43:100::2/21050 
02:01:24.722659 SHUTDOWN flow>2251 srcPort>45345 dst>fd10:43:100::2/21051 
02:01:24.723015 OFF flow>2251 srcPort>45345 dst>fd10:43:100::2/21051 
02:01:24.805663 SHUTDOWN flow>2252 srcPort>45711 dst>fd10:43:100::2/21052 
02:01:24.806053 OFF flow>2252 srcPort>45711 dst>fd10:43:100::2/21052 
02:01:24.826662 SHUTDOWN flow>2253 srcPort>37435 dst>fd10:43:100::2/21053 
02:01:24.826955 OFF flow>2253 srcPort>37435 dst>fd10:43:100::2/21053 
02:01:24.836759 SHUTDOWN flow>2254 srcPort>43077 dst>fd10:43:100::2/21054 
02:01:24.837080 OFF flow>2254 srcPort>43077 dst>fd10:43:100::2/21054 
02:01:24.982568 SHUTDOWN flow>2255 srcPort>37789 dst>fd10:43:100::2/21055 
02:01:24.982969 OFF flow>2255 srcPort>37789 dst>fd10:43:100::2/21055 
02:01:25.055269 SHUTDOWN flow>2256 srcPort>44781 dst>fd10:43:100::2/21056 
02:01:25.055678 OFF flow>2256 srcPort>44781 dst>fd10:43:100::2/21056 
02:01:25.072942 ON flow>2282 srcPort>34607 dst>fd10:43:100::2/21082 
02:01:25.073244 CONNECT flow>2282 srcPort>34607 dst>fd10:43:100::2/21082 
02:01:25.076165 SHUTDOWN flow>2257 srcPort>42581 dst>fd10:43:100::2/21057 
02:01:25.076432 OFF flow>2257 srcPort>42581 dst>fd10:43:100::2/21057 
02:01:25.118415 SHUTDOWN flow>2258 srcPort>36753 dst>fd10:43:100::2/21058 
02:01:25.118765 OFF flow>2258 srcPort>36753 dst>fd10:43:100::2/21058 
02:01:25.177766 SHUTDOWN flow>2259 srcPort>38139 dst>fd10:43:100::2/21059 
02:01:25.178090 OFF flow>2259 srcPort>38139 dst>fd10:43:100::2/21059 
02:01:25.204271 SHUTDOWN flow>2260 srcPort>46393 dst>fd10:43:100::2/21060 
02:01:25.204600 OFF flow>2260 srcPort>46393 dst>fd10:43:100::2/21060 
02:01:25.228674 SHUTDOWN flow>2261 srcPort>35653 dst>fd10:43:100::2/21061 
02:01:25.229022 OFF flow>2261 srcPort>35653 dst>fd10:43:100::2/21061 
02:01:25.279272 SHUTDOWN flow>2262 srcPort>40781 dst>fd10:43:100::2/21062 
02:01:25.279657 OFF flow>2262 srcPort>40781 dst>fd10:43:100::2/21062 
02:01:25.397695 ON flow>2283 srcPort>46503 dst>fd10:43:100::2/21083 
02:01:25.397955 CONNECT flow>2283 srcPort>46503 dst>fd10:43:100::2/21083 
02:01:25.463704 SHUTDOWN flow>2263 srcPort>34613 dst>fd10:43:100::2/21063 
02:01:25.464281 OFF flow>2263 srcPort>34613 dst>fd10:43:100::2/21063 
02:01:25.506510 ON flow>2284 srcPort>40899 dst>fd10:43:100::2/21084 
02:01:25.506752 CONNECT flow>2284 srcPort>40899 dst>fd10:43:100::2/21084 
02:01:25.546281 ON flow>2285 srcPort>42203 dst>fd10:43:100::2/21085 
02:01:25.546524 CONNECT flow>2285 srcPort>42203 dst>fd10:43:100::2/21085 
02:01:25.569509 SHUTDOWN flow>2264 srcPort>40283 dst>fd10:43:100::2/21064 
02:01:25.569829 OFF flow>2264 srcPort>40283 dst>fd10:43:100::2/21064 
02:01:25.643588 ON flow>2286 srcPort>40635 dst>fd10:43:100::2/21086 
02:01:25.643838 CONNECT flow>2286 srcPort>40635 dst>fd10:43:100::2/21086 
02:01:25.703083 ON flow>2287 srcPort>37971 dst>fd10:43:100::2/21087 
02:01:25.703345 CONNECT flow>2287 srcPort>37971 dst>fd10:43:100::2/21087 
02:01:25.743445 ON flow>2288 srcPort>35387 dst>fd10:43:100::2/21088 
02:01:25.743745 CONNECT flow>2288 srcPort>35387 dst>fd10:43:100::2/21088 
02:01:25.767692 ON flow>2289 srcPort>32801 dst>fd10:43:100::2/21089 
02:01:25.767956 CONNECT flow>2289 srcPort>32801 dst>fd10:43:100::2/21089 
02:01:26.827493 ON flow>2290 srcPort>33571 dst>fd10:43:100::2/21090 
02:01:26.827779 CONNECT flow>2290 srcPort>33571 dst>fd10:43:100::2/21090 
02:01:26.855201 ON flow>2291 srcPort>42013 dst>fd10:43:100::2/21091 
02:01:26.855450 CONNECT flow>2291 srcPort>42013 dst>fd10:43:100::2/21091 
02:01:26.869101 ON flow>2292 srcPort>39639 dst>fd10:43:100::2/21092 
02:01:26.869338 CONNECT flow>2292 srcPort>39639 dst>fd10:43:100::2/21092 
02:01:27.445754 SHUTDOWN flow>2265 srcPort>43293 dst>fd10:43:100::2/21065 
02:01:27.446144 OFF flow>2265 srcPort>43293 dst>fd10:43:100::2/21065 
02:01:27.679351 SHUTDOWN flow>2266 srcPort>39037 dst>fd10:43:100::2/21066 
02:01:27.679685 OFF flow>2266 srcPort>39037 dst>fd10:43:100::2/21066 
02:01:27.775454 SHUTDOWN flow>2267 srcPort>43255 dst>fd10:43:100::2/21067 
02:01:27.775779 OFF flow>2267 srcPort>43255 dst>fd10:43:100::2/21067 
02:01:27.776148 SHUTDOWN flow>2268 srcPort>35437 dst>fd10:43:100::2/21068 
02:01:27.776455 OFF flow>2268 srcPort>35437 dst>fd10:43:100::2/21068 
02:01:27.801459 SHUTDOWN flow>2269 srcPort>43705 dst>fd10:43:100::2/21069 
02:01:27.801775 OFF flow>2269 srcPort>43705 dst>fd10:43:100::2/21069 
02:01:27.806155 SHUTDOWN flow>2270 srcPort>39577 dst>fd10:43:100::2/21070 
02:01:27.806444 OFF flow>2270 srcPort>39577 dst>fd10:43:100::2/21070 
02:01:27.850759 SHUTDOWN flow>2271 srcPort>41555 dst>fd10:43:100::2/21071 
02:01:27.851081 OFF flow>2271 srcPort>41555 dst>fd10:43:100::2/21071 
02:01:27.870958 SHUTDOWN flow>2272 srcPort>38397 dst>fd10:43:100::2/21072 
02:01:27.871268 OFF flow>2272 srcPort>38397 dst>fd10:43:100::2/21072 
02:01:27.872154 SHUTDOWN flow>2273 srcPort>45359 dst>fd10:43:100::2/21073 
02:01:27.872488 OFF flow>2273 srcPort>45359 dst>fd10:43:100::2/21073 
02:01:27.913864 SHUTDOWN flow>2274 srcPort>38365 dst>fd10:43:100::2/21074 
02:01:27.914231 OFF flow>2274 srcPort>38365 dst>fd10:43:100::2/21074 
02:01:28.035563 SHUTDOWN flow>2275 srcPort>43663 dst>fd10:43:100::2/21075 
02:01:28.035872 OFF flow>2275 srcPort>43663 dst>fd10:43:100::2/21075 
02:01:28.081478 SHUTDOWN flow>2276 srcPort>41867 dst>fd10:43:100::2/21076 
02:01:28.081835 OFF flow>2276 srcPort>41867 dst>fd10:43:100::2/21076 
02:01:28.206445 SHUTDOWN flow>2277 srcPort>46363 dst>fd10:43:100::2/21077 
02:01:28.207492 OFF flow>2277 srcPort>46363 dst>fd10:43:100::2/21077 
02:01:28.268000 SHUTDOWN flow>2278 srcPort>45163 dst>fd10:43:100::2/21078 
02:01:28.268424 OFF flow>2278 srcPort>45163 dst>fd10:43:100::2/21078 
02:01:28.277871 SHUTDOWN flow>2279 srcPort>41125 dst>fd10:43:100::2/21079 
02:01:28.278206 OFF flow>2279 srcPort>41125 dst>fd10:43:100::2/21079 
02:01:28.798696 ON flow>2293 srcPort>45069 dst>fd10:43:100::2/21093 
02:01:28.798947 CONNECT flow>2293 srcPort>45069 dst>fd10:43:100::2/21093 
02:01:28.845710 ON flow>2294 srcPort>33167 dst>fd10:43:100::2/21094 
02:01:28.845911 CONNECT flow>2294 srcPort>33167 dst>fd10:43:100::2/21094 
02:01:28.850637 ON flow>2295 srcPort>42723 dst>fd10:43:100::2/21095 
02:01:28.850853 CONNECT flow>2295 srcPort>42723 dst>fd10:43:100::2/21095 
02:01:28.886156 SHUTDOWN flow>2280 srcPort>45751 dst>fd10:43:100::2/21080 
02:01:28.886524 OFF flow>2280 srcPort>45751 dst>fd10:43:100::2/21080 
02:01:28.936946 SHUTDOWN flow>2281 srcPort>45043 dst>fd10:43:100::2/21081 
02:01:28.937248 OFF flow>2281 srcPort>45043 dst>fd10:43:100::2/21081 
02:01:29.002265 ON flow>2296 srcPort>44317 dst>fd10:43:100::2/21096 
02:01:29.002498 CONNECT flow>2296 srcPort>44317 dst>fd10:43:100::2/21096 
02:01:29.872850 SHUTDOWN flow>2282 srcPort>34607 dst>fd10:43:100::2/21082 
02:01:29.873271 OFF flow>2282 srcPort>34607 dst>fd10:43:100::2/21082 
02:01:30.197659 SHUTDOWN flow>2283 srcPort>46503 dst>fd10:43:100::2/21083 
02:01:30.198005 OFF flow>2283 srcPort>46503 dst>fd10:43:100::2/21083 
02:01:30.306449 SHUTDOWN flow>2284 srcPort>40899 dst>fd10:43:100::2/21084 
02:01:30.306947 OFF flow>2284 srcPort>40899 dst>fd10:43:100::2/21084 
02:01:30.346241 SHUTDOWN flow>2285 srcPort>42203 dst>fd10:43:100::2/21085 
02:01:30.346555 OFF flow>2285 srcPort>42203 dst>fd10:43:100::2/21085 
02:01:30.443546 SHUTDOWN flow>2286 srcPort>40635 dst>fd10:43:100::2/21086 
02:01:30.444012 OFF flow>2286 srcPort>40635 dst>fd10:43:100::2/21086 
02:01:30.503054 SHUTDOWN flow>2287 srcPort>37971 dst>fd10:43:100::2/21087 
02:01:30.503391 OFF flow>2287 srcPort>37971 dst>fd10:43:100::2/21087 
02:01:30.543361 SHUTDOWN flow>2288 srcPort>35387 dst>fd10:43:100::2/21088 
02:01:30.543808 OFF flow>2288 srcPort>35387 dst>fd10:43:100::2/21088 
02:01:30.567643 SHUTDOWN flow>2289 srcPort>32801 dst>fd10:43:100::2/21089 
02:01:30.567979 OFF flow>2289 srcPort>32801 dst>fd10:43:100::2/21089 
02:01:31.627348 SHUTDOWN flow>2290 srcPort>33571 dst>fd10:43:100::2/21090 
02:01:31.627752 OFF flow>2290 srcPort>33571 dst>fd10:43:100::2/21090 
02:01:31.632824 ON flow>2297 srcPort>35025 dst>fd10:43:100::2/21097 
02:01:31.633100 CONNECT flow>2297 srcPort>35025 dst>fd10:43:100::2/21097 
02:01:31.655152 SHUTDOWN flow>2291 srcPort>42013 dst>fd10:43:100::2/21091 
02:01:31.655472 OFF flow>2291 srcPort>42013 dst>fd10:43:100::2/21091 
02:01:31.669053 SHUTDOWN flow>2292 srcPort>39639 dst>fd10:43:100::2/21092 
02:01:31.669355 OFF flow>2292 srcPort>39639 dst>fd10:43:100::2/21092 
02:01:32.009192 ON flow>2298 srcPort>42803 dst>fd10:43:100::2/21098 
02:01:32.009510 CONNECT flow>2298 srcPort>42803 dst>fd10:43:100::2/21098 
02:01:32.094049 ON flow>2299 srcPort>41593 dst>fd10:43:100::2/21099 
02:01:32.094320 CONNECT flow>2299 srcPort>41593 dst>fd10:43:100::2/21099 
02:01:32.173489 ON flow>2300 srcPort>34143 dst>fd10:43:100::2/21100 
02:01:32.173778 CONNECT flow>2300 srcPort>34143 dst>fd10:43:100::2/21100 
02:01:32.819996 ON flow>2301 srcPort>33893 dst>fd10:43:100::2/21101 
02:01:32.820297 CONNECT flow>2301 srcPort>33893 dst>fd10:43:100::2/21101 
02:01:33.053510 ON flow>2302 srcPort>38017 dst>fd10:43:100::2/21102 
02:01:33.053730 CONNECT flow>2302 srcPort>38017 dst>fd10:43:100::2/21102 
02:01:33.598564 SHUTDOWN flow>2293 srcPort>45069 dst>fd10:43:100::2/21093 
02:01:33.598937 OFF flow>2293 srcPort>45069 dst>fd10:43:100::2/21093 
02:01:33.645668 SHUTDOWN flow>2294 srcPort>33167 dst>fd10:43:100::2/21094 
02:01:33.646009 OFF flow>2294 srcPort>33167 dst>fd10:43:100::2/21094 
02:01:33.650561 SHUTDOWN flow>2295 srcPort>42723 dst>fd10:43:100::2/21095 
02:01:33.650917 OFF flow>2295 srcPort>42723 dst>fd10:43:100::2/21095 
02:01:33.802169 SHUTDOWN flow>2296 srcPort>44317 dst>fd10:43:100::2/21096 
02:01:33.802513 OFF flow>2296 srcPort>44317 dst>fd10:43:100::2/21096 
02:01:35.730734 ON flow>2303 srcPort>40593 dst>fd10:43:100::2/21103 
02:01:35.730974 CONNECT flow>2303 srcPort>40593 dst>fd10:43:100::2/21103 
02:01:35.837518 ON flow>2304 srcPort>42761 dst>fd10:43:100::2/21104 
02:01:35.837835 CONNECT flow>2304 srcPort>42761 dst>fd10:43:100::2/21104 
02:01:35.843205 ON flow>2305 srcPort>40997 dst>fd10:43:100::2/21105 
02:01:35.843416 CONNECT flow>2305 srcPort>40997 dst>fd10:43:100::2/21105 
02:01:36.005243 ON flow>2306 srcPort>34797 dst>fd10:43:100::2/21106 
02:01:36.005496 CONNECT flow>2306 srcPort>34797 dst>fd10:43:100::2/21106 
02:01:36.013590 ON flow>2307 srcPort>41217 dst>fd10:43:100::2/21107 
02:01:36.013862 CONNECT flow>2307 srcPort>41217 dst>fd10:43:100::2/21107 
02:01:36.017403 ON flow>2308 srcPort>37973 dst>fd10:43:100::2/21108 
02:01:36.017628 CONNECT flow>2308 srcPort>37973 dst>fd10:43:100::2/21108 
02:01:36.166599 ON flow>2309 srcPort>33109 dst>fd10:43:100::2/21109 
02:01:36.166873 CONNECT flow>2309 srcPort>33109 dst>fd10:43:100::2/21109 
02:01:36.246103 ON flow>2310 srcPort>44063 dst>fd10:43:100::2/21110 
02:01:36.246367 CONNECT flow>2310 srcPort>44063 dst>fd10:43:100::2/21110 
02:01:36.396062 ON flow>2311 srcPort>46469 dst>fd10:43:100::2/21111 
02:01:36.396287 CONNECT flow>2311 srcPort>46469 dst>fd10:43:100::2/21111 
02:01:36.432749 SHUTDOWN flow>2297 srcPort>35025 dst>fd10:43:100::2/21097 
02:01:36.433129 OFF flow>2297 srcPort>35025 dst>fd10:43:100::2/21097 
02:01:36.681810 ON flow>2312 srcPort>32795 dst>fd10:43:100::2/21112 
02:01:36.682089 CONNECT flow>2312 srcPort>32795 dst>fd10:43:100::2/21112 
02:01:36.809153 SHUTDOWN flow>2298 srcPort>42803 dst>fd10:43:100::2/21098 
02:01:36.809453 OFF flow>2298 srcPort>42803 dst>fd10:43:100::2/21098 
02:01:36.893937 SHUTDOWN flow>2299 srcPort>41593 dst>fd10:43:100::2/21099 
02:01:36.894546 OFF flow>2299 srcPort>41593 dst>fd10:43:100::2/21099 
02:01:36.973454 SHUTDOWN flow>2300 srcPort>34143 dst>fd10:43:100::2/21100 
02:01:36.973779 OFF flow>2300 srcPort>34143 dst>fd10:43:100::2/21100 
02:01:37.619948 SHUTDOWN flow>2301 srcPort>33893 dst>fd10:43:100::2/21101 
02:01:37.620299 OFF flow>2301 srcPort>33893 dst>fd10:43:100::2/21101 
02:01:37.853464 SHUTDOWN flow>2302 srcPort>38017 dst>fd10:43:100::2/21102 
02:01:37.853822 OFF flow>2302 srcPort>38017 dst>fd10:43:100::2/21102 
02:01:37.995851 ON flow>2313 srcPort>36029 dst>fd10:43:100::2/21113 
02:01:37.996087 CONNECT flow>2313 srcPort>36029 dst>fd10:43:100::2/21113 
02:01:38.253990 ON flow>2314 srcPort>46741 dst>fd10:43:100::2/21114 
02:01:38.254244 CONNECT flow>2314 srcPort>46741 dst>fd10:43:100::2/21114 
02:01:38.345575 ON flow>2315 srcPort>43625 dst>fd10:43:100::2/21115 
02:01:38.345804 CONNECT flow>2315 srcPort>43625 dst>fd10:43:100::2/21115 
02:01:38.348226 ON flow>2316 srcPort>44641 dst>fd10:43:100::2/21116 
02:01:38.348489 CONNECT flow>2316 srcPort>44641 dst>fd10:43:100::2/21116 
02:01:39.437769 ON flow>2317 srcPort>38087 dst>fd10:43:100::2/21117 
02:01:39.438095 CONNECT flow>2317 srcPort>38087 dst>fd10:43:100::2/21117 
02:01:39.593122 ON flow>2318 srcPort>38481 dst>fd10:43:100::2/21118 
02:01:39.593367 CONNECT flow>2318 srcPort>38481 dst>fd10:43:100::2/21118 
02:01:39.747414 ON flow>2319 srcPort>44881 dst>fd10:43:100::2/21119 
02:01:39.747677 CONNECT flow>2319 srcPort>44881 dst>fd10:43:100::2/21119 
02:01:40.034691 ON flow>2320 srcPort>34669 dst>fd10:43:100::2/21120 
02:01:40.035003 CONNECT flow>2320 srcPort>34669 dst>fd10:43:100::2/21120 
02:01:40.345048 ON flow>2321 srcPort>40655 dst>fd10:43:100::2/21121 
02:01:40.345282 CONNECT flow>2321 srcPort>40655 dst>fd10:43:100::2/21121 
02:01:40.394648 ON flow>2322 srcPort>36563 dst>fd10:43:100::2/21122 
02:01:40.395062 CONNECT flow>2322 srcPort>36563 dst>fd10:43:100::2/21122 
02:01:40.530656 SHUTDOWN flow>2303 srcPort>40593 dst>fd10:43:100::2/21103 
02:01:40.531057 OFF flow>2303 srcPort>40593 dst>fd10:43:100::2/21103 
02:01:40.637456 SHUTDOWN flow>2304 srcPort>42761 dst>fd10:43:100::2/21104 
02:01:40.637760 OFF flow>2304 srcPort>42761 dst>fd10:43:100::2/21104 
02:01:40.643151 SHUTDOWN flow>2305 srcPort>40997 dst>fd10:43:100::2/21105 
02:01:40.643463 OFF flow>2305 srcPort>40997 dst>fd10:43:100::2/21105 
02:01:40.805179 SHUTDOWN flow>2306 srcPort>34797 dst>fd10:43:100::2/21106 
02:01:40.805539 OFF flow>2306 srcPort>34797 dst>fd10:43:100::2/21106 
02:01:40.813581 SHUTDOWN flow>2307 srcPort>41217 dst>fd10:43:100::2/21107 
02:01:40.813922 OFF flow>2307 srcPort>41217 dst>fd10:43:100::2/21107 
02:01:40.817373 SHUTDOWN flow>2308 srcPort>37973 dst>fd10:43:100::2/21108 
02:01:40.817737 OFF flow>2308 srcPort>37973 dst>fd10:43:100::2/21108 
02:01:40.966585 SHUTDOWN flow>2309 srcPort>33109 dst>fd10:43:100::2/21109 
02:01:40.966948 OFF flow>2309 srcPort>33109 dst>fd10:43:100::2/21109 
02:01:41.046086 SHUTDOWN flow>2310 srcPort>44063 dst>fd10:43:100::2/21110 
02:01:41.046460 OFF flow>2310 srcPort>44063 dst>fd10:43:100::2/21110 
02:01:41.195968 SHUTDOWN flow>2311 srcPort>46469 dst>fd10:43:100::2/21111 
02:01:41.196440 OFF flow>2311 srcPort>46469 dst>fd10:43:100::2/21111 
02:01:41.481775 SHUTDOWN flow>2312 srcPort>32795 dst>fd10:43:100::2/21112 
02:01:41.482215 OFF flow>2312 srcPort>32795 dst>fd10:43:100::2/21112 
02:01:42.795749 SHUTDOWN flow>2313 srcPort>36029 dst>fd10:43:100::2/21113 
02:01:42.796160 OFF flow>2313 srcPort>36029 dst>fd10:43:100::2/21113 
02:01:42.892968 ON flow>2323 srcPort>41237 dst>fd10:43:100::2/21123 
02:01:42.893231 CONNECT flow>2323 srcPort>41237 dst>fd10:43:100::2/21123 
02:01:42.894598 ON flow>2324 srcPort>40165 dst>fd10:43:100::2/21124 
02:01:42.894839 CONNECT flow>2324 srcPort>40165 dst>fd10:43:100::2/21124 
02:01:42.968907 ON flow>2325 srcPort>41317 dst>fd10:43:100::2/21125 
02:01:42.969137 CONNECT flow>2325 srcPort>41317 dst>fd10:43:100::2/21125 
02:01:43.015355 ON flow>2326 srcPort>44129 dst>fd10:43:100::2/21126 
02:01:43.015579 CONNECT flow>2326 srcPort>44129 dst>fd10:43:100::2/21126 
02:01:43.053860 SHUTDOWN flow>2314 srcPort>46741 dst>fd10:43:100::2/21114 
02:01:43.054238 OFF flow>2314 srcPort>46741 dst>fd10:43:100::2/21114 
02:01:43.115826 ON flow>2327 srcPort>45695 dst>fd10:43:100::2/21127 
02:01:43.116105 CONNECT flow>2327 srcPort>45695 dst>fd10:43:100::2/21127 
02:01:43.136319 ON flow>2328 srcPort>36717 dst>fd10:43:100::2/21128 
02:01:43.136539 CONNECT flow>2328 srcPort>36717 dst>fd10:43:100::2/21128 
02:01:43.145457 SHUTDOWN flow>2315 srcPort>43625 dst>fd10:43:100::2/21115 
02:01:43.145753 OFF flow>2315 srcPort>43625 dst>fd10:43:100::2/21115 
02:01:43.148152 SHUTDOWN flow>2316 srcPort>44641 dst>fd10:43:100::2/21116 
02:01:43.148450 OFF flow>2316 srcPort>44641 dst>fd10:43:100::2/21116 
02:01:44.237659 SHUTDOWN flow>2317 srcPort>38087 dst>fd10:43:100::2/21117 
02:01:44.238082 OFF flow>2317 srcPort>38087 dst>fd10:43:100::2/21117 
02:01:44.393053 SHUTDOWN flow>2318 srcPort>38481 dst>fd10:43:100::2/21118 
02:01:44.393828 OFF flow>2318 srcPort>38481 dst>fd10:43:100::2/21118 
02:01:44.547362 SHUTDOWN flow>2319 srcPort>44881 dst>fd10:43:100::2/21119 
02:01:44.549146 OFF flow>2319 srcPort>44881 dst>fd10:43:100::2/21119 
02:01:44.834577 SHUTDOWN flow>2320 srcPort>34669 dst>fd10:43:100::2/21120 
02:01:44.835021 OFF flow>2320 srcPort>34669 dst>fd10:43:100::2/21120 
02:01:45.144960 SHUTDOWN flow>2321 srcPort>40655 dst>fd10:43:100::2/21121 
02:01:45.145391 OFF flow>2321 srcPort>40655 dst>fd10:43:100::2/21121 
02:01:45.194563 SHUTDOWN flow>2322 srcPort>36563 dst>fd10:43:100::2/21122 
02:01:45.194932 OFF flow>2322 srcPort>36563 dst>fd10:43:100::2/21122 
02:01:45.490233 ON flow>2329 srcPort>33701 dst>fd10:43:100::2/21129 
02:01:45.490534 CONNECT flow>2329 srcPort>33701 dst>fd10:43:100::2/21129 
02:01:45.595850 ON flow>2330 srcPort>40973 dst>fd10:43:100::2/21130 
02:01:45.596123 CONNECT flow>2330 srcPort>40973 dst>fd10:43:100::2/21130 
02:01:45.600221 ON flow>2331 srcPort>44735 dst>fd10:43:100::2/21131 
02:01:45.600502 CONNECT flow>2331 srcPort>44735 dst>fd10:43:100::2/21131 
02:01:45.631441 ON flow>2332 srcPort>35147 dst>fd10:43:100::2/21132 
02:01:45.631727 CONNECT flow>2332 srcPort>35147 dst>fd10:43:100::2/21132 
02:01:45.882143 ON flow>2333 srcPort>44725 dst>fd10:43:100::2/21133 
02:01:45.882441 CONNECT flow>2333 srcPort>44725 dst>fd10:43:100::2/21133 
02:01:45.904833 ON flow>2334 srcPort>37621 dst>fd10:43:100::2/21134 
02:01:45.905104 CONNECT flow>2334 srcPort>37621 dst>fd10:43:100::2/21134 
02:01:45.942635 ON flow>2335 srcPort>43619 dst>fd10:43:100::2/21135 
02:01:45.942891 CONNECT flow>2335 srcPort>43619 dst>fd10:43:100::2/21135 
02:01:45.947228 ON flow>2336 srcPort>35031 dst>fd10:43:100::2/21136 
02:01:45.947461 CONNECT flow>2336 srcPort>35031 dst>fd10:43:100::2/21136 
02:01:45.947624 ON flow>2337 srcPort>34985 dst>fd10:43:100::2/21137 
02:01:45.947836 CONNECT flow>2337 srcPort>34985 dst>fd10:43:100::2/21137 
02:01:45.949228 ON flow>2338 srcPort>38227 dst>fd10:43:100::2/21138 
02:01:45.949449 CONNECT flow>2338 srcPort>38227 dst>fd10:43:100::2/21138 
02:01:46.020542 ON flow>2339 srcPort>34479 dst>fd10:43:100::2/21139 
02:01:46.020782 CONNECT flow>2339 srcPort>34479 dst>fd10:43:100::2/21139 
02:01:46.022453 ON flow>2340 srcPort>35065 dst>fd10:43:100::2/21140 
02:01:46.022702 CONNECT flow>2340 srcPort>35065 dst>fd10:43:100::2/21140 
02:01:46.055644 ON flow>2341 srcPort>46309 dst>fd10:43:100::2/21141 
02:01:46.055891 CONNECT flow>2341 srcPort>46309 dst>fd10:43:100::2/21141 
02:01:47.013218 ON flow>2342 srcPort>45741 dst>fd10:43:100::2/21142 
02:01:47.013454 CONNECT flow>2342 srcPort>45741 dst>fd10:43:100::2/21142 
02:01:47.084357 ON flow>2343 srcPort>45599 dst>fd10:43:100::2/21143 
02:01:47.084603 CONNECT flow>2343 srcPort>45599 dst>fd10:43:100::2/21143 
02:01:47.091341 ON flow>2344 srcPort>41335 dst>fd10:43:100::2/21144 
02:01:47.091644 CONNECT flow>2344 srcPort>41335 dst>fd10:43:100::2/21144 
02:01:47.260650 ON flow>2345 srcPort>43441 dst>fd10:43:100::2/21145 
02:01:47.260911 CONNECT flow>2345 srcPort>43441 dst>fd10:43:100::2/21145 
02:01:47.692879 SHUTDOWN flow>2323 srcPort>41237 dst>fd10:43:100::2/21123 
02:01:47.693385 OFF flow>2323 srcPort>41237 dst>fd10:43:100::2/21123 
02:01:47.694573 SHUTDOWN flow>2324 srcPort>40165 dst>fd10:43:100::2/21124 
02:01:47.694891 OFF flow>2324 srcPort>40165 dst>fd10:43:100::2/21124 
02:01:47.768887 SHUTDOWN flow>2325 srcPort>41317 dst>fd10:43:100::2/21125 
02:01:47.769377 OFF flow>2325 srcPort>41317 dst>fd10:43:100::2/21125 
02:01:47.815286 SHUTDOWN flow>2326 srcPort>44129 dst>fd10:43:100::2/21126 
02:01:47.815669 OFF flow>2326 srcPort>44129 dst>fd10:43:100::2/21126 
02:01:47.915785 SHUTDOWN flow>2327 srcPort>45695 dst>fd10:43:100::2/21127 
02:01:47.916257 OFF flow>2327 srcPort>45695 dst>fd10:43:100::2/21127 
02:01:47.936280 SHUTDOWN flow>2328 srcPort>36717 dst>fd10:43:100::2/21128 
02:01:47.936617 OFF flow>2328 srcPort>36717 dst>fd10:43:100::2/21128 
02:01:49.632184 ON flow>2346 srcPort>46879 dst>fd10:43:100::2/21146 
02:01:49.632444 CONNECT flow>2346 srcPort>46879 dst>fd10:43:100::2/21146 
02:01:49.951583 ON flow>2347 srcPort>35767 dst>fd10:43:100::2/21147 
02:01:49.951824 CONNECT flow>2347 srcPort>35767 dst>fd10:43:100::2/21147 
02:01:50.024950 ON flow>2348 srcPort>41001 dst>fd10:43:100::2/21148 
02:01:50.025210 CONNECT flow>2348 srcPort>41001 dst>fd10:43:100::2/21148 
02:01:50.290080 SHUTDOWN flow>2329 srcPort>33701 dst>fd10:43:100::2/21129 
02:01:50.290504 OFF flow>2329 srcPort>33701 dst>fd10:43:100::2/21129 
02:01:50.395779 SHUTDOWN flow>2330 srcPort>40973 dst>fd10:43:100::2/21130 
02:01:50.396118 OFF flow>2330 srcPort>40973 dst>fd10:43:100::2/21130 
02:01:50.400173 SHUTDOWN flow>2331 srcPort>44735 dst>fd10:43:100::2/21131 
02:01:50.400465 OFF flow>2331 srcPort>44735 dst>fd10:43:100::2/21131 
02:01:50.431385 SHUTDOWN flow>2332 srcPort>35147 dst>fd10:43:100::2/21132 
02:01:50.431711 OFF flow>2332 srcPort>35147 dst>fd10:43:100::2/21132 
02:01:50.682095 SHUTDOWN flow>2333 srcPort>44725 dst>fd10:43:100::2/21133 
02:01:50.682528 OFF flow>2333 srcPort>44725 dst>fd10:43:100::2/21133 
02:01:50.704787 SHUTDOWN flow>2334 srcPort>37621 dst>fd10:43:100::2/21134 
02:01:50.705149 OFF flow>2334 srcPort>37621 dst>fd10:43:100::2/21134 
02:01:50.742590 SHUTDOWN flow>2335 srcPort>43619 dst>fd10:43:100::2/21135 
02:01:50.742981 OFF flow>2335 srcPort>43619 dst>fd10:43:100::2/21135 
02:01:50.747182 SHUTDOWN flow>2336 srcPort>35031 dst>fd10:43:100::2/21136 
02:01:50.747509 OFF flow>2336 srcPort>35031 dst>fd10:43:100::2/21136 
02:01:50.747587 SHUTDOWN flow>2337 srcPort>34985 dst>fd10:43:100::2/21137 
02:01:50.747838 OFF flow>2337 srcPort>34985 dst>fd10:43:100::2/21137 
02:01:50.749188 SHUTDOWN flow>2338 srcPort>38227 dst>fd10:43:100::2/21138 
02:01:50.749467 OFF flow>2338 srcPort>38227 dst>fd10:43:100::2/21138 
02:01:50.820490 SHUTDOWN flow>2339 srcPort>34479 dst>fd10:43:100::2/21139 
02:01:50.820895 OFF flow>2339 srcPort>34479 dst>fd10:43:100::2/21139 
02:01:50.822393 SHUTDOWN flow>2340 srcPort>35065 dst>fd10:43:100::2/21140 
02:01:50.822719 OFF flow>2340 srcPort>35065 dst>fd10:43:100::2/21140 
02:01:50.855594 SHUTDOWN flow>2341 srcPort>46309 dst>fd10:43:100::2/21141 
02:01:50.855922 OFF flow>2341 srcPort>46309 dst>fd10:43:100::2/21141 
02:01:51.813080 SHUTDOWN flow>2342 srcPort>45741 dst>fd10:43:100::2/21142 
02:01:51.813495 OFF flow>2342 srcPort>45741 dst>fd10:43:100::2/21142 
02:01:51.884278 SHUTDOWN flow>2343 srcPort>45599 dst>fd10:43:100::2/21143 
02:01:51.884690 OFF flow>2343 srcPort>45599 dst>fd10:43:100::2/21143 
02:01:51.891276 SHUTDOWN flow>2344 srcPort>41335 dst>fd10:43:100::2/21144 
02:01:51.891625 OFF flow>2344 srcPort>41335 dst>fd10:43:100::2/21144 
02:01:52.060584 SHUTDOWN flow>2345 srcPort>43441 dst>fd10:43:100::2/21145 
02:01:52.061026 OFF flow>2345 srcPort>43441 dst>fd10:43:100::2/21145 
02:01:52.694254 ON flow>2349 srcPort>38613 dst>fd10:43:100::2/21149 
02:01:52.694537 CONNECT flow>2349 srcPort>38613 dst>fd10:43:100::2/21149 
02:01:52.698103 ON flow>2350 srcPort>45821 dst>fd10:43:100::2/21150 
02:01:52.698396 CONNECT flow>2350 srcPort>45821 dst>fd10:43:100::2/21150 
02:01:52.743712 ON flow>2351 srcPort>37017 dst>fd10:43:100::2/21151 
02:01:52.744020 CONNECT flow>2351 srcPort>37017 dst>fd10:43:100::2/21151 
02:01:52.818331 ON flow>2352 srcPort>38115 dst>fd10:43:100::2/21152 
02:01:52.818568 CONNECT flow>2352 srcPort>38115 dst>fd10:43:100::2/21152 
02:01:52.854016 ON flow>2353 srcPort>42401 dst>fd10:43:100::2/21153 
02:01:52.854346 CONNECT flow>2353 srcPort>42401 dst>fd10:43:100::2/21153 
02:01:52.895666 ON flow>2354 srcPort>42637 dst>fd10:43:100::2/21154 
02:01:52.895915 CONNECT flow>2354 srcPort>42637 dst>fd10:43:100::2/21154 
02:01:52.916595 ON flow>2355 srcPort>37375 dst>fd10:43:100::2/21155 
02:01:52.916841 CONNECT flow>2355 srcPort>37375 dst>fd10:43:100::2/21155 
02:01:52.944727 ON flow>2356 srcPort>37361 dst>fd10:43:100::2/21156 
02:01:52.945000 CONNECT flow>2356 srcPort>37361 dst>fd10:43:100::2/21156 
02:01:53.049885 ON flow>2357 srcPort>36539 dst>fd10:43:100::2/21157 
02:01:53.050097 CONNECT flow>2357 srcPort>36539 dst>fd10:43:100::2/21157 
02:01:54.431902 SHUTDOWN flow>2346 srcPort>46879 dst>fd10:43:100::2/21146 
02:01:54.432368 OFF flow>2346 srcPort>46879 dst>fd10:43:100::2/21146 
02:01:54.545970 ON flow>2358 srcPort>40373 dst>fd10:43:100::2/21158 
02:01:54.546249 CONNECT flow>2358 srcPort>40373 dst>fd10:43:100::2/21158 
02:01:54.550617 ON flow>2359 srcPort>43563 dst>fd10:43:100::2/21159 
02:01:54.550813 CONNECT flow>2359 srcPort>43563 dst>fd10:43:100::2/21159 
02:01:54.607538 ON flow>2360 srcPort>39933 dst>fd10:43:100::2/21160 
02:01:54.607851 CONNECT flow>2360 srcPort>39933 dst>fd10:43:100::2/21160 
02:01:54.667633 ON flow>2361 srcPort>36423 dst>fd10:43:100::2/21161 
02:01:54.667925 CONNECT flow>2361 srcPort>36423 dst>fd10:43:100::2/21161 
02:01:54.751506 SHUTDOWN flow>2347 srcPort>35767 dst>fd10:43:100::2/21147 
02:01:54.751920 OFF flow>2347 srcPort>35767 dst>fd10:43:100::2/21147 
02:01:54.824904 SHUTDOWN flow>2348 srcPort>41001 dst>fd10:43:100::2/21148 
02:01:54.825587 OFF flow>2348 srcPort>41001 dst>fd10:43:100::2/21148 
02:01:56.201526 ON flow>2362 srcPort>40623 dst>fd10:43:100::2/21162 
02:01:56.201766 CONNECT flow>2362 srcPort>40623 dst>fd10:43:100::2/21162 
02:01:56.247820 ON flow>2363 srcPort>38901 dst>fd10:43:100::2/21163 
02:01:56.248057 CONNECT flow>2363 srcPort>38901 dst>fd10:43:100::2/21163 
02:01:56.322838 ON flow>2364 srcPort>46533 dst>fd10:43:100::2/21164 
02:01:56.323134 CONNECT flow>2364 srcPort>46533 dst>fd10:43:100::2/21164 
02:01:56.423752 ON flow>2365 srcPort>37397 dst>fd10:43:100::2/21165 
02:01:56.424028 CONNECT flow>2365 srcPort>37397 dst>fd10:43:100::2/21165 
02:01:56.590040 ON flow>2366 srcPort>33473 dst>fd10:43:100::2/21166 
02:01:56.590433 CONNECT flow>2366 srcPort>33473 dst>fd10:43:100::2/21166 
02:01:56.779756 ON flow>2367 srcPort>43829 dst>fd10:43:100::2/21167 
02:01:56.780098 CONNECT flow>2367 srcPort>43829 dst>fd10:43:100::2/21167 
02:01:56.864935 ON flow>2368 srcPort>34211 dst>fd10:43:100::2/21168 
02:01:56.865156 CONNECT flow>2368 srcPort>34211 dst>fd10:43:100::2/21168 
02:01:56.979448 ON flow>2369 srcPort>42927 dst>fd10:43:100::2/21169 
02:01:56.979707 CONNECT flow>2369 srcPort>42927 dst>fd10:43:100::2/21169 
02:01:57.023756 ON flow>2370 srcPort>45375 dst>fd10:43:100::2/21170 
02:01:57.024004 CONNECT flow>2370 srcPort>45375 dst>fd10:43:100::2/21170 
02:01:57.053667 ON flow>2371 srcPort>34909 dst>fd10:43:100::2/21171 
02:01:57.053910 CONNECT flow>2371 srcPort>34909 dst>fd10:43:100::2/21171 
02:01:57.073757 ON flow>2372 srcPort>41857 dst>fd10:43:100::2/21172 
02:01:57.074023 CONNECT flow>2372 srcPort>41857 dst>fd10:43:100::2/21172 
02:01:57.100759 ON flow>2373 srcPort>42299 dst>fd10:43:100::2/21173 
02:01:57.101314 CONNECT flow>2373 srcPort>42299 dst>fd10:43:100::2/21173 
02:01:57.117834 ON flow>2374 srcPort>35677 dst>fd10:43:100::2/21174 
02:01:57.118507 CONNECT flow>2374 srcPort>35677 dst>fd10:43:100::2/21174 
02:01:57.203671 ON flow>2375 srcPort>36353 dst>fd10:43:100::2/21175 
02:01:57.204014 CONNECT flow>2375 srcPort>36353 dst>fd10:43:100::2/21175 
02:01:57.262778 ON flow>2376 srcPort>40115 dst>fd10:43:100::2/21176 
02:01:57.263151 CONNECT flow>2376 srcPort>40115 dst>fd10:43:100::2/21176 
02:01:57.412893 ON flow>2377 srcPort>40181 dst>fd10:43:100::2/21177 
02:01:57.413159 CONNECT flow>2377 srcPort>40181 dst>fd10:43:100::2/21177 
02:01:57.494191 SHUTDOWN flow>2349 srcPort>38613 dst>fd10:43:100::2/21149 
02:01:57.494561 OFF flow>2349 srcPort>38613 dst>fd10:43:100::2/21149 
02:01:57.498087 SHUTDOWN flow>2350 srcPort>45821 dst>fd10:43:100::2/21150 
02:01:57.498546 OFF flow>2350 srcPort>45821 dst>fd10:43:100::2/21150 
02:01:57.505594 ON flow>2378 srcPort>46825 dst>fd10:43:100::2/21178 
02:01:57.505808 CONNECT flow>2378 srcPort>46825 dst>fd10:43:100::2/21178 
02:01:57.526080 ON flow>2379 srcPort>34753 dst>fd10:43:100::2/21179 
02:01:57.526440 CONNECT flow>2379 srcPort>34753 dst>fd10:43:100::2/21179 
02:01:57.543700 SHUTDOWN flow>2351 srcPort>37017 dst>fd10:43:100::2/21151 
02:01:57.544044 OFF flow>2351 srcPort>37017 dst>fd10:43:100::2/21151 
02:01:57.618276 SHUTDOWN flow>2352 srcPort>38115 dst>fd10:43:100::2/21152 
02:01:57.618587 OFF flow>2352 srcPort>38115 dst>fd10:43:100::2/21152 
02:01:57.653772 SHUTDOWN flow>2353 srcPort>42401 dst>fd10:43:100::2/21153 
02:01:57.654090 OFF flow>2353 srcPort>42401 dst>fd10:43:100::2/21153 
02:01:57.695602 SHUTDOWN flow>2354 srcPort>42637 dst>fd10:43:100::2/21154 
02:01:57.695937 OFF flow>2354 srcPort>42637 dst>fd10:43:100::2/21154 
02:01:57.716502 SHUTDOWN flow>2355 srcPort>37375 dst>fd10:43:100::2/21155 
02:01:57.716851 OFF flow>2355 srcPort>37375 dst>fd10:43:100::2/21155 
02:01:57.744696 SHUTDOWN flow>2356 srcPort>37361 dst>fd10:43:100::2/21156 
02:01:57.745045 OFF flow>2356 srcPort>37361 dst>fd10:43:100::2/21156 
02:01:57.849792 SHUTDOWN flow>2357 srcPort>36539 dst>fd10:43:100::2/21157 
02:01:57.850168 OFF flow>2357 srcPort>36539 dst>fd10:43:100::2/21157 
02:01:59.345890 SHUTDOWN flow>2358 srcPort>40373 dst>fd10:43:100::2/21158 
02:01:59.346279 OFF flow>2358 srcPort>40373 dst>fd10:43:100::2/21158 
02:01:59.350586 SHUTDOWN flow>2359 srcPort>43563 dst>fd10:43:100::2/21159 
02:01:59.350890 OFF flow>2359 srcPort>43563 dst>fd10:43:100::2/21159 
02:01:59.407489 SHUTDOWN flow>2360 srcPort>39933 dst>fd10:43:100::2/21160 
02:01:59.407808 OFF flow>2360 srcPort>39933 dst>fd10:43:100::2/21160 
02:01:59.467597 SHUTDOWN flow>2361 srcPort>36423 dst>fd10:43:100::2/21161 
02:01:59.467909 OFF flow>2361 srcPort>36423 dst>fd10:43:100::2/21161 
02:02:01.001389 SHUTDOWN flow>2362 srcPort>40623 dst>fd10:43:100::2/21162 
02:02:01.001772 OFF flow>2362 srcPort>40623 dst>fd10:43:100::2/21162 
02:02:01.047809 SHUTDOWN flow>2363 srcPort>38901 dst>fd10:43:100::2/21163 
02:02:01.048311 OFF flow>2363 srcPort>38901 dst>fd10:43:100::2/21163 
02:02:01.122801 SHUTDOWN flow>2364 srcPort>46533 dst>fd10:43:100::2/21164 
02:02:01.123122 OFF flow>2364 srcPort>46533 dst>fd10:43:100::2/21164 
02:02:01.223699 SHUTDOWN flow>2365 srcPort>37397 dst>fd10:43:100::2/21165 
02:02:01.224089 OFF flow>2365 srcPort>37397 dst>fd10:43:100::2/21165 
02:02:01.389991 SHUTDOWN flow>2366 srcPort>33473 dst>fd10:43:100::2/21166 
02:02:01.390481 OFF flow>2366 srcPort>33473 dst>fd10:43:100::2/21166 
02:02:01.568594 ON flow>2380 srcPort>42293 dst>fd10:43:100::2/21180 
02:02:01.568844 CONNECT flow>2380 srcPort>42293 dst>fd10:43:100::2/21180 
02:02:01.579686 SHUTDOWN flow>2367 srcPort>43829 dst>fd10:43:100::2/21167 
02:02:01.580031 OFF flow>2367 srcPort>43829 dst>fd10:43:100::2/21167 
02:02:01.602139 ON flow>2381 srcPort>42169 dst>fd10:43:100::2/21181 
02:02:01.602398 CONNECT flow>2381 srcPort>42169 dst>fd10:43:100::2/21181 
02:02:01.664888 SHUTDOWN flow>2368 srcPort>34211 dst>fd10:43:100::2/21168 
02:02:01.665273 OFF flow>2368 srcPort>34211 dst>fd10:43:100::2/21168 
02:02:01.725537 ON flow>2382 srcPort>40453 dst>fd10:43:100::2/21182 
02:02:01.725774 CONNECT flow>2382 srcPort>40453 dst>fd10:43:100::2/21182 
02:02:01.779393 SHUTDOWN flow>2369 srcPort>42927 dst>fd10:43:100::2/21169 
02:02:01.779753 OFF flow>2369 srcPort>42927 dst>fd10:43:100::2/21169 
02:02:01.794429 ON flow>2383 srcPort>34729 dst>fd10:43:100::2/21183 
02:02:01.794659 CONNECT flow>2383 srcPort>34729 dst>fd10:43:100::2/21183 
02:02:01.801362 ON flow>2384 srcPort>37975 dst>fd10:43:100::2/21184 
02:02:01.801593 CONNECT flow>2384 srcPort>37975 dst>fd10:43:100::2/21184 
02:02:01.823695 SHUTDOWN flow>2370 srcPort>45375 dst>fd10:43:100::2/21170 
02:02:01.824066 OFF flow>2370 srcPort>45375 dst>fd10:43:100::2/21170 
02:02:01.850266 ON flow>2385 srcPort>43099 dst>fd10:43:100::2/21185 
02:02:01.850494 CONNECT flow>2385 srcPort>43099 dst>fd10:43:100::2/21185 
02:02:01.853606 SHUTDOWN flow>2371 srcPort>34909 dst>fd10:43:100::2/21171 
02:02:01.854003 OFF flow>2371 srcPort>34909 dst>fd10:43:100::2/21171 
02:02:01.873699 SHUTDOWN flow>2372 srcPort>41857 dst>fd10:43:100::2/21172 
02:02:01.874026 OFF flow>2372 srcPort>41857 dst>fd10:43:100::2/21172 
02:02:01.900735 SHUTDOWN flow>2373 srcPort>42299 dst>fd10:43:100::2/21173 
02:02:01.901113 OFF flow>2373 srcPort>42299 dst>fd10:43:100::2/21173 
02:02:01.917789 SHUTDOWN flow>2374 srcPort>35677 dst>fd10:43:100::2/21174 
02:02:01.918139 OFF flow>2374 srcPort>35677 dst>fd10:43:100::2/21174 
02:02:02.003589 SHUTDOWN flow>2375 srcPort>36353 dst>fd10:43:100::2/21175 
02:02:02.003870 OFF flow>2375 srcPort>36353 dst>fd10:43:100::2/21175 
02:02:02.062696 SHUTDOWN flow>2376 srcPort>40115 dst>fd10:43:100::2/21176 
02:02:02.063039 OFF flow>2376 srcPort>40115 dst>fd10:43:100::2/21176 
02:02:02.065981 ON flow>2386 srcPort>34297 dst>fd10:43:100::2/21186 
02:02:02.066643 CONNECT flow>2386 srcPort>34297 dst>fd10:43:100::2/21186 
02:02:02.163543 ON flow>2387 srcPort>33259 dst>fd10:43:100::2/21187 
02:02:02.163825 CONNECT flow>2387 srcPort>33259 dst>fd10:43:100::2/21187 
02:02:02.212813 SHUTDOWN flow>2377 srcPort>40181 dst>fd10:43:100::2/21177 
02:02:02.213156 OFF flow>2377 srcPort>40181 dst>fd10:43:100::2/21177 
02:02:02.305513 SHUTDOWN flow>2378 srcPort>46825 dst>fd10:43:100::2/21178 
02:02:02.305985 OFF flow>2378 srcPort>46825 dst>fd10:43:100::2/21178 
02:02:02.325993 SHUTDOWN flow>2379 srcPort>34753 dst>fd10:43:100::2/21179 
02:02:02.326287 OFF flow>2379 srcPort>34753 dst>fd10:43:100::2/21179 
02:02:04.866384 ON flow>2388 srcPort>34739 dst>fd10:43:100::2/21188 
02:02:04.866686 CONNECT flow>2388 srcPort>34739 dst>fd10:43:100::2/21188 
02:02:04.917286 ON flow>2389 srcPort>34513 dst>fd10:43:100::2/21189 
02:02:04.917550 CONNECT flow>2389 srcPort>34513 dst>fd10:43:100::2/21189 
02:02:05.182716 ON flow>2390 srcPort>45025 dst>fd10:43:100::2/21190 
02:02:05.182992 CONNECT flow>2390 srcPort>45025 dst>fd10:43:100::2/21190 
02:02:05.228446 ON flow>2391 srcPort>46233 dst>fd10:43:100::2/21191 
02:02:05.228747 CONNECT flow>2391 srcPort>46233 dst>fd10:43:100::2/21191 
02:02:05.252843 ON flow>2392 srcPort>34239 dst>fd10:43:100::2/21192 
02:02:05.253109 CONNECT flow>2392 srcPort>34239 dst>fd10:43:100::2/21192 
02:02:05.320182 ON flow>2393 srcPort>42893 dst>fd10:43:100::2/21193 
02:02:05.320441 CONNECT flow>2393 srcPort>42893 dst>fd10:43:100::2/21193 
02:02:05.874824 ON flow>2394 srcPort>41953 dst>fd10:43:100::2/21194 
02:02:05.875072 CONNECT flow>2394 srcPort>41953 dst>fd10:43:100::2/21194 
02:02:06.028081 ON flow>2395 srcPort>44955 dst>fd10:43:100::2/21195 
02:02:06.028295 CONNECT flow>2395 srcPort>44955 dst>fd10:43:100::2/21195 
02:02:06.098436 ON flow>2396 srcPort>38701 dst>fd10:43:100::2/21196 
02:02:06.098688 CONNECT flow>2396 srcPort>38701 dst>fd10:43:100::2/21196 
02:02:06.368489 SHUTDOWN flow>2380 srcPort>42293 dst>fd10:43:100::2/21180 
02:02:06.368851 OFF flow>2380 srcPort>42293 dst>fd10:43:100::2/21180 
02:02:06.402098 SHUTDOWN flow>2381 srcPort>42169 dst>fd10:43:100::2/21181 
02:02:06.402536 OFF flow>2381 srcPort>42169 dst>fd10:43:100::2/21181 
02:02:06.525498 SHUTDOWN flow>2382 srcPort>40453 dst>fd10:43:100::2/21182 
02:02:06.525874 OFF flow>2382 srcPort>40453 dst>fd10:43:100::2/21182 
02:02:06.594402 SHUTDOWN flow>2383 srcPort>34729 dst>fd10:43:100::2/21183 
02:02:06.594744 OFF flow>2383 srcPort>34729 dst>fd10:43:100::2/21183 
02:02:06.601292 SHUTDOWN flow>2384 srcPort>37975 dst>fd10:43:100::2/21184 
02:02:06.601607 OFF flow>2384 srcPort>37975 dst>fd10:43:100::2/21184 
02:02:06.650198 SHUTDOWN flow>2385 srcPort>43099 dst>fd10:43:100::2/21185 
02:02:06.650602 OFF flow>2385 srcPort>43099 dst>fd10:43:100::2/21185 
02:02:06.865905 SHUTDOWN flow>2386 srcPort>34297 dst>fd10:43:100::2/21186 
02:02:06.866714 OFF flow>2386 srcPort>34297 dst>fd10:43:100::2/21186 
02:02:06.963498 SHUTDOWN flow>2387 srcPort>33259 dst>fd10:43:100::2/21187 
02:02:06.963907 OFF flow>2387 srcPort>33259 dst>fd10:43:100::2/21187 
02:02:07.182541 ON flow>2397 srcPort>36625 dst>fd10:43:100::2/21197 
02:02:07.182821 CONNECT flow>2397 srcPort>36625 dst>fd10:43:100::2/21197 
02:02:07.248316 ON flow>2398 srcPort>46729 dst>fd10:43:100::2/21198 
02:02:07.248576 CONNECT flow>2398 srcPort>46729 dst>fd10:43:100::2/21198 
02:02:07.342872 ON flow>2399 srcPort>35841 dst>fd10:43:100::2/21199 
02:02:07.343092 CONNECT flow>2399 srcPort>35841 dst>fd10:43:100::2/21199 
02:02:07.381578 ON flow>2400 srcPort>45743 dst>fd10:43:100::2/21200 
02:02:07.381814 CONNECT flow>2400 srcPort>45743 dst>fd10:43:100::2/21200 
02:02:07.499880 ON flow>2401 srcPort>39865 dst>fd10:43:100::2/21201 
02:02:07.500146 CONNECT flow>2401 srcPort>39865 dst>fd10:43:100::2/21201 
02:02:07.541561 ON flow>2402 srcPort>33567 dst>fd10:43:100::2/21202 
02:02:07.541808 CONNECT flow>2402 srcPort>33567 dst>fd10:43:100::2/21202 
02:02:08.106655 ON flow>2403 srcPort>33917 dst>fd10:43:100::2/21203 
02:02:08.106952 CONNECT flow>2403 srcPort>33917 dst>fd10:43:100::2/21203 
02:02:08.218171 ON flow>2404 srcPort>42657 dst>fd10:43:100::2/21204 
02:02:08.218428 CONNECT flow>2404 srcPort>42657 dst>fd10:43:100::2/21204 
02:02:08.373275 ON flow>2405 srcPort>33115 dst>fd10:43:100::2/21205 
02:02:08.373503 CONNECT flow>2405 srcPort>33115 dst>fd10:43:100::2/21205 
02:02:08.481776 ON flow>2406 srcPort>34245 dst>fd10:43:100::2/21206 
02:02:08.482053 CONNECT flow>2406 srcPort>34245 dst>fd10:43:100::2/21206 
02:02:09.399952 ON flow>2407 srcPort>38493 dst>fd10:43:100::2/21207 
02:02:09.400188 CONNECT flow>2407 srcPort>38493 dst>fd10:43:100::2/21207 
02:02:09.413868 ON flow>2408 srcPort>41697 dst>fd10:43:100::2/21208 
02:02:09.414133 CONNECT flow>2408 srcPort>41697 dst>fd10:43:100::2/21208 
02:02:09.487081 ON flow>2409 srcPort>38235 dst>fd10:43:100::2/21209 
02:02:09.487387 CONNECT flow>2409 srcPort>38235 dst>fd10:43:100::2/21209 
02:02:09.621362 ON flow>2410 srcPort>35907 dst>fd10:43:100::2/21210 
02:02:09.621564 CONNECT flow>2410 srcPort>35907 dst>fd10:43:100::2/21210 
02:02:09.666097 SHUTDOWN flow>2388 srcPort>34739 dst>fd10:43:100::2/21188 
02:02:09.666545 OFF flow>2388 srcPort>34739 dst>fd10:43:100::2/21188 
02:02:09.717193 SHUTDOWN flow>2389 srcPort>34513 dst>fd10:43:100::2/21189 
02:02:09.717514 OFF flow>2389 srcPort>34513 dst>fd10:43:100::2/21189 
02:02:09.763460 ON flow>2411 srcPort>40405 dst>fd10:43:100::2/21211 
02:02:09.763729 CONNECT flow>2411 srcPort>40405 dst>fd10:43:100::2/21211 
02:02:09.790669 ON flow>2412 srcPort>37253 dst>fd10:43:100::2/21212 
02:02:09.790858 CONNECT flow>2412 srcPort>37253 dst>fd10:43:100::2/21212 
02:02:09.797782 ON flow>2413 srcPort>46041 dst>fd10:43:100::2/21213 
02:02:09.798054 CONNECT flow>2413 srcPort>46041 dst>fd10:43:100::2/21213 
02:02:09.801573 ON flow>2414 srcPort>42205 dst>fd10:43:100::2/21214 
02:02:09.801807 CONNECT flow>2414 srcPort>42205 dst>fd10:43:100::2/21214 
02:02:09.842564 ON flow>2415 srcPort>40075 dst>fd10:43:100::2/21215 
02:02:09.842785 CONNECT flow>2415 srcPort>40075 dst>fd10:43:100::2/21215 
02:02:09.982595 SHUTDOWN flow>2390 srcPort>45025 dst>fd10:43:100::2/21190 
02:02:09.982978 OFF flow>2390 srcPort>45025 dst>fd10:43:100::2/21190 
02:02:10.013300 ON flow>2416 srcPort>41971 dst>fd10:43:100::2/21216 
02:02:10.013558 CONNECT flow>2416 srcPort>41971 dst>fd10:43:100::2/21216 
02:02:10.028404 SHUTDOWN flow>2391 srcPort>46233 dst>fd10:43:100::2/21191 
02:02:10.028796 OFF flow>2391 srcPort>46233 dst>fd10:43:100::2/21191 
02:02:10.052804 SHUTDOWN flow>2392 srcPort>34239 dst>fd10:43:100::2/21192 
02:02:10.053142 OFF flow>2392 srcPort>34239 dst>fd10:43:100::2/21192 
02:02:10.120118 SHUTDOWN flow>2393 srcPort>42893 dst>fd10:43:100::2/21193 
02:02:10.120462 OFF flow>2393 srcPort>42893 dst>fd10:43:100::2/21193 
02:02:10.674684 SHUTDOWN flow>2394 srcPort>41953 dst>fd10:43:100::2/21194 
02:02:10.675027 OFF flow>2394 srcPort>41953 dst>fd10:43:100::2/21194 
02:02:10.726016 ON flow>2417 srcPort>42111 dst>fd10:43:100::2/21217 
02:02:10.726388 CONNECT flow>2417 srcPort>42111 dst>fd10:43:100::2/21217 
02:02:10.827993 SHUTDOWN flow>2395 srcPort>44955 dst>fd10:43:100::2/21195 
02:02:10.828280 OFF flow>2395 srcPort>44955 dst>fd10:43:100::2/21195 
02:02:10.898391 SHUTDOWN flow>2396 srcPort>38701 dst>fd10:43:100::2/21196 
02:02:10.898695 OFF flow>2396 srcPort>38701 dst>fd10:43:100::2/21196 
02:02:11.948821 ON flow>2418 srcPort>33599 dst>fd10:43:100::2/21218 
02:02:11.949131 CONNECT flow>2418 srcPort>33599 dst>fd10:43:100::2/21218 
02:02:11.982393 SHUTDOWN flow>2397 srcPort>36625 dst>fd10:43:100::2/21197 
02:02:11.982711 OFF flow>2397 srcPort>36625 dst>fd10:43:100::2/21197 
02:02:12.048202 SHUTDOWN flow>2398 srcPort>46729 dst>fd10:43:100::2/21198 
02:02:12.048580 OFF flow>2398 srcPort>46729 dst>fd10:43:100::2/21198 
02:02:12.142796 SHUTDOWN flow>2399 srcPort>35841 dst>fd10:43:100::2/21199 
02:02:12.143239 OFF flow>2399 srcPort>35841 dst>fd10:43:100::2/21199 
02:02:12.146514 ON flow>2419 srcPort>45221 dst>fd10:43:100::2/21219 
02:02:12.146806 CONNECT flow>2419 srcPort>45221 dst>fd10:43:100::2/21219 
02:02:12.181501 SHUTDOWN flow>2400 srcPort>45743 dst>fd10:43:100::2/21200 
02:02:12.181881 OFF flow>2400 srcPort>45743 dst>fd10:43:100::2/21200 
02:02:12.187332 ON flow>2420 srcPort>46767 dst>fd10:43:100::2/21220 
02:02:12.187611 CONNECT flow>2420 srcPort>46767 dst>fd10:43:100::2/21220 
02:02:12.213059 ON flow>2421 srcPort>35917 dst>fd10:43:100::2/21221 
02:02:12.213313 CONNECT flow>2421 srcPort>35917 dst>fd10:43:100::2/21221 
02:02:12.277306 ON flow>2422 srcPort>37125 dst>fd10:43:100::2/21222 
02:02:12.277542 CONNECT flow>2422 srcPort>37125 dst>fd10:43:100::2/21222 
02:02:12.299802 SHUTDOWN flow>2401 srcPort>39865 dst>fd10:43:100::2/21201 
02:02:12.300161 OFF flow>2401 srcPort>39865 dst>fd10:43:100::2/21201 
02:02:12.341531 SHUTDOWN flow>2402 srcPort>33567 dst>fd10:43:100::2/21202 
02:02:12.342480 OFF flow>2402 srcPort>33567 dst>fd10:43:100::2/21202 
02:02:12.906512 SHUTDOWN flow>2403 srcPort>33917 dst>fd10:43:100::2/21203 
02:02:12.906956 OFF flow>2403 srcPort>33917 dst>fd10:43:100::2/21203 
02:02:13.018107 SHUTDOWN flow>2404 srcPort>42657 dst>fd10:43:100::2/21204 
02:02:13.018430 OFF flow>2404 srcPort>42657 dst>fd10:43:100::2/21204 
02:02:13.166885 ON flow>2423 srcPort>35581 dst>fd10:43:100::2/21223 
02:02:13.167185 CONNECT flow>2423 srcPort>35581 dst>fd10:43:100::2/21223 
02:02:13.173210 SHUTDOWN flow>2405 srcPort>33115 dst>fd10:43:100::2/21205 
02:02:13.173608 OFF flow>2405 srcPort>33115 dst>fd10:43:100::2/21205 
02:02:13.281728 SHUTDOWN flow>2406 srcPort>34245 dst>fd10:43:100::2/21206 
02:02:13.282079 OFF flow>2406 srcPort>34245 dst>fd10:43:100::2/21206 
02:02:13.420528 ON flow>2424 srcPort>39787 dst>fd10:43:100::2/21224 
02:02:13.420781 CONNECT flow>2424 srcPort>39787 dst>fd10:43:100::2/21224 
02:02:13.445111 ON flow>2425 srcPort>33141 dst>fd10:43:100::2/21225 
02:02:13.445652 CONNECT flow>2425 srcPort>33141 dst>fd10:43:100::2/21225 
02:02:13.647848 ON flow>2426 srcPort>44397 dst>fd10:43:100::2/21226 
02:02:13.648081 CONNECT flow>2426 srcPort>44397 dst>fd10:43:100::2/21226 
02:02:13.716789 ON flow>2427 srcPort>40061 dst>fd10:43:100::2/21227 
02:02:13.717085 CONNECT flow>2427 srcPort>40061 dst>fd10:43:100::2/21227 
02:02:14.021277 ON flow>2428 srcPort>43877 dst>fd10:43:100::2/21228 
02:02:14.021518 CONNECT flow>2428 srcPort>43877 dst>fd10:43:100::2/21228 
02:02:14.096484 ON flow>2429 srcPort>39951 dst>fd10:43:100::2/21229 
02:02:14.096727 CONNECT flow>2429 srcPort>39951 dst>fd10:43:100::2/21229 
02:02:14.171491 ON flow>2430 srcPort>41843 dst>fd10:43:100::2/21230 
02:02:14.171785 CONNECT flow>2430 srcPort>41843 dst>fd10:43:100::2/21230 
02:02:14.199797 SHUTDOWN flow>2407 srcPort>38493 dst>fd10:43:100::2/21207 
02:02:14.200136 OFF flow>2407 srcPort>38493 dst>fd10:43:100::2/21207 
02:02:14.213795 SHUTDOWN flow>2408 srcPort>41697 dst>fd10:43:100::2/21208 
02:02:14.214077 OFF flow>2408 srcPort>41697 dst>fd10:43:100::2/21208 
02:02:14.287013 SHUTDOWN flow>2409 srcPort>38235 dst>fd10:43:100::2/21209 
02:02:14.287333 OFF flow>2409 srcPort>38235 dst>fd10:43:100::2/21209 
02:02:14.379386 ON flow>2431 srcPort>34703 dst>fd10:43:100::2/21231 
02:02:14.379633 CONNECT flow>2431 srcPort>34703 dst>fd10:43:100::2/21231 
02:02:14.421295 SHUTDOWN flow>2410 srcPort>35907 dst>fd10:43:100::2/21210 
02:02:14.421808 OFF flow>2410 srcPort>35907 dst>fd10:43:100::2/21210 
02:02:14.563406 SHUTDOWN flow>2411 srcPort>40405 dst>fd10:43:100::2/21211 
02:02:14.563804 OFF flow>2411 srcPort>40405 dst>fd10:43:100::2/21211 
02:02:14.590622 SHUTDOWN flow>2412 srcPort>37253 dst>fd10:43:100::2/21212 
02:02:14.591039 OFF flow>2412 srcPort>37253 dst>fd10:43:100::2/21212 
02:02:14.597716 SHUTDOWN flow>2413 srcPort>46041 dst>fd10:43:100::2/21213 
02:02:14.598028 OFF flow>2413 srcPort>46041 dst>fd10:43:100::2/21213 
02:02:14.601519 SHUTDOWN flow>2414 srcPort>42205 dst>fd10:43:100::2/21214 
02:02:14.601787 OFF flow>2414 srcPort>42205 dst>fd10:43:100::2/21214 
02:02:14.642523 SHUTDOWN flow>2415 srcPort>40075 dst>fd10:43:100::2/21215 
02:02:14.642984 OFF flow>2415 srcPort>40075 dst>fd10:43:100::2/21215 
02:02:14.813225 SHUTDOWN flow>2416 srcPort>41971 dst>fd10:43:100::2/21216 
02:02:14.813611 OFF flow>2416 srcPort>41971 dst>fd10:43:100::2/21216 
02:02:15.525895 SHUTDOWN flow>2417 srcPort>42111 dst>fd10:43:100::2/21217 
02:02:15.526415 OFF flow>2417 srcPort>42111 dst>fd10:43:100::2/21217 
02:02:15.651846 ON flow>2432 srcPort>37701 dst>fd10:43:100::2/21232 
02:02:15.652141 CONNECT flow>2432 srcPort>37701 dst>fd10:43:100::2/21232 
02:02:15.670551 ON flow>2433 srcPort>36199 dst>fd10:43:100::2/21233 
02:02:15.670795 CONNECT flow>2433 srcPort>36199 dst>fd10:43:100::2/21233 
02:02:15.824497 ON flow>2434 srcPort>41699 dst>fd10:43:100::2/21234 
02:02:15.825278 CONNECT flow>2434 srcPort>41699 dst>fd10:43:100::2/21234 
02:02:15.969539 ON flow>2435 srcPort>43611 dst>fd10:43:100::2/21235 
02:02:15.969838 CONNECT flow>2435 srcPort>43611 dst>fd10:43:100::2/21235 
02:02:16.031018 ON flow>2436 srcPort>40869 dst>fd10:43:100::2/21236 
02:02:16.031318 CONNECT flow>2436 srcPort>40869 dst>fd10:43:100::2/21236 
02:02:16.366455 ON flow>2437 srcPort>40349 dst>fd10:43:100::2/21237 
02:02:16.366736 CONNECT flow>2437 srcPort>40349 dst>fd10:43:100::2/21237 
02:02:16.369159 ON flow>2438 srcPort>39397 dst>fd10:43:100::2/21238 
02:02:16.369402 CONNECT flow>2438 srcPort>39397 dst>fd10:43:100::2/21238 
02:02:16.400262 ON flow>2439 srcPort>44775 dst>fd10:43:100::2/21239 
02:02:16.400542 CONNECT flow>2439 srcPort>44775 dst>fd10:43:100::2/21239 
02:02:16.461755 ON flow>2440 srcPort>42001 dst>fd10:43:100::2/21240 
02:02:16.462014 CONNECT flow>2440 srcPort>42001 dst>fd10:43:100::2/21240 
02:02:16.467251 ON flow>2441 srcPort>46239 dst>fd10:43:100::2/21241 
02:02:16.467469 CONNECT flow>2441 srcPort>46239 dst>fd10:43:100::2/21241 
02:02:16.748710 SHUTDOWN flow>2418 srcPort>33599 dst>fd10:43:100::2/21218 
02:02:16.749119 OFF flow>2418 srcPort>33599 dst>fd10:43:100::2/21218 
02:02:16.946419 SHUTDOWN flow>2419 srcPort>45221 dst>fd10:43:100::2/21219 
02:02:16.946825 OFF flow>2419 srcPort>45221 dst>fd10:43:100::2/21219 
02:02:16.987324 SHUTDOWN flow>2420 srcPort>46767 dst>fd10:43:100::2/21220 
02:02:16.987752 OFF flow>2420 srcPort>46767 dst>fd10:43:100::2/21220 
02:02:17.013023 SHUTDOWN flow>2421 srcPort>35917 dst>fd10:43:100::2/21221 
02:02:17.013400 OFF flow>2421 srcPort>35917 dst>fd10:43:100::2/21221 
02:02:17.077221 SHUTDOWN flow>2422 srcPort>37125 dst>fd10:43:100::2/21222 
02:02:17.077579 OFF flow>2422 srcPort>37125 dst>fd10:43:100::2/21222 
02:02:17.491035 ON flow>2442 srcPort>39735 dst>fd10:43:100::2/21242 
02:02:17.491340 CONNECT flow>2442 srcPort>39735 dst>fd10:43:100::2/21242 
02:02:17.515253 ON flow>2443 srcPort>38431 dst>fd10:43:100::2/21243 
02:02:17.515483 CONNECT flow>2443 srcPort>38431 dst>fd10:43:100::2/21243 
02:02:17.680112 ON flow>2444 srcPort>38457 dst>fd10:43:100::2/21244 
02:02:17.680350 CONNECT flow>2444 srcPort>38457 dst>fd10:43:100::2/21244 
02:02:17.966741 SHUTDOWN flow>2423 srcPort>35581 dst>fd10:43:100::2/21223 
02:02:17.967128 OFF flow>2423 srcPort>35581 dst>fd10:43:100::2/21223 
02:02:18.006126 ON flow>2445 srcPort>36961 dst>fd10:43:100::2/21245 
02:02:18.006388 CONNECT flow>2445 srcPort>36961 dst>fd10:43:100::2/21245 
02:02:18.220450 SHUTDOWN flow>2424 srcPort>39787 dst>fd10:43:100::2/21224 
02:02:18.220813 OFF flow>2424 srcPort>39787 dst>fd10:43:100::2/21224 
02:02:18.245047 SHUTDOWN flow>2425 srcPort>33141 dst>fd10:43:100::2/21225 
02:02:18.245448 OFF flow>2425 srcPort>33141 dst>fd10:43:100::2/21225 
02:02:18.289948 ON flow>2446 srcPort>40787 dst>fd10:43:100::2/21246 
02:02:18.290633 CONNECT flow>2446 srcPort>40787 dst>fd10:43:100::2/21246 
02:02:18.447814 SHUTDOWN flow>2426 srcPort>44397 dst>fd10:43:100::2/21226 
02:02:18.448154 OFF flow>2426 srcPort>44397 dst>fd10:43:100::2/21226 
02:02:18.516706 SHUTDOWN flow>2427 srcPort>40061 dst>fd10:43:100::2/21227 
02:02:18.517125 OFF flow>2427 srcPort>40061 dst>fd10:43:100::2/21227 
02:02:18.821215 SHUTDOWN flow>2428 srcPort>43877 dst>fd10:43:100::2/21228 
02:02:18.821556 OFF flow>2428 srcPort>43877 dst>fd10:43:100::2/21228 
02:02:18.855226 ON flow>2447 srcPort>34009 dst>fd10:43:100::2/21247 
02:02:18.855482 CONNECT flow>2447 srcPort>34009 dst>fd10:43:100::2/21247 
02:02:18.896422 SHUTDOWN flow>2429 srcPort>39951 dst>fd10:43:100::2/21229 
02:02:18.896733 OFF flow>2429 srcPort>39951 dst>fd10:43:100::2/21229 
02:02:18.970131 ON flow>2448 srcPort>38369 dst>fd10:43:100::2/21248 
02:02:18.970347 CONNECT flow>2448 srcPort>38369 dst>fd10:43:100::2/21248 
02:02:18.971420 SHUTDOWN flow>2430 srcPort>41843 dst>fd10:43:100::2/21230 
02:02:18.971710 OFF flow>2430 srcPort>41843 dst>fd10:43:100::2/21230 
02:02:19.010082 ON flow>2449 srcPort>41817 dst>fd10:43:100::2/21249 
02:02:19.010348 CONNECT flow>2449 srcPort>41817 dst>fd10:43:100::2/21249 
02:02:19.053271 ON flow>2450 srcPort>41357 dst>fd10:43:100::2/21250 
02:02:19.053514 CONNECT flow>2450 srcPort>41357 dst>fd10:43:100::2/21250 
02:02:19.179320 SHUTDOWN flow>2431 srcPort>34703 dst>fd10:43:100::2/21231 
02:02:19.179783 OFF flow>2431 srcPort>34703 dst>fd10:43:100::2/21231 
02:02:20.451613 SHUTDOWN flow>2432 srcPort>37701 dst>fd10:43:100::2/21232 
02:02:20.452200 OFF flow>2432 srcPort>37701 dst>fd10:43:100::2/21232 
02:02:20.470515 SHUTDOWN flow>2433 srcPort>36199 dst>fd10:43:100::2/21233 
02:02:20.470851 OFF flow>2433 srcPort>36199 dst>fd10:43:100::2/21233 
02:02:20.624319 SHUTDOWN flow>2434 srcPort>41699 dst>fd10:43:100::2/21234 
02:02:20.624714 OFF flow>2434 srcPort>41699 dst>fd10:43:100::2/21234 
02:02:20.745473 ON flow>2451 srcPort>41457 dst>fd10:43:100::2/21251 
02:02:20.745753 CONNECT flow>2451 srcPort>41457 dst>fd10:43:100::2/21251 
02:02:20.769414 SHUTDOWN flow>2435 srcPort>43611 dst>fd10:43:100::2/21235 
02:02:20.769723 OFF flow>2435 srcPort>43611 dst>fd10:43:100::2/21235 
02:02:20.830920 SHUTDOWN flow>2436 srcPort>40869 dst>fd10:43:100::2/21236 
02:02:20.831460 OFF flow>2436 srcPort>40869 dst>fd10:43:100::2/21236 
02:02:21.086426 ON flow>2452 srcPort>44883 dst>fd10:43:100::2/21252 
02:02:21.086685 CONNECT flow>2452 srcPort>44883 dst>fd10:43:100::2/21252 
02:02:21.166340 SHUTDOWN flow>2437 srcPort>40349 dst>fd10:43:100::2/21237 
02:02:21.166761 OFF flow>2437 srcPort>40349 dst>fd10:43:100::2/21237 
02:02:21.169121 SHUTDOWN flow>2438 srcPort>39397 dst>fd10:43:100::2/21238 
02:02:21.169850 OFF flow>2438 srcPort>39397 dst>fd10:43:100::2/21238 
02:02:21.200225 SHUTDOWN flow>2439 srcPort>44775 dst>fd10:43:100::2/21239 
02:02:21.200674 OFF flow>2439 srcPort>44775 dst>fd10:43:100::2/21239 
02:02:21.261626 SHUTDOWN flow>2440 srcPort>42001 dst>fd10:43:100::2/21240 
02:02:21.261939 OFF flow>2440 srcPort>42001 dst>fd10:43:100::2/21240 
02:02:21.267129 SHUTDOWN flow>2441 srcPort>46239 dst>fd10:43:100::2/21241 
02:02:21.267540 OFF flow>2441 srcPort>46239 dst>fd10:43:100::2/21241 
02:02:21.806525 ON flow>2453 srcPort>40881 dst>fd10:43:100::2/21253 
02:02:21.806792 CONNECT flow>2453 srcPort>40881 dst>fd10:43:100::2/21253 
02:02:21.919189 ON flow>2454 srcPort>36243 dst>fd10:43:100::2/21254 
02:02:21.919443 CONNECT flow>2454 srcPort>36243 dst>fd10:43:100::2/21254 
02:02:22.011162 ON flow>2455 srcPort>45905 dst>fd10:43:100::2/21255 
02:02:22.011399 CONNECT flow>2455 srcPort>45905 dst>fd10:43:100::2/21255 
02:02:22.068382 ON flow>2456 srcPort>37883 dst>fd10:43:100::2/21256 
02:02:22.068603 CONNECT flow>2456 srcPort>37883 dst>fd10:43:100::2/21256 
02:02:22.290908 SHUTDOWN flow>2442 srcPort>39735 dst>fd10:43:100::2/21242 
02:02:22.291269 OFF flow>2442 srcPort>39735 dst>fd10:43:100::2/21242 
02:02:22.315213 SHUTDOWN flow>2443 srcPort>38431 dst>fd10:43:100::2/21243 
02:02:22.315643 OFF flow>2443 srcPort>38431 dst>fd10:43:100::2/21243 
02:02:22.480038 SHUTDOWN flow>2444 srcPort>38457 dst>fd10:43:100::2/21244 
02:02:22.480323 OFF flow>2444 srcPort>38457 dst>fd10:43:100::2/21244 
02:02:22.806013 SHUTDOWN flow>2445 srcPort>36961 dst>fd10:43:100::2/21245 
02:02:22.806424 OFF flow>2445 srcPort>36961 dst>fd10:43:100::2/21245 
02:02:23.089816 SHUTDOWN flow>2446 srcPort>40787 dst>fd10:43:100::2/21246 
02:02:23.090271 OFF flow>2446 srcPort>40787 dst>fd10:43:100::2/21246 
02:02:23.352839 ON flow>2457 srcPort>32769 dst>fd10:43:100::2/21257 
02:02:23.353086 CONNECT flow>2457 srcPort>32769 dst>fd10:43:100::2/21257 
02:02:23.655116 SHUTDOWN flow>2447 srcPort>34009 dst>fd10:43:100::2/21247 
02:02:23.655470 OFF flow>2447 srcPort>34009 dst>fd10:43:100::2/21247 
02:02:23.770013 SHUTDOWN flow>2448 srcPort>38369 dst>fd10:43:100::2/21248 
02:02:23.770311 OFF flow>2448 srcPort>38369 dst>fd10:43:100::2/21248 
02:02:23.810019 SHUTDOWN flow>2449 srcPort>41817 dst>fd10:43:100::2/21249 
02:02:23.810396 OFF flow>2449 srcPort>41817 dst>fd10:43:100::2/21249 
02:02:23.853216 SHUTDOWN flow>2450 srcPort>41357 dst>fd10:43:100::2/21250 
02:02:23.853540 OFF flow>2450 srcPort>41357 dst>fd10:43:100::2/21250 
02:02:23.898451 ON flow>2458 srcPort>40903 dst>fd10:43:100::2/21258 
02:02:23.898738 CONNECT flow>2458 srcPort>40903 dst>fd10:43:100::2/21258 
02:02:23.942824 ON flow>2459 srcPort>33437 dst>fd10:43:100::2/21259 
02:02:23.943107 CONNECT flow>2459 srcPort>33437 dst>fd10:43:100::2/21259 
02:02:24.299655 ON flow>2460 srcPort>44751 dst>fd10:43:100::2/21260 
02:02:24.299892 CONNECT flow>2460 srcPort>44751 dst>fd10:43:100::2/21260 
02:02:25.545320 SHUTDOWN flow>2451 srcPort>41457 dst>fd10:43:100::2/21251 
02:02:25.545755 OFF flow>2451 srcPort>41457 dst>fd10:43:100::2/21251 
02:02:25.684394 ON flow>2461 srcPort>38219 dst>fd10:43:100::2/21261 
02:02:25.684665 CONNECT flow>2461 srcPort>38219 dst>fd10:43:100::2/21261 
02:02:25.886319 SHUTDOWN flow>2452 srcPort>44883 dst>fd10:43:100::2/21252 
02:02:25.886741 OFF flow>2452 srcPort>44883 dst>fd10:43:100::2/21252 
02:02:25.930960 ON flow>2462 srcPort>46323 dst>fd10:43:100::2/21262 
02:02:25.931262 CONNECT flow>2462 srcPort>46323 dst>fd10:43:100::2/21262 
02:02:26.107227 ON flow>2463 srcPort>42769 dst>fd10:43:100::2/21263 
02:02:26.107482 CONNECT flow>2463 srcPort>42769 dst>fd10:43:100::2/21263 
02:02:26.488327 ON flow>2464 srcPort>45211 dst>fd10:43:100::2/21264 
02:02:26.488595 CONNECT flow>2464 srcPort>45211 dst>fd10:43:100::2/21264 
02:02:26.499098 ON flow>2465 srcPort>38459 dst>fd10:43:100::2/21265 
02:02:26.499332 CONNECT flow>2465 srcPort>38459 dst>fd10:43:100::2/21265 
02:02:26.508284 ON flow>2466 srcPort>41077 dst>fd10:43:100::2/21266 
02:02:26.508567 CONNECT flow>2466 srcPort>41077 dst>fd10:43:100::2/21266 
02:02:26.533593 ON flow>2467 srcPort>41987 dst>fd10:43:100::2/21267 
02:02:26.533816 CONNECT flow>2467 srcPort>41987 dst>fd10:43:100::2/21267 
02:02:26.592689 ON flow>2468 srcPort>45003 dst>fd10:43:100::2/21268 
02:02:26.592943 CONNECT flow>2468 srcPort>45003 dst>fd10:43:100::2/21268 
02:02:26.606416 SHUTDOWN flow>2453 srcPort>40881 dst>fd10:43:100::2/21253 
02:02:26.606722 OFF flow>2453 srcPort>40881 dst>fd10:43:100::2/21253 
02:02:26.677892 ON flow>2469 srcPort>42007 dst>fd10:43:100::2/21269 
02:02:26.678131 CONNECT flow>2469 srcPort>42007 dst>fd10:43:100::2/21269 
02:02:26.691644 ON flow>2470 srcPort>45231 dst>fd10:43:100::2/21270 
02:02:26.691876 CONNECT flow>2470 srcPort>45231 dst>fd10:43:100::2/21270 
02:02:26.718257 ON flow>2471 srcPort>38205 dst>fd10:43:100::2/21271 
02:02:26.718497 CONNECT flow>2471 srcPort>38205 dst>fd10:43:100::2/21271 
02:02:26.719116 SHUTDOWN flow>2454 srcPort>36243 dst>fd10:43:100::2/21254 
02:02:26.719420 OFF flow>2454 srcPort>36243 dst>fd10:43:100::2/21254 
02:02:26.734748 ON flow>2472 srcPort>44547 dst>fd10:43:100::2/21272 
02:02:26.734994 CONNECT flow>2472 srcPort>44547 dst>fd10:43:100::2/21272 
02:02:26.761611 ON flow>2473 srcPort>45595 dst>fd10:43:100::2/21273 
02:02:26.761835 CONNECT flow>2473 srcPort>45595 dst>fd10:43:100::2/21273 
02:02:26.798394 ON flow>2474 srcPort>38125 dst>fd10:43:100::2/21274 
02:02:26.798651 CONNECT flow>2474 srcPort>38125 dst>fd10:43:100::2/21274 
02:02:26.811143 SHUTDOWN flow>2455 srcPort>45905 dst>fd10:43:100::2/21255 
02:02:26.811504 OFF flow>2455 srcPort>45905 dst>fd10:43:100::2/21255 
02:02:26.868319 SHUTDOWN flow>2456 srcPort>37883 dst>fd10:43:100::2/21256 
02:02:26.868727 OFF flow>2456 srcPort>37883 dst>fd10:43:100::2/21256 
02:02:28.152713 SHUTDOWN flow>2457 srcPort>32769 dst>fd10:43:100::2/21257 
02:02:28.153122 OFF flow>2457 srcPort>32769 dst>fd10:43:100::2/21257 
02:02:28.698330 SHUTDOWN flow>2458 srcPort>40903 dst>fd10:43:100::2/21258 
02:02:28.698829 OFF flow>2458 srcPort>40903 dst>fd10:43:100::2/21258 
02:02:28.742739 SHUTDOWN flow>2459 srcPort>33437 dst>fd10:43:100::2/21259 
02:02:28.743064 OFF flow>2459 srcPort>33437 dst>fd10:43:100::2/21259 
02:02:29.099529 SHUTDOWN flow>2460 srcPort>44751 dst>fd10:43:100::2/21260 
02:02:29.099969 OFF flow>2460 srcPort>44751 dst>fd10:43:100::2/21260 
02:02:29.276729 ON flow>2475 srcPort>42407 dst>fd10:43:100::2/21275 
02:02:29.276995 CONNECT flow>2475 srcPort>42407 dst>fd10:43:100::2/21275 
02:02:29.355791 ON flow>2476 srcPort>43237 dst>fd10:43:100::2/21276 
02:02:29.356060 CONNECT flow>2476 srcPort>43237 dst>fd10:43:100::2/21276 
02:02:29.368336 ON flow>2477 srcPort>45171 dst>fd10:43:100::2/21277 
02:02:29.368745 CONNECT flow>2477 srcPort>45171 dst>fd10:43:100::2/21277 
02:02:29.378061 ON flow>2478 srcPort>39221 dst>fd10:43:100::2/21278 
02:02:29.378418 CONNECT flow>2478 srcPort>39221 dst>fd10:43:100::2/21278 
02:02:29.384093 ON flow>2479 srcPort>45969 dst>fd10:43:100::2/21279 
02:02:29.384301 CONNECT flow>2479 srcPort>45969 dst>fd10:43:100::2/21279 
02:02:29.388169 ON flow>2480 srcPort>45283 dst>fd10:43:100::2/21280 
02:02:29.388443 CONNECT flow>2480 srcPort>45283 dst>fd10:43:100::2/21280 
02:02:29.396268 ON flow>2481 srcPort>35151 dst>fd10:43:100::2/21281 
02:02:29.396498 CONNECT flow>2481 srcPort>35151 dst>fd10:43:100::2/21281 
02:02:29.506659 ON flow>2482 srcPort>39205 dst>fd10:43:100::2/21282 
02:02:29.506888 CONNECT flow>2482 srcPort>39205 dst>fd10:43:100::2/21282 
02:02:29.589567 ON flow>2483 srcPort>34675 dst>fd10:43:100::2/21283 
02:02:29.589824 CONNECT flow>2483 srcPort>34675 dst>fd10:43:100::2/21283 
02:02:29.674071 ON flow>2484 srcPort>39027 dst>fd10:43:100::2/21284 
02:02:29.674315 CONNECT flow>2484 srcPort>39027 dst>fd10:43:100::2/21284 
02:02:30.484110 SHUTDOWN flow>2461 srcPort>38219 dst>fd10:43:100::2/21261 
02:02:30.484549 OFF flow>2461 srcPort>38219 dst>fd10:43:100::2/21261 
02:02:30.730844 SHUTDOWN flow>2462 srcPort>46323 dst>fd10:43:100::2/21262 
02:02:30.731325 OFF flow>2462 srcPort>46323 dst>fd10:43:100::2/21262 
02:02:30.907142 SHUTDOWN flow>2463 srcPort>42769 dst>fd10:43:100::2/21263 
02:02:30.907554 OFF flow>2463 srcPort>42769 dst>fd10:43:100::2/21263 
02:02:31.288246 SHUTDOWN flow>2464 srcPort>45211 dst>fd10:43:100::2/21264 
02:02:31.288635 OFF flow>2464 srcPort>45211 dst>fd10:43:100::2/21264 
02:02:31.299037 SHUTDOWN flow>2465 srcPort>38459 dst>fd10:43:100::2/21265 
02:02:31.299459 OFF flow>2465 srcPort>38459 dst>fd10:43:100::2/21265 
02:02:31.308239 SHUTDOWN flow>2466 srcPort>41077 dst>fd10:43:100::2/21266 
02:02:31.308527 OFF flow>2466 srcPort>41077 dst>fd10:43:100::2/21266 
02:02:31.333539 SHUTDOWN flow>2467 srcPort>41987 dst>fd10:43:100::2/21267 
02:02:31.333872 OFF flow>2467 srcPort>41987 dst>fd10:43:100::2/21267 
02:02:31.392646 SHUTDOWN flow>2468 srcPort>45003 dst>fd10:43:100::2/21268 
02:02:31.393022 OFF flow>2468 srcPort>45003 dst>fd10:43:100::2/21268 
02:02:31.477846 SHUTDOWN flow>2469 srcPort>42007 dst>fd10:43:100::2/21269 
02:02:31.478356 OFF flow>2469 srcPort>42007 dst>fd10:43:100::2/21269 
02:02:31.491544 SHUTDOWN flow>2470 srcPort>45231 dst>fd10:43:100::2/21270 
02:02:31.491886 OFF flow>2470 srcPort>45231 dst>fd10:43:100::2/21270 
02:02:31.518148 SHUTDOWN flow>2471 srcPort>38205 dst>fd10:43:100::2/21271 
02:02:31.518507 OFF flow>2471 srcPort>38205 dst>fd10:43:100::2/21271 
02:02:31.534649 SHUTDOWN flow>2472 srcPort>44547 dst>fd10:43:100::2/21272 
02:02:31.535108 OFF flow>2472 srcPort>44547 dst>fd10:43:100::2/21272 
02:02:31.561553 SHUTDOWN flow>2473 srcPort>45595 dst>fd10:43:100::2/21273 
02:02:31.561860 OFF flow>2473 srcPort>45595 dst>fd10:43:100::2/21273 
02:02:31.598354 SHUTDOWN flow>2474 srcPort>38125 dst>fd10:43:100::2/21274 
02:02:31.598723 OFF flow>2474 srcPort>38125 dst>fd10:43:100::2/21274 
02:02:31.894036 ON flow>2485 srcPort>44715 dst>fd10:43:100::2/21285 
02:02:31.894289 CONNECT flow>2485 srcPort>44715 dst>fd10:43:100::2/21285 
02:02:32.146854 ON flow>2486 srcPort>40041 dst>fd10:43:100::2/21286 
02:02:32.147129 CONNECT flow>2486 srcPort>40041 dst>fd10:43:100::2/21286 
02:02:34.076625 SHUTDOWN flow>2475 srcPort>42407 dst>fd10:43:100::2/21275 
02:02:34.077089 OFF flow>2475 srcPort>42407 dst>fd10:43:100::2/21275 
02:02:34.155523 SHUTDOWN flow>2476 srcPort>43237 dst>fd10:43:100::2/21276 
02:02:34.155915 OFF flow>2476 srcPort>43237 dst>fd10:43:100::2/21276 
02:02:34.168216 SHUTDOWN flow>2477 srcPort>45171 dst>fd10:43:100::2/21277 
02:02:34.168693 OFF flow>2477 srcPort>45171 dst>fd10:43:100::2/21277 
02:02:34.178033 SHUTDOWN flow>2478 srcPort>39221 dst>fd10:43:100::2/21278 
02:02:34.178345 OFF flow>2478 srcPort>39221 dst>fd10:43:100::2/21278 
02:02:34.184029 SHUTDOWN flow>2479 srcPort>45969 dst>fd10:43:100::2/21279 
02:02:34.184348 OFF flow>2479 srcPort>45969 dst>fd10:43:100::2/21279 
02:02:34.188120 SHUTDOWN flow>2480 srcPort>45283 dst>fd10:43:100::2/21280 
02:02:34.188428 OFF flow>2480 srcPort>45283 dst>fd10:43:100::2/21280 
02:02:34.196217 SHUTDOWN flow>2481 srcPort>35151 dst>fd10:43:100::2/21281 
02:02:34.196510 OFF flow>2481 srcPort>35151 dst>fd10:43:100::2/21281 
02:02:34.306544 SHUTDOWN flow>2482 srcPort>39205 dst>fd10:43:100::2/21282 
02:02:34.307295 OFF flow>2482 srcPort>39205 dst>fd10:43:100::2/21282 
02:02:34.389520 SHUTDOWN flow>2483 srcPort>34675 dst>fd10:43:100::2/21283 
02:02:34.389844 OFF flow>2483 srcPort>34675 dst>fd10:43:100::2/21283 
02:02:34.474025 SHUTDOWN flow>2484 srcPort>39027 dst>fd10:43:100::2/21284 
02:02:34.474411 OFF flow>2484 srcPort>39027 dst>fd10:43:100::2/21284 
02:02:35.972989 ON flow>2487 srcPort>44465 dst>fd10:43:100::2/21287 
02:02:35.973238 CONNECT flow>2487 srcPort>44465 dst>fd10:43:100::2/21287 
02:02:36.175396 ON flow>2488 srcPort>41531 dst>fd10:43:100::2/21288 
02:02:36.175656 CONNECT flow>2488 srcPort>41531 dst>fd10:43:100::2/21288 
02:02:36.392977 ON flow>2489 srcPort>36007 dst>fd10:43:100::2/21289 
02:02:36.393613 CONNECT flow>2489 srcPort>36007 dst>fd10:43:100::2/21289 
02:02:36.693930 SHUTDOWN flow>2485 srcPort>44715 dst>fd10:43:100::2/21285 
02:02:36.694287 OFF flow>2485 srcPort>44715 dst>fd10:43:100::2/21285 
02:02:36.946630 SHUTDOWN flow>2486 srcPort>40041 dst>fd10:43:100::2/21286 
02:02:36.947013 OFF flow>2486 srcPort>40041 dst>fd10:43:100::2/21286 
02:02:37.135117 ON flow>2490 srcPort>34855 dst>fd10:43:100::2/21290 
02:02:37.135355 CONNECT flow>2490 srcPort>34855 dst>fd10:43:100::2/21290 
02:02:37.150820 ON flow>2491 srcPort>45135 dst>fd10:43:100::2/21291 
02:02:37.151122 CONNECT flow>2491 srcPort>45135 dst>fd10:43:100::2/21291 
02:02:37.209922 ON flow>2492 srcPort>40747 dst>fd10:43:100::2/21292 
02:02:37.210223 CONNECT flow>2492 srcPort>40747 dst>fd10:43:100::2/21292 
02:02:37.240062 ON flow>2493 srcPort>41037 dst>fd10:43:100::2/21293 
02:02:37.240309 CONNECT flow>2493 srcPort>41037 dst>fd10:43:100::2/21293 
02:02:37.373173 ON flow>2494 srcPort>42677 dst>fd10:43:100::2/21294 
02:02:37.373485 CONNECT flow>2494 srcPort>42677 dst>fd10:43:100::2/21294 
02:02:37.974095 ON flow>2495 srcPort>42337 dst>fd10:43:100::2/21295 
02:02:37.974403 CONNECT flow>2495 srcPort>42337 dst>fd10:43:100::2/21295 
02:02:37.997405 ON flow>2496 srcPort>40343 dst>fd10:43:100::2/21296 
02:02:37.997614 CONNECT flow>2496 srcPort>40343 dst>fd10:43:100::2/21296 
02:02:38.001562 ON flow>2497 srcPort>38695 dst>fd10:43:100::2/21297 
02:02:38.001791 CONNECT flow>2497 srcPort>38695 dst>fd10:43:100::2/21297 
02:02:38.003788 ON flow>2498 srcPort>35351 dst>fd10:43:100::2/21298 
02:02:38.004034 CONNECT flow>2498 srcPort>35351 dst>fd10:43:100::2/21298 
02:02:38.007961 ON flow>2499 srcPort>33943 dst>fd10:43:100::2/21299 
02:02:38.008214 CONNECT flow>2499 srcPort>33943 dst>fd10:43:100::2/21299 
02:02:38.109369 ON flow>2500 srcPort>41665 dst>fd10:43:100::2/21300 
02:02:38.109630 CONNECT flow>2500 srcPort>41665 dst>fd10:43:100::2/21300 
02:02:38.119575 ON flow>2501 srcPort>37239 dst>fd10:43:100::2/21301 
02:02:38.119803 CONNECT flow>2501 srcPort>37239 dst>fd10:43:100::2/21301 
02:02:38.253774 ON flow>2502 srcPort>43723 dst>fd10:43:100::2/21302 
02:02:38.254000 CONNECT flow>2502 srcPort>43723 dst>fd10:43:100::2/21302 
02:02:39.248372 ON flow>2503 srcPort>39373 dst>fd10:43:100::2/21303 
02:02:39.248609 CONNECT flow>2503 srcPort>39373 dst>fd10:43:100::2/21303 
02:02:40.269331 ON flow>2504 srcPort>40069 dst>fd10:43:100::2/21304 
02:02:40.269632 CONNECT flow>2504 srcPort>40069 dst>fd10:43:100::2/21304 
02:02:40.328722 ON flow>2505 srcPort>35401 dst>fd10:43:100::2/21305 
02:02:40.328970 CONNECT flow>2505 srcPort>35401 dst>fd10:43:100::2/21305 
02:02:40.343371 ON flow>2506 srcPort>38937 dst>fd10:43:100::2/21306 
02:02:40.343623 CONNECT flow>2506 srcPort>38937 dst>fd10:43:100::2/21306 
02:02:40.344169 ON flow>2507 srcPort>40189 dst>fd10:43:100::2/21307 
02:02:40.344380 CONNECT flow>2507 srcPort>40189 dst>fd10:43:100::2/21307 
02:02:40.372890 ON flow>2508 srcPort>44733 dst>fd10:43:100::2/21308 
02:02:40.373149 CONNECT flow>2508 srcPort>44733 dst>fd10:43:100::2/21308 
02:02:40.398011 ON flow>2509 srcPort>40143 dst>fd10:43:100::2/21309 
02:02:40.398225 CONNECT flow>2509 srcPort>40143 dst>fd10:43:100::2/21309 
02:02:40.444190 ON flow>2510 srcPort>41543 dst>fd10:43:100::2/21310 
02:02:40.444454 CONNECT flow>2510 srcPort>41543 dst>fd10:43:100::2/21310 
02:02:40.500496 ON flow>2511 srcPort>45609 dst>fd10:43:100::2/21311 
02:02:40.500717 CONNECT flow>2511 srcPort>45609 dst>fd10:43:100::2/21311 
02:02:40.512594 ON flow>2512 srcPort>37323 dst>fd10:43:100::2/21312 
02:02:40.512842 CONNECT flow>2512 srcPort>37323 dst>fd10:43:100::2/21312 
02:02:40.554193 ON flow>2513 srcPort>35437 dst>fd10:43:100::2/21313 
02:02:40.554527 CONNECT flow>2513 srcPort>35437 dst>fd10:43:100::2/21313 
02:02:40.662974 ON flow>2514 srcPort>42365 dst>fd10:43:100::2/21314 
02:02:40.663196 CONNECT flow>2514 srcPort>42365 dst>fd10:43:100::2/21314 
02:02:40.772722 SHUTDOWN flow>2487 srcPort>44465 dst>fd10:43:100::2/21287 
02:02:40.773159 OFF flow>2487 srcPort>44465 dst>fd10:43:100::2/21287 
02:02:40.975324 SHUTDOWN flow>2488 srcPort>41531 dst>fd10:43:100::2/21288 
02:02:40.975768 OFF flow>2488 srcPort>41531 dst>fd10:43:100::2/21288 
02:02:41.008217 ON flow>2515 srcPort>35747 dst>fd10:43:100::2/21315 
02:02:41.008513 CONNECT flow>2515 srcPort>35747 dst>fd10:43:100::2/21315 
02:02:41.192927 SHUTDOWN flow>2489 srcPort>36007 dst>fd10:43:100::2/21289 
02:02:41.193392 OFF flow>2489 srcPort>36007 dst>fd10:43:100::2/21289 
02:02:41.934927 SHUTDOWN flow>2490 srcPort>34855 dst>fd10:43:100::2/21290 
02:02:41.935364 OFF flow>2490 srcPort>34855 dst>fd10:43:100::2/21290 
02:02:41.950725 SHUTDOWN flow>2491 srcPort>45135 dst>fd10:43:100::2/21291 
02:02:41.951031 OFF flow>2491 srcPort>45135 dst>fd10:43:100::2/21291 
02:02:42.009824 SHUTDOWN flow>2492 srcPort>40747 dst>fd10:43:100::2/21292 
02:02:42.010125 OFF flow>2492 srcPort>40747 dst>fd10:43:100::2/21292 
02:02:42.040047 SHUTDOWN flow>2493 srcPort>41037 dst>fd10:43:100::2/21293 
02:02:42.040452 OFF flow>2493 srcPort>41037 dst>fd10:43:100::2/21293 
02:02:42.173120 SHUTDOWN flow>2494 srcPort>42677 dst>fd10:43:100::2/21294 
02:02:42.173445 OFF flow>2494 srcPort>42677 dst>fd10:43:100::2/21294 
02:02:42.756973 ON flow>2516 srcPort>44575 dst>fd10:43:100::2/21316 
02:02:42.757234 CONNECT flow>2516 srcPort>44575 dst>fd10:43:100::2/21316 
02:02:42.762121 ON flow>2517 srcPort>38725 dst>fd10:43:100::2/21317 
02:02:42.762393 CONNECT flow>2517 srcPort>38725 dst>fd10:43:100::2/21317 
02:02:42.770574 ON flow>2518 srcPort>41805 dst>fd10:43:100::2/21318 
02:02:42.770804 CONNECT flow>2518 srcPort>41805 dst>fd10:43:100::2/21318 
02:02:42.774022 SHUTDOWN flow>2495 srcPort>42337 dst>fd10:43:100::2/21295 
02:02:42.774347 OFF flow>2495 srcPort>42337 dst>fd10:43:100::2/21295 
02:02:42.794682 ON flow>2519 srcPort>45209 dst>fd10:43:100::2/21319 
02:02:42.794905 CONNECT flow>2519 srcPort>45209 dst>fd10:43:100::2/21319 
02:02:42.797345 SHUTDOWN flow>2496 srcPort>40343 dst>fd10:43:100::2/21296 
02:02:42.797647 OFF flow>2496 srcPort>40343 dst>fd10:43:100::2/21296 
02:02:42.801519 SHUTDOWN flow>2497 srcPort>38695 dst>fd10:43:100::2/21297 
02:02:42.801846 OFF flow>2497 srcPort>38695 dst>fd10:43:100::2/21297 
02:02:42.803724 SHUTDOWN flow>2498 srcPort>35351 dst>fd10:43:100::2/21298 
02:02:42.804006 OFF flow>2498 srcPort>35351 dst>fd10:43:100::2/21298 
02:02:42.807919 SHUTDOWN flow>2499 srcPort>33943 dst>fd10:43:100::2/21299 
02:02:42.808336 OFF flow>2499 srcPort>33943 dst>fd10:43:100::2/21299 
02:02:42.909329 SHUTDOWN flow>2500 srcPort>41665 dst>fd10:43:100::2/21300 
02:02:42.909645 OFF flow>2500 srcPort>41665 dst>fd10:43:100::2/21300 
02:02:42.919526 SHUTDOWN flow>2501 srcPort>37239 dst>fd10:43:100::2/21301 
02:02:42.919831 OFF flow>2501 srcPort>37239 dst>fd10:43:100::2/21301 
02:02:43.053735 SHUTDOWN flow>2502 srcPort>43723 dst>fd10:43:100::2/21302 
02:02:43.054043 OFF flow>2502 srcPort>43723 dst>fd10:43:100::2/21302 
02:02:44.048234 SHUTDOWN flow>2503 srcPort>39373 dst>fd10:43:100::2/21303 
02:02:44.048747 OFF flow>2503 srcPort>39373 dst>fd10:43:100::2/21303 
02:02:45.069143 SHUTDOWN flow>2504 srcPort>40069 dst>fd10:43:100::2/21304 
02:02:45.069612 OFF flow>2504 srcPort>40069 dst>fd10:43:100::2/21304 
02:02:45.128642 SHUTDOWN flow>2505 srcPort>35401 dst>fd10:43:100::2/21305 
02:02:45.129051 OFF flow>2505 srcPort>35401 dst>fd10:43:100::2/21305 
02:02:45.143324 SHUTDOWN flow>2506 srcPort>38937 dst>fd10:43:100::2/21306 
02:02:45.143631 OFF flow>2506 srcPort>38937 dst>fd10:43:100::2/21306 
02:02:45.144123 SHUTDOWN flow>2507 srcPort>40189 dst>fd10:43:100::2/21307 
02:02:45.144458 OFF flow>2507 srcPort>40189 dst>fd10:43:100::2/21307 
02:02:45.172848 SHUTDOWN flow>2508 srcPort>44733 dst>fd10:43:100::2/21308 
02:02:45.173147 OFF flow>2508 srcPort>44733 dst>fd10:43:100::2/21308 
02:02:45.197949 SHUTDOWN flow>2509 srcPort>40143 dst>fd10:43:100::2/21309 
02:02:45.198265 OFF flow>2509 srcPort>40143 dst>fd10:43:100::2/21309 
02:02:45.244153 SHUTDOWN flow>2510 srcPort>41543 dst>fd10:43:100::2/21310 
02:02:45.244652 OFF flow>2510 srcPort>41543 dst>fd10:43:100::2/21310 
02:02:45.300450 SHUTDOWN flow>2511 srcPort>45609 dst>fd10:43:100::2/21311 
02:02:45.300767 OFF flow>2511 srcPort>45609 dst>fd10:43:100::2/21311 
02:02:45.312543 SHUTDOWN flow>2512 srcPort>37323 dst>fd10:43:100::2/21312 
02:02:45.312909 OFF flow>2512 srcPort>37323 dst>fd10:43:100::2/21312 
02:02:45.354163 SHUTDOWN flow>2513 srcPort>35437 dst>fd10:43:100::2/21313 
02:02:45.354594 OFF flow>2513 srcPort>35437 dst>fd10:43:100::2/21313 
02:02:45.462927 SHUTDOWN flow>2514 srcPort>42365 dst>fd10:43:100::2/21314 
02:02:45.463245 OFF flow>2514 srcPort>42365 dst>fd10:43:100::2/21314 
02:02:45.808129 SHUTDOWN flow>2515 srcPort>35747 dst>fd10:43:100::2/21315 
02:02:45.808421 OFF flow>2515 srcPort>35747 dst>fd10:43:100::2/21315 
02:02:46.271133 ON flow>2520 srcPort>46607 dst>fd10:43:100::2/21320 
02:02:46.271399 CONNECT flow>2520 srcPort>46607 dst>fd10:43:100::2/21320 
02:02:46.276382 ON flow>2521 srcPort>35873 dst>fd10:43:100::2/21321 
02:02:46.276677 CONNECT flow>2521 srcPort>35873 dst>fd10:43:100::2/21321 
02:02:46.324112 ON flow>2522 srcPort>43667 dst>fd10:43:100::2/21322 
02:02:46.324415 CONNECT flow>2522 srcPort>43667 dst>fd10:43:100::2/21322 
02:02:46.363797 ON flow>2523 srcPort>37173 dst>fd10:43:100::2/21323 
02:02:46.364026 CONNECT flow>2523 srcPort>37173 dst>fd10:43:100::2/21323 
02:02:47.556827 SHUTDOWN flow>2516 srcPort>44575 dst>fd10:43:100::2/21316 
02:02:47.557231 OFF flow>2516 srcPort>44575 dst>fd10:43:100::2/21316 
02:02:47.562026 SHUTDOWN flow>2517 srcPort>38725 dst>fd10:43:100::2/21317 
02:02:47.562309 OFF flow>2517 srcPort>38725 dst>fd10:43:100::2/21317 
02:02:47.570541 SHUTDOWN flow>2518 srcPort>41805 dst>fd10:43:100::2/21318 
02:02:47.570833 OFF flow>2518 srcPort>41805 dst>fd10:43:100::2/21318 
02:02:47.594631 SHUTDOWN flow>2519 srcPort>45209 dst>fd10:43:100::2/21319 
02:02:47.594939 OFF flow>2519 srcPort>45209 dst>fd10:43:100::2/21319 
02:02:51.070944 SHUTDOWN flow>2520 srcPort>46607 dst>fd10:43:100::2/21320 
02:02:51.071438 OFF flow>2520 srcPort>46607 dst>fd10:43:100::2/21320 
02:02:51.076333 SHUTDOWN flow>2521 srcPort>35873 dst>fd10:43:100::2/21321 
02:02:51.076690 OFF flow>2521 srcPort>35873 dst>fd10:43:100::2/21321 
02:02:51.124069 SHUTDOWN flow>2522 srcPort>43667 dst>fd10:43:100::2/21322 
02:02:51.124441 OFF flow>2522 srcPort>43667 dst>fd10:43:100::2/21322 
02:02:51.163745 SHUTDOWN flow>2523 srcPort>37173 dst>fd10:43:100::2/21323 
02:02:51.164076 OFF flow>2523 srcPort>37173 dst>fd10:43:100::2/21323 
02:02:51.901191 ON flow>2524 srcPort>42909 dst>fd10:43:100::2/21324 
02:02:51.901564 CONNECT flow>2524 srcPort>42909 dst>fd10:43:100::2/21324 
02:02:52.269587 ON flow>2525 srcPort>42775 dst>fd10:43:100::2/21325 
02:02:52.269850 CONNECT flow>2525 srcPort>42775 dst>fd10:43:100::2/21325 
02:02:55.198079 ON flow>2526 srcPort>38165 dst>fd10:43:100::2/21326 
02:02:55.198413 CONNECT flow>2526 srcPort>38165 dst>fd10:43:100::2/21326 
02:02:55.259848 ON flow>2527 srcPort>41087 dst>fd10:43:100::2/21327 
02:02:55.260148 CONNECT flow>2527 srcPort>41087 dst>fd10:43:100::2/21327 
02:02:55.527383 ON flow>2528 srcPort>37011 dst>fd10:43:100::2/21328 
02:02:55.527628 CONNECT flow>2528 srcPort>37011 dst>fd10:43:100::2/21328 
02:02:55.621381 ON flow>2529 srcPort>39117 dst>fd10:43:100::2/21329 
02:02:55.621674 CONNECT flow>2529 srcPort>39117 dst>fd10:43:100::2/21329 
02:02:55.760258 ON flow>2530 srcPort>46791 dst>fd10:43:100::2/21330 
02:02:55.760471 CONNECT flow>2530 srcPort>46791 dst>fd10:43:100::2/21330 
02:02:55.778781 ON flow>2531 srcPort>36969 dst>fd10:43:100::2/21331 
02:02:55.779060 CONNECT flow>2531 srcPort>36969 dst>fd10:43:100::2/21331 
02:02:55.808978 ON flow>2532 srcPort>45097 dst>fd10:43:100::2/21332 
02:02:55.809232 CONNECT flow>2532 srcPort>45097 dst>fd10:43:100::2/21332 
02:02:55.827670 ON flow>2533 srcPort>34271 dst>fd10:43:100::2/21333 
02:02:55.827913 CONNECT flow>2533 srcPort>34271 dst>fd10:43:100::2/21333 
02:02:55.975688 ON flow>2534 srcPort>41057 dst>fd10:43:100::2/21334 
02:02:55.975972 CONNECT flow>2534 srcPort>41057 dst>fd10:43:100::2/21334 
02:02:56.014394 ON flow>2535 srcPort>33661 dst>fd10:43:100::2/21335 
02:02:56.014609 CONNECT flow>2535 srcPort>33661 dst>fd10:43:100::2/21335 
02:02:56.051184 ON flow>2536 srcPort>34641 dst>fd10:43:100::2/21336 
02:02:56.051422 CONNECT flow>2536 srcPort>34641 dst>fd10:43:100::2/21336 
02:02:56.075282 ON flow>2537 srcPort>39023 dst>fd10:43:100::2/21337 
02:02:56.075542 CONNECT flow>2537 srcPort>39023 dst>fd10:43:100::2/21337 
02:02:56.701038 SHUTDOWN flow>2524 srcPort>42909 dst>fd10:43:100::2/21324 
02:02:56.701494 OFF flow>2524 srcPort>42909 dst>fd10:43:100::2/21324 
02:02:57.069539 SHUTDOWN flow>2525 srcPort>42775 dst>fd10:43:100::2/21325 
02:02:57.069971 OFF flow>2525 srcPort>42775 dst>fd10:43:100::2/21325 
02:02:58.584219 SHUTDOWN flow>2003 srcPort>34263 dst>fd10:43:100::2/20002 
02:02:58.584314 SHUTDOWN flow>2002 srcPort>36897 dst>fd10:43:100::2/20001 
02:02:58.584366 SHUTDOWN flow>2004 srcPort>44621 dst>fd10:43:100::2/20003 
02:02:58.584403 SHUTDOWN flow>2001 srcPort>36263 dst>fd10:43:100::2/20000 
02:02:58.584611 OFF flow>2003 srcPort>34263 dst>fd10:43:100::2/20002 
02:02:58.584712 OFF flow>2002 srcPort>36897 dst>fd10:43:100::2/20001 
02:02:58.584776 OFF flow>2004 srcPort>44621 dst>fd10:43:100::2/20003 
02:02:58.584830 OFF flow>2001 srcPort>36263 dst>fd10:43:100::2/20000 
02:02:59.997927 SHUTDOWN flow>2526 srcPort>38165 dst>fd10:43:100::2/21326 
02:02:59.998410 OFF flow>2526 srcPort>38165 dst>fd10:43:100::2/21326 
02:03:00.059727 SHUTDOWN flow>2527 srcPort>41087 dst>fd10:43:100::2/21327 
02:03:00.060143 OFF flow>2527 srcPort>41087 dst>fd10:43:100::2/21327 
02:03:00.327326 SHUTDOWN flow>2528 srcPort>37011 dst>fd10:43:100::2/21328 
02:03:00.327742 OFF flow>2528 srcPort>37011 dst>fd10:43:100::2/21328 
02:03:00.421329 SHUTDOWN flow>2529 srcPort>39117 dst>fd10:43:100::2/21329 
02:03:00.421648 OFF flow>2529 srcPort>39117 dst>fd10:43:100::2/21329 
02:03:00.560035 SHUTDOWN flow>2530 srcPort>46791 dst>fd10:43:100::2/21330 
02:03:00.560362 OFF flow>2530 srcPort>46791 dst>fd10:43:100::2/21330 
02:03:00.578749 SHUTDOWN flow>2531 srcPort>36969 dst>fd10:43:100::2/21331 
02:03:00.579064 OFF flow>2531 srcPort>36969 dst>fd10:43:100::2/21331 
02:03:00.608934 SHUTDOWN flow>2532 srcPort>45097 dst>fd10:43:100::2/21332 
02:03:00.609375 OFF flow>2532 srcPort>45097 dst>fd10:43:100::2/21332 
02:03:00.627537 SHUTDOWN flow>2533 srcPort>34271 dst>fd10:43:100::2/21333 
02:03:00.627899 OFF flow>2533 srcPort>34271 dst>fd10:43:100::2/21333 
02:03:00.775651 SHUTDOWN flow>2534 srcPort>41057 dst>fd10:43:100::2/21334 
02:03:00.776026 OFF flow>2534 srcPort>41057 dst>fd10:43:100::2/21334 
02:03:00.814334 SHUTDOWN flow>2535 srcPort>33661 dst>fd10:43:100::2/21335 
02:03:00.814733 OFF flow>2535 srcPort>33661 dst>fd10:43:100::2/21335 
02:03:00.851137 SHUTDOWN flow>2536 srcPort>34641 dst>fd10:43:100::2/21336 
02:03:00.851532 OFF flow>2536 srcPort>34641 dst>fd10:43:100::2/21336 
02:03:00.875241 SHUTDOWN flow>2537 srcPort>39023 dst>fd10:43:100::2/21337 
02:03:00.875560 OFF flow>2537 srcPort>39023 dst>fd10:43:100::2/21337 
02:03:00.875578 STOP
