17:32:14.680061 START Mgen Version 5.1.1
17:32:14.680274 ON flow>2001 srcPort>33299 dst>fd10:43:100::2/20000 
17:32:14.680890 CONNECT flow>2001 srcPort>33299 dst>fd10:43:100::2/20000 
17:32:15.180163 ON flow>2002 srcPort>41583 dst>fd10:43:100::2/20001 
17:32:15.180488 CONNECT flow>2002 srcPort>41583 dst>fd10:43:100::2/20001 
17:32:15.680150 ON flow>2003 srcPort>34289 dst>fd10:43:100::2/20002 
17:32:15.680600 CONNECT flow>2003 srcPort>34289 dst>fd10:43:100::2/20002 
17:32:16.180190 ON flow>2004 srcPort>37071 dst>fd10:43:100::2/20003 
17:32:16.180472 CONNECT flow>2004 srcPort>37071 dst>fd10:43:100::2/20003 
17:32:20.421931 ON flow>2200 srcPort>42683 dst>fd10:43:100::2/21000 
17:32:20.422573 CONNECT flow>2200 srcPort>42683 dst>fd10:43:100::2/21000 
17:32:20.565745 ON flow>2201 srcPort>45683 dst>fd10:43:100::2/21001 
17:32:20.566066 CONNECT flow>2201 srcPort>45683 dst>fd10:43:100::2/21001 
17:32:20.667087 ON flow>2202 srcPort>37709 dst>fd10:43:100::2/21002 
17:32:20.667281 CONNECT flow>2202 srcPort>37709 dst>fd10:43:100::2/21002 
17:32:20.869569 ON flow>2203 srcPort>46381 dst>fd10:43:100::2/21003 
17:32:20.869833 CONNECT flow>2203 srcPort>46381 dst>fd10:43:100::2/21003 
17:32:21.683927 ON flow>2204 srcPort>39289 dst>fd10:43:100::2/21004 
17:32:21.684209 CONNECT flow>2204 srcPort>39289 dst>fd10:43:100::2/21004 
17:32:21.828268 ON flow>2205 srcPort>46557 dst>fd10:43:100::2/21005 
17:32:21.828501 CONNECT flow>2205 srcPort>46557 dst>fd10:43:100::2/21005 
17:32:21.896499 ON flow>2206 srcPort>36595 dst>fd10:43:100::2/21006 
17:32:21.896765 CONNECT flow>2206 srcPort>36595 dst>fd10:43:100::2/21006 
17:32:21.927551 ON flow>2207 srcPort>44903 dst>fd10:43:100::2/21007 
17:32:21.927809 CONNECT flow>2207 srcPort>44903 dst>fd10:43:100::2/21007 
17:32:22.634173 ON flow>2208 srcPort>33653 dst>fd10:43:100::2/21008 
17:32:22.634437 CONNECT flow>2208 srcPort>33653 dst>fd10:43:100::2/21008 
17:32:22.862333 ON flow>2209 srcPort>44459 dst>fd10:43:100::2/21009 
17:32:22.862581 CONNECT flow>2209 srcPort>44459 dst>fd10:43:100::2/21009 
17:32:23.526566 ON flow>2210 srcPort>34113 dst>fd10:43:100::2/21010 
17:32:23.526823 CONNECT flow>2210 srcPort>34113 dst>fd10:43:100::2/21010 
17:32:23.626312 ON flow>2211 srcPort>38935 dst>fd10:43:100::2/21011 
17:32:23.626586 CONNECT flow>2211 srcPort>38935 dst>fd10:43:100::2/21011 
17:32:23.855529 ON flow>2212 srcPort>43051 dst>fd10:43:100::2/21012 
17:32:23.855791 CONNECT flow>2212 srcPort>43051 dst>fd10:43:100::2/21012 
17:32:24.587030 ON flow>2213 srcPort>43531 dst>fd10:43:100::2/21013 
17:32:24.587309 CONNECT flow>2213 srcPort>43531 dst>fd10:43:100::2/21013 
17:32:24.634120 ON flow>2214 srcPort>36697 dst>fd10:43:100::2/21014 
17:32:24.634422 CONNECT flow>2214 srcPort>36697 dst>fd10:43:100::2/21014 
17:32:24.636940 ON flow>2215 srcPort>34625 dst>fd10:43:100::2/21015 
17:32:24.637192 CONNECT flow>2215 srcPort>34625 dst>fd10:43:100::2/21015 
17:32:24.785159 ON flow>2216 srcPort>40327 dst>fd10:43:100::2/21016 
17:32:24.785423 CONNECT flow>2216 srcPort>40327 dst>fd10:43:100::2/21016 
17:32:24.842921 ON flow>2217 srcPort>36567 dst>fd10:43:100::2/21017 
17:32:24.843156 CONNECT flow>2217 srcPort>36567 dst>fd10:43:100::2/21017 
17:32:24.891008 ON flow>2218 srcPort>42747 dst>fd10:43:100::2/21018 
17:32:24.891251 CONNECT flow>2218 srcPort>42747 dst>fd10:43:100::2/21018 
17:32:24.936408 ON flow>2219 srcPort>42665 dst>fd10:43:100::2/21019 
17:32:24.936713 CONNECT flow>2219 srcPort>42665 dst>fd10:43:100::2/21019 
17:32:24.960401 ON flow>2220 srcPort>33371 dst>fd10:43:100::2/21020 
17:32:24.960702 CONNECT flow>2220 srcPort>33371 dst>fd10:43:100::2/21020 
17:32:25.039813 ON flow>2221 srcPort>45537 dst>fd10:43:100::2/21021 
17:32:25.040087 CONNECT flow>2221 srcPort>45537 dst>fd10:43:100::2/21021 
17:32:25.163334 ON flow>2222 srcPort>35811 dst>fd10:43:100::2/21022 
17:32:25.163674 CONNECT flow>2222 srcPort>35811 dst>fd10:43:100::2/21022 
17:32:25.221821 SHUTDOWN flow>2200 srcPort>42683 dst>fd10:43:100::2/21000 
17:32:25.222246 OFF flow>2200 srcPort>42683 dst>fd10:43:100::2/21000 
17:32:25.346816 ON flow>2223 srcPort>33761 dst>fd10:43:100::2/21023 
17:32:25.347099 CONNECT flow>2223 srcPort>33761 dst>fd10:43:100::2/21023 
17:32:25.365624 SHUTDOWN flow>2201 srcPort>45683 dst>fd10:43:100::2/21001 
17:32:25.365932 OFF flow>2201 srcPort>45683 dst>fd10:43:100::2/21001 
17:32:25.467022 SHUTDOWN flow>2202 srcPort>37709 dst>fd10:43:100::2/21002 
17:32:25.467335 OFF flow>2202 srcPort>37709 dst>fd10:43:100::2/21002 
17:32:25.548439 ON flow>2224 srcPort>36881 dst>fd10:43:100::2/21024 
17:32:25.548673 CONNECT flow>2224 srcPort>36881 dst>fd10:43:100::2/21024 
17:32:25.669532 SHUTDOWN flow>2203 srcPort>46381 dst>fd10:43:100::2/21003 
17:32:25.669861 OFF flow>2203 srcPort>46381 dst>fd10:43:100::2/21003 
17:32:25.682009 ON flow>2225 srcPort>44331 dst>fd10:43:100::2/21025 
17:32:25.682245 CONNECT flow>2225 srcPort>44331 dst>fd10:43:100::2/21025 
17:32:25.721007 ON flow>2226 srcPort>44051 dst>fd10:43:100::2/21026 
17:32:25.721258 CONNECT flow>2226 srcPort>44051 dst>fd10:43:100::2/21026 
17:32:25.723307 ON flow>2227 srcPort>41299 dst>fd10:43:100::2/21027 
17:32:25.723550 CONNECT flow>2227 srcPort>41299 dst>fd10:43:100::2/21027 
17:32:25.761921 ON flow>2228 srcPort>36481 dst>fd10:43:100::2/21028 
17:32:25.762198 CONNECT flow>2228 srcPort>36481 dst>fd10:43:100::2/21028 
17:32:25.893514 ON flow>2229 srcPort>35369 dst>fd10:43:100::2/21029 
17:32:25.893806 CONNECT flow>2229 srcPort>35369 dst>fd10:43:100::2/21029 
17:32:25.976622 ON flow>2230 srcPort>41889 dst>fd10:43:100::2/21030 
17:32:25.976891 CONNECT flow>2230 srcPort>41889 dst>fd10:43:100::2/21030 
17:32:25.980741 ON flow>2231 srcPort>45795 dst>fd10:43:100::2/21031 
17:32:25.981005 CONNECT flow>2231 srcPort>45795 dst>fd10:43:100::2/21031 
17:32:26.483817 SHUTDOWN flow>2204 srcPort>39289 dst>fd10:43:100::2/21004 
17:32:26.484206 OFF flow>2204 srcPort>39289 dst>fd10:43:100::2/21004 
17:32:26.628217 SHUTDOWN flow>2205 srcPort>46557 dst>fd10:43:100::2/21005 
17:32:26.628610 OFF flow>2205 srcPort>46557 dst>fd10:43:100::2/21005 
17:32:26.696441 SHUTDOWN flow>2206 srcPort>36595 dst>fd10:43:100::2/21006 
17:32:26.696799 OFF flow>2206 srcPort>36595 dst>fd10:43:100::2/21006 
17:32:26.727517 SHUTDOWN flow>2207 srcPort>44903 dst>fd10:43:100::2/21007 
17:32:26.727839 OFF flow>2207 srcPort>44903 dst>fd10:43:100::2/21007 
17:32:26.956061 ON flow>2232 srcPort>36389 dst>fd10:43:100::2/21032 
17:32:26.956863 CONNECT flow>2232 srcPort>36389 dst>fd10:43:100::2/21032 
17:32:26.978735 ON flow>2233 srcPort>37435 dst>fd10:43:100::2/21033 
17:32:26.979000 CONNECT flow>2233 srcPort>37435 dst>fd10:43:100::2/21033 
17:32:27.000575 ON flow>2234 srcPort>44913 dst>fd10:43:100::2/21034 
17:32:27.000836 CONNECT flow>2234 srcPort>44913 dst>fd10:43:100::2/21034 
17:32:27.097543 ON flow>2235 srcPort>45857 dst>fd10:43:100::2/21035 
17:32:27.097833 CONNECT flow>2235 srcPort>45857 dst>fd10:43:100::2/21035 
17:32:27.260768 ON flow>2236 srcPort>36029 dst>fd10:43:100::2/21036 
17:32:27.260997 CONNECT flow>2236 srcPort>36029 dst>fd10:43:100::2/21036 
17:32:27.298838 ON flow>2237 srcPort>34311 dst>fd10:43:100::2/21037 
17:32:27.299088 CONNECT flow>2237 srcPort>34311 dst>fd10:43:100::2/21037 
17:32:27.434019 SHUTDOWN flow>2208 srcPort>33653 dst>fd10:43:100::2/21008 
17:32:27.434398 OFF flow>2208 srcPort>33653 dst>fd10:43:100::2/21008 
17:32:27.573652 ON flow>2238 srcPort>34601 dst>fd10:43:100::2/21038 
17:32:27.573991 CONNECT flow>2238 srcPort>34601 dst>fd10:43:100::2/21038 
17:32:27.631055 ON flow>2239 srcPort>34367 dst>fd10:43:100::2/21039 
17:32:27.631361 CONNECT flow>2239 srcPort>34367 dst>fd10:43:100::2/21039 
17:32:27.662191 SHUTDOWN flow>2209 srcPort>44459 dst>fd10:43:100::2/21009 
17:32:27.662555 OFF flow>2209 srcPort>44459 dst>fd10:43:100::2/21009 
17:32:28.258150 ON flow>2240 srcPort>35401 dst>fd10:43:100::2/21040 
17:32:28.258400 CONNECT flow>2240 srcPort>35401 dst>fd10:43:100::2/21040 
17:32:28.311730 ON flow>2241 srcPort>34307 dst>fd10:43:100::2/21041 
17:32:28.311978 CONNECT flow>2241 srcPort>34307 dst>fd10:43:100::2/21041 
17:32:28.326519 SHUTDOWN flow>2210 srcPort>34113 dst>fd10:43:100::2/21010 
17:32:28.326953 OFF flow>2210 srcPort>34113 dst>fd10:43:100::2/21010 
17:32:28.426196 SHUTDOWN flow>2211 srcPort>38935 dst>fd10:43:100::2/21011 
17:32:28.426514 OFF flow>2211 srcPort>38935 dst>fd10:43:100::2/21011 
17:32:28.655479 SHUTDOWN flow>2212 srcPort>43051 dst>fd10:43:100::2/21012 
17:32:28.656050 OFF flow>2212 srcPort>43051 dst>fd10:43:100::2/21012 
17:32:29.268201 ON flow>2242 srcPort>38053 dst>fd10:43:100::2/21042 
17:32:29.268427 CONNECT flow>2242 srcPort>38053 dst>fd10:43:100::2/21042 
17:32:29.318058 ON flow>2243 srcPort>40555 dst>fd10:43:100::2/21043 
17:32:29.318719 CONNECT flow>2243 srcPort>40555 dst>fd10:43:100::2/21043 
17:32:29.330319 ON flow>2244 srcPort>42291 dst>fd10:43:100::2/21044 
17:32:29.330648 CONNECT flow>2244 srcPort>42291 dst>fd10:43:100::2/21044 
17:32:29.386975 SHUTDOWN flow>2213 srcPort>43531 dst>fd10:43:100::2/21013 
17:32:29.387833 OFF flow>2213 srcPort>43531 dst>fd10:43:100::2/21013 
17:32:29.434066 SHUTDOWN flow>2214 srcPort>36697 dst>fd10:43:100::2/21014 
17:32:29.434409 OFF flow>2214 srcPort>36697 dst>fd10:43:100::2/21014 
17:32:29.436866 SHUTDOWN flow>2215 srcPort>34625 dst>fd10:43:100::2/21015 
17:32:29.437180 OFF flow>2215 srcPort>34625 dst>fd10:43:100::2/21015 
17:32:29.585072 SHUTDOWN flow>2216 srcPort>40327 dst>fd10:43:100::2/21016 
17:32:29.585501 OFF flow>2216 srcPort>40327 dst>fd10:43:100::2/21016 
17:32:29.642899 SHUTDOWN flow>2217 srcPort>36567 dst>fd10:43:100::2/21017 
17:32:29.643270 OFF flow>2217 srcPort>36567 dst>fd10:43:100::2/21017 
17:32:29.690977 SHUTDOWN flow>2218 srcPort>42747 dst>fd10:43:100::2/21018 
17:32:29.691313 OFF flow>2218 srcPort>42747 dst>fd10:43:100::2/21018 
17:32:29.736370 SHUTDOWN flow>2219 srcPort>42665 dst>fd10:43:100::2/21019 
17:32:29.736790 OFF flow>2219 srcPort>42665 dst>fd10:43:100::2/21019 
17:32:29.760380 SHUTDOWN flow>2220 srcPort>33371 dst>fd10:43:100::2/21020 
17:32:29.760760 OFF flow>2220 srcPort>33371 dst>fd10:43:100::2/21020 
17:32:29.820659 ON flow>2245 srcPort>38445 dst>fd10:43:100::2/21045 
17:32:29.820933 CONNECT flow>2245 srcPort>38445 dst>fd10:43:100::2/21045 
17:32:29.839777 SHUTDOWN flow>2221 srcPort>45537 dst>fd10:43:100::2/21021 
17:32:29.840143 OFF flow>2221 srcPort>45537 dst>fd10:43:100::2/21021 
17:32:29.891343 ON flow>2246 srcPort>39855 dst>fd10:43:100::2/21046 
17:32:29.891618 CONNECT flow>2246 srcPort>39855 dst>fd10:43:100::2/21046 
17:32:29.914033 ON flow>2247 srcPort>38281 dst>fd10:43:100::2/21047 
17:32:29.914289 CONNECT flow>2247 srcPort>38281 dst>fd10:43:100::2/21047 
17:32:29.961052 ON flow>2248 srcPort>39577 dst>fd10:43:100::2/21048 
17:32:29.961374 CONNECT flow>2248 srcPort>39577 dst>fd10:43:100::2/21048 
17:32:29.963280 SHUTDOWN flow>2222 srcPort>35811 dst>fd10:43:100::2/21022 
17:32:29.963636 OFF flow>2222 srcPort>35811 dst>fd10:43:100::2/21022 
17:32:30.011939 ON flow>2249 srcPort>40251 dst>fd10:43:100::2/21049 
17:32:30.012252 CONNECT flow>2249 srcPort>40251 dst>fd10:43:100::2/21049 
17:32:30.146778 SHUTDOWN flow>2223 srcPort>33761 dst>fd10:43:100::2/21023 
17:32:30.147145 OFF flow>2223 srcPort>33761 dst>fd10:43:100::2/21023 
17:32:30.348400 SHUTDOWN flow>2224 srcPort>36881 dst>fd10:43:100::2/21024 
17:32:30.348899 OFF flow>2224 srcPort>36881 dst>fd10:43:100::2/21024 
17:32:30.481981 SHUTDOWN flow>2225 srcPort>44331 dst>fd10:43:100::2/21025 
17:32:30.482364 OFF flow>2225 srcPort>44331 dst>fd10:43:100::2/21025 
17:32:30.521007 SHUTDOWN flow>2226 srcPort>44051 dst>fd10:43:100::2/21026 
17:32:30.521518 OFF flow>2226 srcPort>44051 dst>fd10:43:100::2/21026 
17:32:30.523278 SHUTDOWN flow>2227 srcPort>41299 dst>fd10:43:100::2/21027 
17:32:30.523616 OFF flow>2227 srcPort>41299 dst>fd10:43:100::2/21027 
17:32:30.561890 SHUTDOWN flow>2228 srcPort>36481 dst>fd10:43:100::2/21028 
17:32:30.562184 OFF flow>2228 srcPort>36481 dst>fd10:43:100::2/21028 
17:32:30.693498 SHUTDOWN flow>2229 srcPort>35369 dst>fd10:43:100::2/21029 
17:32:30.693921 OFF flow>2229 srcPort>35369 dst>fd10:43:100::2/21029 
17:32:30.772738 ON flow>2250 srcPort>33881 dst>fd10:43:100::2/21050 
17:32:30.773008 CONNECT flow>2250 srcPort>33881 dst>fd10:43:100::2/21050 
17:32:30.776594 SHUTDOWN flow>2230 srcPort>41889 dst>fd10:43:100::2/21030 
17:32:30.776949 OFF flow>2230 srcPort>41889 dst>fd10:43:100::2/21030 
17:32:30.780689 SHUTDOWN flow>2231 srcPort>45795 dst>fd10:43:100::2/21031 
17:32:30.781016 OFF flow>2231 srcPort>45795 dst>fd10:43:100::2/21031 
17:32:31.018630 ON flow>2251 srcPort>39069 dst>fd10:43:100::2/21051 
17:32:31.018922 CONNECT flow>2251 srcPort>39069 dst>fd10:43:100::2/21051 
17:32:31.101607 ON flow>2252 srcPort>32969 dst>fd10:43:100::2/21052 
17:32:31.101831 CONNECT flow>2252 srcPort>32969 dst>fd10:43:100::2/21052 
17:32:31.122602 ON flow>2253 srcPort>39075 dst>fd10:43:100::2/21053 
17:32:31.122879 CONNECT flow>2253 srcPort>39075 dst>fd10:43:100::2/21053 
17:32:31.132706 ON flow>2254 srcPort>34629 dst>fd10:43:100::2/21054 
17:32:31.132975 CONNECT flow>2254 srcPort>34629 dst>fd10:43:100::2/21054 
17:32:31.278524 ON flow>2255 srcPort>38455 dst>fd10:43:100::2/21055 
17:32:31.278807 CONNECT flow>2255 srcPort>38455 dst>fd10:43:100::2/21055 
17:32:31.351226 ON flow>2256 srcPort>39517 dst>fd10:43:100::2/21056 
17:32:31.351474 CONNECT flow>2256 srcPort>39517 dst>fd10:43:100::2/21056 
17:32:31.372118 ON flow>2257 srcPort>43301 dst>fd10:43:100::2/21057 
17:32:31.372418 CONNECT flow>2257 srcPort>43301 dst>fd10:43:100::2/21057 
17:32:31.414324 ON flow>2258 srcPort>42129 dst>fd10:43:100::2/21058 
17:32:31.414561 CONNECT flow>2258 srcPort>42129 dst>fd10:43:100::2/21058 
17:32:31.473747 ON flow>2259 srcPort>37281 dst>fd10:43:100::2/21059 
17:32:31.473979 CONNECT flow>2259 srcPort>37281 dst>fd10:43:100::2/21059 
17:32:31.500215 ON flow>2260 srcPort>42787 dst>fd10:43:100::2/21060 
17:32:31.500474 CONNECT flow>2260 srcPort>42787 dst>fd10:43:100::2/21060 
17:32:31.524617 ON flow>2261 srcPort>33123 dst>fd10:43:100::2/21061 
17:32:31.524921 CONNECT flow>2261 srcPort>33123 dst>fd10:43:100::2/21061 
17:32:31.575258 ON flow>2262 srcPort>37653 dst>fd10:43:100::2/21062 
17:32:31.575505 CONNECT flow>2262 srcPort>37653 dst>fd10:43:100::2/21062 
17:32:31.756007 SHUTDOWN flow>2232 srcPort>36389 dst>fd10:43:100::2/21032 
17:32:31.756436 OFF flow>2232 srcPort>36389 dst>fd10:43:100::2/21032 
17:32:31.759593 ON flow>2263 srcPort>34541 dst>fd10:43:100::2/21063 
17:32:31.759891 CONNECT flow>2263 srcPort>34541 dst>fd10:43:100::2/21063 
17:32:31.778738 SHUTDOWN flow>2233 srcPort>37435 dst>fd10:43:100::2/21033 
17:32:31.779235 OFF flow>2233 srcPort>37435 dst>fd10:43:100::2/21033 
17:32:31.800514 SHUTDOWN flow>2234 srcPort>44913 dst>fd10:43:100::2/21034 
17:32:31.801048 OFF flow>2234 srcPort>44913 dst>fd10:43:100::2/21034 
17:32:31.865423 ON flow>2264 srcPort>46115 dst>fd10:43:100::2/21064 
17:32:31.865759 CONNECT flow>2264 srcPort>46115 dst>fd10:43:100::2/21064 
17:32:31.897515 SHUTDOWN flow>2235 srcPort>45857 dst>fd10:43:100::2/21035 
17:32:31.897864 OFF flow>2235 srcPort>45857 dst>fd10:43:100::2/21035 
17:32:32.060712 SHUTDOWN flow>2236 srcPort>36029 dst>fd10:43:100::2/21036 
17:32:32.061057 OFF flow>2236 srcPort>36029 dst>fd10:43:100::2/21036 
17:32:32.098827 SHUTDOWN flow>2237 srcPort>34311 dst>fd10:43:100::2/21037 
17:32:32.099170 OFF flow>2237 srcPort>34311 dst>fd10:43:100::2/21037 
17:32:32.373607 SHUTDOWN flow>2238 srcPort>34601 dst>fd10:43:100::2/21038 
17:32:32.373912 OFF flow>2238 srcPort>34601 dst>fd10:43:100::2/21038 
17:32:32.431010 SHUTDOWN flow>2239 srcPort>34367 dst>fd10:43:100::2/21039 
17:32:32.431392 OFF flow>2239 srcPort>34367 dst>fd10:43:100::2/21039 
17:32:33.058114 SHUTDOWN flow>2240 srcPort>35401 dst>fd10:43:100::2/21040 
17:32:33.058443 OFF flow>2240 srcPort>35401 dst>fd10:43:100::2/21040 
17:32:33.111685 SHUTDOWN flow>2241 srcPort>34307 dst>fd10:43:100::2/21041 
17:32:33.112035 OFF flow>2241 srcPort>34307 dst>fd10:43:100::2/21041 
17:32:33.741797 ON flow>2265 srcPort>43515 dst>fd10:43:100::2/21065 
17:32:33.742032 CONNECT flow>2265 srcPort>43515 dst>fd10:43:100::2/21065 
17:32:33.975410 ON flow>2266 srcPort>34473 dst>fd10:43:100::2/21066 
17:32:33.975690 CONNECT flow>2266 srcPort>34473 dst>fd10:43:100::2/21066 
17:32:34.068102 SHUTDOWN flow>2242 srcPort>38053 dst>fd10:43:100::2/21042 
17:32:34.068497 OFF flow>2242 srcPort>38053 dst>fd10:43:100::2/21042 
17:32:34.071479 ON flow>2267 srcPort>46069 dst>fd10:43:100::2/21067 
17:32:34.071757 CONNECT flow>2267 srcPort>46069 dst>fd10:43:100::2/21067 
17:32:34.072153 ON flow>2268 srcPort>45605 dst>fd10:43:100::2/21068 
17:32:34.072412 CONNECT flow>2268 srcPort>45605 dst>fd10:43:100::2/21068 
17:32:34.097489 ON flow>2269 srcPort>36343 dst>fd10:43:100::2/21069 
17:32:34.097723 CONNECT flow>2269 srcPort>36343 dst>fd10:43:100::2/21069 
17:32:34.102154 ON flow>2270 srcPort>34515 dst>fd10:43:100::2/21070 
17:32:34.102401 CONNECT flow>2270 srcPort>34515 dst>fd10:43:100::2/21070 
17:32:34.118005 SHUTDOWN flow>2243 srcPort>40555 dst>fd10:43:100::2/21043 
17:32:34.118371 OFF flow>2243 srcPort>40555 dst>fd10:43:100::2/21043 
17:32:34.130222 SHUTDOWN flow>2244 srcPort>42291 dst>fd10:43:100::2/21044 
17:32:34.130544 OFF flow>2244 srcPort>42291 dst>fd10:43:100::2/21044 
17:32:34.146760 ON flow>2271 srcPort>38845 dst>fd10:43:100::2/21071 
17:32:34.147049 CONNECT flow>2271 srcPort>38845 dst>fd10:43:100::2/21071 
17:32:34.166985 ON flow>2272 srcPort>40309 dst>fd10:43:100::2/21072 
17:32:34.167255 CONNECT flow>2272 srcPort>40309 dst>fd10:43:100::2/21072 
17:32:34.168166 ON flow>2273 srcPort>42799 dst>fd10:43:100::2/21073 
17:32:34.168406 CONNECT flow>2273 srcPort>42799 dst>fd10:43:100::2/21073 
17:32:34.209907 ON flow>2274 srcPort>41445 dst>fd10:43:100::2/21074 
17:32:34.210165 CONNECT flow>2274 srcPort>41445 dst>fd10:43:100::2/21074 
17:32:34.331603 ON flow>2275 srcPort>41537 dst>fd10:43:100::2/21075 
17:32:34.331900 CONNECT flow>2275 srcPort>41537 dst>fd10:43:100::2/21075 
17:32:34.377468 ON flow>2276 srcPort>42339 dst>fd10:43:100::2/21076 
17:32:34.377697 CONNECT flow>2276 srcPort>42339 dst>fd10:43:100::2/21076 
17:32:34.501294 ON flow>2277 srcPort>34557 dst>fd10:43:100::2/21077 
17:32:34.501538 CONNECT flow>2277 srcPort>34557 dst>fd10:43:100::2/21077 
17:32:34.563995 ON flow>2278 srcPort>41169 dst>fd10:43:100::2/21078 
17:32:34.564328 CONNECT flow>2278 srcPort>41169 dst>fd10:43:100::2/21078 
17:32:34.573867 ON flow>2279 srcPort>35607 dst>fd10:43:100::2/21079 
17:32:34.574111 CONNECT flow>2279 srcPort>35607 dst>fd10:43:100::2/21079 
17:32:34.620605 SHUTDOWN flow>2245 srcPort>38445 dst>fd10:43:100::2/21045 
17:32:34.620967 OFF flow>2245 srcPort>38445 dst>fd10:43:100::2/21045 
17:32:34.691313 SHUTDOWN flow>2246 srcPort>39855 dst>fd10:43:100::2/21046 
17:32:34.691659 OFF flow>2246 srcPort>39855 dst>fd10:43:100::2/21046 
17:32:34.714008 SHUTDOWN flow>2247 srcPort>38281 dst>fd10:43:100::2/21047 
17:32:34.714455 OFF flow>2247 srcPort>38281 dst>fd10:43:100::2/21047 
17:32:34.761007 SHUTDOWN flow>2248 srcPort>39577 dst>fd10:43:100::2/21048 
17:32:34.761313 OFF flow>2248 srcPort>39577 dst>fd10:43:100::2/21048 
17:32:34.811910 SHUTDOWN flow>2249 srcPort>40251 dst>fd10:43:100::2/21049 
17:32:34.812244 OFF flow>2249 srcPort>40251 dst>fd10:43:100::2/21049 
17:32:35.182189 ON flow>2280 srcPort>43131 dst>fd10:43:100::2/21080 
17:32:35.182454 CONNECT flow>2280 srcPort>43131 dst>fd10:43:100::2/21080 
17:32:35.232934 ON flow>2281 srcPort>36041 dst>fd10:43:100::2/21081 
17:32:35.233251 CONNECT flow>2281 srcPort>36041 dst>fd10:43:100::2/21081 
17:32:35.572665 SHUTDOWN flow>2250 srcPort>33881 dst>fd10:43:100::2/21050 
17:32:35.572982 OFF flow>2250 srcPort>33881 dst>fd10:43:100::2/21050 
17:32:35.818595 SHUTDOWN flow>2251 srcPort>39069 dst>fd10:43:100::2/21051 
17:32:35.819014 OFF flow>2251 srcPort>39069 dst>fd10:43:100::2/21051 
17:32:35.901566 SHUTDOWN flow>2252 srcPort>32969 dst>fd10:43:100::2/21052 
17:32:35.902344 OFF flow>2252 srcPort>32969 dst>fd10:43:100::2/21052 
17:32:35.922573 SHUTDOWN flow>2253 srcPort>39075 dst>fd10:43:100::2/21053 
17:32:35.922907 OFF flow>2253 srcPort>39075 dst>fd10:43:100::2/21053 
17:32:35.932668 SHUTDOWN flow>2254 srcPort>34629 dst>fd10:43:100::2/21054 
17:32:35.933039 OFF flow>2254 srcPort>34629 dst>fd10:43:100::2/21054 
17:32:36.078479 SHUTDOWN flow>2255 srcPort>38455 dst>fd10:43:100::2/21055 
17:32:36.078826 OFF flow>2255 srcPort>38455 dst>fd10:43:100::2/21055 
17:32:36.151186 SHUTDOWN flow>2256 srcPort>39517 dst>fd10:43:100::2/21056 
17:32:36.151528 OFF flow>2256 srcPort>39517 dst>fd10:43:100::2/21056 
17:32:36.168844 ON flow>2282 srcPort>34543 dst>fd10:43:100::2/21082 
17:32:36.169053 CONNECT flow>2282 srcPort>34543 dst>fd10:43:100::2/21082 
17:32:36.172067 SHUTDOWN flow>2257 srcPort>43301 dst>fd10:43:100::2/21057 
17:32:36.172420 OFF flow>2257 srcPort>43301 dst>fd10:43:100::2/21057 
17:32:36.214327 SHUTDOWN flow>2258 srcPort>42129 dst>fd10:43:100::2/21058 
17:32:36.214973 OFF flow>2258 srcPort>42129 dst>fd10:43:100::2/21058 
17:32:36.273678 SHUTDOWN flow>2259 srcPort>37281 dst>fd10:43:100::2/21059 
17:32:36.273999 OFF flow>2259 srcPort>37281 dst>fd10:43:100::2/21059 
17:32:36.300182 SHUTDOWN flow>2260 srcPort>42787 dst>fd10:43:100::2/21060 
17:32:36.300648 OFF flow>2260 srcPort>42787 dst>fd10:43:100::2/21060 
17:32:36.324578 SHUTDOWN flow>2261 srcPort>33123 dst>fd10:43:100::2/21061 
17:32:36.324923 OFF flow>2261 srcPort>33123 dst>fd10:43:100::2/21061 
17:32:36.375188 SHUTDOWN flow>2262 srcPort>37653 dst>fd10:43:100::2/21062 
17:32:36.375518 OFF flow>2262 srcPort>37653 dst>fd10:43:100::2/21062 
17:32:36.493654 ON flow>2283 srcPort>38665 dst>fd10:43:100::2/21083 
17:32:36.493944 CONNECT flow>2283 srcPort>38665 dst>fd10:43:100::2/21083 
17:32:36.559570 SHUTDOWN flow>2263 srcPort>34541 dst>fd10:43:100::2/21063 
17:32:36.560078 OFF flow>2263 srcPort>34541 dst>fd10:43:100::2/21063 
17:32:36.602413 ON flow>2284 srcPort>44861 dst>fd10:43:100::2/21084 
17:32:36.602682 CONNECT flow>2284 srcPort>44861 dst>fd10:43:100::2/21084 
17:32:36.642269 ON flow>2285 srcPort>42199 dst>fd10:43:100::2/21085 
17:32:36.642606 CONNECT flow>2285 srcPort>42199 dst>fd10:43:100::2/21085 
17:32:36.665360 SHUTDOWN flow>2264 srcPort>46115 dst>fd10:43:100::2/21064 
17:32:36.665714 OFF flow>2264 srcPort>46115 dst>fd10:43:100::2/21064 
17:32:36.739541 ON flow>2286 srcPort>35913 dst>fd10:43:100::2/21086 
17:32:36.739855 CONNECT flow>2286 srcPort>35913 dst>fd10:43:100::2/21086 
17:32:36.799039 ON flow>2287 srcPort>42335 dst>fd10:43:100::2/21087 
17:32:36.799322 CONNECT flow>2287 srcPort>42335 dst>fd10:43:100::2/21087 
17:32:36.839337 ON flow>2288 srcPort>42723 dst>fd10:43:100::2/21088 
17:32:36.841038 CONNECT flow>2288 srcPort>42723 dst>fd10:43:100::2/21088 
17:32:36.863626 ON flow>2289 srcPort>42689 dst>fd10:43:100::2/21089 
17:32:36.863907 CONNECT flow>2289 srcPort>42689 dst>fd10:43:100::2/21089 
17:32:37.923367 ON flow>2290 srcPort>38757 dst>fd10:43:100::2/21090 
17:32:37.923636 CONNECT flow>2290 srcPort>38757 dst>fd10:43:100::2/21090 
17:32:37.951132 ON flow>2291 srcPort>45103 dst>fd10:43:100::2/21091 
17:32:37.951378 CONNECT flow>2291 srcPort>45103 dst>fd10:43:100::2/21091 
17:32:37.965051 ON flow>2292 srcPort>43825 dst>fd10:43:100::2/21092 
17:32:37.965313 CONNECT flow>2292 srcPort>43825 dst>fd10:43:100::2/21092 
17:32:38.541728 SHUTDOWN flow>2265 srcPort>43515 dst>fd10:43:100::2/21065 
17:32:38.542203 OFF flow>2265 srcPort>43515 dst>fd10:43:100::2/21065 
17:32:38.775320 SHUTDOWN flow>2266 srcPort>34473 dst>fd10:43:100::2/21066 
17:32:38.775663 OFF flow>2266 srcPort>34473 dst>fd10:43:100::2/21066 
17:32:38.871416 SHUTDOWN flow>2267 srcPort>46069 dst>fd10:43:100::2/21067 
17:32:38.871990 OFF flow>2267 srcPort>46069 dst>fd10:43:100::2/21067 
17:32:38.872124 SHUTDOWN flow>2268 srcPort>45605 dst>fd10:43:100::2/21068 
17:32:38.872398 OFF flow>2268 srcPort>45605 dst>fd10:43:100::2/21068 
17:32:38.897428 SHUTDOWN flow>2269 srcPort>36343 dst>fd10:43:100::2/21069 
17:32:38.897977 OFF flow>2269 srcPort>36343 dst>fd10:43:100::2/21069 
17:32:38.902125 SHUTDOWN flow>2270 srcPort>34515 dst>fd10:43:100::2/21070 
17:32:38.902500 OFF flow>2270 srcPort>34515 dst>fd10:43:100::2/21070 
17:32:38.946728 SHUTDOWN flow>2271 srcPort>38845 dst>fd10:43:100::2/21071 
17:32:38.947097 OFF flow>2271 srcPort>38845 dst>fd10:43:100::2/21071 
17:32:38.966931 SHUTDOWN flow>2272 srcPort>40309 dst>fd10:43:100::2/21072 
17:32:38.967240 OFF flow>2272 srcPort>40309 dst>fd10:43:100::2/21072 
17:32:38.968124 SHUTDOWN flow>2273 srcPort>42799 dst>fd10:43:100::2/21073 
17:32:38.968427 OFF flow>2273 srcPort>42799 dst>fd10:43:100::2/21073 
17:32:39.009833 SHUTDOWN flow>2274 srcPort>41445 dst>fd10:43:100::2/21074 
17:32:39.010187 OFF flow>2274 srcPort>41445 dst>fd10:43:100::2/21074 
17:32:39.131528 SHUTDOWN flow>2275 srcPort>41537 dst>fd10:43:100::2/21075 
17:32:39.131885 OFF flow>2275 srcPort>41537 dst>fd10:43:100::2/21075 
17:32:39.177435 SHUTDOWN flow>2276 srcPort>42339 dst>fd10:43:100::2/21076 
17:32:39.177880 OFF flow>2276 srcPort>42339 dst>fd10:43:100::2/21076 
17:32:39.301247 SHUTDOWN flow>2277 srcPort>34557 dst>fd10:43:100::2/21077 
17:32:39.301537 OFF flow>2277 srcPort>34557 dst>fd10:43:100::2/21077 
17:32:39.363940 SHUTDOWN flow>2278 srcPort>41169 dst>fd10:43:100::2/21078 
17:32:39.364193 OFF flow>2278 srcPort>41169 dst>fd10:43:100::2/21078 
17:32:39.373832 SHUTDOWN flow>2279 srcPort>35607 dst>fd10:43:100::2/21079 
17:32:39.374195 OFF flow>2279 srcPort>35607 dst>fd10:43:100::2/21079 
17:32:39.894544 ON flow>2293 srcPort>41461 dst>fd10:43:100::2/21093 
17:32:39.894860 CONNECT flow>2293 srcPort>41461 dst>fd10:43:100::2/21093 
17:32:39.941617 ON flow>2294 srcPort>38923 dst>fd10:43:100::2/21094 
17:32:39.941898 CONNECT flow>2294 srcPort>38923 dst>fd10:43:100::2/21094 
17:32:39.946518 ON flow>2295 srcPort>39229 dst>fd10:43:100::2/21095 
17:32:39.946796 CONNECT flow>2295 srcPort>39229 dst>fd10:43:100::2/21095 
17:32:39.982077 SHUTDOWN flow>2280 srcPort>43131 dst>fd10:43:100::2/21080 
17:32:39.982412 OFF flow>2280 srcPort>43131 dst>fd10:43:100::2/21080 
17:32:40.032910 SHUTDOWN flow>2281 srcPort>36041 dst>fd10:43:100::2/21081 
17:32:40.033318 OFF flow>2281 srcPort>36041 dst>fd10:43:100::2/21081 
17:32:40.098185 ON flow>2296 srcPort>38673 dst>fd10:43:100::2/21096 
17:32:40.098422 CONNECT flow>2296 srcPort>38673 dst>fd10:43:100::2/21096 
17:32:40.968764 SHUTDOWN flow>2282 srcPort>34543 dst>fd10:43:100::2/21082 
17:32:40.969136 OFF flow>2282 srcPort>34543 dst>fd10:43:100::2/21082 
17:32:41.293592 SHUTDOWN flow>2283 srcPort>38665 dst>fd10:43:100::2/21083 
17:32:41.294019 OFF flow>2283 srcPort>38665 dst>fd10:43:100::2/21083 
17:32:41.402368 SHUTDOWN flow>2284 srcPort>44861 dst>fd10:43:100::2/21084 
17:32:41.402678 OFF flow>2284 srcPort>44861 dst>fd10:43:100::2/21084 
17:32:41.442165 SHUTDOWN flow>2285 srcPort>42199 dst>fd10:43:100::2/21085 
17:32:41.442457 OFF flow>2285 srcPort>42199 dst>fd10:43:100::2/21085 
17:32:41.539505 SHUTDOWN flow>2286 srcPort>35913 dst>fd10:43:100::2/21086 
17:32:41.540035 OFF flow>2286 srcPort>35913 dst>fd10:43:100::2/21086 
17:32:41.598978 SHUTDOWN flow>2287 srcPort>42335 dst>fd10:43:100::2/21087 
17:32:41.599309 OFF flow>2287 srcPort>42335 dst>fd10:43:100::2/21087 
17:32:41.639302 SHUTDOWN flow>2288 srcPort>42723 dst>fd10:43:100::2/21088 
17:32:41.639614 OFF flow>2288 srcPort>42723 dst>fd10:43:100::2/21088 
17:32:41.663584 SHUTDOWN flow>2289 srcPort>42689 dst>fd10:43:100::2/21089 
17:32:41.663911 OFF flow>2289 srcPort>42689 dst>fd10:43:100::2/21089 
17:32:42.723309 SHUTDOWN flow>2290 srcPort>38757 dst>fd10:43:100::2/21090 
17:32:42.723687 OFF flow>2290 srcPort>38757 dst>fd10:43:100::2/21090 
17:32:42.728779 ON flow>2297 srcPort>43699 dst>fd10:43:100::2/21097 
17:32:42.729023 CONNECT flow>2297 srcPort>43699 dst>fd10:43:100::2/21097 
17:32:42.751090 SHUTDOWN flow>2291 srcPort>45103 dst>fd10:43:100::2/21091 
17:32:42.751442 OFF flow>2291 srcPort>45103 dst>fd10:43:100::2/21091 
17:32:42.764982 SHUTDOWN flow>2292 srcPort>43825 dst>fd10:43:100::2/21092 
17:32:42.765302 OFF flow>2292 srcPort>43825 dst>fd10:43:100::2/21092 
17:32:43.105178 ON flow>2298 srcPort>46157 dst>fd10:43:100::2/21098 
17:32:43.105449 CONNECT flow>2298 srcPort>46157 dst>fd10:43:100::2/21098 
17:32:43.190011 ON flow>2299 srcPort>46219 dst>fd10:43:100::2/21099 
17:32:43.190349 CONNECT flow>2299 srcPort>46219 dst>fd10:43:100::2/21099 
17:32:43.269457 ON flow>2300 srcPort>36277 dst>fd10:43:100::2/21100 
17:32:43.269759 CONNECT flow>2300 srcPort>36277 dst>fd10:43:100::2/21100 
17:32:43.916004 ON flow>2301 srcPort>39797 dst>fd10:43:100::2/21101 
17:32:43.916263 CONNECT flow>2301 srcPort>39797 dst>fd10:43:100::2/21101 
17:32:44.149518 ON flow>2302 srcPort>35655 dst>fd10:43:100::2/21102 
17:32:44.149813 CONNECT flow>2302 srcPort>35655 dst>fd10:43:100::2/21102 
17:32:44.694470 SHUTDOWN flow>2293 srcPort>41461 dst>fd10:43:100::2/21093 
17:32:44.695044 OFF flow>2293 srcPort>41461 dst>fd10:43:100::2/21093 
17:32:44.741580 SHUTDOWN flow>2294 srcPort>38923 dst>fd10:43:100::2/21094 
17:32:44.741990 OFF flow>2294 srcPort>38923 dst>fd10:43:100::2/21094 
17:32:44.746472 SHUTDOWN flow>2295 srcPort>39229 dst>fd10:43:100::2/21095 
17:32:44.746836 OFF flow>2295 srcPort>39229 dst>fd10:43:100::2/21095 
17:32:44.898100 SHUTDOWN flow>2296 srcPort>38673 dst>fd10:43:100::2/21096 
17:32:44.898615 OFF flow>2296 srcPort>38673 dst>fd10:43:100::2/21096 
17:32:46.826681 ON flow>2303 srcPort>44099 dst>fd10:43:100::2/21103 
17:32:46.826966 CONNECT flow>2303 srcPort>44099 dst>fd10:43:100::2/21103 
17:32:46.933452 ON flow>2304 srcPort>34109 dst>fd10:43:100::2/21104 
17:32:46.933753 CONNECT flow>2304 srcPort>34109 dst>fd10:43:100::2/21104 
17:32:46.939147 ON flow>2305 srcPort>44965 dst>fd10:43:100::2/21105 
17:32:46.939389 CONNECT flow>2305 srcPort>44965 dst>fd10:43:100::2/21105 
17:32:47.101147 ON flow>2306 srcPort>35965 dst>fd10:43:100::2/21106 
17:32:47.101396 CONNECT flow>2306 srcPort>35965 dst>fd10:43:100::2/21106 
17:32:47.109537 ON flow>2307 srcPort>45487 dst>fd10:43:100::2/21107 
17:32:47.109815 CONNECT flow>2307 srcPort>45487 dst>fd10:43:100::2/21107 
17:32:47.113363 ON flow>2308 srcPort>41805 dst>fd10:43:100::2/21108 
17:32:47.113592 CONNECT flow>2308 srcPort>41805 dst>fd10:43:100::2/21108 
17:32:47.262544 ON flow>2309 srcPort>38545 dst>fd10:43:100::2/21109 
17:32:47.262823 CONNECT flow>2309 srcPort>38545 dst>fd10:43:100::2/21109 
17:32:47.342036 ON flow>2310 srcPort>37783 dst>fd10:43:100::2/21110 
17:32:47.342297 CONNECT flow>2310 srcPort>37783 dst>fd10:43:100::2/21110 
17:32:47.491945 ON flow>2311 srcPort>33137 dst>fd10:43:100::2/21111 
17:32:47.492226 CONNECT flow>2311 srcPort>33137 dst>fd10:43:100::2/21111 
17:32:47.528718 SHUTDOWN flow>2297 srcPort>43699 dst>fd10:43:100::2/21097 
17:32:47.529133 OFF flow>2297 srcPort>43699 dst>fd10:43:100::2/21097 
17:32:47.777769 ON flow>2312 srcPort>36351 dst>fd10:43:100::2/21112 
17:32:47.778016 CONNECT flow>2312 srcPort>36351 dst>fd10:43:100::2/21112 
17:32:47.905113 SHUTDOWN flow>2298 srcPort>46157 dst>fd10:43:100::2/21098 
17:32:47.905709 OFF flow>2298 srcPort>46157 dst>fd10:43:100::2/21098 
17:32:47.989964 SHUTDOWN flow>2299 srcPort>46219 dst>fd10:43:100::2/21099 
17:32:47.990508 OFF flow>2299 srcPort>46219 dst>fd10:43:100::2/21099 
17:32:48.069424 SHUTDOWN flow>2300 srcPort>36277 dst>fd10:43:100::2/21100 
17:32:48.069804 OFF flow>2300 srcPort>36277 dst>fd10:43:100::2/21100 
17:32:48.715914 SHUTDOWN flow>2301 srcPort>39797 dst>fd10:43:100::2/21101 
17:32:48.716279 OFF flow>2301 srcPort>39797 dst>fd10:43:100::2/21101 
17:32:48.949416 SHUTDOWN flow>2302 srcPort>35655 dst>fd10:43:100::2/21102 
17:32:48.949758 OFF flow>2302 srcPort>35655 dst>fd10:43:100::2/21102 
17:32:49.091780 ON flow>2313 srcPort>37111 dst>fd10:43:100::2/21113 
17:32:49.092053 CONNECT flow>2313 srcPort>37111 dst>fd10:43:100::2/21113 
17:32:49.349899 ON flow>2314 srcPort>39061 dst>fd10:43:100::2/21114 
17:32:49.350171 CONNECT flow>2314 srcPort>39061 dst>fd10:43:100::2/21114 
17:32:49.441490 ON flow>2315 srcPort>45417 dst>fd10:43:100::2/21115 
17:32:49.441895 CONNECT flow>2315 srcPort>45417 dst>fd10:43:100::2/21115 
17:32:49.444129 ON flow>2316 srcPort>43523 dst>fd10:43:100::2/21116 
17:32:49.444429 CONNECT flow>2316 srcPort>43523 dst>fd10:43:100::2/21116 
17:32:50.533692 ON flow>2317 srcPort>43089 dst>fd10:43:100::2/21117 
17:32:50.533971 CONNECT flow>2317 srcPort>43089 dst>fd10:43:100::2/21117 
17:32:50.689081 ON flow>2318 srcPort>35599 dst>fd10:43:100::2/21118 
17:32:50.689354 CONNECT flow>2318 srcPort>35599 dst>fd10:43:100::2/21118 
17:32:50.843392 ON flow>2319 srcPort>41573 dst>fd10:43:100::2/21119 
17:32:50.843677 CONNECT flow>2319 srcPort>41573 dst>fd10:43:100::2/21119 
17:32:51.130646 ON flow>2320 srcPort>38499 dst>fd10:43:100::2/21120 
17:32:51.130944 CONNECT flow>2320 srcPort>38499 dst>fd10:43:100::2/21120 
17:32:51.441018 ON flow>2321 srcPort>41375 dst>fd10:43:100::2/21121 
17:32:51.441290 CONNECT flow>2321 srcPort>41375 dst>fd10:43:100::2/21121 
17:32:51.490631 ON flow>2322 srcPort>36025 dst>fd10:43:100::2/21122 
17:32:51.490860 CONNECT flow>2322 srcPort>36025 dst>fd10:43:100::2/21122 
17:32:51.626602 SHUTDOWN flow>2303 srcPort>44099 dst>fd10:43:100::2/21103 
17:32:51.627018 OFF flow>2303 srcPort>44099 dst>fd10:43:100::2/21103 
17:32:51.733400 SHUTDOWN flow>2304 srcPort>34109 dst>fd10:43:100::2/21104 
17:32:51.733909 OFF flow>2304 srcPort>34109 dst>fd10:43:100::2/21104 
17:32:51.739091 SHUTDOWN flow>2305 srcPort>44965 dst>fd10:43:100::2/21105 
17:32:51.739429 OFF flow>2305 srcPort>44965 dst>fd10:43:100::2/21105 
17:32:51.901097 SHUTDOWN flow>2306 srcPort>35965 dst>fd10:43:100::2/21106 
17:32:51.901535 OFF flow>2306 srcPort>35965 dst>fd10:43:100::2/21106 
17:32:51.909496 SHUTDOWN flow>2307 srcPort>45487 dst>fd10:43:100::2/21107 
17:32:51.909826 OFF flow>2307 srcPort>45487 dst>fd10:43:100::2/21107 
17:32:51.913292 SHUTDOWN flow>2308 srcPort>41805 dst>fd10:43:100::2/21108 
17:32:51.913627 OFF flow>2308 srcPort>41805 dst>fd10:43:100::2/21108 
17:32:52.062528 SHUTDOWN flow>2309 srcPort>38545 dst>fd10:43:100::2/21109 
17:32:52.063006 OFF flow>2309 srcPort>38545 dst>fd10:43:100::2/21109 
17:32:52.142002 SHUTDOWN flow>2310 srcPort>37783 dst>fd10:43:100::2/21110 
17:32:52.142366 OFF flow>2310 srcPort>37783 dst>fd10:43:100::2/21110 
17:32:52.291896 SHUTDOWN flow>2311 srcPort>33137 dst>fd10:43:100::2/21111 
17:32:52.292390 OFF flow>2311 srcPort>33137 dst>fd10:43:100::2/21111 
17:32:52.577689 SHUTDOWN flow>2312 srcPort>36351 dst>fd10:43:100::2/21112 
17:32:52.578047 OFF flow>2312 srcPort>36351 dst>fd10:43:100::2/21112 
17:32:53.891701 SHUTDOWN flow>2313 srcPort>37111 dst>fd10:43:100::2/21113 
17:32:53.892229 OFF flow>2313 srcPort>37111 dst>fd10:43:100::2/21113 
17:32:53.988886 ON flow>2323 srcPort>35853 dst>fd10:43:100::2/21123 
17:32:53.989118 CONNECT flow>2323 srcPort>35853 dst>fd10:43:100::2/21123 
17:32:53.990577 ON flow>2324 srcPort>38875 dst>fd10:43:100::2/21124 
17:32:53.990830 CONNECT flow>2324 srcPort>38875 dst>fd10:43:100::2/21124 
17:32:54.064843 ON flow>2325 srcPort>35117 dst>fd10:43:100::2/21125 
17:32:54.065115 CONNECT flow>2325 srcPort>35117 dst>fd10:43:100::2/21125 
17:32:54.111262 ON flow>2326 srcPort>40851 dst>fd10:43:100::2/21126 
17:32:54.111556 CONNECT flow>2326 srcPort>40851 dst>fd10:43:100::2/21126 
17:32:54.149836 SHUTDOWN flow>2314 srcPort>39061 dst>fd10:43:100::2/21114 
17:32:54.150295 OFF flow>2314 srcPort>39061 dst>fd10:43:100::2/21114 
17:32:54.211756 ON flow>2327 srcPort>40825 dst>fd10:43:100::2/21127 
17:32:54.212242 CONNECT flow>2327 srcPort>40825 dst>fd10:43:100::2/21127 
17:32:54.232256 ON flow>2328 srcPort>43997 dst>fd10:43:100::2/21128 
17:32:54.232481 CONNECT flow>2328 srcPort>43997 dst>fd10:43:100::2/21128 
17:32:54.241386 SHUTDOWN flow>2315 srcPort>45417 dst>fd10:43:100::2/21115 
17:32:54.241724 OFF flow>2315 srcPort>45417 dst>fd10:43:100::2/21115 
17:32:54.244085 SHUTDOWN flow>2316 srcPort>43523 dst>fd10:43:100::2/21116 
17:32:54.244385 OFF flow>2316 srcPort>43523 dst>fd10:43:100::2/21116 
17:32:55.333604 SHUTDOWN flow>2317 srcPort>43089 dst>fd10:43:100::2/21117 
17:32:55.334071 OFF flow>2317 srcPort>43089 dst>fd10:43:100::2/21117 
17:32:55.489042 SHUTDOWN flow>2318 srcPort>35599 dst>fd10:43:100::2/21118 
17:32:55.489502 OFF flow>2318 srcPort>35599 dst>fd10:43:100::2/21118 
17:32:55.643353 SHUTDOWN flow>2319 srcPort>41573 dst>fd10:43:100::2/21119 
17:32:55.643807 OFF flow>2319 srcPort>41573 dst>fd10:43:100::2/21119 
17:32:55.930547 SHUTDOWN flow>2320 srcPort>38499 dst>fd10:43:100::2/21120 
17:32:55.930885 OFF flow>2320 srcPort>38499 dst>fd10:43:100::2/21120 
17:32:56.240954 SHUTDOWN flow>2321 srcPort>41375 dst>fd10:43:100::2/21121 
17:32:56.241393 OFF flow>2321 srcPort>41375 dst>fd10:43:100::2/21121 
17:32:56.290550 SHUTDOWN flow>2322 srcPort>36025 dst>fd10:43:100::2/21122 
17:32:56.291065 OFF flow>2322 srcPort>36025 dst>fd10:43:100::2/21122 
17:32:56.586066 ON flow>2329 srcPort>33305 dst>fd10:43:100::2/21129 
17:32:56.586345 CONNECT flow>2329 srcPort>33305 dst>fd10:43:100::2/21129 
17:32:56.691734 ON flow>2330 srcPort>41801 dst>fd10:43:100::2/21130 
17:32:56.692021 CONNECT flow>2330 srcPort>41801 dst>fd10:43:100::2/21130 
17:32:56.696137 ON flow>2331 srcPort>41195 dst>fd10:43:100::2/21131 
17:32:56.696380 CONNECT flow>2331 srcPort>41195 dst>fd10:43:100::2/21131 
17:32:56.727337 ON flow>2332 srcPort>33973 dst>fd10:43:100::2/21132 
17:32:56.727581 CONNECT flow>2332 srcPort>33973 dst>fd10:43:100::2/21132 
17:32:56.978091 ON flow>2333 srcPort>41749 dst>fd10:43:100::2/21133 
17:32:56.978362 CONNECT flow>2333 srcPort>41749 dst>fd10:43:100::2/21133 
17:32:57.000737 ON flow>2334 srcPort>46517 dst>fd10:43:100::2/21134 
17:32:57.000989 CONNECT flow>2334 srcPort>46517 dst>fd10:43:100::2/21134 
17:32:57.038558 ON flow>2335 srcPort>43783 dst>fd10:43:100::2/21135 
17:32:57.038832 CONNECT flow>2335 srcPort>43783 dst>fd10:43:100::2/21135 
17:32:57.043150 ON flow>2336 srcPort>35083 dst>fd10:43:100::2/21136 
17:32:57.043455 CONNECT flow>2336 srcPort>35083 dst>fd10:43:100::2/21136 
17:32:57.043523 ON flow>2337 srcPort>41101 dst>fd10:43:100::2/21137 
17:32:57.043765 CONNECT flow>2337 srcPort>41101 dst>fd10:43:100::2/21137 
17:32:57.045133 ON flow>2338 srcPort>46647 dst>fd10:43:100::2/21138 
17:32:57.045418 CONNECT flow>2338 srcPort>46647 dst>fd10:43:100::2/21138 
17:32:57.116445 ON flow>2339 srcPort>37065 dst>fd10:43:100::2/21139 
17:32:57.116699 CONNECT flow>2339 srcPort>37065 dst>fd10:43:100::2/21139 
17:32:57.118327 ON flow>2340 srcPort>43619 dst>fd10:43:100::2/21140 
17:32:57.118602 CONNECT flow>2340 srcPort>43619 dst>fd10:43:100::2/21140 
17:32:57.151532 ON flow>2341 srcPort>42261 dst>fd10:43:100::2/21141 
17:32:57.151796 CONNECT flow>2341 srcPort>42261 dst>fd10:43:100::2/21141 
17:32:58.109080 ON flow>2342 srcPort>46469 dst>fd10:43:100::2/21142 
17:32:58.109369 CONNECT flow>2342 srcPort>46469 dst>fd10:43:100::2/21142 
17:32:58.180247 ON flow>2343 srcPort>46581 dst>fd10:43:100::2/21143 
17:32:58.180490 CONNECT flow>2343 srcPort>46581 dst>fd10:43:100::2/21143 
17:32:58.187249 ON flow>2344 srcPort>40471 dst>fd10:43:100::2/21144 
17:32:58.187524 CONNECT flow>2344 srcPort>40471 dst>fd10:43:100::2/21144 
17:32:58.356593 ON flow>2345 srcPort>38663 dst>fd10:43:100::2/21145 
17:32:58.356860 CONNECT flow>2345 srcPort>38663 dst>fd10:43:100::2/21145 
17:32:58.788805 SHUTDOWN flow>2323 srcPort>35853 dst>fd10:43:100::2/21123 
17:32:58.789270 OFF flow>2323 srcPort>35853 dst>fd10:43:100::2/21123 
17:32:58.790495 SHUTDOWN flow>2324 srcPort>38875 dst>fd10:43:100::2/21124 
17:32:58.791081 OFF flow>2324 srcPort>38875 dst>fd10:43:100::2/21124 
17:32:58.864797 SHUTDOWN flow>2325 srcPort>35117 dst>fd10:43:100::2/21125 
17:32:58.865165 OFF flow>2325 srcPort>35117 dst>fd10:43:100::2/21125 
17:32:58.911201 SHUTDOWN flow>2326 srcPort>40851 dst>fd10:43:100::2/21126 
17:32:58.911627 OFF flow>2326 srcPort>40851 dst>fd10:43:100::2/21126 
17:32:59.011704 SHUTDOWN flow>2327 srcPort>40825 dst>fd10:43:100::2/21127 
17:32:59.012151 OFF flow>2327 srcPort>40825 dst>fd10:43:100::2/21127 
17:32:59.032196 SHUTDOWN flow>2328 srcPort>43997 dst>fd10:43:100::2/21128 
17:32:59.032547 OFF flow>2328 srcPort>43997 dst>fd10:43:100::2/21128 
17:33:00.727916 ON flow>2346 srcPort>35995 dst>fd10:43:100::2/21146 
17:33:00.728170 CONNECT flow>2346 srcPort>35995 dst>fd10:43:100::2/21146 
17:33:01.047514 ON flow>2347 srcPort>46263 dst>fd10:43:100::2/21147 
17:33:01.047825 CONNECT flow>2347 srcPort>46263 dst>fd10:43:100::2/21147 
17:33:01.121009 ON flow>2348 srcPort>45667 dst>fd10:43:100::2/21148 
17:33:01.121311 CONNECT flow>2348 srcPort>45667 dst>fd10:43:100::2/21148 
17:33:01.385980 SHUTDOWN flow>2329 srcPort>33305 dst>fd10:43:100::2/21129 
17:33:01.386417 OFF flow>2329 srcPort>33305 dst>fd10:43:100::2/21129 
17:33:01.491691 SHUTDOWN flow>2330 srcPort>41801 dst>fd10:43:100::2/21130 
17:33:01.492143 OFF flow>2330 srcPort>41801 dst>fd10:43:100::2/21130 
17:33:01.496082 SHUTDOWN flow>2331 srcPort>41195 dst>fd10:43:100::2/21131 
17:33:01.496402 OFF flow>2331 srcPort>41195 dst>fd10:43:100::2/21131 
17:33:01.527291 SHUTDOWN flow>2332 srcPort>33973 dst>fd10:43:100::2/21132 
17:33:01.527644 OFF flow>2332 srcPort>33973 dst>fd10:43:100::2/21132 
17:33:01.777998 SHUTDOWN flow>2333 srcPort>41749 dst>fd10:43:100::2/21133 
17:33:01.778390 OFF flow>2333 srcPort>41749 dst>fd10:43:100::2/21133 
17:33:01.800693 SHUTDOWN flow>2334 srcPort>46517 dst>fd10:43:100::2/21134 
17:33:01.801079 OFF flow>2334 srcPort>46517 dst>fd10:43:100::2/21134 
17:33:01.838520 SHUTDOWN flow>2335 srcPort>43783 dst>fd10:43:100::2/21135 
17:33:01.838884 OFF flow>2335 srcPort>43783 dst>fd10:43:100::2/21135 
17:33:01.843091 SHUTDOWN flow>2336 srcPort>35083 dst>fd10:43:100::2/21136 
17:33:01.843446 OFF flow>2336 srcPort>35083 dst>fd10:43:100::2/21136 
17:33:01.843485 SHUTDOWN flow>2337 srcPort>41101 dst>fd10:43:100::2/21137 
17:33:01.843836 OFF flow>2337 srcPort>41101 dst>fd10:43:100::2/21137 
17:33:01.845091 SHUTDOWN flow>2338 srcPort>46647 dst>fd10:43:100::2/21138 
17:33:01.845432 OFF flow>2338 srcPort>46647 dst>fd10:43:100::2/21138 
17:33:01.916416 SHUTDOWN flow>2339 srcPort>37065 dst>fd10:43:100::2/21139 
17:33:01.916759 OFF flow>2339 srcPort>37065 dst>fd10:43:100::2/21139 
17:33:01.918307 SHUTDOWN flow>2340 srcPort>43619 dst>fd10:43:100::2/21140 
17:33:01.918761 OFF flow>2340 srcPort>43619 dst>fd10:43:100::2/21140 
17:33:01.951501 SHUTDOWN flow>2341 srcPort>42261 dst>fd10:43:100::2/21141 
17:33:01.951878 OFF flow>2341 srcPort>42261 dst>fd10:43:100::2/21141 
17:33:02.909012 SHUTDOWN flow>2342 srcPort>46469 dst>fd10:43:100::2/21142 
17:33:02.909475 OFF flow>2342 srcPort>46469 dst>fd10:43:100::2/21142 
17:33:02.980192 SHUTDOWN flow>2343 srcPort>46581 dst>fd10:43:100::2/21143 
17:33:02.980550 OFF flow>2343 srcPort>46581 dst>fd10:43:100::2/21143 
17:33:02.987198 SHUTDOWN flow>2344 srcPort>40471 dst>fd10:43:100::2/21144 
17:33:02.987706 OFF flow>2344 srcPort>40471 dst>fd10:43:100::2/21144 
17:33:03.156491 SHUTDOWN flow>2345 srcPort>38663 dst>fd10:43:100::2/21145 
17:33:03.156895 OFF flow>2345 srcPort>38663 dst>fd10:43:100::2/21145 
17:33:03.790245 ON flow>2349 srcPort>34659 dst>fd10:43:100::2/21149 
17:33:03.790494 CONNECT flow>2349 srcPort>34659 dst>fd10:43:100::2/21149 
17:33:03.794025 ON flow>2350 srcPort>44349 dst>fd10:43:100::2/21150 
17:33:03.794298 CONNECT flow>2350 srcPort>44349 dst>fd10:43:100::2/21150 
17:33:03.839936 ON flow>2351 srcPort>36069 dst>fd10:43:100::2/21151 
17:33:03.840203 CONNECT flow>2351 srcPort>36069 dst>fd10:43:100::2/21151 
17:33:03.914316 ON flow>2352 srcPort>37681 dst>fd10:43:100::2/21152 
17:33:03.914575 CONNECT flow>2352 srcPort>37681 dst>fd10:43:100::2/21152 
17:33:03.949734 ON flow>2353 srcPort>45443 dst>fd10:43:100::2/21153 
17:33:03.950023 CONNECT flow>2353 srcPort>45443 dst>fd10:43:100::2/21153 
17:33:03.991802 ON flow>2354 srcPort>43407 dst>fd10:43:100::2/21154 
17:33:03.991999 CONNECT flow>2354 srcPort>43407 dst>fd10:43:100::2/21154 
17:33:04.012477 ON flow>2355 srcPort>36749 dst>fd10:43:100::2/21155 
17:33:04.012757 CONNECT flow>2355 srcPort>36749 dst>fd10:43:100::2/21155 
17:33:04.040644 ON flow>2356 srcPort>41053 dst>fd10:43:100::2/21156 
17:33:04.040914 CONNECT flow>2356 srcPort>41053 dst>fd10:43:100::2/21156 
17:33:04.145739 ON flow>2357 srcPort>35839 dst>fd10:43:100::2/21157 
17:33:04.145965 CONNECT flow>2357 srcPort>35839 dst>fd10:43:100::2/21157 
17:33:05.527844 SHUTDOWN flow>2346 srcPort>35995 dst>fd10:43:100::2/21146 
17:33:05.528285 OFF flow>2346 srcPort>35995 dst>fd10:43:100::2/21146 
17:33:05.642104 ON flow>2358 srcPort>40883 dst>fd10:43:100::2/21158 
17:33:05.642355 CONNECT flow>2358 srcPort>40883 dst>fd10:43:100::2/21158 
17:33:05.646576 ON flow>2359 srcPort>32949 dst>fd10:43:100::2/21159 
17:33:05.646801 CONNECT flow>2359 srcPort>32949 dst>fd10:43:100::2/21159 
17:33:05.703485 ON flow>2360 srcPort>46439 dst>fd10:43:100::2/21160 
17:33:05.703721 CONNECT flow>2360 srcPort>46439 dst>fd10:43:100::2/21160 
17:33:05.763545 ON flow>2361 srcPort>43643 dst>fd10:43:100::2/21161 
17:33:05.763877 CONNECT flow>2361 srcPort>43643 dst>fd10:43:100::2/21161 
17:33:05.847426 SHUTDOWN flow>2347 srcPort>46263 dst>fd10:43:100::2/21147 
17:33:05.847746 OFF flow>2347 srcPort>46263 dst>fd10:43:100::2/21147 
17:33:05.920822 SHUTDOWN flow>2348 srcPort>45667 dst>fd10:43:100::2/21148 
17:33:05.921478 OFF flow>2348 srcPort>45667 dst>fd10:43:100::2/21148 
17:33:07.297412 ON flow>2362 srcPort>45131 dst>fd10:43:100::2/21162 
17:33:07.297653 CONNECT flow>2362 srcPort>45131 dst>fd10:43:100::2/21162 
17:33:07.343747 ON flow>2363 srcPort>43607 dst>fd10:43:100::2/21163 
17:33:07.344037 CONNECT flow>2363 srcPort>43607 dst>fd10:43:100::2/21163 
17:33:07.418766 ON flow>2364 srcPort>35147 dst>fd10:43:100::2/21164 
17:33:07.419052 CONNECT flow>2364 srcPort>35147 dst>fd10:43:100::2/21164 
17:33:07.519641 ON flow>2365 srcPort>34867 dst>fd10:43:100::2/21165 
17:33:07.519960 CONNECT flow>2365 srcPort>34867 dst>fd10:43:100::2/21165 
17:33:07.685952 ON flow>2366 srcPort>38209 dst>fd10:43:100::2/21166 
17:33:07.686200 CONNECT flow>2366 srcPort>38209 dst>fd10:43:100::2/21166 
17:33:07.875739 ON flow>2367 srcPort>34271 dst>fd10:43:100::2/21167 
17:33:07.876006 CONNECT flow>2367 srcPort>34271 dst>fd10:43:100::2/21167 
17:33:07.960856 ON flow>2368 srcPort>44357 dst>fd10:43:100::2/21168 
17:33:07.961100 CONNECT flow>2368 srcPort>44357 dst>fd10:43:100::2/21168 
17:33:08.075582 ON flow>2369 srcPort>42643 dst>fd10:43:100::2/21169 
17:33:08.075983 CONNECT flow>2369 srcPort>42643 dst>fd10:43:100::2/21169 
17:33:08.119665 ON flow>2370 srcPort>38285 dst>fd10:43:100::2/21170 
17:33:08.119992 CONNECT flow>2370 srcPort>38285 dst>fd10:43:100::2/21170 
17:33:08.149603 ON flow>2371 srcPort>38899 dst>fd10:43:100::2/21171 
17:33:08.149941 CONNECT flow>2371 srcPort>38899 dst>fd10:43:100::2/21171 
17:33:08.169654 ON flow>2372 srcPort>43507 dst>fd10:43:100::2/21172 
17:33:08.169916 CONNECT flow>2372 srcPort>43507 dst>fd10:43:100::2/21172 
17:33:08.196689 ON flow>2373 srcPort>41825 dst>fd10:43:100::2/21173 
17:33:08.197348 CONNECT flow>2373 srcPort>41825 dst>fd10:43:100::2/21173 
17:33:08.213745 ON flow>2374 srcPort>46853 dst>fd10:43:100::2/21174 
17:33:08.214318 CONNECT flow>2374 srcPort>46853 dst>fd10:43:100::2/21174 
17:33:08.299545 ON flow>2375 srcPort>44683 dst>fd10:43:100::2/21175 
17:33:08.299796 CONNECT flow>2375 srcPort>44683 dst>fd10:43:100::2/21175 
17:33:08.358702 ON flow>2376 srcPort>39677 dst>fd10:43:100::2/21176 
17:33:08.358969 CONNECT flow>2376 srcPort>39677 dst>fd10:43:100::2/21176 
17:33:08.508755 ON flow>2377 srcPort>35319 dst>fd10:43:100::2/21177 
17:33:08.509011 CONNECT flow>2377 srcPort>35319 dst>fd10:43:100::2/21177 
17:33:08.590094 SHUTDOWN flow>2349 srcPort>34659 dst>fd10:43:100::2/21149 
17:33:08.590535 OFF flow>2349 srcPort>34659 dst>fd10:43:100::2/21149 
17:33:08.593992 SHUTDOWN flow>2350 srcPort>44349 dst>fd10:43:100::2/21150 
17:33:08.594324 OFF flow>2350 srcPort>44349 dst>fd10:43:100::2/21150 
17:33:08.601461 ON flow>2378 srcPort>40587 dst>fd10:43:100::2/21178 
17:33:08.601712 CONNECT flow>2378 srcPort>40587 dst>fd10:43:100::2/21178 
17:33:08.621951 ON flow>2379 srcPort>40793 dst>fd10:43:100::2/21179 
17:33:08.622151 CONNECT flow>2379 srcPort>40793 dst>fd10:43:100::2/21179 
17:33:08.639599 SHUTDOWN flow>2351 srcPort>36069 dst>fd10:43:100::2/21151 
17:33:08.639940 OFF flow>2351 srcPort>36069 dst>fd10:43:100::2/21151 
17:33:08.714198 SHUTDOWN flow>2352 srcPort>37681 dst>fd10:43:100::2/21152 
17:33:08.714539 OFF flow>2352 srcPort>37681 dst>fd10:43:100::2/21152 
17:33:08.749711 SHUTDOWN flow>2353 srcPort>45443 dst>fd10:43:100::2/21153 
17:33:08.750183 OFF flow>2353 srcPort>45443 dst>fd10:43:100::2/21153 
17:33:08.791506 SHUTDOWN flow>2354 srcPort>43407 dst>fd10:43:100::2/21154 
17:33:08.791932 OFF flow>2354 srcPort>43407 dst>fd10:43:100::2/21154 
17:33:08.812393 SHUTDOWN flow>2355 srcPort>36749 dst>fd10:43:100::2/21155 
17:33:08.812698 OFF flow>2355 srcPort>36749 dst>fd10:43:100::2/21155 
17:33:08.840602 SHUTDOWN flow>2356 srcPort>41053 dst>fd10:43:100::2/21156 
17:33:08.840969 OFF flow>2356 srcPort>41053 dst>fd10:43:100::2/21156 
17:33:08.945707 SHUTDOWN flow>2357 srcPort>35839 dst>fd10:43:100::2/21157 
17:33:08.946085 OFF flow>2357 srcPort>35839 dst>fd10:43:100::2/21157 
17:33:10.441807 SHUTDOWN flow>2358 srcPort>40883 dst>fd10:43:100::2/21158 
17:33:10.442223 OFF flow>2358 srcPort>40883 dst>fd10:43:100::2/21158 
17:33:10.446498 SHUTDOWN flow>2359 srcPort>32949 dst>fd10:43:100::2/21159 
17:33:10.446828 OFF flow>2359 srcPort>32949 dst>fd10:43:100::2/21159 
17:33:10.503398 SHUTDOWN flow>2360 srcPort>46439 dst>fd10:43:100::2/21160 
17:33:10.503783 OFF flow>2360 srcPort>46439 dst>fd10:43:100::2/21160 
17:33:10.563501 SHUTDOWN flow>2361 srcPort>43643 dst>fd10:43:100::2/21161 
17:33:10.563882 OFF flow>2361 srcPort>43643 dst>fd10:43:100::2/21161 
17:33:12.097312 SHUTDOWN flow>2362 srcPort>45131 dst>fd10:43:100::2/21162 
17:33:12.097667 OFF flow>2362 srcPort>45131 dst>fd10:43:100::2/21162 
17:33:12.143706 SHUTDOWN flow>2363 srcPort>43607 dst>fd10:43:100::2/21163 
17:33:12.144052 OFF flow>2363 srcPort>43607 dst>fd10:43:100::2/21163 
17:33:12.218705 SHUTDOWN flow>2364 srcPort>35147 dst>fd10:43:100::2/21164 
17:33:12.219039 OFF flow>2364 srcPort>35147 dst>fd10:43:100::2/21164 
17:33:12.319605 SHUTDOWN flow>2365 srcPort>34867 dst>fd10:43:100::2/21165 
17:33:12.319949 OFF flow>2365 srcPort>34867 dst>fd10:43:100::2/21165 
17:33:12.485901 SHUTDOWN flow>2366 srcPort>38209 dst>fd10:43:100::2/21166 
17:33:12.486279 OFF flow>2366 srcPort>38209 dst>fd10:43:100::2/21166 
17:33:12.664525 ON flow>2380 srcPort>38905 dst>fd10:43:100::2/21180 
17:33:12.664793 CONNECT flow>2380 srcPort>38905 dst>fd10:43:100::2/21180 
17:33:12.675636 SHUTDOWN flow>2367 srcPort>34271 dst>fd10:43:100::2/21167 
17:33:12.676227 OFF flow>2367 srcPort>34271 dst>fd10:43:100::2/21167 
17:33:12.698043 ON flow>2381 srcPort>38727 dst>fd10:43:100::2/21181 
17:33:12.698292 CONNECT flow>2381 srcPort>38727 dst>fd10:43:100::2/21181 
17:33:12.760805 SHUTDOWN flow>2368 srcPort>44357 dst>fd10:43:100::2/21168 
17:33:12.761131 OFF flow>2368 srcPort>44357 dst>fd10:43:100::2/21168 
17:33:12.821445 ON flow>2382 srcPort>45165 dst>fd10:43:100::2/21182 
17:33:12.821698 CONNECT flow>2382 srcPort>45165 dst>fd10:43:100::2/21182 
17:33:12.875310 SHUTDOWN flow>2369 srcPort>42643 dst>fd10:43:100::2/21169 
17:33:12.875701 OFF flow>2369 srcPort>42643 dst>fd10:43:100::2/21169 
17:33:12.890343 ON flow>2383 srcPort>33269 dst>fd10:43:100::2/21183 
17:33:12.890612 CONNECT flow>2383 srcPort>33269 dst>fd10:43:100::2/21183 
17:33:12.897244 ON flow>2384 srcPort>36087 dst>fd10:43:100::2/21184 
17:33:12.897495 CONNECT flow>2384 srcPort>36087 dst>fd10:43:100::2/21184 
17:33:12.919609 SHUTDOWN flow>2370 srcPort>38285 dst>fd10:43:100::2/21170 
17:33:12.920034 OFF flow>2370 srcPort>38285 dst>fd10:43:100::2/21170 
17:33:12.946145 ON flow>2385 srcPort>35935 dst>fd10:43:100::2/21185 
17:33:12.946435 CONNECT flow>2385 srcPort>35935 dst>fd10:43:100::2/21185 
17:33:12.949507 SHUTDOWN flow>2371 srcPort>38899 dst>fd10:43:100::2/21171 
17:33:12.949848 OFF flow>2371 srcPort>38899 dst>fd10:43:100::2/21171 
17:33:12.969611 SHUTDOWN flow>2372 srcPort>43507 dst>fd10:43:100::2/21172 
17:33:12.970161 OFF flow>2372 srcPort>43507 dst>fd10:43:100::2/21172 
17:33:12.996629 SHUTDOWN flow>2373 srcPort>41825 dst>fd10:43:100::2/21173 
17:33:12.996965 OFF flow>2373 srcPort>41825 dst>fd10:43:100::2/21173 
17:33:13.013709 SHUTDOWN flow>2374 srcPort>46853 dst>fd10:43:100::2/21174 
17:33:13.014215 OFF flow>2374 srcPort>46853 dst>fd10:43:100::2/21174 
17:33:13.099510 SHUTDOWN flow>2375 srcPort>44683 dst>fd10:43:100::2/21175 
17:33:13.099887 OFF flow>2375 srcPort>44683 dst>fd10:43:100::2/21175 
17:33:13.158611 SHUTDOWN flow>2376 srcPort>39677 dst>fd10:43:100::2/21176 
17:33:13.158983 OFF flow>2376 srcPort>39677 dst>fd10:43:100::2/21176 
17:33:13.161857 ON flow>2386 srcPort>41059 dst>fd10:43:100::2/21186 
17:33:13.162612 CONNECT flow>2386 srcPort>41059 dst>fd10:43:100::2/21186 
17:33:13.259463 ON flow>2387 srcPort>41189 dst>fd10:43:100::2/21187 
17:33:13.259744 CONNECT flow>2387 srcPort>41189 dst>fd10:43:100::2/21187 
17:33:13.308713 SHUTDOWN flow>2377 srcPort>35319 dst>fd10:43:100::2/21177 
17:33:13.309137 OFF flow>2377 srcPort>35319 dst>fd10:43:100::2/21177 
17:33:13.401413 SHUTDOWN flow>2378 srcPort>40587 dst>fd10:43:100::2/21178 
17:33:13.401876 OFF flow>2378 srcPort>40587 dst>fd10:43:100::2/21178 
17:33:13.421913 SHUTDOWN flow>2379 srcPort>40793 dst>fd10:43:100::2/21179 
17:33:13.422256 OFF flow>2379 srcPort>40793 dst>fd10:43:100::2/21179 
17:33:15.962136 ON flow>2388 srcPort>45089 dst>fd10:43:100::2/21188 
17:33:15.962392 CONNECT flow>2388 srcPort>45089 dst>fd10:43:100::2/21188 
17:33:16.013385 ON flow>2389 srcPort>40857 dst>fd10:43:100::2/21189 
17:33:16.013652 CONNECT flow>2389 srcPort>40857 dst>fd10:43:100::2/21189 
17:33:16.278577 ON flow>2390 srcPort>42359 dst>fd10:43:100::2/21190 
17:33:16.278843 CONNECT flow>2390 srcPort>42359 dst>fd10:43:100::2/21190 
17:33:16.324416 ON flow>2391 srcPort>36039 dst>fd10:43:100::2/21191 
17:33:16.324775 CONNECT flow>2391 srcPort>36039 dst>fd10:43:100::2/21191 
17:33:16.348754 ON flow>2392 srcPort>39809 dst>fd10:43:100::2/21192 
17:33:16.349062 CONNECT flow>2392 srcPort>39809 dst>fd10:43:100::2/21192 
17:33:16.416070 ON flow>2393 srcPort>33039 dst>fd10:43:100::2/21193 
17:33:16.416369 CONNECT flow>2393 srcPort>33039 dst>fd10:43:100::2/21193 
17:33:16.970674 ON flow>2394 srcPort>46305 dst>fd10:43:100::2/21194 
17:33:16.970899 CONNECT flow>2394 srcPort>46305 dst>fd10:43:100::2/21194 
17:33:17.123955 ON flow>2395 srcPort>35779 dst>fd10:43:100::2/21195 
17:33:17.124229 CONNECT flow>2395 srcPort>35779 dst>fd10:43:100::2/21195 
17:33:17.194412 ON flow>2396 srcPort>46593 dst>fd10:43:100::2/21196 
17:33:17.194641 CONNECT flow>2396 srcPort>46593 dst>fd10:43:100::2/21196 
17:33:17.464433 SHUTDOWN flow>2380 srcPort>38905 dst>fd10:43:100::2/21180 
17:33:17.464917 OFF flow>2380 srcPort>38905 dst>fd10:43:100::2/21180 
17:33:17.498025 SHUTDOWN flow>2381 srcPort>38727 dst>fd10:43:100::2/21181 
17:33:17.498409 OFF flow>2381 srcPort>38727 dst>fd10:43:100::2/21181 
17:33:17.621409 SHUTDOWN flow>2382 srcPort>45165 dst>fd10:43:100::2/21182 
17:33:17.621929 OFF flow>2382 srcPort>45165 dst>fd10:43:100::2/21182 
17:33:17.690319 SHUTDOWN flow>2383 srcPort>33269 dst>fd10:43:100::2/21183 
17:33:17.690635 OFF flow>2383 srcPort>33269 dst>fd10:43:100::2/21183 
17:33:17.697203 SHUTDOWN flow>2384 srcPort>36087 dst>fd10:43:100::2/21184 
17:33:17.697502 OFF flow>2384 srcPort>36087 dst>fd10:43:100::2/21184 
17:33:17.746160 SHUTDOWN flow>2385 srcPort>35935 dst>fd10:43:100::2/21185 
17:33:17.746589 OFF flow>2385 srcPort>35935 dst>fd10:43:100::2/21185 
17:33:17.961820 SHUTDOWN flow>2386 srcPort>41059 dst>fd10:43:100::2/21186 
17:33:17.962248 OFF flow>2386 srcPort>41059 dst>fd10:43:100::2/21186 
17:33:18.059408 SHUTDOWN flow>2387 srcPort>41189 dst>fd10:43:100::2/21187 
17:33:18.059782 OFF flow>2387 srcPort>41189 dst>fd10:43:100::2/21187 
17:33:18.278396 ON flow>2397 srcPort>45809 dst>fd10:43:100::2/21197 
17:33:18.278914 CONNECT flow>2397 srcPort>45809 dst>fd10:43:100::2/21197 
17:33:18.344244 ON flow>2398 srcPort>36659 dst>fd10:43:100::2/21198 
17:33:18.344510 CONNECT flow>2398 srcPort>36659 dst>fd10:43:100::2/21198 
17:33:18.438755 ON flow>2399 srcPort>38223 dst>fd10:43:100::2/21199 
17:33:18.439033 CONNECT flow>2399 srcPort>38223 dst>fd10:43:100::2/21199 
17:33:18.477472 ON flow>2400 srcPort>42691 dst>fd10:43:100::2/21200 
17:33:18.477676 CONNECT flow>2400 srcPort>42691 dst>fd10:43:100::2/21200 
17:33:18.595784 ON flow>2401 srcPort>45133 dst>fd10:43:100::2/21201 
17:33:18.596042 CONNECT flow>2401 srcPort>45133 dst>fd10:43:100::2/21201 
17:33:18.637477 ON flow>2402 srcPort>43545 dst>fd10:43:100::2/21202 
17:33:18.637696 CONNECT flow>2402 srcPort>43545 dst>fd10:43:100::2/21202 
17:33:19.202576 ON flow>2403 srcPort>34561 dst>fd10:43:100::2/21203 
17:33:19.202832 CONNECT flow>2403 srcPort>34561 dst>fd10:43:100::2/21203 
17:33:19.314090 ON flow>2404 srcPort>45167 dst>fd10:43:100::2/21204 
17:33:19.314314 CONNECT flow>2404 srcPort>45167 dst>fd10:43:100::2/21204 
17:33:19.469171 ON flow>2405 srcPort>36495 dst>fd10:43:100::2/21205 
17:33:19.469479 CONNECT flow>2405 srcPort>36495 dst>fd10:43:100::2/21205 
17:33:19.577656 ON flow>2406 srcPort>34935 dst>fd10:43:100::2/21206 
17:33:19.577938 CONNECT flow>2406 srcPort>34935 dst>fd10:43:100::2/21206 
17:33:20.495829 ON flow>2407 srcPort>38387 dst>fd10:43:100::2/21207 
17:33:20.496099 CONNECT flow>2407 srcPort>38387 dst>fd10:43:100::2/21207 
17:33:20.509997 ON flow>2408 srcPort>40045 dst>fd10:43:100::2/21208 
17:33:20.510269 CONNECT flow>2408 srcPort>40045 dst>fd10:43:100::2/21208 
17:33:20.582976 ON flow>2409 srcPort>38049 dst>fd10:43:100::2/21209 
17:33:20.583267 CONNECT flow>2409 srcPort>38049 dst>fd10:43:100::2/21209 
17:33:20.717256 ON flow>2410 srcPort>45837 dst>fd10:43:100::2/21210 
17:33:20.717465 CONNECT flow>2410 srcPort>45837 dst>fd10:43:100::2/21210 
17:33:20.762021 SHUTDOWN flow>2388 srcPort>45089 dst>fd10:43:100::2/21188 
17:33:20.762412 OFF flow>2388 srcPort>45089 dst>fd10:43:100::2/21188 
17:33:20.813119 SHUTDOWN flow>2389 srcPort>40857 dst>fd10:43:100::2/21189 
17:33:20.813448 OFF flow>2389 srcPort>40857 dst>fd10:43:100::2/21189 
17:33:20.859436 ON flow>2411 srcPort>42517 dst>fd10:43:100::2/21211 
17:33:20.859707 CONNECT flow>2411 srcPort>42517 dst>fd10:43:100::2/21211 
17:33:20.886588 ON flow>2412 srcPort>38389 dst>fd10:43:100::2/21212 
17:33:20.886806 CONNECT flow>2412 srcPort>38389 dst>fd10:43:100::2/21212 
17:33:20.893664 ON flow>2413 srcPort>42265 dst>fd10:43:100::2/21213 
17:33:20.893910 CONNECT flow>2413 srcPort>42265 dst>fd10:43:100::2/21213 
17:33:20.897456 ON flow>2414 srcPort>41385 dst>fd10:43:100::2/21214 
17:33:20.897679 CONNECT flow>2414 srcPort>41385 dst>fd10:43:100::2/21214 
17:33:20.938499 ON flow>2415 srcPort>44791 dst>fd10:43:100::2/21215 
17:33:20.938753 CONNECT flow>2415 srcPort>44791 dst>fd10:43:100::2/21215 
17:33:21.078511 SHUTDOWN flow>2390 srcPort>42359 dst>fd10:43:100::2/21190 
17:33:21.078898 OFF flow>2390 srcPort>42359 dst>fd10:43:100::2/21190 
17:33:21.109170 ON flow>2416 srcPort>35355 dst>fd10:43:100::2/21216 
17:33:21.109379 CONNECT flow>2416 srcPort>35355 dst>fd10:43:100::2/21216 
17:33:21.124316 SHUTDOWN flow>2391 srcPort>36039 dst>fd10:43:100::2/21191 
17:33:21.124689 OFF flow>2391 srcPort>36039 dst>fd10:43:100::2/21191 
17:33:21.148716 SHUTDOWN flow>2392 srcPort>39809 dst>fd10:43:100::2/21192 
17:33:21.149063 OFF flow>2392 srcPort>39809 dst>fd10:43:100::2/21192 
17:33:21.216016 SHUTDOWN flow>2393 srcPort>33039 dst>fd10:43:100::2/21193 
17:33:21.216471 OFF flow>2393 srcPort>33039 dst>fd10:43:100::2/21193 
17:33:21.770621 SHUTDOWN flow>2394 srcPort>46305 dst>fd10:43:100::2/21194 
17:33:21.770943 OFF flow>2394 srcPort>46305 dst>fd10:43:100::2/21194 
17:33:21.821924 ON flow>2417 srcPort>32825 dst>fd10:43:100::2/21217 
17:33:21.822231 CONNECT flow>2417 srcPort>32825 dst>fd10:43:100::2/21217 
17:33:21.923922 SHUTDOWN flow>2395 srcPort>35779 dst>fd10:43:100::2/21195 
17:33:21.924222 OFF flow>2395 srcPort>35779 dst>fd10:43:100::2/21195 
17:33:21.994314 SHUTDOWN flow>2396 srcPort>46593 dst>fd10:43:100::2/21196 
17:33:21.994841 OFF flow>2396 srcPort>46593 dst>fd10:43:100::2/21196 
17:33:23.044735 ON flow>2418 srcPort>35417 dst>fd10:43:100::2/21218 
17:33:23.044997 CONNECT flow>2418 srcPort>35417 dst>fd10:43:100::2/21218 
17:33:23.078315 SHUTDOWN flow>2397 srcPort>45809 dst>fd10:43:100::2/21197 
17:33:23.078597 OFF flow>2397 srcPort>45809 dst>fd10:43:100::2/21197 
17:33:23.144117 SHUTDOWN flow>2398 srcPort>36659 dst>fd10:43:100::2/21198 
17:33:23.144440 OFF flow>2398 srcPort>36659 dst>fd10:43:100::2/21198 
17:33:23.238714 SHUTDOWN flow>2399 srcPort>38223 dst>fd10:43:100::2/21199 
17:33:23.239155 OFF flow>2399 srcPort>38223 dst>fd10:43:100::2/21199 
17:33:23.242396 ON flow>2419 srcPort>44531 dst>fd10:43:100::2/21219 
17:33:23.242668 CONNECT flow>2419 srcPort>44531 dst>fd10:43:100::2/21219 
17:33:23.277419 SHUTDOWN flow>2400 srcPort>42691 dst>fd10:43:100::2/21200 
17:33:23.277759 OFF flow>2400 srcPort>42691 dst>fd10:43:100::2/21200 
17:33:23.283254 ON flow>2420 srcPort>44829 dst>fd10:43:100::2/21220 
17:33:23.283471 CONNECT flow>2420 srcPort>44829 dst>fd10:43:100::2/21220 
17:33:23.308962 ON flow>2421 srcPort>35689 dst>fd10:43:100::2/21221 
17:33:23.309193 CONNECT flow>2421 srcPort>35689 dst>fd10:43:100::2/21221 
17:33:23.373240 ON flow>2422 srcPort>44297 dst>fd10:43:100::2/21222 
17:33:23.373516 CONNECT flow>2422 srcPort>44297 dst>fd10:43:100::2/21222 
17:33:23.395718 SHUTDOWN flow>2401 srcPort>45133 dst>fd10:43:100::2/21201 
17:33:23.396106 OFF flow>2401 srcPort>45133 dst>fd10:43:100::2/21201 
17:33:23.437468 SHUTDOWN flow>2402 srcPort>43545 dst>fd10:43:100::2/21202 
17:33:23.438253 OFF flow>2402 srcPort>43545 dst>fd10:43:100::2/21202 
17:33:24.002416 SHUTDOWN flow>2403 srcPort>34561 dst>fd10:43:100::2/21203 
17:33:24.002787 OFF flow>2403 srcPort>34561 dst>fd10:43:100::2/21203 
17:33:24.114030 SHUTDOWN flow>2404 srcPort>45167 dst>fd10:43:100::2/21204 
17:33:24.114405 OFF flow>2404 srcPort>45167 dst>fd10:43:100::2/21204 
17:33:24.262733 ON flow>2423 srcPort>43983 dst>fd10:43:100::2/21223 
17:33:24.263086 CONNECT flow>2423 srcPort>43983 dst>fd10:43:100::2/21223 
17:33:24.269137 SHUTDOWN flow>2405 srcPort>36495 dst>fd10:43:100::2/21205 
17:33:24.269515 OFF flow>2405 srcPort>36495 dst>fd10:43:100::2/21205 
17:33:24.377633 SHUTDOWN flow>2406 srcPort>34935 dst>fd10:43:100::2/21206 
17:33:24.378055 OFF flow>2406 srcPort>34935 dst>fd10:43:100::2/21206 
17:33:24.516424 ON flow>2424 srcPort>40455 dst>fd10:43:100::2/21224 
17:33:24.516689 CONNECT flow>2424 srcPort>40455 dst>fd10:43:100::2/21224 
17:33:24.540966 ON flow>2425 srcPort>42431 dst>fd10:43:100::2/21225 
17:33:24.541648 CONNECT flow>2425 srcPort>42431 dst>fd10:43:100::2/21225 
17:33:24.743825 ON flow>2426 srcPort>37407 dst>fd10:43:100::2/21226 
17:33:24.744062 CONNECT flow>2426 srcPort>37407 dst>fd10:43:100::2/21226 
17:33:24.812717 ON flow>2427 srcPort>35905 dst>fd10:43:100::2/21227 
17:33:24.813042 CONNECT flow>2427 srcPort>35905 dst>fd10:43:100::2/21227 
17:33:25.117219 ON flow>2428 srcPort>33565 dst>fd10:43:100::2/21228 
17:33:25.117489 CONNECT flow>2428 srcPort>33565 dst>fd10:43:100::2/21228 
17:33:25.192389 ON flow>2429 srcPort>41333 dst>fd10:43:100::2/21229 
17:33:25.192684 CONNECT flow>2429 srcPort>41333 dst>fd10:43:100::2/21229 
17:33:25.267433 ON flow>2430 srcPort>44793 dst>fd10:43:100::2/21230 
17:33:25.267782 CONNECT flow>2430 srcPort>44793 dst>fd10:43:100::2/21230 
17:33:25.295719 SHUTDOWN flow>2407 srcPort>38387 dst>fd10:43:100::2/21207 
17:33:25.296084 OFF flow>2407 srcPort>38387 dst>fd10:43:100::2/21207 
17:33:25.309717 SHUTDOWN flow>2408 srcPort>40045 dst>fd10:43:100::2/21208 
17:33:25.310069 OFF flow>2408 srcPort>40045 dst>fd10:43:100::2/21208 
17:33:25.382937 SHUTDOWN flow>2409 srcPort>38049 dst>fd10:43:100::2/21209 
17:33:25.383303 OFF flow>2409 srcPort>38049 dst>fd10:43:100::2/21209 
17:33:25.475341 ON flow>2431 srcPort>39583 dst>fd10:43:100::2/21231 
17:33:25.475612 CONNECT flow>2431 srcPort>39583 dst>fd10:43:100::2/21231 
17:33:25.517215 SHUTDOWN flow>2410 srcPort>45837 dst>fd10:43:100::2/21210 
17:33:25.517564 OFF flow>2410 srcPort>45837 dst>fd10:43:100::2/21210 
17:33:25.659335 SHUTDOWN flow>2411 srcPort>42517 dst>fd10:43:100::2/21211 
17:33:25.659912 OFF flow>2411 srcPort>42517 dst>fd10:43:100::2/21211 
17:33:25.686527 SHUTDOWN flow>2412 srcPort>38389 dst>fd10:43:100::2/21212 
17:33:25.686880 OFF flow>2412 srcPort>38389 dst>fd10:43:100::2/21212 
17:33:25.693613 SHUTDOWN flow>2413 srcPort>42265 dst>fd10:43:100::2/21213 
17:33:25.694179 OFF flow>2413 srcPort>42265 dst>fd10:43:100::2/21213 
17:33:25.697417 SHUTDOWN flow>2414 srcPort>41385 dst>fd10:43:100::2/21214 
17:33:25.697774 OFF flow>2414 srcPort>41385 dst>fd10:43:100::2/21214 
17:33:25.738431 SHUTDOWN flow>2415 srcPort>44791 dst>fd10:43:100::2/21215 
17:33:25.738822 OFF flow>2415 srcPort>44791 dst>fd10:43:100::2/21215 
17:33:25.909117 SHUTDOWN flow>2416 srcPort>35355 dst>fd10:43:100::2/21216 
17:33:25.909687 OFF flow>2416 srcPort>35355 dst>fd10:43:100::2/21216 
17:33:26.621836 SHUTDOWN flow>2417 srcPort>32825 dst>fd10:43:100::2/21217 
17:33:26.622359 OFF flow>2417 srcPort>32825 dst>fd10:43:100::2/21217 
17:33:26.747648 ON flow>2432 srcPort>38163 dst>fd10:43:100::2/21232 
17:33:26.747965 CONNECT flow>2432 srcPort>38163 dst>fd10:43:100::2/21232 
17:33:26.766494 ON flow>2433 srcPort>45757 dst>fd10:43:100::2/21233 
17:33:26.766742 CONNECT flow>2433 srcPort>45757 dst>fd10:43:100::2/21233 
17:33:26.920377 ON flow>2434 srcPort>44383 dst>fd10:43:100::2/21234 
17:33:26.920973 CONNECT flow>2434 srcPort>44383 dst>fd10:43:100::2/21234 
17:33:27.065394 ON flow>2435 srcPort>40175 dst>fd10:43:100::2/21235 
17:33:27.065678 CONNECT flow>2435 srcPort>40175 dst>fd10:43:100::2/21235 
17:33:27.126895 ON flow>2436 srcPort>38309 dst>fd10:43:100::2/21236 
17:33:27.127117 CONNECT flow>2436 srcPort>38309 dst>fd10:43:100::2/21236 
17:33:27.462381 ON flow>2437 srcPort>45601 dst>fd10:43:100::2/21237 
17:33:27.462659 CONNECT flow>2437 srcPort>45601 dst>fd10:43:100::2/21237 
17:33:27.465064 ON flow>2438 srcPort>38213 dst>fd10:43:100::2/21238 
17:33:27.465389 CONNECT flow>2438 srcPort>38213 dst>fd10:43:100::2/21238 
17:33:27.496210 ON flow>2439 srcPort>38187 dst>fd10:43:100::2/21239 
17:33:27.496521 CONNECT flow>2439 srcPort>38187 dst>fd10:43:100::2/21239 
17:33:27.557602 ON flow>2440 srcPort>37429 dst>fd10:43:100::2/21240 
17:33:27.557923 CONNECT flow>2440 srcPort>37429 dst>fd10:43:100::2/21240 
17:33:27.563104 ON flow>2441 srcPort>45227 dst>fd10:43:100::2/21241 
17:33:27.563358 CONNECT flow>2441 srcPort>45227 dst>fd10:43:100::2/21241 
17:33:27.844619 SHUTDOWN flow>2418 srcPort>35417 dst>fd10:43:100::2/21218 
17:33:27.845033 OFF flow>2418 srcPort>35417 dst>fd10:43:100::2/21218 
17:33:28.042324 SHUTDOWN flow>2419 srcPort>44531 dst>fd10:43:100::2/21219 
17:33:28.042717 OFF flow>2419 srcPort>44531 dst>fd10:43:100::2/21219 
17:33:28.083234 SHUTDOWN flow>2420 srcPort>44829 dst>fd10:43:100::2/21220 
17:33:28.083648 OFF flow>2420 srcPort>44829 dst>fd10:43:100::2/21220 
17:33:28.108978 SHUTDOWN flow>2421 srcPort>35689 dst>fd10:43:100::2/21221 
17:33:28.109422 OFF flow>2421 srcPort>35689 dst>fd10:43:100::2/21221 
17:33:28.173130 SHUTDOWN flow>2422 srcPort>44297 dst>fd10:43:100::2/21222 
17:33:28.173596 OFF flow>2422 srcPort>44297 dst>fd10:43:100::2/21222 
17:33:28.587003 ON flow>2442 srcPort>38585 dst>fd10:43:100::2/21242 
17:33:28.587287 CONNECT flow>2442 srcPort>38585 dst>fd10:43:100::2/21242 
17:33:28.611176 ON flow>2443 srcPort>41809 dst>fd10:43:100::2/21243 
17:33:28.611435 CONNECT flow>2443 srcPort>41809 dst>fd10:43:100::2/21243 
17:33:28.775993 ON flow>2444 srcPort>41137 dst>fd10:43:100::2/21244 
17:33:28.776219 CONNECT flow>2444 srcPort>41137 dst>fd10:43:100::2/21244 
17:33:29.062613 SHUTDOWN flow>2423 srcPort>43983 dst>fd10:43:100::2/21223 
17:33:29.063113 OFF flow>2423 srcPort>43983 dst>fd10:43:100::2/21223 
17:33:29.102031 ON flow>2445 srcPort>40079 dst>fd10:43:100::2/21245 
17:33:29.102243 CONNECT flow>2445 srcPort>40079 dst>fd10:43:100::2/21245 
17:33:29.316331 SHUTDOWN flow>2424 srcPort>40455 dst>fd10:43:100::2/21224 
17:33:29.316725 OFF flow>2424 srcPort>40455 dst>fd10:43:100::2/21224 
17:33:29.340923 SHUTDOWN flow>2425 srcPort>42431 dst>fd10:43:100::2/21225 
17:33:29.341254 OFF flow>2425 srcPort>42431 dst>fd10:43:100::2/21225 
17:33:29.385901 ON flow>2446 srcPort>34911 dst>fd10:43:100::2/21246 
17:33:29.386401 CONNECT flow>2446 srcPort>34911 dst>fd10:43:100::2/21246 
17:33:29.543735 SHUTDOWN flow>2426 srcPort>37407 dst>fd10:43:100::2/21226 
17:33:29.544087 OFF flow>2426 srcPort>37407 dst>fd10:43:100::2/21226 
17:33:29.612627 SHUTDOWN flow>2427 srcPort>35905 dst>fd10:43:100::2/21227 
17:33:29.612957 OFF flow>2427 srcPort>35905 dst>fd10:43:100::2/21227 
17:33:29.917136 SHUTDOWN flow>2428 srcPort>33565 dst>fd10:43:100::2/21228 
17:33:29.917482 OFF flow>2428 srcPort>33565 dst>fd10:43:100::2/21228 
17:33:29.951163 ON flow>2447 srcPort>39207 dst>fd10:43:100::2/21247 
17:33:29.951444 CONNECT flow>2447 srcPort>39207 dst>fd10:43:100::2/21247 
17:33:29.992339 SHUTDOWN flow>2429 srcPort>41333 dst>fd10:43:100::2/21229 
17:33:29.992679 OFF flow>2429 srcPort>41333 dst>fd10:43:100::2/21229 
17:33:30.066005 ON flow>2448 srcPort>34443 dst>fd10:43:100::2/21248 
17:33:30.066274 CONNECT flow>2448 srcPort>34443 dst>fd10:43:100::2/21248 
17:33:30.067327 SHUTDOWN flow>2430 srcPort>44793 dst>fd10:43:100::2/21230 
17:33:30.067651 OFF flow>2430 srcPort>44793 dst>fd10:43:100::2/21230 
17:33:30.105990 ON flow>2449 srcPort>46803 dst>fd10:43:100::2/21249 
17:33:30.106282 CONNECT flow>2449 srcPort>46803 dst>fd10:43:100::2/21249 
17:33:30.149185 ON flow>2450 srcPort>45767 dst>fd10:43:100::2/21250 
17:33:30.149488 CONNECT flow>2450 srcPort>45767 dst>fd10:43:100::2/21250 
17:33:30.275237 SHUTDOWN flow>2431 srcPort>39583 dst>fd10:43:100::2/21231 
17:33:30.275615 OFF flow>2431 srcPort>39583 dst>fd10:43:100::2/21231 
17:33:31.547560 SHUTDOWN flow>2432 srcPort>38163 dst>fd10:43:100::2/21232 
17:33:31.547945 OFF flow>2432 srcPort>38163 dst>fd10:43:100::2/21232 
17:33:31.566426 SHUTDOWN flow>2433 srcPort>45757 dst>fd10:43:100::2/21233 
17:33:31.566704 OFF flow>2433 srcPort>45757 dst>fd10:43:100::2/21233 
17:33:31.720232 SHUTDOWN flow>2434 srcPort>44383 dst>fd10:43:100::2/21234 
17:33:31.720599 OFF flow>2434 srcPort>44383 dst>fd10:43:100::2/21234 
17:33:31.841404 ON flow>2451 srcPort>42585 dst>fd10:43:100::2/21251 
17:33:31.841696 CONNECT flow>2451 srcPort>42585 dst>fd10:43:100::2/21251 
17:33:31.865319 SHUTDOWN flow>2435 srcPort>40175 dst>fd10:43:100::2/21235 
17:33:31.865802 OFF flow>2435 srcPort>40175 dst>fd10:43:100::2/21235 
17:33:31.926831 SHUTDOWN flow>2436 srcPort>38309 dst>fd10:43:100::2/21236 
17:33:31.927182 OFF flow>2436 srcPort>38309 dst>fd10:43:100::2/21236 
17:33:32.182325 ON flow>2452 srcPort>36815 dst>fd10:43:100::2/21252 
17:33:32.182586 CONNECT flow>2452 srcPort>36815 dst>fd10:43:100::2/21252 
17:33:32.262231 SHUTDOWN flow>2437 srcPort>45601 dst>fd10:43:100::2/21237 
17:33:32.262952 OFF flow>2437 srcPort>45601 dst>fd10:43:100::2/21237 
17:33:32.265016 SHUTDOWN flow>2438 srcPort>38213 dst>fd10:43:100::2/21238 
17:33:32.265931 OFF flow>2438 srcPort>38213 dst>fd10:43:100::2/21238 
17:33:32.296162 SHUTDOWN flow>2439 srcPort>38187 dst>fd10:43:100::2/21239 
17:33:32.296532 OFF flow>2439 srcPort>38187 dst>fd10:43:100::2/21239 
17:33:32.357541 SHUTDOWN flow>2440 srcPort>37429 dst>fd10:43:100::2/21240 
17:33:32.357846 OFF flow>2440 srcPort>37429 dst>fd10:43:100::2/21240 
17:33:32.363032 SHUTDOWN flow>2441 srcPort>45227 dst>fd10:43:100::2/21241 
17:33:32.363337 OFF flow>2441 srcPort>45227 dst>fd10:43:100::2/21241 
17:33:32.902435 ON flow>2453 srcPort>41863 dst>fd10:43:100::2/21253 
17:33:32.902793 CONNECT flow>2453 srcPort>41863 dst>fd10:43:100::2/21253 
17:33:33.015119 ON flow>2454 srcPort>42175 dst>fd10:43:100::2/21254 
17:33:33.015398 CONNECT flow>2454 srcPort>42175 dst>fd10:43:100::2/21254 
17:33:33.107074 ON flow>2455 srcPort>36693 dst>fd10:43:100::2/21255 
17:33:33.107357 CONNECT flow>2455 srcPort>36693 dst>fd10:43:100::2/21255 
17:33:33.164294 ON flow>2456 srcPort>44751 dst>fd10:43:100::2/21256 
17:33:33.164526 CONNECT flow>2456 srcPort>44751 dst>fd10:43:100::2/21256 
17:33:33.386841 SHUTDOWN flow>2442 srcPort>38585 dst>fd10:43:100::2/21242 
17:33:33.387165 OFF flow>2442 srcPort>38585 dst>fd10:43:100::2/21242 
17:33:33.411139 SHUTDOWN flow>2443 srcPort>41809 dst>fd10:43:100::2/21243 
17:33:33.411474 OFF flow>2443 srcPort>41809 dst>fd10:43:100::2/21243 
17:33:33.575956 SHUTDOWN flow>2444 srcPort>41137 dst>fd10:43:100::2/21244 
17:33:33.576315 OFF flow>2444 srcPort>41137 dst>fd10:43:100::2/21244 
17:33:33.901942 SHUTDOWN flow>2445 srcPort>40079 dst>fd10:43:100::2/21245 
17:33:33.902369 OFF flow>2445 srcPort>40079 dst>fd10:43:100::2/21245 
17:33:34.185738 SHUTDOWN flow>2446 srcPort>34911 dst>fd10:43:100::2/21246 
17:33:34.186213 OFF flow>2446 srcPort>34911 dst>fd10:43:100::2/21246 
17:33:34.448753 ON flow>2457 srcPort>41417 dst>fd10:43:100::2/21257 
17:33:34.449035 CONNECT flow>2457 srcPort>41417 dst>fd10:43:100::2/21257 
17:33:34.751035 SHUTDOWN flow>2447 srcPort>39207 dst>fd10:43:100::2/21247 
17:33:34.751500 OFF flow>2447 srcPort>39207 dst>fd10:43:100::2/21247 
17:33:34.865936 SHUTDOWN flow>2448 srcPort>34443 dst>fd10:43:100::2/21248 
17:33:34.866324 OFF flow>2448 srcPort>34443 dst>fd10:43:100::2/21248 
17:33:34.905939 SHUTDOWN flow>2449 srcPort>46803 dst>fd10:43:100::2/21249 
17:33:34.906281 OFF flow>2449 srcPort>46803 dst>fd10:43:100::2/21249 
17:33:34.949136 SHUTDOWN flow>2450 srcPort>45767 dst>fd10:43:100::2/21250 
17:33:34.949436 OFF flow>2450 srcPort>45767 dst>fd10:43:100::2/21250 
17:33:34.994341 ON flow>2458 srcPort>36593 dst>fd10:43:100::2/21258 
17:33:34.994563 CONNECT flow>2458 srcPort>36593 dst>fd10:43:100::2/21258 
17:33:35.038673 ON flow>2459 srcPort>37295 dst>fd10:43:100::2/21259 
17:33:35.038978 CONNECT flow>2459 srcPort>37295 dst>fd10:43:100::2/21259 
17:33:35.395489 ON flow>2460 srcPort>44183 dst>fd10:43:100::2/21260 
17:33:35.395748 CONNECT flow>2460 srcPort>44183 dst>fd10:43:100::2/21260 
17:33:36.641249 SHUTDOWN flow>2451 srcPort>42585 dst>fd10:43:100::2/21251 
17:33:36.641756 OFF flow>2451 srcPort>42585 dst>fd10:43:100::2/21251 
17:33:36.780314 ON flow>2461 srcPort>41075 dst>fd10:43:100::2/21261 
17:33:36.780675 CONNECT flow>2461 srcPort>41075 dst>fd10:43:100::2/21261 
17:33:36.982247 SHUTDOWN flow>2452 srcPort>36815 dst>fd10:43:100::2/21252 
17:33:36.982565 OFF flow>2452 srcPort>36815 dst>fd10:43:100::2/21252 
17:33:37.026856 ON flow>2462 srcPort>39205 dst>fd10:43:100::2/21262 
17:33:37.027137 CONNECT flow>2462 srcPort>39205 dst>fd10:43:100::2/21262 
17:33:37.203150 ON flow>2463 srcPort>37895 dst>fd10:43:100::2/21263 
17:33:37.203368 CONNECT flow>2463 srcPort>37895 dst>fd10:43:100::2/21263 
17:33:37.584257 ON flow>2464 srcPort>41513 dst>fd10:43:100::2/21264 
17:33:37.584508 CONNECT flow>2464 srcPort>41513 dst>fd10:43:100::2/21264 
17:33:37.594973 ON flow>2465 srcPort>45473 dst>fd10:43:100::2/21265 
17:33:37.595377 CONNECT flow>2465 srcPort>45473 dst>fd10:43:100::2/21265 
17:33:37.604180 ON flow>2466 srcPort>40473 dst>fd10:43:100::2/21266 
17:33:37.604429 CONNECT flow>2466 srcPort>40473 dst>fd10:43:100::2/21266 
17:33:37.629485 ON flow>2467 srcPort>37315 dst>fd10:43:100::2/21267 
17:33:37.629770 CONNECT flow>2467 srcPort>37315 dst>fd10:43:100::2/21267 
17:33:37.688597 ON flow>2468 srcPort>36481 dst>fd10:43:100::2/21268 
17:33:37.688861 CONNECT flow>2468 srcPort>36481 dst>fd10:43:100::2/21268 
17:33:37.702335 SHUTDOWN flow>2453 srcPort>41863 dst>fd10:43:100::2/21253 
17:33:37.702794 OFF flow>2453 srcPort>41863 dst>fd10:43:100::2/21253 
17:33:37.773788 ON flow>2469 srcPort>39319 dst>fd10:43:100::2/21269 
17:33:37.774050 CONNECT flow>2469 srcPort>39319 dst>fd10:43:100::2/21269 
17:33:37.787527 ON flow>2470 srcPort>34513 dst>fd10:43:100::2/21270 
17:33:37.787775 CONNECT flow>2470 srcPort>34513 dst>fd10:43:100::2/21270 
17:33:37.814087 ON flow>2471 srcPort>41763 dst>fd10:43:100::2/21271 
17:33:37.814436 CONNECT flow>2471 srcPort>41763 dst>fd10:43:100::2/21271 
17:33:37.815035 SHUTDOWN flow>2454 srcPort>42175 dst>fd10:43:100::2/21254 
17:33:37.815349 OFF flow>2454 srcPort>42175 dst>fd10:43:100::2/21254 
17:33:37.830590 ON flow>2472 srcPort>41307 dst>fd10:43:100::2/21272 
17:33:37.830815 CONNECT flow>2472 srcPort>41307 dst>fd10:43:100::2/21272 
17:33:37.857489 ON flow>2473 srcPort>35249 dst>fd10:43:100::2/21273 
17:33:37.857753 CONNECT flow>2473 srcPort>35249 dst>fd10:43:100::2/21273 
17:33:37.894336 ON flow>2474 srcPort>38879 dst>fd10:43:100::2/21274 
17:33:37.894622 CONNECT flow>2474 srcPort>38879 dst>fd10:43:100::2/21274 
17:33:37.907036 SHUTDOWN flow>2455 srcPort>36693 dst>fd10:43:100::2/21255 
17:33:37.907422 OFF flow>2455 srcPort>36693 dst>fd10:43:100::2/21255 
17:33:37.964236 SHUTDOWN flow>2456 srcPort>44751 dst>fd10:43:100::2/21256 
17:33:37.964581 OFF flow>2456 srcPort>44751 dst>fd10:43:100::2/21256 
17:33:39.248642 SHUTDOWN flow>2457 srcPort>41417 dst>fd10:43:100::2/21257 
17:33:39.249105 OFF flow>2457 srcPort>41417 dst>fd10:43:100::2/21257 
17:33:39.794237 SHUTDOWN flow>2458 srcPort>36593 dst>fd10:43:100::2/21258 
17:33:39.794649 OFF flow>2458 srcPort>36593 dst>fd10:43:100::2/21258 
17:33:39.838657 SHUTDOWN flow>2459 srcPort>37295 dst>fd10:43:100::2/21259 
17:33:39.839073 OFF flow>2459 srcPort>37295 dst>fd10:43:100::2/21259 
17:33:40.195434 SHUTDOWN flow>2460 srcPort>44183 dst>fd10:43:100::2/21260 
17:33:40.195898 OFF flow>2460 srcPort>44183 dst>fd10:43:100::2/21260 
17:33:40.372652 ON flow>2475 srcPort>33533 dst>fd10:43:100::2/21275 
17:33:40.372940 CONNECT flow>2475 srcPort>33533 dst>fd10:43:100::2/21275 
17:33:40.451489 ON flow>2476 srcPort>39799 dst>fd10:43:100::2/21276 
17:33:40.451767 CONNECT flow>2476 srcPort>39799 dst>fd10:43:100::2/21276 
17:33:40.464244 ON flow>2477 srcPort>46565 dst>fd10:43:100::2/21277 
17:33:40.464512 CONNECT flow>2477 srcPort>46565 dst>fd10:43:100::2/21277 
17:33:40.473986 ON flow>2478 srcPort>40569 dst>fd10:43:100::2/21278 
17:33:40.474292 CONNECT flow>2478 srcPort>40569 dst>fd10:43:100::2/21278 
17:33:40.480047 ON flow>2479 srcPort>43669 dst>fd10:43:100::2/21279 
17:33:40.480344 CONNECT flow>2479 srcPort>43669 dst>fd10:43:100::2/21279 
17:33:40.484158 ON flow>2480 srcPort>35595 dst>fd10:43:100::2/21280 
17:33:40.484454 CONNECT flow>2480 srcPort>35595 dst>fd10:43:100::2/21280 
17:33:40.492192 ON flow>2481 srcPort>34349 dst>fd10:43:100::2/21281 
17:33:40.492436 CONNECT flow>2481 srcPort>34349 dst>fd10:43:100::2/21281 
17:33:40.602552 ON flow>2482 srcPort>42987 dst>fd10:43:100::2/21282 
17:33:40.602827 CONNECT flow>2482 srcPort>42987 dst>fd10:43:100::2/21282 
17:33:40.685488 ON flow>2483 srcPort>33987 dst>fd10:43:100::2/21283 
17:33:40.685740 CONNECT flow>2483 srcPort>33987 dst>fd10:43:100::2/21283 
17:33:40.769991 ON flow>2484 srcPort>46223 dst>fd10:43:100::2/21284 
17:33:40.770244 CONNECT flow>2484 srcPort>46223 dst>fd10:43:100::2/21284 
17:33:41.580055 SHUTDOWN flow>2461 srcPort>41075 dst>fd10:43:100::2/21261 
17:33:41.580613 OFF flow>2461 srcPort>41075 dst>fd10:43:100::2/21261 
17:33:41.826769 SHUTDOWN flow>2462 srcPort>39205 dst>fd10:43:100::2/21262 
17:33:41.827212 OFF flow>2462 srcPort>39205 dst>fd10:43:100::2/21262 
17:33:42.003054 SHUTDOWN flow>2463 srcPort>37895 dst>fd10:43:100::2/21263 
17:33:42.003932 OFF flow>2463 srcPort>37895 dst>fd10:43:100::2/21263 
17:33:42.384143 SHUTDOWN flow>2464 srcPort>41513 dst>fd10:43:100::2/21264 
17:33:42.384576 OFF flow>2464 srcPort>41513 dst>fd10:43:100::2/21264 
17:33:42.394938 SHUTDOWN flow>2465 srcPort>45473 dst>fd10:43:100::2/21265 
17:33:42.395273 OFF flow>2465 srcPort>45473 dst>fd10:43:100::2/21265 
17:33:42.404139 SHUTDOWN flow>2466 srcPort>40473 dst>fd10:43:100::2/21266 
17:33:42.404462 OFF flow>2466 srcPort>40473 dst>fd10:43:100::2/21266 
17:33:42.429447 SHUTDOWN flow>2467 srcPort>37315 dst>fd10:43:100::2/21267 
17:33:42.429804 OFF flow>2467 srcPort>37315 dst>fd10:43:100::2/21267 
17:33:42.488547 SHUTDOWN flow>2468 srcPort>36481 dst>fd10:43:100::2/21268 
17:33:42.488943 OFF flow>2468 srcPort>36481 dst>fd10:43:100::2/21268 
17:33:42.573757 SHUTDOWN flow>2469 srcPort>39319 dst>fd10:43:100::2/21269 
17:33:42.574117 OFF flow>2469 srcPort>39319 dst>fd10:43:100::2/21269 
17:33:42.587447 SHUTDOWN flow>2470 srcPort>34513 dst>fd10:43:100::2/21270 
17:33:42.587809 OFF flow>2470 srcPort>34513 dst>fd10:43:100::2/21270 
17:33:42.614057 SHUTDOWN flow>2471 srcPort>41763 dst>fd10:43:100::2/21271 
17:33:42.614397 OFF flow>2471 srcPort>41763 dst>fd10:43:100::2/21271 
17:33:42.630571 SHUTDOWN flow>2472 srcPort>41307 dst>fd10:43:100::2/21272 
17:33:42.630970 OFF flow>2472 srcPort>41307 dst>fd10:43:100::2/21272 
17:33:42.657452 SHUTDOWN flow>2473 srcPort>35249 dst>fd10:43:100::2/21273 
17:33:42.657822 OFF flow>2473 srcPort>35249 dst>fd10:43:100::2/21273 
17:33:42.694251 SHUTDOWN flow>2474 srcPort>38879 dst>fd10:43:100::2/21274 
17:33:42.694640 OFF flow>2474 srcPort>38879 dst>fd10:43:100::2/21274 
17:33:42.989996 ON flow>2485 srcPort>40259 dst>fd10:43:100::2/21285 
17:33:42.990317 CONNECT flow>2485 srcPort>40259 dst>fd10:43:100::2/21285 
17:33:43.242635 ON flow>2486 srcPort>39117 dst>fd10:43:100::2/21286 
17:33:43.242879 CONNECT flow>2486 srcPort>39117 dst>fd10:43:100::2/21286 
17:33:45.172543 SHUTDOWN flow>2475 srcPort>33533 dst>fd10:43:100::2/21275 
17:33:45.172972 OFF flow>2475 srcPort>33533 dst>fd10:43:100::2/21275 
17:33:45.251447 SHUTDOWN flow>2476 srcPort>39799 dst>fd10:43:100::2/21276 
17:33:45.251921 OFF flow>2476 srcPort>39799 dst>fd10:43:100::2/21276 
17:33:45.264140 SHUTDOWN flow>2477 srcPort>46565 dst>fd10:43:100::2/21277 
17:33:45.264604 OFF flow>2477 srcPort>46565 dst>fd10:43:100::2/21277 
17:33:45.273953 SHUTDOWN flow>2478 srcPort>40569 dst>fd10:43:100::2/21278 
17:33:45.274316 OFF flow>2478 srcPort>40569 dst>fd10:43:100::2/21278 
17:33:45.279941 SHUTDOWN flow>2479 srcPort>43669 dst>fd10:43:100::2/21279 
17:33:45.280331 OFF flow>2479 srcPort>43669 dst>fd10:43:100::2/21279 
17:33:45.284039 SHUTDOWN flow>2480 srcPort>35595 dst>fd10:43:100::2/21280 
17:33:45.284375 OFF flow>2480 srcPort>35595 dst>fd10:43:100::2/21280 
17:33:45.292142 SHUTDOWN flow>2481 srcPort>34349 dst>fd10:43:100::2/21281 
17:33:45.292488 OFF flow>2481 srcPort>34349 dst>fd10:43:100::2/21281 
17:33:45.402482 SHUTDOWN flow>2482 srcPort>42987 dst>fd10:43:100::2/21282 
17:33:45.403437 OFF flow>2482 srcPort>42987 dst>fd10:43:100::2/21282 
17:33:45.485452 SHUTDOWN flow>2483 srcPort>33987 dst>fd10:43:100::2/21283 
17:33:45.485806 OFF flow>2483 srcPort>33987 dst>fd10:43:100::2/21283 
17:33:45.569950 SHUTDOWN flow>2484 srcPort>46223 dst>fd10:43:100::2/21284 
17:33:45.570348 OFF flow>2484 srcPort>46223 dst>fd10:43:100::2/21284 
17:33:47.068841 ON flow>2487 srcPort>41593 dst>fd10:43:100::2/21287 
17:33:47.069117 CONNECT flow>2487 srcPort>41593 dst>fd10:43:100::2/21287 
17:33:47.271306 ON flow>2488 srcPort>35673 dst>fd10:43:100::2/21288 
17:33:47.271594 CONNECT flow>2488 srcPort>35673 dst>fd10:43:100::2/21288 
17:33:47.488906 ON flow>2489 srcPort>44771 dst>fd10:43:100::2/21289 
17:33:47.489392 CONNECT flow>2489 srcPort>44771 dst>fd10:43:100::2/21289 
17:33:47.789841 SHUTDOWN flow>2485 srcPort>40259 dst>fd10:43:100::2/21285 
17:33:47.790243 OFF flow>2485 srcPort>40259 dst>fd10:43:100::2/21285 
17:33:48.042547 SHUTDOWN flow>2486 srcPort>39117 dst>fd10:43:100::2/21286 
17:33:48.042891 OFF flow>2486 srcPort>39117 dst>fd10:43:100::2/21286 
17:33:48.230950 ON flow>2490 srcPort>41991 dst>fd10:43:100::2/21290 
17:33:48.231165 CONNECT flow>2490 srcPort>41991 dst>fd10:43:100::2/21290 
17:33:48.246677 ON flow>2491 srcPort>39175 dst>fd10:43:100::2/21291 
17:33:48.246978 CONNECT flow>2491 srcPort>39175 dst>fd10:43:100::2/21291 
17:33:48.305854 ON flow>2492 srcPort>44319 dst>fd10:43:100::2/21292 
17:33:48.306128 CONNECT flow>2492 srcPort>44319 dst>fd10:43:100::2/21292 
17:33:48.335984 ON flow>2493 srcPort>36399 dst>fd10:43:100::2/21293 
17:33:48.336202 CONNECT flow>2493 srcPort>36399 dst>fd10:43:100::2/21293 
17:33:48.469102 ON flow>2494 srcPort>39645 dst>fd10:43:100::2/21294 
17:33:48.469410 CONNECT flow>2494 srcPort>39645 dst>fd10:43:100::2/21294 
17:33:49.070047 ON flow>2495 srcPort>45577 dst>fd10:43:100::2/21295 
17:33:49.070340 CONNECT flow>2495 srcPort>45577 dst>fd10:43:100::2/21295 
17:33:49.093319 ON flow>2496 srcPort>34829 dst>fd10:43:100::2/21296 
17:33:49.093538 CONNECT flow>2496 srcPort>34829 dst>fd10:43:100::2/21296 
17:33:49.097502 ON flow>2497 srcPort>33817 dst>fd10:43:100::2/21297 
17:33:49.097731 CONNECT flow>2497 srcPort>33817 dst>fd10:43:100::2/21297 
17:33:49.099704 ON flow>2498 srcPort>33921 dst>fd10:43:100::2/21298 
17:33:49.099960 CONNECT flow>2498 srcPort>33921 dst>fd10:43:100::2/21298 
17:33:49.103914 ON flow>2499 srcPort>40089 dst>fd10:43:100::2/21299 
17:33:49.104205 CONNECT flow>2499 srcPort>40089 dst>fd10:43:100::2/21299 
17:33:49.205312 ON flow>2500 srcPort>34379 dst>fd10:43:100::2/21300 
17:33:49.205621 CONNECT flow>2500 srcPort>34379 dst>fd10:43:100::2/21300 
17:33:49.215511 ON flow>2501 srcPort>46677 dst>fd10:43:100::2/21301 
17:33:49.215846 CONNECT flow>2501 srcPort>46677 dst>fd10:43:100::2/21301 
17:33:49.349718 ON flow>2502 srcPort>44941 dst>fd10:43:100::2/21302 
17:33:49.349962 CONNECT flow>2502 srcPort>44941 dst>fd10:43:100::2/21302 
17:33:50.344298 ON flow>2503 srcPort>36687 dst>fd10:43:100::2/21303 
17:33:50.344560 CONNECT flow>2503 srcPort>36687 dst>fd10:43:100::2/21303 
17:33:51.365179 ON flow>2504 srcPort>46603 dst>fd10:43:100::2/21304 
17:33:51.365456 CONNECT flow>2504 srcPort>46603 dst>fd10:43:100::2/21304 
17:33:51.424605 ON flow>2505 srcPort>46509 dst>fd10:43:100::2/21305 
17:33:51.424908 CONNECT flow>2505 srcPort>46509 dst>fd10:43:100::2/21305 
17:33:51.439299 ON flow>2506 srcPort>45205 dst>fd10:43:100::2/21306 
17:33:51.439605 CONNECT flow>2506 srcPort>45205 dst>fd10:43:100::2/21306 
17:33:51.440141 ON flow>2507 srcPort>41853 dst>fd10:43:100::2/21307 
17:33:51.440396 CONNECT flow>2507 srcPort>41853 dst>fd10:43:100::2/21307 
17:33:51.468850 ON flow>2508 srcPort>40775 dst>fd10:43:100::2/21308 
17:33:51.469259 CONNECT flow>2508 srcPort>40775 dst>fd10:43:100::2/21308 
17:33:51.493910 ON flow>2509 srcPort>33055 dst>fd10:43:100::2/21309 
17:33:51.494115 CONNECT flow>2509 srcPort>33055 dst>fd10:43:100::2/21309 
17:33:51.540109 ON flow>2510 srcPort>46171 dst>fd10:43:100::2/21310 
17:33:51.540375 CONNECT flow>2510 srcPort>46171 dst>fd10:43:100::2/21310 
17:33:51.596406 ON flow>2511 srcPort>38567 dst>fd10:43:100::2/21311 
17:33:51.596661 CONNECT flow>2511 srcPort>38567 dst>fd10:43:100::2/21311 
17:33:51.608504 ON flow>2512 srcPort>35133 dst>fd10:43:100::2/21312 
17:33:51.608726 CONNECT flow>2512 srcPort>35133 dst>fd10:43:100::2/21312 
17:33:51.650175 ON flow>2513 srcPort>35367 dst>fd10:43:100::2/21313 
17:33:51.650431 CONNECT flow>2513 srcPort>35367 dst>fd10:43:100::2/21313 
17:33:51.758902 ON flow>2514 srcPort>35505 dst>fd10:43:100::2/21314 
17:33:51.759166 CONNECT flow>2514 srcPort>35505 dst>fd10:43:100::2/21314 
17:33:51.868650 SHUTDOWN flow>2487 srcPort>41593 dst>fd10:43:100::2/21287 
17:33:51.869053 OFF flow>2487 srcPort>41593 dst>fd10:43:100::2/21287 
17:33:52.071247 SHUTDOWN flow>2488 srcPort>35673 dst>fd10:43:100::2/21288 
17:33:52.071622 OFF flow>2488 srcPort>35673 dst>fd10:43:100::2/21288 
17:33:52.104114 ON flow>2515 srcPort>38669 dst>fd10:43:100::2/21315 
17:33:52.104415 CONNECT flow>2515 srcPort>38669 dst>fd10:43:100::2/21315 
17:33:52.288855 SHUTDOWN flow>2489 srcPort>44771 dst>fd10:43:100::2/21289 
17:33:52.289317 OFF flow>2489 srcPort>44771 dst>fd10:43:100::2/21289 
17:33:53.030848 SHUTDOWN flow>2490 srcPort>41991 dst>fd10:43:100::2/21290 
17:33:53.031343 OFF flow>2490 srcPort>41991 dst>fd10:43:100::2/21290 
17:33:53.046653 SHUTDOWN flow>2491 srcPort>39175 dst>fd10:43:100::2/21291 
17:33:53.047060 OFF flow>2491 srcPort>39175 dst>fd10:43:100::2/21291 
17:33:53.105744 SHUTDOWN flow>2492 srcPort>44319 dst>fd10:43:100::2/21292 
17:33:53.106105 OFF flow>2492 srcPort>44319 dst>fd10:43:100::2/21292 
17:33:53.135955 SHUTDOWN flow>2493 srcPort>36399 dst>fd10:43:100::2/21293 
17:33:53.136298 OFF flow>2493 srcPort>36399 dst>fd10:43:100::2/21293 
17:33:53.269047 SHUTDOWN flow>2494 srcPort>39645 dst>fd10:43:100::2/21294 
17:33:53.269528 OFF flow>2494 srcPort>39645 dst>fd10:43:100::2/21294 
17:33:53.852855 ON flow>2516 srcPort>32953 dst>fd10:43:100::2/21316 
17:33:53.853107 CONNECT flow>2516 srcPort>32953 dst>fd10:43:100::2/21316 
17:33:53.858046 ON flow>2517 srcPort>35353 dst>fd10:43:100::2/21317 
17:33:53.858475 CONNECT flow>2517 srcPort>35353 dst>fd10:43:100::2/21317 
17:33:53.866498 ON flow>2518 srcPort>45145 dst>fd10:43:100::2/21318 
17:33:53.866744 CONNECT flow>2518 srcPort>45145 dst>fd10:43:100::2/21318 
17:33:53.869967 SHUTDOWN flow>2495 srcPort>45577 dst>fd10:43:100::2/21295 
17:33:53.870420 OFF flow>2495 srcPort>45577 dst>fd10:43:100::2/21295 
17:33:53.890610 ON flow>2519 srcPort>33233 dst>fd10:43:100::2/21319 
17:33:53.890887 CONNECT flow>2519 srcPort>33233 dst>fd10:43:100::2/21319 
17:33:53.893269 SHUTDOWN flow>2496 srcPort>34829 dst>fd10:43:100::2/21296 
17:33:53.893593 OFF flow>2496 srcPort>34829 dst>fd10:43:100::2/21296 
17:33:53.897463 SHUTDOWN flow>2497 srcPort>33817 dst>fd10:43:100::2/21297 
17:33:53.897803 OFF flow>2497 srcPort>33817 dst>fd10:43:100::2/21297 
17:33:53.899668 SHUTDOWN flow>2498 srcPort>33921 dst>fd10:43:100::2/21298 
17:33:53.900000 OFF flow>2498 srcPort>33921 dst>fd10:43:100::2/21298 
17:33:53.903882 SHUTDOWN flow>2499 srcPort>40089 dst>fd10:43:100::2/21299 
17:33:53.904278 OFF flow>2499 srcPort>40089 dst>fd10:43:100::2/21299 
17:33:54.005273 SHUTDOWN flow>2500 srcPort>34379 dst>fd10:43:100::2/21300 
17:33:54.005600 OFF flow>2500 srcPort>34379 dst>fd10:43:100::2/21300 
17:33:54.015486 SHUTDOWN flow>2501 srcPort>46677 dst>fd10:43:100::2/21301 
17:33:54.015921 OFF flow>2501 srcPort>46677 dst>fd10:43:100::2/21301 
17:33:54.149693 SHUTDOWN flow>2502 srcPort>44941 dst>fd10:43:100::2/21302 
17:33:54.150060 OFF flow>2502 srcPort>44941 dst>fd10:43:100::2/21302 
17:33:55.144194 SHUTDOWN flow>2503 srcPort>36687 dst>fd10:43:100::2/21303 
17:33:55.144824 OFF flow>2503 srcPort>36687 dst>fd10:43:100::2/21303 
17:33:56.165120 SHUTDOWN flow>2504 srcPort>46603 dst>fd10:43:100::2/21304 
17:33:56.165566 OFF flow>2504 srcPort>46603 dst>fd10:43:100::2/21304 
17:33:56.224569 SHUTDOWN flow>2505 srcPort>46509 dst>fd10:43:100::2/21305 
17:33:56.224994 OFF flow>2505 srcPort>46509 dst>fd10:43:100::2/21305 
17:33:56.239254 SHUTDOWN flow>2506 srcPort>45205 dst>fd10:43:100::2/21306 
17:33:56.240057 SHUTDOWN flow>2507 srcPort>41853 dst>fd10:43:100::2/21307 
17:33:56.240338 OFF flow>2506 srcPort>45205 dst>fd10:43:100::2/21306 
17:33:56.240373 OFF flow>2507 srcPort>41853 dst>fd10:43:100::2/21307 
17:33:56.268762 SHUTDOWN flow>2508 srcPort>40775 dst>fd10:43:100::2/21308 
17:33:56.269068 OFF flow>2508 srcPort>40775 dst>fd10:43:100::2/21308 
17:33:56.293859 SHUTDOWN flow>2509 srcPort>33055 dst>fd10:43:100::2/21309 
17:33:56.294168 OFF flow>2509 srcPort>33055 dst>fd10:43:100::2/21309 
17:33:56.340068 SHUTDOWN flow>2510 srcPort>46171 dst>fd10:43:100::2/21310 
17:33:56.340402 OFF flow>2510 srcPort>46171 dst>fd10:43:100::2/21310 
17:33:56.396364 SHUTDOWN flow>2511 srcPort>38567 dst>fd10:43:100::2/21311 
17:33:56.396712 OFF flow>2511 srcPort>38567 dst>fd10:43:100::2/21311 
17:33:56.408463 SHUTDOWN flow>2512 srcPort>35133 dst>fd10:43:100::2/21312 
17:33:56.408849 OFF flow>2512 srcPort>35133 dst>fd10:43:100::2/21312 
17:33:56.450072 SHUTDOWN flow>2513 srcPort>35367 dst>fd10:43:100::2/21313 
17:33:56.450435 OFF flow>2513 srcPort>35367 dst>fd10:43:100::2/21313 
17:33:56.558849 SHUTDOWN flow>2514 srcPort>35505 dst>fd10:43:100::2/21314 
17:33:56.559171 OFF flow>2514 srcPort>35505 dst>fd10:43:100::2/21314 
17:33:56.904054 SHUTDOWN flow>2515 srcPort>38669 dst>fd10:43:100::2/21315 
17:33:56.904450 OFF flow>2515 srcPort>38669 dst>fd10:43:100::2/21315 
17:33:57.367019 ON flow>2520 srcPort>42481 dst>fd10:43:100::2/21320 
17:33:57.367314 CONNECT flow>2520 srcPort>42481 dst>fd10:43:100::2/21320 
17:33:57.372353 ON flow>2521 srcPort>41973 dst>fd10:43:100::2/21321 
17:33:57.372638 CONNECT flow>2521 srcPort>41973 dst>fd10:43:100::2/21321 
17:33:57.420005 ON flow>2522 srcPort>32967 dst>fd10:43:100::2/21322 
17:33:57.420318 CONNECT flow>2522 srcPort>32967 dst>fd10:43:100::2/21322 
17:33:57.459704 ON flow>2523 srcPort>36261 dst>fd10:43:100::2/21323 
17:33:57.459962 CONNECT flow>2523 srcPort>36261 dst>fd10:43:100::2/21323 
17:33:58.652779 SHUTDOWN flow>2516 srcPort>32953 dst>fd10:43:100::2/21316 
17:33:58.653358 OFF flow>2516 srcPort>32953 dst>fd10:43:100::2/21316 
17:33:58.657951 SHUTDOWN flow>2517 srcPort>35353 dst>fd10:43:100::2/21317 
17:33:58.658339 OFF flow>2517 srcPort>35353 dst>fd10:43:100::2/21317 
17:33:58.666468 SHUTDOWN flow>2518 srcPort>45145 dst>fd10:43:100::2/21318 
17:33:58.666885 OFF flow>2518 srcPort>45145 dst>fd10:43:100::2/21318 
17:33:58.690576 SHUTDOWN flow>2519 srcPort>33233 dst>fd10:43:100::2/21319 
17:33:58.690965 OFF flow>2519 srcPort>33233 dst>fd10:43:100::2/21319 
17:34:02.166886 SHUTDOWN flow>2520 srcPort>42481 dst>fd10:43:100::2/21320 
17:34:02.167472 OFF flow>2520 srcPort>42481 dst>fd10:43:100::2/21320 
17:34:02.172246 SHUTDOWN flow>2521 srcPort>41973 dst>fd10:43:100::2/21321 
17:34:02.172590 OFF flow>2521 srcPort>41973 dst>fd10:43:100::2/21321 
17:34:02.219970 SHUTDOWN flow>2522 srcPort>32967 dst>fd10:43:100::2/21322 
17:34:02.220351 OFF flow>2522 srcPort>32967 dst>fd10:43:100::2/21322 
17:34:02.259675 SHUTDOWN flow>2523 srcPort>36261 dst>fd10:43:100::2/21323 
17:34:02.260074 OFF flow>2523 srcPort>36261 dst>fd10:43:100::2/21323 
17:34:02.997110 ON flow>2524 srcPort>35763 dst>fd10:43:100::2/21324 
17:34:02.997402 CONNECT flow>2524 srcPort>35763 dst>fd10:43:100::2/21324 
17:34:03.365532 ON flow>2525 srcPort>44489 dst>fd10:43:100::2/21325 
17:34:03.365798 CONNECT flow>2525 srcPort>44489 dst>fd10:43:100::2/21325 
17:34:06.294016 ON flow>2526 srcPort>45225 dst>fd10:43:100::2/21326 
17:34:06.294318 CONNECT flow>2526 srcPort>45225 dst>fd10:43:100::2/21326 
17:34:06.355709 ON flow>2527 srcPort>42329 dst>fd10:43:100::2/21327 
17:34:06.355988 CONNECT flow>2527 srcPort>42329 dst>fd10:43:100::2/21327 
17:34:06.623315 ON flow>2528 srcPort>37927 dst>fd10:43:100::2/21328 
17:34:06.624301 CONNECT flow>2528 srcPort>37927 dst>fd10:43:100::2/21328 
17:34:06.717315 ON flow>2529 srcPort>41609 dst>fd10:43:100::2/21329 
17:34:06.717587 CONNECT flow>2529 srcPort>41609 dst>fd10:43:100::2/21329 
17:34:06.856015 ON flow>2530 srcPort>39615 dst>fd10:43:100::2/21330 
17:34:06.856246 CONNECT flow>2530 srcPort>39615 dst>fd10:43:100::2/21330 
17:34:06.874710 ON flow>2531 srcPort>39987 dst>fd10:43:100::2/21331 
17:34:06.875012 CONNECT flow>2531 srcPort>39987 dst>fd10:43:100::2/21331 
17:34:06.904922 ON flow>2532 srcPort>41207 dst>fd10:43:100::2/21332 
17:34:06.905194 CONNECT flow>2532 srcPort>41207 dst>fd10:43:100::2/21332 
17:34:06.923531 ON flow>2533 srcPort>45943 dst>fd10:43:100::2/21333 
17:34:06.923877 CONNECT flow>2533 srcPort>45943 dst>fd10:43:100::2/21333 
17:34:07.071624 ON flow>2534 srcPort>44853 dst>fd10:43:100::2/21334 
17:34:07.071911 CONNECT flow>2534 srcPort>44853 dst>fd10:43:100::2/21334 
17:34:07.110321 ON flow>2535 srcPort>41259 dst>fd10:43:100::2/21335 
17:34:07.110590 CONNECT flow>2535 srcPort>41259 dst>fd10:43:100::2/21335 
17:34:07.147126 ON flow>2536 srcPort>42251 dst>fd10:43:100::2/21336 
17:34:07.147415 CONNECT flow>2536 srcPort>42251 dst>fd10:43:100::2/21336 
17:34:07.171226 ON flow>2537 srcPort>32867 dst>fd10:43:100::2/21337 
17:34:07.171524 CONNECT flow>2537 srcPort>32867 dst>fd10:43:100::2/21337 
17:34:07.796970 SHUTDOWN flow>2524 srcPort>35763 dst>fd10:43:100::2/21324 
17:34:07.797447 OFF flow>2524 srcPort>35763 dst>fd10:43:100::2/21324 
17:34:08.165466 SHUTDOWN flow>2525 srcPort>44489 dst>fd10:43:100::2/21325 
17:34:08.165921 OFF flow>2525 srcPort>44489 dst>fd10:43:100::2/21325 
17:34:09.680148 SHUTDOWN flow>2003 srcPort>34289 dst>fd10:43:100::2/20002 
17:34:09.680231 SHUTDOWN flow>2002 srcPort>41583 dst>fd10:43:100::2/20001 
17:34:09.680263 SHUTDOWN flow>2004 srcPort>37071 dst>fd10:43:100::2/20003 
17:34:09.680332 SHUTDOWN flow>2001 srcPort>33299 dst>fd10:43:100::2/20000 
17:34:09.680612 OFF flow>2003 srcPort>34289 dst>fd10:43:100::2/20002 
17:34:09.680744 OFF flow>2004 srcPort>37071 dst>fd10:43:100::2/20003 
17:34:09.680759 OFF flow>2002 srcPort>41583 dst>fd10:43:100::2/20001 
17:34:09.680780 OFF flow>2001 srcPort>33299 dst>fd10:43:100::2/20000 
17:34:11.093858 SHUTDOWN flow>2526 srcPort>45225 dst>fd10:43:100::2/21326 
17:34:11.094371 OFF flow>2526 srcPort>45225 dst>fd10:43:100::2/21326 
17:34:11.155683 SHUTDOWN flow>2527 srcPort>42329 dst>fd10:43:100::2/21327 
17:34:11.156150 OFF flow>2527 srcPort>42329 dst>fd10:43:100::2/21327 
17:34:11.423278 SHUTDOWN flow>2528 srcPort>37927 dst>fd10:43:100::2/21328 
17:34:11.423751 OFF flow>2528 srcPort>37927 dst>fd10:43:100::2/21328 
17:34:11.517263 SHUTDOWN flow>2529 srcPort>41609 dst>fd10:43:100::2/21329 
17:34:11.517616 OFF flow>2529 srcPort>41609 dst>fd10:43:100::2/21329 
17:34:11.655968 SHUTDOWN flow>2530 srcPort>39615 dst>fd10:43:100::2/21330 
17:34:11.656332 OFF flow>2530 srcPort>39615 dst>fd10:43:100::2/21330 
17:34:11.674678 SHUTDOWN flow>2531 srcPort>39987 dst>fd10:43:100::2/21331 
17:34:11.675038 OFF flow>2531 srcPort>39987 dst>fd10:43:100::2/21331 
17:34:11.704928 SHUTDOWN flow>2532 srcPort>41207 dst>fd10:43:100::2/21332 
17:34:11.705334 OFF flow>2532 srcPort>41207 dst>fd10:43:100::2/21332 
17:34:11.723464 SHUTDOWN flow>2533 srcPort>45943 dst>fd10:43:100::2/21333 
17:34:11.723966 OFF flow>2533 srcPort>45943 dst>fd10:43:100::2/21333 
17:34:11.871580 SHUTDOWN flow>2534 srcPort>44853 dst>fd10:43:100::2/21334 
17:34:11.871945 OFF flow>2534 srcPort>44853 dst>fd10:43:100::2/21334 
17:34:11.910289 SHUTDOWN flow>2535 srcPort>41259 dst>fd10:43:100::2/21335 
17:34:11.910613 OFF flow>2535 srcPort>41259 dst>fd10:43:100::2/21335 
17:34:11.947079 SHUTDOWN flow>2536 srcPort>42251 dst>fd10:43:100::2/21336 
17:34:11.947484 OFF flow>2536 srcPort>42251 dst>fd10:43:100::2/21336 
17:34:11.971188 SHUTDOWN flow>2537 srcPort>32867 dst>fd10:43:100::2/21337 
17:34:11.971599 OFF flow>2537 srcPort>32867 dst>fd10:43:100::2/21337 
17:34:11.971618 STOP
