20:11:48.115993 START Mgen Version 5.1.1
20:11:48.116237 ON flow>2001 srcPort>38129 dst>fd10:43:100::2/20000 
20:11:48.116733 CONNECT flow>2001 srcPort>38129 dst>fd10:43:100::2/20000 
20:11:48.616113 ON flow>2002 srcPort>40181 dst>fd10:43:100::2/20001 
20:11:48.616408 CONNECT flow>2002 srcPort>40181 dst>fd10:43:100::2/20001 
20:11:49.116139 ON flow>2003 srcPort>43969 dst>fd10:43:100::2/20002 
20:11:49.116422 CONNECT flow>2003 srcPort>43969 dst>fd10:43:100::2/20002 
20:11:49.616136 ON flow>2004 srcPort>36951 dst>fd10:43:100::2/20003 
20:11:49.616422 CONNECT flow>2004 srcPort>36951 dst>fd10:43:100::2/20003 
20:11:53.857870 ON flow>2200 srcPort>39851 dst>fd10:43:100::2/21000 
20:11:53.858377 CONNECT flow>2200 srcPort>39851 dst>fd10:43:100::2/21000 
20:11:54.001605 ON flow>2201 srcPort>32993 dst>fd10:43:100::2/21001 
20:11:54.001842 CONNECT flow>2201 srcPort>32993 dst>fd10:43:100::2/21001 
20:11:54.102998 ON flow>2202 srcPort>34407 dst>fd10:43:100::2/21002 
20:11:54.103219 CONNECT flow>2202 srcPort>34407 dst>fd10:43:100::2/21002 
20:11:54.305495 ON flow>2203 srcPort>43653 dst>fd10:43:100::2/21003 
20:11:54.305718 CONNECT flow>2203 srcPort>43653 dst>fd10:43:100::2/21003 
20:11:55.119830 ON flow>2204 srcPort>35517 dst>fd10:43:100::2/21004 
20:11:55.120066 CONNECT flow>2204 srcPort>35517 dst>fd10:43:100::2/21004 
20:11:55.264195 ON flow>2205 srcPort>42003 dst>fd10:43:100::2/21005 
20:11:55.264450 CONNECT flow>2205 srcPort>42003 dst>fd10:43:100::2/21005 
20:11:55.332435 ON flow>2206 srcPort>46769 dst>fd10:43:100::2/21006 
20:11:55.332730 CONNECT flow>2206 srcPort>46769 dst>fd10:43:100::2/21006 
20:11:55.363498 ON flow>2207 srcPort>36349 dst>fd10:43:100::2/21007 
20:11:55.363780 CONNECT flow>2207 srcPort>36349 dst>fd10:43:100::2/21007 
20:11:56.070006 ON flow>2208 srcPort>43567 dst>fd10:43:100::2/21008 
20:11:56.070301 CONNECT flow>2208 srcPort>43567 dst>fd10:43:100::2/21008 
20:11:56.298229 ON flow>2209 srcPort>33959 dst>fd10:43:100::2/21009 
20:11:56.298502 CONNECT flow>2209 srcPort>33959 dst>fd10:43:100::2/21009 
20:11:56.962521 ON flow>2210 srcPort>37999 dst>fd10:43:100::2/21010 
20:11:56.962844 CONNECT flow>2210 srcPort>37999 dst>fd10:43:100::2/21010 
20:11:57.062219 ON flow>2211 srcPort>36449 dst>fd10:43:100::2/21011 
20:11:57.062484 CONNECT flow>2211 srcPort>36449 dst>fd10:43:100::2/21011 
20:11:57.291471 ON flow>2212 srcPort>34601 dst>fd10:43:100::2/21012 
20:11:57.291738 CONNECT flow>2212 srcPort>34601 dst>fd10:43:100::2/21012 
20:11:58.023015 ON flow>2213 srcPort>35201 dst>fd10:43:100::2/21013 
20:11:58.023296 CONNECT flow>2213 srcPort>35201 dst>fd10:43:100::2/21013 
20:11:58.070075 ON flow>2214 srcPort>42739 dst>fd10:43:100::2/21014 
20:11:58.070338 CONNECT flow>2214 srcPort>42739 dst>fd10:43:100::2/21014 
20:11:58.072876 ON flow>2215 srcPort>40811 dst>fd10:43:100::2/21015 
20:11:58.073095 CONNECT flow>2215 srcPort>40811 dst>fd10:43:100::2/21015 
20:11:58.221077 ON flow>2216 srcPort>35539 dst>fd10:43:100::2/21016 
20:11:58.221490 CONNECT flow>2216 srcPort>35539 dst>fd10:43:100::2/21016 
20:11:58.278921 ON flow>2217 srcPort>39497 dst>fd10:43:100::2/21017 
20:11:58.279263 CONNECT flow>2217 srcPort>39497 dst>fd10:43:100::2/21017 
20:11:58.326972 ON flow>2218 srcPort>41351 dst>fd10:43:100::2/21018 
20:11:58.327271 CONNECT flow>2218 srcPort>41351 dst>fd10:43:100::2/21018 
20:11:58.372379 ON flow>2219 srcPort>33441 dst>fd10:43:100::2/21019 
20:11:58.372719 CONNECT flow>2219 srcPort>33441 dst>fd10:43:100::2/21019 
20:11:58.396377 ON flow>2220 srcPort>46237 dst>fd10:43:100::2/21020 
20:11:58.396695 CONNECT flow>2220 srcPort>46237 dst>fd10:43:100::2/21020 
20:11:58.475795 ON flow>2221 srcPort>36563 dst>fd10:43:100::2/21021 
20:11:58.476073 CONNECT flow>2221 srcPort>36563 dst>fd10:43:100::2/21021 
20:11:58.599306 ON flow>2222 srcPort>38315 dst>fd10:43:100::2/21022 
20:11:58.599623 CONNECT flow>2222 srcPort>38315 dst>fd10:43:100::2/21022 
20:11:58.657764 SHUTDOWN flow>2200 srcPort>39851 dst>fd10:43:100::2/21000 
20:11:58.658196 OFF flow>2200 srcPort>39851 dst>fd10:43:100::2/21000 
20:11:58.782780 ON flow>2223 srcPort>34569 dst>fd10:43:100::2/21023 
20:11:58.783035 CONNECT flow>2223 srcPort>34569 dst>fd10:43:100::2/21023 
20:11:58.801563 SHUTDOWN flow>2201 srcPort>32993 dst>fd10:43:100::2/21001 
20:11:58.802369 OFF flow>2201 srcPort>32993 dst>fd10:43:100::2/21001 
20:11:58.902965 SHUTDOWN flow>2202 srcPort>34407 dst>fd10:43:100::2/21002 
20:11:58.903388 OFF flow>2202 srcPort>34407 dst>fd10:43:100::2/21002 
20:11:58.984388 ON flow>2224 srcPort>42473 dst>fd10:43:100::2/21024 
20:11:58.984650 CONNECT flow>2224 srcPort>42473 dst>fd10:43:100::2/21024 
20:11:59.105466 SHUTDOWN flow>2203 srcPort>43653 dst>fd10:43:100::2/21003 
20:11:59.105913 OFF flow>2203 srcPort>43653 dst>fd10:43:100::2/21003 
20:11:59.117973 ON flow>2225 srcPort>46433 dst>fd10:43:100::2/21025 
20:11:59.118250 CONNECT flow>2225 srcPort>46433 dst>fd10:43:100::2/21025 
20:11:59.156977 ON flow>2226 srcPort>45873 dst>fd10:43:100::2/21026 
20:11:59.157234 CONNECT flow>2226 srcPort>45873 dst>fd10:43:100::2/21026 
20:11:59.159273 ON flow>2227 srcPort>38231 dst>fd10:43:100::2/21027 
20:11:59.159568 CONNECT flow>2227 srcPort>38231 dst>fd10:43:100::2/21027 
20:11:59.197880 ON flow>2228 srcPort>41845 dst>fd10:43:100::2/21028 
20:11:59.198136 CONNECT flow>2228 srcPort>41845 dst>fd10:43:100::2/21028 
20:11:59.329480 ON flow>2229 srcPort>40205 dst>fd10:43:100::2/21029 
20:11:59.329777 CONNECT flow>2229 srcPort>40205 dst>fd10:43:100::2/21029 
20:11:59.412597 ON flow>2230 srcPort>37665 dst>fd10:43:100::2/21030 
20:11:59.412801 CONNECT flow>2230 srcPort>37665 dst>fd10:43:100::2/21030 
20:11:59.416696 ON flow>2231 srcPort>36451 dst>fd10:43:100::2/21031 
20:11:59.416916 CONNECT flow>2231 srcPort>36451 dst>fd10:43:100::2/21031 
20:11:59.919774 SHUTDOWN flow>2204 srcPort>35517 dst>fd10:43:100::2/21004 
20:11:59.920143 OFF flow>2204 srcPort>35517 dst>fd10:43:100::2/21004 
20:12:00.064165 SHUTDOWN flow>2205 srcPort>42003 dst>fd10:43:100::2/21005 
20:12:00.064795 OFF flow>2205 srcPort>42003 dst>fd10:43:100::2/21005 
20:12:00.132365 SHUTDOWN flow>2206 srcPort>46769 dst>fd10:43:100::2/21006 
20:12:00.132863 OFF flow>2206 srcPort>46769 dst>fd10:43:100::2/21006 
20:12:00.163460 SHUTDOWN flow>2207 srcPort>36349 dst>fd10:43:100::2/21007 
20:12:00.163753 OFF flow>2207 srcPort>36349 dst>fd10:43:100::2/21007 
20:12:00.392024 ON flow>2232 srcPort>35063 dst>fd10:43:100::2/21032 
20:12:00.392688 CONNECT flow>2232 srcPort>35063 dst>fd10:43:100::2/21032 
20:12:00.414650 ON flow>2233 srcPort>41281 dst>fd10:43:100::2/21033 
20:12:00.414869 CONNECT flow>2233 srcPort>41281 dst>fd10:43:100::2/21033 
20:12:00.436453 ON flow>2234 srcPort>40433 dst>fd10:43:100::2/21034 
20:12:00.436717 CONNECT flow>2234 srcPort>40433 dst>fd10:43:100::2/21034 
20:12:00.533455 ON flow>2235 srcPort>33095 dst>fd10:43:100::2/21035 
20:12:00.533719 CONNECT flow>2235 srcPort>33095 dst>fd10:43:100::2/21035 
20:12:00.696650 ON flow>2236 srcPort>42477 dst>fd10:43:100::2/21036 
20:12:00.696942 CONNECT flow>2236 srcPort>42477 dst>fd10:43:100::2/21036 
20:12:00.734753 ON flow>2237 srcPort>40863 dst>fd10:43:100::2/21037 
20:12:00.735020 CONNECT flow>2237 srcPort>40863 dst>fd10:43:100::2/21037 
20:12:00.869968 SHUTDOWN flow>2208 srcPort>43567 dst>fd10:43:100::2/21008 
20:12:00.870433 OFF flow>2208 srcPort>43567 dst>fd10:43:100::2/21008 
20:12:01.009618 ON flow>2238 srcPort>36245 dst>fd10:43:100::2/21038 
20:12:01.009880 CONNECT flow>2238 srcPort>36245 dst>fd10:43:100::2/21038 
20:12:01.066955 ON flow>2239 srcPort>46801 dst>fd10:43:100::2/21039 
20:12:01.067173 CONNECT flow>2239 srcPort>46801 dst>fd10:43:100::2/21039 
20:12:01.098176 SHUTDOWN flow>2209 srcPort>33959 dst>fd10:43:100::2/21009 
20:12:01.098643 OFF flow>2209 srcPort>33959 dst>fd10:43:100::2/21009 
20:12:01.694061 ON flow>2240 srcPort>37553 dst>fd10:43:100::2/21040 
20:12:01.694296 CONNECT flow>2240 srcPort>37553 dst>fd10:43:100::2/21040 
20:12:01.747655 ON flow>2241 srcPort>44255 dst>fd10:43:100::2/21041 
20:12:01.747930 CONNECT flow>2241 srcPort>44255 dst>fd10:43:100::2/21041 
20:12:01.762496 SHUTDOWN flow>2210 srcPort>37999 dst>fd10:43:100::2/21010 
20:12:01.762898 OFF flow>2210 srcPort>37999 dst>fd10:43:100::2/21010 
20:12:01.862215 SHUTDOWN flow>2211 srcPort>36449 dst>fd10:43:100::2/21011 
20:12:01.863102 OFF flow>2211 srcPort>36449 dst>fd10:43:100::2/21011 
20:12:02.091438 SHUTDOWN flow>2212 srcPort>34601 dst>fd10:43:100::2/21012 
20:12:02.091879 OFF flow>2212 srcPort>34601 dst>fd10:43:100::2/21012 
20:12:02.704091 ON flow>2242 srcPort>44105 dst>fd10:43:100::2/21042 
20:12:02.704415 CONNECT flow>2242 srcPort>44105 dst>fd10:43:100::2/21042 
20:12:02.754018 ON flow>2243 srcPort>44151 dst>fd10:43:100::2/21043 
20:12:02.754807 CONNECT flow>2243 srcPort>44151 dst>fd10:43:100::2/21043 
20:12:02.766211 ON flow>2244 srcPort>33791 dst>fd10:43:100::2/21044 
20:12:02.766488 CONNECT flow>2244 srcPort>33791 dst>fd10:43:100::2/21044 
20:12:02.822932 SHUTDOWN flow>2213 srcPort>35201 dst>fd10:43:100::2/21013 
20:12:02.823888 OFF flow>2213 srcPort>35201 dst>fd10:43:100::2/21013 
20:12:02.870067 SHUTDOWN flow>2214 srcPort>42739 dst>fd10:43:100::2/21014 
20:12:02.870512 OFF flow>2214 srcPort>42739 dst>fd10:43:100::2/21014 
20:12:02.872847 SHUTDOWN flow>2215 srcPort>40811 dst>fd10:43:100::2/21015 
20:12:02.873122 OFF flow>2215 srcPort>40811 dst>fd10:43:100::2/21015 
20:12:03.021037 SHUTDOWN flow>2216 srcPort>35539 dst>fd10:43:100::2/21016 
20:12:03.021435 OFF flow>2216 srcPort>35539 dst>fd10:43:100::2/21016 
20:12:03.078858 SHUTDOWN flow>2217 srcPort>39497 dst>fd10:43:100::2/21017 
20:12:03.079209 OFF flow>2217 srcPort>39497 dst>fd10:43:100::2/21017 
20:12:03.126942 SHUTDOWN flow>2218 srcPort>41351 dst>fd10:43:100::2/21018 
20:12:03.127451 OFF flow>2218 srcPort>41351 dst>fd10:43:100::2/21018 
20:12:03.172350 SHUTDOWN flow>2219 srcPort>33441 dst>fd10:43:100::2/21019 
20:12:03.172645 OFF flow>2219 srcPort>33441 dst>fd10:43:100::2/21019 
20:12:03.196345 SHUTDOWN flow>2220 srcPort>46237 dst>fd10:43:100::2/21020 
20:12:03.196850 OFF flow>2220 srcPort>46237 dst>fd10:43:100::2/21020 
20:12:03.256614 ON flow>2245 srcPort>34327 dst>fd10:43:100::2/21045 
20:12:03.256846 CONNECT flow>2245 srcPort>34327 dst>fd10:43:100::2/21045 
20:12:03.275794 SHUTDOWN flow>2221 srcPort>36563 dst>fd10:43:100::2/21021 
20:12:03.276237 OFF flow>2221 srcPort>36563 dst>fd10:43:100::2/21021 
20:12:03.327309 ON flow>2246 srcPort>39011 dst>fd10:43:100::2/21046 
20:12:03.327548 CONNECT flow>2246 srcPort>39011 dst>fd10:43:100::2/21046 
20:12:03.350003 ON flow>2247 srcPort>46023 dst>fd10:43:100::2/21047 
20:12:03.350252 CONNECT flow>2247 srcPort>46023 dst>fd10:43:100::2/21047 
20:12:03.397063 ON flow>2248 srcPort>34363 dst>fd10:43:100::2/21048 
20:12:03.397289 CONNECT flow>2248 srcPort>34363 dst>fd10:43:100::2/21048 
20:12:03.399247 SHUTDOWN flow>2222 srcPort>38315 dst>fd10:43:100::2/21022 
20:12:03.399565 OFF flow>2222 srcPort>38315 dst>fd10:43:100::2/21022 
20:12:03.447910 ON flow>2249 srcPort>39123 dst>fd10:43:100::2/21049 
20:12:03.448151 CONNECT flow>2249 srcPort>39123 dst>fd10:43:100::2/21049 
20:12:03.582753 SHUTDOWN flow>2223 srcPort>34569 dst>fd10:43:100::2/21023 
20:12:03.583208 OFF flow>2223 srcPort>34569 dst>fd10:43:100::2/21023 
20:12:03.784352 SHUTDOWN flow>2224 srcPort>42473 dst>fd10:43:100::2/21024 
20:12:03.784873 OFF flow>2224 srcPort>42473 dst>fd10:43:100::2/21024 
20:12:03.917938 SHUTDOWN flow>2225 srcPort>46433 dst>fd10:43:100::2/21025 
20:12:03.918299 OFF flow>2225 srcPort>46433 dst>fd10:43:100::2/21025 
20:12:03.956943 SHUTDOWN flow>2226 srcPort>45873 dst>fd10:43:100::2/21026 
20:12:03.957300 OFF flow>2226 srcPort>45873 dst>fd10:43:100::2/21026 
20:12:03.959245 SHUTDOWN flow>2227 srcPort>38231 dst>fd10:43:100::2/21027 
20:12:03.959734 OFF flow>2227 srcPort>38231 dst>fd10:43:100::2/21027 
20:12:03.997847 SHUTDOWN flow>2228 srcPort>41845 dst>fd10:43:100::2/21028 
20:12:03.998258 OFF flow>2228 srcPort>41845 dst>fd10:43:100::2/21028 
20:12:04.129474 SHUTDOWN flow>2229 srcPort>40205 dst>fd10:43:100::2/21029 
20:12:04.129883 OFF flow>2229 srcPort>40205 dst>fd10:43:100::2/21029 
20:12:04.208696 ON flow>2250 srcPort>34439 dst>fd10:43:100::2/21050 
20:12:04.208934 CONNECT flow>2250 srcPort>34439 dst>fd10:43:100::2/21050 
20:12:04.212551 SHUTDOWN flow>2230 srcPort>37665 dst>fd10:43:100::2/21030 
20:12:04.212986 OFF flow>2230 srcPort>37665 dst>fd10:43:100::2/21030 
20:12:04.216647 SHUTDOWN flow>2231 srcPort>36451 dst>fd10:43:100::2/21031 
20:12:04.217347 OFF flow>2231 srcPort>36451 dst>fd10:43:100::2/21031 
20:12:04.454584 ON flow>2251 srcPort>43537 dst>fd10:43:100::2/21051 
20:12:04.454854 CONNECT flow>2251 srcPort>43537 dst>fd10:43:100::2/21051 
20:12:04.537583 ON flow>2252 srcPort>40155 dst>fd10:43:100::2/21052 
20:12:04.537880 CONNECT flow>2252 srcPort>40155 dst>fd10:43:100::2/21052 
20:12:04.558580 ON flow>2253 srcPort>38589 dst>fd10:43:100::2/21053 
20:12:04.558857 CONNECT flow>2253 srcPort>38589 dst>fd10:43:100::2/21053 
20:12:04.568683 ON flow>2254 srcPort>33023 dst>fd10:43:100::2/21054 
20:12:04.568995 CONNECT flow>2254 srcPort>33023 dst>fd10:43:100::2/21054 
20:12:04.714534 ON flow>2255 srcPort>43107 dst>fd10:43:100::2/21055 
20:12:04.714768 CONNECT flow>2255 srcPort>43107 dst>fd10:43:100::2/21055 
20:12:04.787198 ON flow>2256 srcPort>34749 dst>fd10:43:100::2/21056 
20:12:04.787454 CONNECT flow>2256 srcPort>34749 dst>fd10:43:100::2/21056 
20:12:04.808093 ON flow>2257 srcPort>40645 dst>fd10:43:100::2/21057 
20:12:04.808327 CONNECT flow>2257 srcPort>40645 dst>fd10:43:100::2/21057 
20:12:04.850287 ON flow>2258 srcPort>41861 dst>fd10:43:100::2/21058 
20:12:04.850522 CONNECT flow>2258 srcPort>41861 dst>fd10:43:100::2/21058 
20:12:04.909695 ON flow>2259 srcPort>45701 dst>fd10:43:100::2/21059 
20:12:04.910013 CONNECT flow>2259 srcPort>45701 dst>fd10:43:100::2/21059 
20:12:04.936194 ON flow>2260 srcPort>40075 dst>fd10:43:100::2/21060 
20:12:04.936422 CONNECT flow>2260 srcPort>40075 dst>fd10:43:100::2/21060 
20:12:04.960604 ON flow>2261 srcPort>38309 dst>fd10:43:100::2/21061 
20:12:04.960848 CONNECT flow>2261 srcPort>38309 dst>fd10:43:100::2/21061 
20:12:05.011194 ON flow>2262 srcPort>33097 dst>fd10:43:100::2/21062 
20:12:05.011465 CONNECT flow>2262 srcPort>33097 dst>fd10:43:100::2/21062 
20:12:05.191915 SHUTDOWN flow>2232 srcPort>35063 dst>fd10:43:100::2/21032 
20:12:05.192341 OFF flow>2232 srcPort>35063 dst>fd10:43:100::2/21032 
20:12:05.195589 ON flow>2263 srcPort>43689 dst>fd10:43:100::2/21063 
20:12:05.195847 CONNECT flow>2263 srcPort>43689 dst>fd10:43:100::2/21063 
20:12:05.214612 SHUTDOWN flow>2233 srcPort>41281 dst>fd10:43:100::2/21033 
20:12:05.215184 OFF flow>2233 srcPort>41281 dst>fd10:43:100::2/21033 
20:12:05.236417 SHUTDOWN flow>2234 srcPort>40433 dst>fd10:43:100::2/21034 
20:12:05.236801 OFF flow>2234 srcPort>40433 dst>fd10:43:100::2/21034 
20:12:05.301357 ON flow>2264 srcPort>40773 dst>fd10:43:100::2/21064 
20:12:05.301652 CONNECT flow>2264 srcPort>40773 dst>fd10:43:100::2/21064 
20:12:05.333448 SHUTDOWN flow>2235 srcPort>33095 dst>fd10:43:100::2/21035 
20:12:05.333890 OFF flow>2235 srcPort>33095 dst>fd10:43:100::2/21035 
20:12:05.496624 SHUTDOWN flow>2236 srcPort>42477 dst>fd10:43:100::2/21036 
20:12:05.497129 OFF flow>2236 srcPort>42477 dst>fd10:43:100::2/21036 
20:12:05.534724 SHUTDOWN flow>2237 srcPort>40863 dst>fd10:43:100::2/21037 
20:12:05.535123 OFF flow>2237 srcPort>40863 dst>fd10:43:100::2/21037 
20:12:05.809523 SHUTDOWN flow>2238 srcPort>36245 dst>fd10:43:100::2/21038 
20:12:05.809897 OFF flow>2238 srcPort>36245 dst>fd10:43:100::2/21038 
20:12:05.866942 SHUTDOWN flow>2239 srcPort>46801 dst>fd10:43:100::2/21039 
20:12:05.867293 OFF flow>2239 srcPort>46801 dst>fd10:43:100::2/21039 
20:12:06.494011 SHUTDOWN flow>2240 srcPort>37553 dst>fd10:43:100::2/21040 
20:12:06.494422 OFF flow>2240 srcPort>37553 dst>fd10:43:100::2/21040 
20:12:06.547637 SHUTDOWN flow>2241 srcPort>44255 dst>fd10:43:100::2/21041 
20:12:06.548179 OFF flow>2241 srcPort>44255 dst>fd10:43:100::2/21041 
20:12:07.177674 ON flow>2265 srcPort>35563 dst>fd10:43:100::2/21065 
20:12:07.177948 CONNECT flow>2265 srcPort>35563 dst>fd10:43:100::2/21065 
20:12:07.411244 ON flow>2266 srcPort>36297 dst>fd10:43:100::2/21066 
20:12:07.411487 CONNECT flow>2266 srcPort>36297 dst>fd10:43:100::2/21066 
20:12:07.504034 SHUTDOWN flow>2242 srcPort>44105 dst>fd10:43:100::2/21042 
20:12:07.504611 OFF flow>2242 srcPort>44105 dst>fd10:43:100::2/21042 
20:12:07.507331 ON flow>2267 srcPort>36255 dst>fd10:43:100::2/21067 
20:12:07.507609 CONNECT flow>2267 srcPort>36255 dst>fd10:43:100::2/21067 
20:12:07.508027 ON flow>2268 srcPort>40313 dst>fd10:43:100::2/21068 
20:12:07.508321 CONNECT flow>2268 srcPort>40313 dst>fd10:43:100::2/21068 
20:12:07.533342 ON flow>2269 srcPort>45263 dst>fd10:43:100::2/21069 
20:12:07.533583 CONNECT flow>2269 srcPort>45263 dst>fd10:43:100::2/21069 
20:12:07.538040 ON flow>2270 srcPort>34107 dst>fd10:43:100::2/21070 
20:12:07.538247 CONNECT flow>2270 srcPort>34107 dst>fd10:43:100::2/21070 
20:12:07.553963 SHUTDOWN flow>2243 srcPort>44151 dst>fd10:43:100::2/21043 
20:12:07.554350 OFF flow>2243 srcPort>44151 dst>fd10:43:100::2/21043 
20:12:07.566138 SHUTDOWN flow>2244 srcPort>33791 dst>fd10:43:100::2/21044 
20:12:07.566455 OFF flow>2244 srcPort>33791 dst>fd10:43:100::2/21044 
20:12:07.582650 ON flow>2271 srcPort>34865 dst>fd10:43:100::2/21071 
20:12:07.582878 CONNECT flow>2271 srcPort>34865 dst>fd10:43:100::2/21071 
20:12:07.602850 ON flow>2272 srcPort>35177 dst>fd10:43:100::2/21072 
20:12:07.603078 CONNECT flow>2272 srcPort>35177 dst>fd10:43:100::2/21072 
20:12:07.604037 ON flow>2273 srcPort>39641 dst>fd10:43:100::2/21073 
20:12:07.604289 CONNECT flow>2273 srcPort>39641 dst>fd10:43:100::2/21073 
20:12:07.645748 ON flow>2274 srcPort>44137 dst>fd10:43:100::2/21074 
20:12:07.646014 CONNECT flow>2274 srcPort>44137 dst>fd10:43:100::2/21074 
20:12:07.767446 ON flow>2275 srcPort>35661 dst>fd10:43:100::2/21075 
20:12:07.767743 CONNECT flow>2275 srcPort>35661 dst>fd10:43:100::2/21075 
20:12:07.813345 ON flow>2276 srcPort>38039 dst>fd10:43:100::2/21076 
20:12:07.813680 CONNECT flow>2276 srcPort>38039 dst>fd10:43:100::2/21076 
20:12:07.937145 ON flow>2277 srcPort>40747 dst>fd10:43:100::2/21077 
20:12:07.937408 CONNECT flow>2277 srcPort>40747 dst>fd10:43:100::2/21077 
20:12:07.999848 ON flow>2278 srcPort>41015 dst>fd10:43:100::2/21078 
20:12:08.000188 CONNECT flow>2278 srcPort>41015 dst>fd10:43:100::2/21078 
20:12:08.009750 ON flow>2279 srcPort>43557 dst>fd10:43:100::2/21079 
20:12:08.009950 CONNECT flow>2279 srcPort>43557 dst>fd10:43:100::2/21079 
20:12:08.056580 SHUTDOWN flow>2245 srcPort>34327 dst>fd10:43:100::2/21045 
20:12:08.057032 OFF flow>2245 srcPort>34327 dst>fd10:43:100::2/21045 
20:12:08.127277 SHUTDOWN flow>2246 srcPort>39011 dst>fd10:43:100::2/21046 
20:12:08.127791 OFF flow>2246 srcPort>39011 dst>fd10:43:100::2/21046 
20:12:08.149980 SHUTDOWN flow>2247 srcPort>46023 dst>fd10:43:100::2/21047 
20:12:08.150337 OFF flow>2247 srcPort>46023 dst>fd10:43:100::2/21047 
20:12:08.196979 SHUTDOWN flow>2248 srcPort>34363 dst>fd10:43:100::2/21048 
20:12:08.197327 OFF flow>2248 srcPort>34363 dst>fd10:43:100::2/21048 
20:12:08.247884 SHUTDOWN flow>2249 srcPort>39123 dst>fd10:43:100::2/21049 
20:12:08.248387 OFF flow>2249 srcPort>39123 dst>fd10:43:100::2/21049 
20:12:08.618081 ON flow>2280 srcPort>34057 dst>fd10:43:100::2/21080 
20:12:08.618355 CONNECT flow>2280 srcPort>34057 dst>fd10:43:100::2/21080 
20:12:08.668857 ON flow>2281 srcPort>43277 dst>fd10:43:100::2/21081 
20:12:08.669152 CONNECT flow>2281 srcPort>43277 dst>fd10:43:100::2/21081 
20:12:09.008649 SHUTDOWN flow>2250 srcPort>34439 dst>fd10:43:100::2/21050 
20:12:09.009285 OFF flow>2250 srcPort>34439 dst>fd10:43:100::2/21050 
20:12:09.254548 SHUTDOWN flow>2251 srcPort>43537 dst>fd10:43:100::2/21051 
20:12:09.255020 OFF flow>2251 srcPort>43537 dst>fd10:43:100::2/21051 
20:12:09.337551 SHUTDOWN flow>2252 srcPort>40155 dst>fd10:43:100::2/21052 
20:12:09.337959 OFF flow>2252 srcPort>40155 dst>fd10:43:100::2/21052 
20:12:09.358556 SHUTDOWN flow>2253 srcPort>38589 dst>fd10:43:100::2/21053 
20:12:09.358933 OFF flow>2253 srcPort>38589 dst>fd10:43:100::2/21053 
20:12:09.368643 SHUTDOWN flow>2254 srcPort>33023 dst>fd10:43:100::2/21054 
20:12:09.369039 OFF flow>2254 srcPort>33023 dst>fd10:43:100::2/21054 
20:12:09.514457 SHUTDOWN flow>2255 srcPort>43107 dst>fd10:43:100::2/21055 
20:12:09.514866 OFF flow>2255 srcPort>43107 dst>fd10:43:100::2/21055 
20:12:09.587159 SHUTDOWN flow>2256 srcPort>34749 dst>fd10:43:100::2/21056 
20:12:09.587558 OFF flow>2256 srcPort>34749 dst>fd10:43:100::2/21056 
20:12:09.604769 ON flow>2282 srcPort>39721 dst>fd10:43:100::2/21082 
20:12:09.605015 CONNECT flow>2282 srcPort>39721 dst>fd10:43:100::2/21082 
20:12:09.608075 SHUTDOWN flow>2257 srcPort>40645 dst>fd10:43:100::2/21057 
20:12:09.608405 OFF flow>2257 srcPort>40645 dst>fd10:43:100::2/21057 
20:12:09.650243 SHUTDOWN flow>2258 srcPort>41861 dst>fd10:43:100::2/21058 
20:12:09.651253 OFF flow>2258 srcPort>41861 dst>fd10:43:100::2/21058 
20:12:09.709659 SHUTDOWN flow>2259 srcPort>45701 dst>fd10:43:100::2/21059 
20:12:09.710054 OFF flow>2259 srcPort>45701 dst>fd10:43:100::2/21059 
20:12:09.736164 SHUTDOWN flow>2260 srcPort>40075 dst>fd10:43:100::2/21060 
20:12:09.736540 OFF flow>2260 srcPort>40075 dst>fd10:43:100::2/21060 
20:12:09.760559 SHUTDOWN flow>2261 srcPort>38309 dst>fd10:43:100::2/21061 
20:12:09.761108 OFF flow>2261 srcPort>38309 dst>fd10:43:100::2/21061 
20:12:09.811163 SHUTDOWN flow>2262 srcPort>33097 dst>fd10:43:100::2/21062 
20:12:09.811808 OFF flow>2262 srcPort>33097 dst>fd10:43:100::2/21062 
20:12:09.929626 ON flow>2283 srcPort>33731 dst>fd10:43:100::2/21083 
20:12:09.929878 CONNECT flow>2283 srcPort>33731 dst>fd10:43:100::2/21083 
20:12:09.995520 SHUTDOWN flow>2263 srcPort>43689 dst>fd10:43:100::2/21063 
20:12:09.996037 OFF flow>2263 srcPort>43689 dst>fd10:43:100::2/21063 
20:12:10.038356 ON flow>2284 srcPort>36121 dst>fd10:43:100::2/21084 
20:12:10.038576 CONNECT flow>2284 srcPort>36121 dst>fd10:43:100::2/21084 
20:12:10.078155 ON flow>2285 srcPort>46649 dst>fd10:43:100::2/21085 
20:12:10.078566 CONNECT flow>2285 srcPort>46649 dst>fd10:43:100::2/21085 
20:12:10.101323 SHUTDOWN flow>2264 srcPort>40773 dst>fd10:43:100::2/21064 
20:12:10.101666 OFF flow>2264 srcPort>40773 dst>fd10:43:100::2/21064 
20:12:10.175458 ON flow>2286 srcPort>42531 dst>fd10:43:100::2/21086 
20:12:10.175731 CONNECT flow>2286 srcPort>42531 dst>fd10:43:100::2/21086 
20:12:10.234959 ON flow>2287 srcPort>35393 dst>fd10:43:100::2/21087 
20:12:10.235219 CONNECT flow>2287 srcPort>35393 dst>fd10:43:100::2/21087 
20:12:10.275320 ON flow>2288 srcPort>33697 dst>fd10:43:100::2/21088 
20:12:10.275577 CONNECT flow>2288 srcPort>33697 dst>fd10:43:100::2/21088 
20:12:10.299557 ON flow>2289 srcPort>35633 dst>fd10:43:100::2/21089 
20:12:10.299792 CONNECT flow>2289 srcPort>35633 dst>fd10:43:100::2/21089 
20:12:11.359312 ON flow>2290 srcPort>37269 dst>fd10:43:100::2/21090 
20:12:11.359598 CONNECT flow>2290 srcPort>37269 dst>fd10:43:100::2/21090 
20:12:11.387064 ON flow>2291 srcPort>36957 dst>fd10:43:100::2/21091 
20:12:11.387270 CONNECT flow>2291 srcPort>36957 dst>fd10:43:100::2/21091 
20:12:11.400965 ON flow>2292 srcPort>40711 dst>fd10:43:100::2/21092 
20:12:11.401197 CONNECT flow>2292 srcPort>40711 dst>fd10:43:100::2/21092 
20:12:11.977614 SHUTDOWN flow>2265 srcPort>35563 dst>fd10:43:100::2/21065 
20:12:11.978042 OFF flow>2265 srcPort>35563 dst>fd10:43:100::2/21065 
20:12:12.211207 SHUTDOWN flow>2266 srcPort>36297 dst>fd10:43:100::2/21066 
20:12:12.211631 OFF flow>2266 srcPort>36297 dst>fd10:43:100::2/21066 
20:12:12.307308 SHUTDOWN flow>2267 srcPort>36255 dst>fd10:43:100::2/21067 
20:12:12.307962 OFF flow>2267 srcPort>36255 dst>fd10:43:100::2/21067 
20:12:12.307993 SHUTDOWN flow>2268 srcPort>40313 dst>fd10:43:100::2/21068 
20:12:12.308381 OFF flow>2268 srcPort>40313 dst>fd10:43:100::2/21068 
20:12:12.333308 SHUTDOWN flow>2269 srcPort>45263 dst>fd10:43:100::2/21069 
20:12:12.333597 OFF flow>2269 srcPort>45263 dst>fd10:43:100::2/21069 
20:12:12.338004 SHUTDOWN flow>2270 srcPort>34107 dst>fd10:43:100::2/21070 
20:12:12.338289 OFF flow>2270 srcPort>34107 dst>fd10:43:100::2/21070 
20:12:12.382629 SHUTDOWN flow>2271 srcPort>34865 dst>fd10:43:100::2/21071 
20:12:12.383015 OFF flow>2271 srcPort>34865 dst>fd10:43:100::2/21071 
20:12:12.402811 SHUTDOWN flow>2272 srcPort>35177 dst>fd10:43:100::2/21072 
20:12:12.403169 OFF flow>2272 srcPort>35177 dst>fd10:43:100::2/21072 
20:12:12.404004 SHUTDOWN flow>2273 srcPort>39641 dst>fd10:43:100::2/21073 
20:12:12.404391 OFF flow>2273 srcPort>39641 dst>fd10:43:100::2/21073 
20:12:12.445715 SHUTDOWN flow>2274 srcPort>44137 dst>fd10:43:100::2/21074 
20:12:12.446290 OFF flow>2274 srcPort>44137 dst>fd10:43:100::2/21074 
20:12:12.567411 SHUTDOWN flow>2275 srcPort>35661 dst>fd10:43:100::2/21075 
20:12:12.567794 OFF flow>2275 srcPort>35661 dst>fd10:43:100::2/21075 
20:12:12.613317 SHUTDOWN flow>2276 srcPort>38039 dst>fd10:43:100::2/21076 
20:12:12.613657 OFF flow>2276 srcPort>38039 dst>fd10:43:100::2/21076 
20:12:12.737120 SHUTDOWN flow>2277 srcPort>40747 dst>fd10:43:100::2/21077 
20:12:12.737643 OFF flow>2277 srcPort>40747 dst>fd10:43:100::2/21077 
20:12:12.799814 SHUTDOWN flow>2278 srcPort>41015 dst>fd10:43:100::2/21078 
20:12:12.800265 OFF flow>2278 srcPort>41015 dst>fd10:43:100::2/21078 
20:12:12.809717 SHUTDOWN flow>2279 srcPort>43557 dst>fd10:43:100::2/21079 
20:12:12.810074 OFF flow>2279 srcPort>43557 dst>fd10:43:100::2/21079 
20:12:13.330509 ON flow>2293 srcPort>36247 dst>fd10:43:100::2/21093 
20:12:13.330826 CONNECT flow>2293 srcPort>36247 dst>fd10:43:100::2/21093 
20:12:13.377570 ON flow>2294 srcPort>39371 dst>fd10:43:100::2/21094 
20:12:13.377822 CONNECT flow>2294 srcPort>39371 dst>fd10:43:100::2/21094 
20:12:13.382461 ON flow>2295 srcPort>43465 dst>fd10:43:100::2/21095 
20:12:13.382785 CONNECT flow>2295 srcPort>43465 dst>fd10:43:100::2/21095 
20:12:13.418029 SHUTDOWN flow>2280 srcPort>34057 dst>fd10:43:100::2/21080 
20:12:13.418534 OFF flow>2280 srcPort>34057 dst>fd10:43:100::2/21080 
20:12:13.468834 SHUTDOWN flow>2281 srcPort>43277 dst>fd10:43:100::2/21081 
20:12:13.469309 OFF flow>2281 srcPort>43277 dst>fd10:43:100::2/21081 
20:12:13.534076 ON flow>2296 srcPort>46481 dst>fd10:43:100::2/21096 
20:12:13.534314 CONNECT flow>2296 srcPort>46481 dst>fd10:43:100::2/21096 
20:12:14.404740 SHUTDOWN flow>2282 srcPort>39721 dst>fd10:43:100::2/21082 
20:12:14.405215 OFF flow>2282 srcPort>39721 dst>fd10:43:100::2/21082 
20:12:14.729525 SHUTDOWN flow>2283 srcPort>33731 dst>fd10:43:100::2/21083 
20:12:14.729931 OFF flow>2283 srcPort>33731 dst>fd10:43:100::2/21083 
20:12:14.838330 SHUTDOWN flow>2284 srcPort>36121 dst>fd10:43:100::2/21084 
20:12:14.838852 OFF flow>2284 srcPort>36121 dst>fd10:43:100::2/21084 
20:12:14.878122 SHUTDOWN flow>2285 srcPort>46649 dst>fd10:43:100::2/21085 
20:12:14.878428 OFF flow>2285 srcPort>46649 dst>fd10:43:100::2/21085 
20:12:14.975421 SHUTDOWN flow>2286 srcPort>42531 dst>fd10:43:100::2/21086 
20:12:14.976543 OFF flow>2286 srcPort>42531 dst>fd10:43:100::2/21086 
20:12:15.034938 SHUTDOWN flow>2287 srcPort>35393 dst>fd10:43:100::2/21087 
20:12:15.035451 OFF flow>2287 srcPort>35393 dst>fd10:43:100::2/21087 
20:12:15.075240 SHUTDOWN flow>2288 srcPort>33697 dst>fd10:43:100::2/21088 
20:12:15.075653 OFF flow>2288 srcPort>33697 dst>fd10:43:100::2/21088 
20:12:15.099525 SHUTDOWN flow>2289 srcPort>35633 dst>fd10:43:100::2/21089 
20:12:15.099854 OFF flow>2289 srcPort>35633 dst>fd10:43:100::2/21089 
20:12:16.159235 SHUTDOWN flow>2290 srcPort>37269 dst>fd10:43:100::2/21090 
20:12:16.159783 OFF flow>2290 srcPort>37269 dst>fd10:43:100::2/21090 
20:12:16.164707 ON flow>2297 srcPort>37627 dst>fd10:43:100::2/21097 
20:12:16.165667 CONNECT flow>2297 srcPort>37627 dst>fd10:43:100::2/21097 
20:12:16.187027 SHUTDOWN flow>2291 srcPort>36957 dst>fd10:43:100::2/21091 
20:12:16.187485 OFF flow>2291 srcPort>36957 dst>fd10:43:100::2/21091 
20:12:16.200936 SHUTDOWN flow>2292 srcPort>40711 dst>fd10:43:100::2/21092 
20:12:16.201315 OFF flow>2292 srcPort>40711 dst>fd10:43:100::2/21092 
20:12:16.541079 ON flow>2298 srcPort>41021 dst>fd10:43:100::2/21098 
20:12:16.541346 CONNECT flow>2298 srcPort>41021 dst>fd10:43:100::2/21098 
20:12:16.625889 ON flow>2299 srcPort>45933 dst>fd10:43:100::2/21099 
20:12:16.626131 CONNECT flow>2299 srcPort>45933 dst>fd10:43:100::2/21099 
20:12:16.705372 ON flow>2300 srcPort>45019 dst>fd10:43:100::2/21100 
20:12:16.705592 CONNECT flow>2300 srcPort>45019 dst>fd10:43:100::2/21100 
20:12:17.351946 ON flow>2301 srcPort>43271 dst>fd10:43:100::2/21101 
20:12:17.352219 CONNECT flow>2301 srcPort>43271 dst>fd10:43:100::2/21101 
20:12:17.585440 ON flow>2302 srcPort>43359 dst>fd10:43:100::2/21102 
20:12:17.585760 CONNECT flow>2302 srcPort>43359 dst>fd10:43:100::2/21102 
20:12:18.130429 SHUTDOWN flow>2293 srcPort>36247 dst>fd10:43:100::2/21093 
20:12:18.130921 OFF flow>2293 srcPort>36247 dst>fd10:43:100::2/21093 
20:12:18.177532 SHUTDOWN flow>2294 srcPort>39371 dst>fd10:43:100::2/21094 
20:12:18.177932 OFF flow>2294 srcPort>39371 dst>fd10:43:100::2/21094 
20:12:18.182430 SHUTDOWN flow>2295 srcPort>43465 dst>fd10:43:100::2/21095 
20:12:18.182861 OFF flow>2295 srcPort>43465 dst>fd10:43:100::2/21095 
20:12:18.334035 SHUTDOWN flow>2296 srcPort>46481 dst>fd10:43:100::2/21096 
20:12:18.334704 OFF flow>2296 srcPort>46481 dst>fd10:43:100::2/21096 
20:12:20.262673 ON flow>2303 srcPort>46457 dst>fd10:43:100::2/21103 
20:12:20.263066 CONNECT flow>2303 srcPort>46457 dst>fd10:43:100::2/21103 
20:12:20.369427 ON flow>2304 srcPort>37371 dst>fd10:43:100::2/21104 
20:12:20.369703 CONNECT flow>2304 srcPort>37371 dst>fd10:43:100::2/21104 
20:12:20.375069 ON flow>2305 srcPort>41717 dst>fd10:43:100::2/21105 
20:12:20.375252 CONNECT flow>2305 srcPort>41717 dst>fd10:43:100::2/21105 
20:12:20.537133 ON flow>2306 srcPort>41171 dst>fd10:43:100::2/21106 
20:12:20.537488 CONNECT flow>2306 srcPort>41171 dst>fd10:43:100::2/21106 
20:12:20.545482 ON flow>2307 srcPort>46695 dst>fd10:43:100::2/21107 
20:12:20.545782 CONNECT flow>2307 srcPort>46695 dst>fd10:43:100::2/21107 
20:12:20.549273 ON flow>2308 srcPort>41291 dst>fd10:43:100::2/21108 
20:12:20.549551 CONNECT flow>2308 srcPort>41291 dst>fd10:43:100::2/21108 
20:12:20.698536 ON flow>2309 srcPort>44937 dst>fd10:43:100::2/21109 
20:12:20.698797 CONNECT flow>2309 srcPort>44937 dst>fd10:43:100::2/21109 
20:12:20.778030 ON flow>2310 srcPort>39047 dst>fd10:43:100::2/21110 
20:12:20.778315 CONNECT flow>2310 srcPort>39047 dst>fd10:43:100::2/21110 
20:12:20.927941 ON flow>2311 srcPort>33043 dst>fd10:43:100::2/21111 
20:12:20.928243 CONNECT flow>2311 srcPort>33043 dst>fd10:43:100::2/21111 
20:12:20.964639 SHUTDOWN flow>2297 srcPort>37627 dst>fd10:43:100::2/21097 
20:12:20.965132 OFF flow>2297 srcPort>37627 dst>fd10:43:100::2/21097 
20:12:21.213764 ON flow>2312 srcPort>42849 dst>fd10:43:100::2/21112 
20:12:21.214038 CONNECT flow>2312 srcPort>42849 dst>fd10:43:100::2/21112 
20:12:21.341037 SHUTDOWN flow>2298 srcPort>41021 dst>fd10:43:100::2/21098 
20:12:21.341813 OFF flow>2298 srcPort>41021 dst>fd10:43:100::2/21098 
20:12:21.425878 SHUTDOWN flow>2299 srcPort>45933 dst>fd10:43:100::2/21099 
20:12:21.426941 OFF flow>2299 srcPort>45933 dst>fd10:43:100::2/21099 
20:12:21.505335 SHUTDOWN flow>2300 srcPort>45019 dst>fd10:43:100::2/21100 
20:12:21.505823 OFF flow>2300 srcPort>45019 dst>fd10:43:100::2/21100 
20:12:22.151886 SHUTDOWN flow>2301 srcPort>43271 dst>fd10:43:100::2/21101 
20:12:22.152362 OFF flow>2301 srcPort>43271 dst>fd10:43:100::2/21101 
20:12:22.385383 SHUTDOWN flow>2302 srcPort>43359 dst>fd10:43:100::2/21102 
20:12:22.386397 OFF flow>2302 srcPort>43359 dst>fd10:43:100::2/21102 
20:12:22.527819 ON flow>2313 srcPort>36997 dst>fd10:43:100::2/21113 
20:12:22.529304 CONNECT flow>2313 srcPort>36997 dst>fd10:43:100::2/21113 
20:12:22.785837 ON flow>2314 srcPort>38545 dst>fd10:43:100::2/21114 
20:12:22.786454 CONNECT flow>2314 srcPort>38545 dst>fd10:43:100::2/21114 
20:12:22.877427 ON flow>2315 srcPort>38089 dst>fd10:43:100::2/21115 
20:12:22.877669 CONNECT flow>2315 srcPort>38089 dst>fd10:43:100::2/21115 
20:12:22.880066 ON flow>2316 srcPort>42725 dst>fd10:43:100::2/21116 
20:12:22.880405 CONNECT flow>2316 srcPort>42725 dst>fd10:43:100::2/21116 
20:12:23.969662 ON flow>2317 srcPort>41927 dst>fd10:43:100::2/21117 
20:12:23.970062 CONNECT flow>2317 srcPort>41927 dst>fd10:43:100::2/21117 
20:12:24.125314 ON flow>2318 srcPort>38383 dst>fd10:43:100::2/21118 
20:12:24.125587 CONNECT flow>2318 srcPort>38383 dst>fd10:43:100::2/21118 
20:12:24.279536 ON flow>2319 srcPort>34153 dst>fd10:43:100::2/21119 
20:12:24.279834 CONNECT flow>2319 srcPort>34153 dst>fd10:43:100::2/21119 
20:12:24.566753 ON flow>2320 srcPort>32787 dst>fd10:43:100::2/21120 
20:12:24.567003 CONNECT flow>2320 srcPort>32787 dst>fd10:43:100::2/21120 
20:12:24.877146 ON flow>2321 srcPort>42423 dst>fd10:43:100::2/21121 
20:12:24.877393 CONNECT flow>2321 srcPort>42423 dst>fd10:43:100::2/21121 
20:12:24.926759 ON flow>2322 srcPort>41305 dst>fd10:43:100::2/21122 
20:12:24.926993 CONNECT flow>2322 srcPort>41305 dst>fd10:43:100::2/21122 
20:12:25.062530 SHUTDOWN flow>2303 srcPort>46457 dst>fd10:43:100::2/21103 
20:12:25.063093 OFF flow>2303 srcPort>46457 dst>fd10:43:100::2/21103 
20:12:25.169330 SHUTDOWN flow>2304 srcPort>37371 dst>fd10:43:100::2/21104 
20:12:25.169790 OFF flow>2304 srcPort>37371 dst>fd10:43:100::2/21104 
20:12:25.175024 SHUTDOWN flow>2305 srcPort>41717 dst>fd10:43:100::2/21105 
20:12:25.175558 OFF flow>2305 srcPort>41717 dst>fd10:43:100::2/21105 
20:12:25.337029 SHUTDOWN flow>2306 srcPort>41171 dst>fd10:43:100::2/21106 
20:12:25.337536 OFF flow>2306 srcPort>41171 dst>fd10:43:100::2/21106 
20:12:25.345464 SHUTDOWN flow>2307 srcPort>46695 dst>fd10:43:100::2/21107 
20:12:25.345894 OFF flow>2307 srcPort>46695 dst>fd10:43:100::2/21107 
20:12:25.349247 SHUTDOWN flow>2308 srcPort>41291 dst>fd10:43:100::2/21108 
20:12:25.349656 OFF flow>2308 srcPort>41291 dst>fd10:43:100::2/21108 
20:12:25.498467 SHUTDOWN flow>2309 srcPort>44937 dst>fd10:43:100::2/21109 
20:12:25.498931 OFF flow>2309 srcPort>44937 dst>fd10:43:100::2/21109 
20:12:25.577946 SHUTDOWN flow>2310 srcPort>39047 dst>fd10:43:100::2/21110 
20:12:25.578517 OFF flow>2310 srcPort>39047 dst>fd10:43:100::2/21110 
20:12:25.727853 SHUTDOWN flow>2311 srcPort>33043 dst>fd10:43:100::2/21111 
20:12:25.728680 OFF flow>2311 srcPort>33043 dst>fd10:43:100::2/21111 
20:12:26.013648 SHUTDOWN flow>2312 srcPort>42849 dst>fd10:43:100::2/21112 
20:12:26.014137 OFF flow>2312 srcPort>42849 dst>fd10:43:100::2/21112 
20:12:27.327636 SHUTDOWN flow>2313 srcPort>36997 dst>fd10:43:100::2/21113 
20:12:27.328077 OFF flow>2313 srcPort>36997 dst>fd10:43:100::2/21113 
20:12:27.424816 ON flow>2323 srcPort>40661 dst>fd10:43:100::2/21123 
20:12:27.425077 CONNECT flow>2323 srcPort>40661 dst>fd10:43:100::2/21123 
20:12:27.426475 ON flow>2324 srcPort>33261 dst>fd10:43:100::2/21124 
20:12:27.426736 CONNECT flow>2324 srcPort>33261 dst>fd10:43:100::2/21124 
20:12:27.500782 ON flow>2325 srcPort>39235 dst>fd10:43:100::2/21125 
20:12:27.501036 CONNECT flow>2325 srcPort>39235 dst>fd10:43:100::2/21125 
20:12:27.547185 ON flow>2326 srcPort>33729 dst>fd10:43:100::2/21126 
20:12:27.547459 CONNECT flow>2326 srcPort>33729 dst>fd10:43:100::2/21126 
20:12:27.585735 SHUTDOWN flow>2314 srcPort>38545 dst>fd10:43:100::2/21114 
20:12:27.586260 OFF flow>2314 srcPort>38545 dst>fd10:43:100::2/21114 
20:12:27.647677 ON flow>2327 srcPort>42513 dst>fd10:43:100::2/21127 
20:12:27.648238 CONNECT flow>2327 srcPort>42513 dst>fd10:43:100::2/21127 
20:12:27.668192 ON flow>2328 srcPort>35553 dst>fd10:43:100::2/21128 
20:12:27.668434 CONNECT flow>2328 srcPort>35553 dst>fd10:43:100::2/21128 
20:12:27.677334 SHUTDOWN flow>2315 srcPort>38089 dst>fd10:43:100::2/21115 
20:12:27.677926 OFF flow>2315 srcPort>38089 dst>fd10:43:100::2/21115 
20:12:27.680029 SHUTDOWN flow>2316 srcPort>42725 dst>fd10:43:100::2/21116 
20:12:27.680431 OFF flow>2316 srcPort>42725 dst>fd10:43:100::2/21116 
20:12:28.769535 SHUTDOWN flow>2317 srcPort>41927 dst>fd10:43:100::2/21117 
20:12:28.770138 OFF flow>2317 srcPort>41927 dst>fd10:43:100::2/21117 
20:12:28.925134 SHUTDOWN flow>2318 srcPort>38383 dst>fd10:43:100::2/21118 
20:12:28.925726 OFF flow>2318 srcPort>38383 dst>fd10:43:100::2/21118 
20:12:29.079443 SHUTDOWN flow>2319 srcPort>34153 dst>fd10:43:100::2/21119 
20:12:29.079907 OFF flow>2319 srcPort>34153 dst>fd10:43:100::2/21119 
20:12:29.366658 SHUTDOWN flow>2320 srcPort>32787 dst>fd10:43:100::2/21120 
20:12:29.367119 OFF flow>2320 srcPort>32787 dst>fd10:43:100::2/21120 
20:12:29.677038 SHUTDOWN flow>2321 srcPort>42423 dst>fd10:43:100::2/21121 
20:12:29.677669 OFF flow>2321 srcPort>42423 dst>fd10:43:100::2/21121 
20:12:29.726647 SHUTDOWN flow>2322 srcPort>41305 dst>fd10:43:100::2/21122 
20:12:29.727114 OFF flow>2322 srcPort>41305 dst>fd10:43:100::2/21122 
20:12:30.022022 ON flow>2329 srcPort>43423 dst>fd10:43:100::2/21129 
20:12:30.022257 CONNECT flow>2329 srcPort>43423 dst>fd10:43:100::2/21129 
20:12:30.127683 ON flow>2330 srcPort>41511 dst>fd10:43:100::2/21130 
20:12:30.127953 CONNECT flow>2330 srcPort>41511 dst>fd10:43:100::2/21130 
20:12:30.132087 ON flow>2331 srcPort>39081 dst>fd10:43:100::2/21131 
20:12:30.132329 CONNECT flow>2331 srcPort>39081 dst>fd10:43:100::2/21131 
20:12:30.163279 ON flow>2332 srcPort>43707 dst>fd10:43:100::2/21132 
20:12:30.163730 CONNECT flow>2332 srcPort>43707 dst>fd10:43:100::2/21132 
20:12:30.413982 ON flow>2333 srcPort>44361 dst>fd10:43:100::2/21133 
20:12:30.414440 CONNECT flow>2333 srcPort>44361 dst>fd10:43:100::2/21133 
20:12:30.436681 ON flow>2334 srcPort>37891 dst>fd10:43:100::2/21134 
20:12:30.436983 CONNECT flow>2334 srcPort>37891 dst>fd10:43:100::2/21134 
20:12:30.474481 ON flow>2335 srcPort>42205 dst>fd10:43:100::2/21135 
20:12:30.474719 CONNECT flow>2335 srcPort>42205 dst>fd10:43:100::2/21135 
20:12:30.479086 ON flow>2336 srcPort>43127 dst>fd10:43:100::2/21136 
20:12:30.479328 CONNECT flow>2336 srcPort>43127 dst>fd10:43:100::2/21136 
20:12:30.479480 ON flow>2337 srcPort>40543 dst>fd10:43:100::2/21137 
20:12:30.479785 CONNECT flow>2337 srcPort>40543 dst>fd10:43:100::2/21137 
20:12:30.481078 ON flow>2338 srcPort>37579 dst>fd10:43:100::2/21138 
20:12:30.481330 CONNECT flow>2338 srcPort>37579 dst>fd10:43:100::2/21138 
20:12:30.552399 ON flow>2339 srcPort>42039 dst>fd10:43:100::2/21139 
20:12:30.552669 CONNECT flow>2339 srcPort>42039 dst>fd10:43:100::2/21139 
20:12:30.554283 ON flow>2340 srcPort>35309 dst>fd10:43:100::2/21140 
20:12:30.554568 CONNECT flow>2340 srcPort>35309 dst>fd10:43:100::2/21140 
20:12:30.587482 ON flow>2341 srcPort>43101 dst>fd10:43:100::2/21141 
20:12:30.587781 CONNECT flow>2341 srcPort>43101 dst>fd10:43:100::2/21141 
20:12:31.545033 ON flow>2342 srcPort>42903 dst>fd10:43:100::2/21142 
20:12:31.545325 CONNECT flow>2342 srcPort>42903 dst>fd10:43:100::2/21142 
20:12:31.616185 ON flow>2343 srcPort>38975 dst>fd10:43:100::2/21143 
20:12:31.616403 CONNECT flow>2343 srcPort>38975 dst>fd10:43:100::2/21143 
20:12:31.623182 ON flow>2344 srcPort>32907 dst>fd10:43:100::2/21144 
20:12:31.623424 CONNECT flow>2344 srcPort>32907 dst>fd10:43:100::2/21144 
20:12:31.792487 ON flow>2345 srcPort>46133 dst>fd10:43:100::2/21145 
20:12:31.792799 CONNECT flow>2345 srcPort>46133 dst>fd10:43:100::2/21145 
20:12:32.224741 SHUTDOWN flow>2323 srcPort>40661 dst>fd10:43:100::2/21123 
20:12:32.225225 OFF flow>2323 srcPort>40661 dst>fd10:43:100::2/21123 
20:12:32.226440 SHUTDOWN flow>2324 srcPort>33261 dst>fd10:43:100::2/21124 
20:12:32.226986 OFF flow>2324 srcPort>33261 dst>fd10:43:100::2/21124 
20:12:32.300743 SHUTDOWN flow>2325 srcPort>39235 dst>fd10:43:100::2/21125 
20:12:32.301156 OFF flow>2325 srcPort>39235 dst>fd10:43:100::2/21125 
20:12:32.347143 SHUTDOWN flow>2326 srcPort>33729 dst>fd10:43:100::2/21126 
20:12:32.347519 OFF flow>2326 srcPort>33729 dst>fd10:43:100::2/21126 
20:12:32.447652 SHUTDOWN flow>2327 srcPort>42513 dst>fd10:43:100::2/21127 
20:12:32.448029 OFF flow>2327 srcPort>42513 dst>fd10:43:100::2/21127 
20:12:32.468142 SHUTDOWN flow>2328 srcPort>35553 dst>fd10:43:100::2/21128 
20:12:32.468566 OFF flow>2328 srcPort>35553 dst>fd10:43:100::2/21128 
20:12:34.163869 ON flow>2346 srcPort>42775 dst>fd10:43:100::2/21146 
20:12:34.164345 CONNECT flow>2346 srcPort>42775 dst>fd10:43:100::2/21146 
20:12:34.483389 ON flow>2347 srcPort>39815 dst>fd10:43:100::2/21147 
20:12:34.483819 CONNECT flow>2347 srcPort>39815 dst>fd10:43:100::2/21147 
20:12:34.556787 ON flow>2348 srcPort>44683 dst>fd10:43:100::2/21148 
20:12:34.557037 CONNECT flow>2348 srcPort>44683 dst>fd10:43:100::2/21148 
20:12:34.821963 SHUTDOWN flow>2329 srcPort>43423 dst>fd10:43:100::2/21129 
20:12:34.822476 OFF flow>2329 srcPort>43423 dst>fd10:43:100::2/21129 
20:12:34.927675 SHUTDOWN flow>2330 srcPort>41511 dst>fd10:43:100::2/21130 
20:12:34.928064 OFF flow>2330 srcPort>41511 dst>fd10:43:100::2/21130 
20:12:34.932049 SHUTDOWN flow>2331 srcPort>39081 dst>fd10:43:100::2/21131 
20:12:34.932387 OFF flow>2331 srcPort>39081 dst>fd10:43:100::2/21131 
20:12:34.963252 SHUTDOWN flow>2332 srcPort>43707 dst>fd10:43:100::2/21132 
20:12:34.963572 OFF flow>2332 srcPort>43707 dst>fd10:43:100::2/21132 
20:12:35.213944 SHUTDOWN flow>2333 srcPort>44361 dst>fd10:43:100::2/21133 
20:12:35.214427 OFF flow>2333 srcPort>44361 dst>fd10:43:100::2/21133 
20:12:35.236663 SHUTDOWN flow>2334 srcPort>37891 dst>fd10:43:100::2/21134 
20:12:35.237656 OFF flow>2334 srcPort>37891 dst>fd10:43:100::2/21134 
20:12:35.274450 SHUTDOWN flow>2335 srcPort>42205 dst>fd10:43:100::2/21135 
20:12:35.274849 OFF flow>2335 srcPort>42205 dst>fd10:43:100::2/21135 
20:12:35.279038 SHUTDOWN flow>2336 srcPort>43127 dst>fd10:43:100::2/21136 
20:12:35.279438 SHUTDOWN flow>2337 srcPort>40543 dst>fd10:43:100::2/21137 
20:12:35.279498 OFF flow>2336 srcPort>43127 dst>fd10:43:100::2/21136 
20:12:35.279860 OFF flow>2337 srcPort>40543 dst>fd10:43:100::2/21137 
20:12:35.281045 SHUTDOWN flow>2338 srcPort>37579 dst>fd10:43:100::2/21138 
20:12:35.281441 OFF flow>2338 srcPort>37579 dst>fd10:43:100::2/21138 
20:12:35.352351 SHUTDOWN flow>2339 srcPort>42039 dst>fd10:43:100::2/21139 
20:12:35.352710 OFF flow>2339 srcPort>42039 dst>fd10:43:100::2/21139 
20:12:35.354247 SHUTDOWN flow>2340 srcPort>35309 dst>fd10:43:100::2/21140 
20:12:35.354708 OFF flow>2340 srcPort>35309 dst>fd10:43:100::2/21140 
20:12:35.387451 SHUTDOWN flow>2341 srcPort>43101 dst>fd10:43:100::2/21141 
20:12:35.387923 OFF flow>2341 srcPort>43101 dst>fd10:43:100::2/21141 
20:12:36.344944 SHUTDOWN flow>2342 srcPort>42903 dst>fd10:43:100::2/21142 
20:12:36.345419 OFF flow>2342 srcPort>42903 dst>fd10:43:100::2/21142 
20:12:36.416156 SHUTDOWN flow>2343 srcPort>38975 dst>fd10:43:100::2/21143 
20:12:36.416521 OFF flow>2343 srcPort>38975 dst>fd10:43:100::2/21143 
20:12:36.423142 SHUTDOWN flow>2344 srcPort>32907 dst>fd10:43:100::2/21144 
20:12:36.423433 OFF flow>2344 srcPort>32907 dst>fd10:43:100::2/21144 
20:12:36.592450 SHUTDOWN flow>2345 srcPort>46133 dst>fd10:43:100::2/21145 
20:12:36.592839 OFF flow>2345 srcPort>46133 dst>fd10:43:100::2/21145 
20:12:37.226146 ON flow>2349 srcPort>45751 dst>fd10:43:100::2/21149 
20:12:37.226408 CONNECT flow>2349 srcPort>45751 dst>fd10:43:100::2/21149 
20:12:37.229976 ON flow>2350 srcPort>33583 dst>fd10:43:100::2/21150 
20:12:37.230407 CONNECT flow>2350 srcPort>33583 dst>fd10:43:100::2/21150 
20:12:37.275586 ON flow>2351 srcPort>36801 dst>fd10:43:100::2/21151 
20:12:37.275868 CONNECT flow>2351 srcPort>36801 dst>fd10:43:100::2/21151 
20:12:37.350208 ON flow>2352 srcPort>41865 dst>fd10:43:100::2/21152 
20:12:37.350431 CONNECT flow>2352 srcPort>41865 dst>fd10:43:100::2/21152 
20:12:37.385707 ON flow>2353 srcPort>37157 dst>fd10:43:100::2/21153 
20:12:37.385950 CONNECT flow>2353 srcPort>37157 dst>fd10:43:100::2/21153 
20:12:37.427487 ON flow>2354 srcPort>44637 dst>fd10:43:100::2/21154 
20:12:37.427809 CONNECT flow>2354 srcPort>44637 dst>fd10:43:100::2/21154 
20:12:37.448392 ON flow>2355 srcPort>37055 dst>fd10:43:100::2/21155 
20:12:37.448655 CONNECT flow>2355 srcPort>37055 dst>fd10:43:100::2/21155 
20:12:37.476584 ON flow>2356 srcPort>41347 dst>fd10:43:100::2/21156 
20:12:37.476835 CONNECT flow>2356 srcPort>41347 dst>fd10:43:100::2/21156 
20:12:37.581705 ON flow>2357 srcPort>45643 dst>fd10:43:100::2/21157 
20:12:37.581933 CONNECT flow>2357 srcPort>45643 dst>fd10:43:100::2/21157 
20:12:38.963754 SHUTDOWN flow>2346 srcPort>42775 dst>fd10:43:100::2/21146 
20:12:38.964582 OFF flow>2346 srcPort>42775 dst>fd10:43:100::2/21146 
20:12:39.077857 ON flow>2358 srcPort>33833 dst>fd10:43:100::2/21158 
20:12:39.078153 CONNECT flow>2358 srcPort>33833 dst>fd10:43:100::2/21158 
20:12:39.082500 ON flow>2359 srcPort>44139 dst>fd10:43:100::2/21159 
20:12:39.082734 CONNECT flow>2359 srcPort>44139 dst>fd10:43:100::2/21159 
20:12:39.139570 ON flow>2360 srcPort>33275 dst>fd10:43:100::2/21160 
20:12:39.139819 CONNECT flow>2360 srcPort>33275 dst>fd10:43:100::2/21160 
20:12:39.199670 ON flow>2361 srcPort>37809 dst>fd10:43:100::2/21161 
20:12:39.199921 CONNECT flow>2361 srcPort>37809 dst>fd10:43:100::2/21161 
20:12:39.283349 SHUTDOWN flow>2347 srcPort>39815 dst>fd10:43:100::2/21147 
20:12:39.283956 OFF flow>2347 srcPort>39815 dst>fd10:43:100::2/21147 
20:12:39.356752 SHUTDOWN flow>2348 srcPort>44683 dst>fd10:43:100::2/21148 
20:12:39.358709 OFF flow>2348 srcPort>44683 dst>fd10:43:100::2/21148 
20:12:40.733361 ON flow>2362 srcPort>46571 dst>fd10:43:100::2/21162 
20:12:40.733618 CONNECT flow>2362 srcPort>46571 dst>fd10:43:100::2/21162 
20:12:40.779695 ON flow>2363 srcPort>45577 dst>fd10:43:100::2/21163 
20:12:40.779972 CONNECT flow>2363 srcPort>45577 dst>fd10:43:100::2/21163 
20:12:40.854699 ON flow>2364 srcPort>34355 dst>fd10:43:100::2/21164 
20:12:40.854945 CONNECT flow>2364 srcPort>34355 dst>fd10:43:100::2/21164 
20:12:40.955589 ON flow>2365 srcPort>37439 dst>fd10:43:100::2/21165 
20:12:40.955808 CONNECT flow>2365 srcPort>37439 dst>fd10:43:100::2/21165 
20:12:41.121889 ON flow>2366 srcPort>33045 dst>fd10:43:100::2/21166 
20:12:41.122184 CONNECT flow>2366 srcPort>33045 dst>fd10:43:100::2/21166 
20:12:41.311597 ON flow>2367 srcPort>43287 dst>fd10:43:100::2/21167 
20:12:41.311850 CONNECT flow>2367 srcPort>43287 dst>fd10:43:100::2/21167 
20:12:41.396803 ON flow>2368 srcPort>45897 dst>fd10:43:100::2/21168 
20:12:41.397031 CONNECT flow>2368 srcPort>45897 dst>fd10:43:100::2/21168 
20:12:41.511333 ON flow>2369 srcPort>35237 dst>fd10:43:100::2/21169 
20:12:41.511687 CONNECT flow>2369 srcPort>35237 dst>fd10:43:100::2/21169 
20:12:41.555601 ON flow>2370 srcPort>36545 dst>fd10:43:100::2/21170 
20:12:41.555882 CONNECT flow>2370 srcPort>36545 dst>fd10:43:100::2/21170 
20:12:41.585502 ON flow>2371 srcPort>32871 dst>fd10:43:100::2/21171 
20:12:41.585769 CONNECT flow>2371 srcPort>32871 dst>fd10:43:100::2/21171 
20:12:41.605602 ON flow>2372 srcPort>38167 dst>fd10:43:100::2/21172 
20:12:41.605827 CONNECT flow>2372 srcPort>38167 dst>fd10:43:100::2/21172 
20:12:41.632706 ON flow>2373 srcPort>41953 dst>fd10:43:100::2/21173 
20:12:41.633341 CONNECT flow>2373 srcPort>41953 dst>fd10:43:100::2/21173 
20:12:41.649730 ON flow>2374 srcPort>35435 dst>fd10:43:100::2/21174 
20:12:41.650387 CONNECT flow>2374 srcPort>35435 dst>fd10:43:100::2/21174 
20:12:41.735558 ON flow>2375 srcPort>43965 dst>fd10:43:100::2/21175 
20:12:41.735835 CONNECT flow>2375 srcPort>43965 dst>fd10:43:100::2/21175 
20:12:41.794676 ON flow>2376 srcPort>44939 dst>fd10:43:100::2/21176 
20:12:41.794936 CONNECT flow>2376 srcPort>44939 dst>fd10:43:100::2/21176 
20:12:41.944785 ON flow>2377 srcPort>37123 dst>fd10:43:100::2/21177 
20:12:41.945049 CONNECT flow>2377 srcPort>37123 dst>fd10:43:100::2/21177 
20:12:42.026044 SHUTDOWN flow>2349 srcPort>45751 dst>fd10:43:100::2/21149 
20:12:42.026416 OFF flow>2349 srcPort>45751 dst>fd10:43:100::2/21149 
20:12:42.029942 SHUTDOWN flow>2350 srcPort>33583 dst>fd10:43:100::2/21150 
20:12:42.030276 OFF flow>2350 srcPort>33583 dst>fd10:43:100::2/21150 
20:12:42.037474 ON flow>2378 srcPort>44727 dst>fd10:43:100::2/21178 
20:12:42.037703 CONNECT flow>2378 srcPort>44727 dst>fd10:43:100::2/21178 
20:12:42.057934 ON flow>2379 srcPort>36619 dst>fd10:43:100::2/21179 
20:12:42.058253 CONNECT flow>2379 srcPort>36619 dst>fd10:43:100::2/21179 
20:12:42.075549 SHUTDOWN flow>2351 srcPort>36801 dst>fd10:43:100::2/21151 
20:12:42.075943 OFF flow>2351 srcPort>36801 dst>fd10:43:100::2/21151 
20:12:42.150163 SHUTDOWN flow>2352 srcPort>41865 dst>fd10:43:100::2/21152 
20:12:42.150758 OFF flow>2352 srcPort>41865 dst>fd10:43:100::2/21152 
20:12:42.185655 SHUTDOWN flow>2353 srcPort>37157 dst>fd10:43:100::2/21153 
20:12:42.186238 OFF flow>2353 srcPort>37157 dst>fd10:43:100::2/21153 
20:12:42.227449 SHUTDOWN flow>2354 srcPort>44637 dst>fd10:43:100::2/21154 
20:12:42.227859 OFF flow>2354 srcPort>44637 dst>fd10:43:100::2/21154 
20:12:42.248363 SHUTDOWN flow>2355 srcPort>37055 dst>fd10:43:100::2/21155 
20:12:42.249796 OFF flow>2355 srcPort>37055 dst>fd10:43:100::2/21155 
20:12:42.276563 SHUTDOWN flow>2356 srcPort>41347 dst>fd10:43:100::2/21156 
20:12:42.276946 OFF flow>2356 srcPort>41347 dst>fd10:43:100::2/21156 
20:12:42.381676 SHUTDOWN flow>2357 srcPort>45643 dst>fd10:43:100::2/21157 
20:12:42.382181 OFF flow>2357 srcPort>45643 dst>fd10:43:100::2/21157 
20:12:43.877763 SHUTDOWN flow>2358 srcPort>33833 dst>fd10:43:100::2/21158 
20:12:43.878259 OFF flow>2358 srcPort>33833 dst>fd10:43:100::2/21158 
20:12:43.882458 SHUTDOWN flow>2359 srcPort>44139 dst>fd10:43:100::2/21159 
20:12:43.882890 OFF flow>2359 srcPort>44139 dst>fd10:43:100::2/21159 
20:12:43.939519 SHUTDOWN flow>2360 srcPort>33275 dst>fd10:43:100::2/21160 
20:12:43.940283 OFF flow>2360 srcPort>33275 dst>fd10:43:100::2/21160 
20:12:43.999633 SHUTDOWN flow>2361 srcPort>37809 dst>fd10:43:100::2/21161 
20:12:44.000117 OFF flow>2361 srcPort>37809 dst>fd10:43:100::2/21161 
20:12:45.533258 SHUTDOWN flow>2362 srcPort>46571 dst>fd10:43:100::2/21162 
20:12:45.533761 OFF flow>2362 srcPort>46571 dst>fd10:43:100::2/21162 
20:12:45.579679 SHUTDOWN flow>2363 srcPort>45577 dst>fd10:43:100::2/21163 
20:12:45.580105 OFF flow>2363 srcPort>45577 dst>fd10:43:100::2/21163 
20:12:45.654682 SHUTDOWN flow>2364 srcPort>34355 dst>fd10:43:100::2/21164 
20:12:45.655152 OFF flow>2364 srcPort>34355 dst>fd10:43:100::2/21164 
20:12:45.755560 SHUTDOWN flow>2365 srcPort>37439 dst>fd10:43:100::2/21165 
20:12:45.756385 OFF flow>2365 srcPort>37439 dst>fd10:43:100::2/21165 
20:12:45.921862 SHUTDOWN flow>2366 srcPort>33045 dst>fd10:43:100::2/21166 
20:12:45.922792 OFF flow>2366 srcPort>33045 dst>fd10:43:100::2/21166 
20:12:46.100501 ON flow>2380 srcPort>34683 dst>fd10:43:100::2/21180 
20:12:46.100769 CONNECT flow>2380 srcPort>34683 dst>fd10:43:100::2/21180 
20:12:46.111567 SHUTDOWN flow>2367 srcPort>43287 dst>fd10:43:100::2/21167 
20:12:46.112069 OFF flow>2367 srcPort>43287 dst>fd10:43:100::2/21167 
20:12:46.134043 ON flow>2381 srcPort>36833 dst>fd10:43:100::2/21181 
20:12:46.134311 CONNECT flow>2381 srcPort>36833 dst>fd10:43:100::2/21181 
20:12:46.196775 SHUTDOWN flow>2368 srcPort>45897 dst>fd10:43:100::2/21168 
20:12:46.197151 OFF flow>2368 srcPort>45897 dst>fd10:43:100::2/21168 
20:12:46.257473 ON flow>2382 srcPort>35861 dst>fd10:43:100::2/21182 
20:12:46.257747 CONNECT flow>2382 srcPort>35861 dst>fd10:43:100::2/21182 
20:12:46.311283 SHUTDOWN flow>2369 srcPort>35237 dst>fd10:43:100::2/21169 
20:12:46.311739 OFF flow>2369 srcPort>35237 dst>fd10:43:100::2/21169 
20:12:46.326349 ON flow>2383 srcPort>34979 dst>fd10:43:100::2/21183 
20:12:46.326650 CONNECT flow>2383 srcPort>34979 dst>fd10:43:100::2/21183 
20:12:46.333221 ON flow>2384 srcPort>45479 dst>fd10:43:100::2/21184 
20:12:46.333529 CONNECT flow>2384 srcPort>45479 dst>fd10:43:100::2/21184 
20:12:46.355576 SHUTDOWN flow>2370 srcPort>36545 dst>fd10:43:100::2/21170 
20:12:46.355968 OFF flow>2370 srcPort>36545 dst>fd10:43:100::2/21170 
20:12:46.382139 ON flow>2385 srcPort>42429 dst>fd10:43:100::2/21185 
20:12:46.382482 CONNECT flow>2385 srcPort>42429 dst>fd10:43:100::2/21185 
20:12:46.385482 SHUTDOWN flow>2371 srcPort>32871 dst>fd10:43:100::2/21171 
20:12:46.385945 OFF flow>2371 srcPort>32871 dst>fd10:43:100::2/21171 
20:12:46.405584 SHUTDOWN flow>2372 srcPort>38167 dst>fd10:43:100::2/21172 
20:12:46.406238 OFF flow>2372 srcPort>38167 dst>fd10:43:100::2/21172 
20:12:46.432576 SHUTDOWN flow>2373 srcPort>41953 dst>fd10:43:100::2/21173 
20:12:46.432920 OFF flow>2373 srcPort>41953 dst>fd10:43:100::2/21173 
20:12:46.449685 SHUTDOWN flow>2374 srcPort>35435 dst>fd10:43:100::2/21174 
20:12:46.450113 OFF flow>2374 srcPort>35435 dst>fd10:43:100::2/21174 
20:12:46.535479 SHUTDOWN flow>2375 srcPort>43965 dst>fd10:43:100::2/21175 
20:12:46.536211 OFF flow>2375 srcPort>43965 dst>fd10:43:100::2/21175 
20:12:46.594582 SHUTDOWN flow>2376 srcPort>44939 dst>fd10:43:100::2/21176 
20:12:46.595067 OFF flow>2376 srcPort>44939 dst>fd10:43:100::2/21176 
20:12:46.597862 ON flow>2386 srcPort>43451 dst>fd10:43:100::2/21186 
20:12:46.601418 CONNECT flow>2386 srcPort>43451 dst>fd10:43:100::2/21186 
20:12:46.695502 ON flow>2387 srcPort>39473 dst>fd10:43:100::2/21187 
20:12:46.695862 CONNECT flow>2387 srcPort>39473 dst>fd10:43:100::2/21187 
20:12:46.744685 SHUTDOWN flow>2377 srcPort>37123 dst>fd10:43:100::2/21177 
20:12:46.745139 OFF flow>2377 srcPort>37123 dst>fd10:43:100::2/21177 
20:12:46.837380 SHUTDOWN flow>2378 srcPort>44727 dst>fd10:43:100::2/21178 
20:12:46.837896 OFF flow>2378 srcPort>44727 dst>fd10:43:100::2/21178 
20:12:46.857878 SHUTDOWN flow>2379 srcPort>36619 dst>fd10:43:100::2/21179 
20:12:46.858230 OFF flow>2379 srcPort>36619 dst>fd10:43:100::2/21179 
20:12:49.398075 ON flow>2388 srcPort>42671 dst>fd10:43:100::2/21188 
20:12:49.398330 CONNECT flow>2388 srcPort>42671 dst>fd10:43:100::2/21188 
20:12:49.449119 ON flow>2389 srcPort>36625 dst>fd10:43:100::2/21189 
20:12:49.449413 CONNECT flow>2389 srcPort>36625 dst>fd10:43:100::2/21189 
20:12:49.714504 ON flow>2390 srcPort>42693 dst>fd10:43:100::2/21190 
20:12:49.714769 CONNECT flow>2390 srcPort>42693 dst>fd10:43:100::2/21190 
20:12:49.760308 ON flow>2391 srcPort>35373 dst>fd10:43:100::2/21191 
20:12:49.760563 CONNECT flow>2391 srcPort>35373 dst>fd10:43:100::2/21191 
20:12:49.784713 ON flow>2392 srcPort>36437 dst>fd10:43:100::2/21192 
20:12:49.785026 CONNECT flow>2392 srcPort>36437 dst>fd10:43:100::2/21192 
20:12:49.852010 ON flow>2393 srcPort>41775 dst>fd10:43:100::2/21193 
20:12:49.852296 CONNECT flow>2393 srcPort>41775 dst>fd10:43:100::2/21193 
20:12:50.406631 ON flow>2394 srcPort>42455 dst>fd10:43:100::2/21194 
20:12:50.407065 CONNECT flow>2394 srcPort>42455 dst>fd10:43:100::2/21194 
20:12:50.559906 ON flow>2395 srcPort>39219 dst>fd10:43:100::2/21195 
20:12:50.560324 CONNECT flow>2395 srcPort>39219 dst>fd10:43:100::2/21195 
20:12:50.630300 ON flow>2396 srcPort>45725 dst>fd10:43:100::2/21196 
20:12:50.630547 CONNECT flow>2396 srcPort>45725 dst>fd10:43:100::2/21196 
20:12:50.900368 SHUTDOWN flow>2380 srcPort>34683 dst>fd10:43:100::2/21180 
20:12:50.900894 OFF flow>2380 srcPort>34683 dst>fd10:43:100::2/21180 
20:12:50.933958 SHUTDOWN flow>2381 srcPort>36833 dst>fd10:43:100::2/21181 
20:12:50.934348 OFF flow>2381 srcPort>36833 dst>fd10:43:100::2/21181 
20:12:51.057358 SHUTDOWN flow>2382 srcPort>35861 dst>fd10:43:100::2/21182 
20:12:51.057769 OFF flow>2382 srcPort>35861 dst>fd10:43:100::2/21182 
20:12:51.126258 SHUTDOWN flow>2383 srcPort>34979 dst>fd10:43:100::2/21183 
20:12:51.126697 OFF flow>2383 srcPort>34979 dst>fd10:43:100::2/21183 
20:12:51.133150 SHUTDOWN flow>2384 srcPort>45479 dst>fd10:43:100::2/21184 
20:12:51.133444 OFF flow>2384 srcPort>45479 dst>fd10:43:100::2/21184 
20:12:51.182063 SHUTDOWN flow>2385 srcPort>42429 dst>fd10:43:100::2/21185 
20:12:51.182399 OFF flow>2385 srcPort>42429 dst>fd10:43:100::2/21185 
20:12:51.397764 SHUTDOWN flow>2386 srcPort>43451 dst>fd10:43:100::2/21186 
20:12:51.398240 OFF flow>2386 srcPort>43451 dst>fd10:43:100::2/21186 
20:12:51.495362 SHUTDOWN flow>2387 srcPort>39473 dst>fd10:43:100::2/21187 
20:12:51.496509 OFF flow>2387 srcPort>39473 dst>fd10:43:100::2/21187 
20:12:51.714351 ON flow>2397 srcPort>40647 dst>fd10:43:100::2/21197 
20:12:51.714644 CONNECT flow>2397 srcPort>40647 dst>fd10:43:100::2/21197 
20:12:51.780103 ON flow>2398 srcPort>39479 dst>fd10:43:100::2/21198 
20:12:51.780340 CONNECT flow>2398 srcPort>39479 dst>fd10:43:100::2/21198 
20:12:51.874712 ON flow>2399 srcPort>36009 dst>fd10:43:100::2/21199 
20:12:51.874968 CONNECT flow>2399 srcPort>36009 dst>fd10:43:100::2/21199 
20:12:51.913416 ON flow>2400 srcPort>45137 dst>fd10:43:100::2/21200 
20:12:51.913677 CONNECT flow>2400 srcPort>45137 dst>fd10:43:100::2/21200 
20:12:52.031706 ON flow>2401 srcPort>38455 dst>fd10:43:100::2/21201 
20:12:52.031972 CONNECT flow>2401 srcPort>38455 dst>fd10:43:100::2/21201 
20:12:52.073402 ON flow>2402 srcPort>34539 dst>fd10:43:100::2/21202 
20:12:52.073638 CONNECT flow>2402 srcPort>34539 dst>fd10:43:100::2/21202 
20:12:52.638430 ON flow>2403 srcPort>36381 dst>fd10:43:100::2/21203 
20:12:52.638687 CONNECT flow>2403 srcPort>36381 dst>fd10:43:100::2/21203 
20:12:52.750025 ON flow>2404 srcPort>37547 dst>fd10:43:100::2/21204 
20:12:52.750239 CONNECT flow>2404 srcPort>37547 dst>fd10:43:100::2/21204 
20:12:52.905125 ON flow>2405 srcPort>34051 dst>fd10:43:100::2/21205 
20:12:52.905425 CONNECT flow>2405 srcPort>34051 dst>fd10:43:100::2/21205 
20:12:53.013617 ON flow>2406 srcPort>44431 dst>fd10:43:100::2/21206 
20:12:53.013923 CONNECT flow>2406 srcPort>44431 dst>fd10:43:100::2/21206 
20:12:53.931755 ON flow>2407 srcPort>43839 dst>fd10:43:100::2/21207 
20:12:53.932108 CONNECT flow>2407 srcPort>43839 dst>fd10:43:100::2/21207 
20:12:53.945722 ON flow>2408 srcPort>33427 dst>fd10:43:100::2/21208 
20:12:53.946009 CONNECT flow>2408 srcPort>33427 dst>fd10:43:100::2/21208 
20:12:54.018898 ON flow>2409 srcPort>35339 dst>fd10:43:100::2/21209 
20:12:54.019177 CONNECT flow>2409 srcPort>35339 dst>fd10:43:100::2/21209 
20:12:54.153203 ON flow>2410 srcPort>45257 dst>fd10:43:100::2/21210 
20:12:54.153468 CONNECT flow>2410 srcPort>45257 dst>fd10:43:100::2/21210 
20:12:54.197969 SHUTDOWN flow>2388 srcPort>42671 dst>fd10:43:100::2/21188 
20:12:54.198406 OFF flow>2388 srcPort>42671 dst>fd10:43:100::2/21188 
20:12:54.249066 SHUTDOWN flow>2389 srcPort>36625 dst>fd10:43:100::2/21189 
20:12:54.249435 OFF flow>2389 srcPort>36625 dst>fd10:43:100::2/21189 
20:12:54.295307 ON flow>2411 srcPort>34911 dst>fd10:43:100::2/21211 
20:12:54.295584 CONNECT flow>2411 srcPort>34911 dst>fd10:43:100::2/21211 
20:12:54.322502 ON flow>2412 srcPort>41555 dst>fd10:43:100::2/21212 
20:12:54.322792 CONNECT flow>2412 srcPort>41555 dst>fd10:43:100::2/21212 
20:12:54.329605 ON flow>2413 srcPort>37169 dst>fd10:43:100::2/21213 
20:12:54.329860 CONNECT flow>2413 srcPort>37169 dst>fd10:43:100::2/21213 
20:12:54.333402 ON flow>2414 srcPort>34991 dst>fd10:43:100::2/21214 
20:12:54.333660 CONNECT flow>2414 srcPort>34991 dst>fd10:43:100::2/21214 
20:12:54.374415 ON flow>2415 srcPort>37865 dst>fd10:43:100::2/21215 
20:12:54.374672 CONNECT flow>2415 srcPort>37865 dst>fd10:43:100::2/21215 
20:12:54.514466 SHUTDOWN flow>2390 srcPort>42693 dst>fd10:43:100::2/21190 
20:12:54.515104 OFF flow>2390 srcPort>42693 dst>fd10:43:100::2/21190 
20:12:54.545123 ON flow>2416 srcPort>42733 dst>fd10:43:100::2/21216 
20:12:54.545341 CONNECT flow>2416 srcPort>42733 dst>fd10:43:100::2/21216 
20:12:54.560274 SHUTDOWN flow>2391 srcPort>35373 dst>fd10:43:100::2/21191 
20:12:54.560673 OFF flow>2391 srcPort>35373 dst>fd10:43:100::2/21191 
20:12:54.584685 SHUTDOWN flow>2392 srcPort>36437 dst>fd10:43:100::2/21192 
20:12:54.585210 OFF flow>2392 srcPort>36437 dst>fd10:43:100::2/21192 
20:12:54.651962 SHUTDOWN flow>2393 srcPort>41775 dst>fd10:43:100::2/21193 
20:12:54.652348 OFF flow>2393 srcPort>41775 dst>fd10:43:100::2/21193 
20:12:55.206563 SHUTDOWN flow>2394 srcPort>42455 dst>fd10:43:100::2/21194 
20:12:55.207055 OFF flow>2394 srcPort>42455 dst>fd10:43:100::2/21194 
20:12:55.257836 ON flow>2417 srcPort>37213 dst>fd10:43:100::2/21217 
20:12:55.258104 CONNECT flow>2417 srcPort>37213 dst>fd10:43:100::2/21217 
20:12:55.359865 SHUTDOWN flow>2395 srcPort>39219 dst>fd10:43:100::2/21195 
20:12:55.360399 OFF flow>2395 srcPort>39219 dst>fd10:43:100::2/21195 
20:12:55.430262 SHUTDOWN flow>2396 srcPort>45725 dst>fd10:43:100::2/21196 
20:12:55.430953 OFF flow>2396 srcPort>45725 dst>fd10:43:100::2/21196 
20:12:56.480664 ON flow>2418 srcPort>43857 dst>fd10:43:100::2/21218 
20:12:56.480993 CONNECT flow>2418 srcPort>43857 dst>fd10:43:100::2/21218 
20:12:56.514255 SHUTDOWN flow>2397 srcPort>40647 dst>fd10:43:100::2/21197 
20:12:56.514729 OFF flow>2397 srcPort>40647 dst>fd10:43:100::2/21197 
20:12:56.580064 SHUTDOWN flow>2398 srcPort>39479 dst>fd10:43:100::2/21198 
20:12:56.580525 OFF flow>2398 srcPort>39479 dst>fd10:43:100::2/21198 
20:12:56.674671 SHUTDOWN flow>2399 srcPort>36009 dst>fd10:43:100::2/21199 
20:12:56.675110 OFF flow>2399 srcPort>36009 dst>fd10:43:100::2/21199 
20:12:56.678302 ON flow>2419 srcPort>45713 dst>fd10:43:100::2/21219 
20:12:56.678549 CONNECT flow>2419 srcPort>45713 dst>fd10:43:100::2/21219 
20:12:56.713367 SHUTDOWN flow>2400 srcPort>45137 dst>fd10:43:100::2/21200 
20:12:56.713941 OFF flow>2400 srcPort>45137 dst>fd10:43:100::2/21200 
20:12:56.719201 ON flow>2420 srcPort>38973 dst>fd10:43:100::2/21220 
20:12:56.719551 CONNECT flow>2420 srcPort>38973 dst>fd10:43:100::2/21220 
20:12:56.744907 ON flow>2421 srcPort>41007 dst>fd10:43:100::2/21221 
20:12:56.745174 CONNECT flow>2421 srcPort>41007 dst>fd10:43:100::2/21221 
20:12:56.809111 ON flow>2422 srcPort>43865 dst>fd10:43:100::2/21222 
20:12:56.809423 CONNECT flow>2422 srcPort>43865 dst>fd10:43:100::2/21222 
20:12:56.831673 SHUTDOWN flow>2401 srcPort>38455 dst>fd10:43:100::2/21201 
20:12:56.832060 OFF flow>2401 srcPort>38455 dst>fd10:43:100::2/21201 
20:12:56.873356 SHUTDOWN flow>2402 srcPort>34539 dst>fd10:43:100::2/21202 
20:12:56.874389 OFF flow>2402 srcPort>34539 dst>fd10:43:100::2/21202 
20:12:57.438375 SHUTDOWN flow>2403 srcPort>36381 dst>fd10:43:100::2/21203 
20:12:57.438802 OFF flow>2403 srcPort>36381 dst>fd10:43:100::2/21203 
20:12:57.549983 SHUTDOWN flow>2404 srcPort>37547 dst>fd10:43:100::2/21204 
20:12:57.550373 OFF flow>2404 srcPort>37547 dst>fd10:43:100::2/21204 
20:12:57.698643 ON flow>2423 srcPort>36617 dst>fd10:43:100::2/21223 
20:12:57.698949 CONNECT flow>2423 srcPort>36617 dst>fd10:43:100::2/21223 
20:12:57.705087 SHUTDOWN flow>2405 srcPort>34051 dst>fd10:43:100::2/21205 
20:12:57.705691 OFF flow>2405 srcPort>34051 dst>fd10:43:100::2/21205 
20:12:57.813586 SHUTDOWN flow>2406 srcPort>44431 dst>fd10:43:100::2/21206 
20:12:57.814013 OFF flow>2406 srcPort>44431 dst>fd10:43:100::2/21206 
20:12:57.952323 ON flow>2424 srcPort>35405 dst>fd10:43:100::2/21224 
20:12:57.952623 CONNECT flow>2424 srcPort>35405 dst>fd10:43:100::2/21224 
20:12:57.976913 ON flow>2425 srcPort>37385 dst>fd10:43:100::2/21225 
20:12:57.977592 CONNECT flow>2425 srcPort>37385 dst>fd10:43:100::2/21225 
20:12:58.179716 ON flow>2426 srcPort>43367 dst>fd10:43:100::2/21226 
20:12:58.179960 CONNECT flow>2426 srcPort>43367 dst>fd10:43:100::2/21226 
20:12:58.248617 ON flow>2427 srcPort>40697 dst>fd10:43:100::2/21227 
20:12:58.248891 CONNECT flow>2427 srcPort>40697 dst>fd10:43:100::2/21227 
20:12:58.553116 ON flow>2428 srcPort>44499 dst>fd10:43:100::2/21228 
20:12:58.553448 CONNECT flow>2428 srcPort>44499 dst>fd10:43:100::2/21228 
20:12:58.628319 ON flow>2429 srcPort>39777 dst>fd10:43:100::2/21229 
20:12:58.628625 CONNECT flow>2429 srcPort>39777 dst>fd10:43:100::2/21229 
20:12:58.703322 ON flow>2430 srcPort>34721 dst>fd10:43:100::2/21230 
20:12:58.703611 CONNECT flow>2430 srcPort>34721 dst>fd10:43:100::2/21230 
20:12:58.731666 SHUTDOWN flow>2407 srcPort>43839 dst>fd10:43:100::2/21207 
20:12:58.732044 OFF flow>2407 srcPort>43839 dst>fd10:43:100::2/21207 
20:12:58.745664 SHUTDOWN flow>2408 srcPort>33427 dst>fd10:43:100::2/21208 
20:12:58.746724 OFF flow>2408 srcPort>33427 dst>fd10:43:100::2/21208 
20:12:58.818865 SHUTDOWN flow>2409 srcPort>35339 dst>fd10:43:100::2/21209 
20:12:58.819257 OFF flow>2409 srcPort>35339 dst>fd10:43:100::2/21209 
20:12:58.911217 ON flow>2431 srcPort>44367 dst>fd10:43:100::2/21231 
20:12:58.911507 CONNECT flow>2431 srcPort>44367 dst>fd10:43:100::2/21231 
20:12:58.953183 SHUTDOWN flow>2410 srcPort>45257 dst>fd10:43:100::2/21210 
20:12:58.953825 OFF flow>2410 srcPort>45257 dst>fd10:43:100::2/21210 
20:12:59.095270 SHUTDOWN flow>2411 srcPort>34911 dst>fd10:43:100::2/21211 
20:12:59.095909 OFF flow>2411 srcPort>34911 dst>fd10:43:100::2/21211 
20:12:59.122469 SHUTDOWN flow>2412 srcPort>41555 dst>fd10:43:100::2/21212 
20:12:59.122917 OFF flow>2412 srcPort>41555 dst>fd10:43:100::2/21212 
20:12:59.129572 SHUTDOWN flow>2413 srcPort>37169 dst>fd10:43:100::2/21213 
20:12:59.130022 OFF flow>2413 srcPort>37169 dst>fd10:43:100::2/21213 
20:12:59.133367 SHUTDOWN flow>2414 srcPort>34991 dst>fd10:43:100::2/21214 
20:12:59.133747 OFF flow>2414 srcPort>34991 dst>fd10:43:100::2/21214 
20:12:59.174374 SHUTDOWN flow>2415 srcPort>37865 dst>fd10:43:100::2/21215 
20:12:59.174783 OFF flow>2415 srcPort>37865 dst>fd10:43:100::2/21215 
20:12:59.345070 SHUTDOWN flow>2416 srcPort>42733 dst>fd10:43:100::2/21216 
20:12:59.345612 OFF flow>2416 srcPort>42733 dst>fd10:43:100::2/21216 
20:13:00.057765 SHUTDOWN flow>2417 srcPort>37213 dst>fd10:43:100::2/21217 
20:13:00.058368 OFF flow>2417 srcPort>37213 dst>fd10:43:100::2/21217 
20:13:00.183622 ON flow>2432 srcPort>43583 dst>fd10:43:100::2/21232 
20:13:00.183889 CONNECT flow>2432 srcPort>43583 dst>fd10:43:100::2/21232 
20:13:00.202422 ON flow>2433 srcPort>34037 dst>fd10:43:100::2/21233 
20:13:00.202708 CONNECT flow>2433 srcPort>34037 dst>fd10:43:100::2/21233 
20:13:00.356312 ON flow>2434 srcPort>37351 dst>fd10:43:100::2/21234 
20:13:00.356869 CONNECT flow>2434 srcPort>37351 dst>fd10:43:100::2/21234 
20:13:00.501390 ON flow>2435 srcPort>44037 dst>fd10:43:100::2/21235 
20:13:00.501671 CONNECT flow>2435 srcPort>44037 dst>fd10:43:100::2/21235 
20:13:00.562871 ON flow>2436 srcPort>38575 dst>fd10:43:100::2/21236 
20:13:00.563138 CONNECT flow>2436 srcPort>38575 dst>fd10:43:100::2/21236 
20:13:00.898269 ON flow>2437 srcPort>43353 dst>fd10:43:100::2/21237 
20:13:00.898583 CONNECT flow>2437 srcPort>43353 dst>fd10:43:100::2/21237 
20:13:00.901019 ON flow>2438 srcPort>44207 dst>fd10:43:100::2/21238 
20:13:00.901291 CONNECT flow>2438 srcPort>44207 dst>fd10:43:100::2/21238 
20:13:00.932120 ON flow>2439 srcPort>41617 dst>fd10:43:100::2/21239 
20:13:00.932424 CONNECT flow>2439 srcPort>41617 dst>fd10:43:100::2/21239 
20:13:00.993530 ON flow>2440 srcPort>42679 dst>fd10:43:100::2/21240 
20:13:00.993819 CONNECT flow>2440 srcPort>42679 dst>fd10:43:100::2/21240 
20:13:00.999018 ON flow>2441 srcPort>46679 dst>fd10:43:100::2/21241 
20:13:00.999286 CONNECT flow>2441 srcPort>46679 dst>fd10:43:100::2/21241 
20:13:01.280567 SHUTDOWN flow>2418 srcPort>43857 dst>fd10:43:100::2/21218 
20:13:01.281007 OFF flow>2418 srcPort>43857 dst>fd10:43:100::2/21218 
20:13:01.478293 SHUTDOWN flow>2419 srcPort>45713 dst>fd10:43:100::2/21219 
20:13:01.479464 OFF flow>2419 srcPort>45713 dst>fd10:43:100::2/21219 
20:13:01.519171 SHUTDOWN flow>2420 srcPort>38973 dst>fd10:43:100::2/21220 
20:13:01.519733 OFF flow>2420 srcPort>38973 dst>fd10:43:100::2/21220 
20:13:01.544874 SHUTDOWN flow>2421 srcPort>41007 dst>fd10:43:100::2/21221 
20:13:01.545290 OFF flow>2421 srcPort>41007 dst>fd10:43:100::2/21221 
20:13:01.609087 SHUTDOWN flow>2422 srcPort>43865 dst>fd10:43:100::2/21222 
20:13:01.609627 OFF flow>2422 srcPort>43865 dst>fd10:43:100::2/21222 
20:13:02.022953 ON flow>2442 srcPort>41985 dst>fd10:43:100::2/21242 
20:13:02.023228 CONNECT flow>2442 srcPort>41985 dst>fd10:43:100::2/21242 
20:13:02.047124 ON flow>2443 srcPort>41381 dst>fd10:43:100::2/21243 
20:13:02.047399 CONNECT flow>2443 srcPort>41381 dst>fd10:43:100::2/21243 
20:13:02.211969 ON flow>2444 srcPort>39127 dst>fd10:43:100::2/21244 
20:13:02.212241 CONNECT flow>2444 srcPort>39127 dst>fd10:43:100::2/21244 
20:13:02.498566 SHUTDOWN flow>2423 srcPort>36617 dst>fd10:43:100::2/21223 
20:13:02.499416 OFF flow>2423 srcPort>36617 dst>fd10:43:100::2/21223 
20:13:02.537949 ON flow>2445 srcPort>39359 dst>fd10:43:100::2/21245 
20:13:02.538191 CONNECT flow>2445 srcPort>39359 dst>fd10:43:100::2/21245 
20:13:02.752276 SHUTDOWN flow>2424 srcPort>35405 dst>fd10:43:100::2/21224 
20:13:02.752905 OFF flow>2424 srcPort>35405 dst>fd10:43:100::2/21224 
20:13:02.776875 SHUTDOWN flow>2425 srcPort>37385 dst>fd10:43:100::2/21225 
20:13:02.777239 OFF flow>2425 srcPort>37385 dst>fd10:43:100::2/21225 
20:13:02.821789 ON flow>2446 srcPort>45989 dst>fd10:43:100::2/21246 
20:13:02.822479 CONNECT flow>2446 srcPort>45989 dst>fd10:43:100::2/21246 
20:13:02.979685 SHUTDOWN flow>2426 srcPort>43367 dst>fd10:43:100::2/21226 
20:13:02.980221 OFF flow>2426 srcPort>43367 dst>fd10:43:100::2/21226 
20:13:03.048577 SHUTDOWN flow>2427 srcPort>40697 dst>fd10:43:100::2/21227 
20:13:03.049142 OFF flow>2427 srcPort>40697 dst>fd10:43:100::2/21227 
20:13:03.353080 SHUTDOWN flow>2428 srcPort>44499 dst>fd10:43:100::2/21228 
20:13:03.354188 OFF flow>2428 srcPort>44499 dst>fd10:43:100::2/21228 
20:13:03.387110 ON flow>2447 srcPort>44355 dst>fd10:43:100::2/21247 
20:13:03.387427 CONNECT flow>2447 srcPort>44355 dst>fd10:43:100::2/21247 
20:13:03.428280 SHUTDOWN flow>2429 srcPort>39777 dst>fd10:43:100::2/21229 
20:13:03.428735 OFF flow>2429 srcPort>39777 dst>fd10:43:100::2/21229 
20:13:03.501933 ON flow>2448 srcPort>35181 dst>fd10:43:100::2/21248 
20:13:03.502235 CONNECT flow>2448 srcPort>35181 dst>fd10:43:100::2/21248 
20:13:03.503278 SHUTDOWN flow>2430 srcPort>34721 dst>fd10:43:100::2/21230 
20:13:03.503822 OFF flow>2430 srcPort>34721 dst>fd10:43:100::2/21230 
20:13:03.541970 ON flow>2449 srcPort>43751 dst>fd10:43:100::2/21249 
20:13:03.542306 CONNECT flow>2449 srcPort>43751 dst>fd10:43:100::2/21249 
20:13:03.585135 ON flow>2450 srcPort>45867 dst>fd10:43:100::2/21250 
20:13:03.585385 CONNECT flow>2450 srcPort>45867 dst>fd10:43:100::2/21250 
20:13:03.711182 SHUTDOWN flow>2431 srcPort>44367 dst>fd10:43:100::2/21231 
20:13:03.711705 OFF flow>2431 srcPort>44367 dst>fd10:43:100::2/21231 
20:13:04.983504 SHUTDOWN flow>2432 srcPort>43583 dst>fd10:43:100::2/21232 
20:13:04.983987 OFF flow>2432 srcPort>43583 dst>fd10:43:100::2/21232 
20:13:05.002375 SHUTDOWN flow>2433 srcPort>34037 dst>fd10:43:100::2/21233 
20:13:05.002794 OFF flow>2433 srcPort>34037 dst>fd10:43:100::2/21233 
20:13:05.156178 SHUTDOWN flow>2434 srcPort>37351 dst>fd10:43:100::2/21234 
20:13:05.156610 OFF flow>2434 srcPort>37351 dst>fd10:43:100::2/21234 
20:13:05.277308 ON flow>2451 srcPort>46605 dst>fd10:43:100::2/21251 
20:13:05.277608 CONNECT flow>2451 srcPort>46605 dst>fd10:43:100::2/21251 
20:13:05.301294 SHUTDOWN flow>2435 srcPort>44037 dst>fd10:43:100::2/21235 
20:13:05.302188 OFF flow>2435 srcPort>44037 dst>fd10:43:100::2/21235 
20:13:05.362802 SHUTDOWN flow>2436 srcPort>38575 dst>fd10:43:100::2/21236 
20:13:05.363748 OFF flow>2436 srcPort>38575 dst>fd10:43:100::2/21236 
20:13:05.618255 ON flow>2452 srcPort>36337 dst>fd10:43:100::2/21252 
20:13:05.618764 CONNECT flow>2452 srcPort>36337 dst>fd10:43:100::2/21252 
20:13:05.698181 SHUTDOWN flow>2437 srcPort>43353 dst>fd10:43:100::2/21237 
20:13:05.698612 OFF flow>2437 srcPort>43353 dst>fd10:43:100::2/21237 
20:13:05.700974 SHUTDOWN flow>2438 srcPort>44207 dst>fd10:43:100::2/21238 
20:13:05.701793 OFF flow>2438 srcPort>44207 dst>fd10:43:100::2/21238 
20:13:05.732082 SHUTDOWN flow>2439 srcPort>41617 dst>fd10:43:100::2/21239 
20:13:05.732491 OFF flow>2439 srcPort>41617 dst>fd10:43:100::2/21239 
20:13:05.793484 SHUTDOWN flow>2440 srcPort>42679 dst>fd10:43:100::2/21240 
20:13:05.793933 OFF flow>2440 srcPort>42679 dst>fd10:43:100::2/21240 
20:13:05.798975 SHUTDOWN flow>2441 srcPort>46679 dst>fd10:43:100::2/21241 
20:13:05.799368 OFF flow>2441 srcPort>46679 dst>fd10:43:100::2/21241 
20:13:06.338421 ON flow>2453 srcPort>42109 dst>fd10:43:100::2/21253 
20:13:06.338716 CONNECT flow>2453 srcPort>42109 dst>fd10:43:100::2/21253 
20:13:06.451036 ON flow>2454 srcPort>43393 dst>fd10:43:100::2/21254 
20:13:06.451307 CONNECT flow>2454 srcPort>43393 dst>fd10:43:100::2/21254 
20:13:06.543021 ON flow>2455 srcPort>43395 dst>fd10:43:100::2/21255 
20:13:06.543313 CONNECT flow>2455 srcPort>43395 dst>fd10:43:100::2/21255 
20:13:06.600230 ON flow>2456 srcPort>42563 dst>fd10:43:100::2/21256 
20:13:06.600602 CONNECT flow>2456 srcPort>42563 dst>fd10:43:100::2/21256 
20:13:06.822781 SHUTDOWN flow>2442 srcPort>41985 dst>fd10:43:100::2/21242 
20:13:06.823329 OFF flow>2442 srcPort>41985 dst>fd10:43:100::2/21242 
20:13:06.847083 SHUTDOWN flow>2443 srcPort>41381 dst>fd10:43:100::2/21243 
20:13:06.847483 OFF flow>2443 srcPort>41381 dst>fd10:43:100::2/21243 
20:13:07.011880 SHUTDOWN flow>2444 srcPort>39127 dst>fd10:43:100::2/21244 
20:13:07.012753 OFF flow>2444 srcPort>39127 dst>fd10:43:100::2/21244 
20:13:07.337905 SHUTDOWN flow>2445 srcPort>39359 dst>fd10:43:100::2/21245 
20:13:07.338399 OFF flow>2445 srcPort>39359 dst>fd10:43:100::2/21245 
20:13:07.621687 SHUTDOWN flow>2446 srcPort>45989 dst>fd10:43:100::2/21246 
20:13:07.622201 OFF flow>2446 srcPort>45989 dst>fd10:43:100::2/21246 
20:13:07.884828 ON flow>2457 srcPort>43307 dst>fd10:43:100::2/21257 
20:13:07.885085 CONNECT flow>2457 srcPort>43307 dst>fd10:43:100::2/21257 
20:13:08.186979 SHUTDOWN flow>2447 srcPort>44355 dst>fd10:43:100::2/21247 
20:13:08.187486 OFF flow>2447 srcPort>44355 dst>fd10:43:100::2/21247 
20:13:08.301956 SHUTDOWN flow>2448 srcPort>35181 dst>fd10:43:100::2/21248 
20:13:08.302381 OFF flow>2448 srcPort>35181 dst>fd10:43:100::2/21248 
20:13:08.341885 SHUTDOWN flow>2449 srcPort>43751 dst>fd10:43:100::2/21249 
20:13:08.342236 OFF flow>2449 srcPort>43751 dst>fd10:43:100::2/21249 
20:13:08.385082 SHUTDOWN flow>2450 srcPort>45867 dst>fd10:43:100::2/21250 
20:13:08.385678 OFF flow>2450 srcPort>45867 dst>fd10:43:100::2/21250 
20:13:08.430290 ON flow>2458 srcPort>35283 dst>fd10:43:100::2/21258 
20:13:08.430572 CONNECT flow>2458 srcPort>35283 dst>fd10:43:100::2/21258 
20:13:08.474619 ON flow>2459 srcPort>44807 dst>fd10:43:100::2/21259 
20:13:08.474914 CONNECT flow>2459 srcPort>44807 dst>fd10:43:100::2/21259 
20:13:08.831445 ON flow>2460 srcPort>43559 dst>fd10:43:100::2/21260 
20:13:08.831830 CONNECT flow>2460 srcPort>43559 dst>fd10:43:100::2/21260 
20:13:10.077206 SHUTDOWN flow>2451 srcPort>46605 dst>fd10:43:100::2/21251 
20:13:10.077725 OFF flow>2451 srcPort>46605 dst>fd10:43:100::2/21251 
20:13:10.216221 ON flow>2461 srcPort>34561 dst>fd10:43:100::2/21261 
20:13:10.216484 CONNECT flow>2461 srcPort>34561 dst>fd10:43:100::2/21261 
20:13:10.418184 SHUTDOWN flow>2452 srcPort>36337 dst>fd10:43:100::2/21252 
20:13:10.418681 OFF flow>2452 srcPort>36337 dst>fd10:43:100::2/21252 
20:13:10.462812 ON flow>2462 srcPort>45641 dst>fd10:43:100::2/21262 
20:13:10.463126 CONNECT flow>2462 srcPort>45641 dst>fd10:43:100::2/21262 
20:13:10.639105 ON flow>2463 srcPort>34187 dst>fd10:43:100::2/21263 
20:13:10.639451 CONNECT flow>2463 srcPort>34187 dst>fd10:43:100::2/21263 
20:13:11.020248 ON flow>2464 srcPort>43347 dst>fd10:43:100::2/21264 
20:13:11.020510 CONNECT flow>2464 srcPort>43347 dst>fd10:43:100::2/21264 
20:13:11.030959 ON flow>2465 srcPort>46377 dst>fd10:43:100::2/21265 
20:13:11.031221 CONNECT flow>2465 srcPort>46377 dst>fd10:43:100::2/21265 
20:13:11.040134 ON flow>2466 srcPort>42821 dst>fd10:43:100::2/21266 
20:13:11.040386 CONNECT flow>2466 srcPort>42821 dst>fd10:43:100::2/21266 
20:13:11.065439 ON flow>2467 srcPort>45175 dst>fd10:43:100::2/21267 
20:13:11.065799 CONNECT flow>2467 srcPort>45175 dst>fd10:43:100::2/21267 
20:13:11.124591 ON flow>2468 srcPort>45715 dst>fd10:43:100::2/21268 
20:13:11.124937 CONNECT flow>2468 srcPort>45715 dst>fd10:43:100::2/21268 
20:13:11.138284 SHUTDOWN flow>2453 srcPort>42109 dst>fd10:43:100::2/21253 
20:13:11.138759 OFF flow>2453 srcPort>42109 dst>fd10:43:100::2/21253 
20:13:11.209808 ON flow>2469 srcPort>33231 dst>fd10:43:100::2/21269 
20:13:11.210104 CONNECT flow>2469 srcPort>33231 dst>fd10:43:100::2/21269 
20:13:11.223427 ON flow>2470 srcPort>43083 dst>fd10:43:100::2/21270 
20:13:11.223683 CONNECT flow>2470 srcPort>43083 dst>fd10:43:100::2/21270 
20:13:11.250045 ON flow>2471 srcPort>40199 dst>fd10:43:100::2/21271 
20:13:11.250269 CONNECT flow>2471 srcPort>40199 dst>fd10:43:100::2/21271 
20:13:11.250996 SHUTDOWN flow>2454 srcPort>43393 dst>fd10:43:100::2/21254 
20:13:11.251394 OFF flow>2454 srcPort>43393 dst>fd10:43:100::2/21254 
20:13:11.266543 ON flow>2472 srcPort>34129 dst>fd10:43:100::2/21272 
20:13:11.266830 CONNECT flow>2472 srcPort>34129 dst>fd10:43:100::2/21272 
20:13:11.293445 ON flow>2473 srcPort>40583 dst>fd10:43:100::2/21273 
20:13:11.293753 CONNECT flow>2473 srcPort>40583 dst>fd10:43:100::2/21273 
20:13:11.330263 ON flow>2474 srcPort>42113 dst>fd10:43:100::2/21274 
20:13:11.330551 CONNECT flow>2474 srcPort>42113 dst>fd10:43:100::2/21274 
20:13:11.342992 SHUTDOWN flow>2455 srcPort>43395 dst>fd10:43:100::2/21255 
20:13:11.343715 OFF flow>2455 srcPort>43395 dst>fd10:43:100::2/21255 
20:13:11.400185 SHUTDOWN flow>2456 srcPort>42563 dst>fd10:43:100::2/21256 
20:13:11.400653 OFF flow>2456 srcPort>42563 dst>fd10:43:100::2/21256 
20:13:12.684584 SHUTDOWN flow>2457 srcPort>43307 dst>fd10:43:100::2/21257 
20:13:12.685542 OFF flow>2457 srcPort>43307 dst>fd10:43:100::2/21257 
20:13:13.230202 SHUTDOWN flow>2458 srcPort>35283 dst>fd10:43:100::2/21258 
20:13:13.230789 OFF flow>2458 srcPort>35283 dst>fd10:43:100::2/21258 
20:13:13.274581 SHUTDOWN flow>2459 srcPort>44807 dst>fd10:43:100::2/21259 
20:13:13.274976 OFF flow>2459 srcPort>44807 dst>fd10:43:100::2/21259 
20:13:13.631379 SHUTDOWN flow>2460 srcPort>43559 dst>fd10:43:100::2/21260 
20:13:13.631819 OFF flow>2460 srcPort>43559 dst>fd10:43:100::2/21260 
20:13:13.808659 ON flow>2475 srcPort>39731 dst>fd10:43:100::2/21275 
20:13:13.808931 CONNECT flow>2475 srcPort>39731 dst>fd10:43:100::2/21275 
20:13:13.887511 ON flow>2476 srcPort>40317 dst>fd10:43:100::2/21276 
20:13:13.887840 CONNECT flow>2476 srcPort>40317 dst>fd10:43:100::2/21276 
20:13:13.900135 ON flow>2477 srcPort>45735 dst>fd10:43:100::2/21277 
20:13:13.900446 CONNECT flow>2477 srcPort>45735 dst>fd10:43:100::2/21277 
20:13:13.909947 ON flow>2478 srcPort>34799 dst>fd10:43:100::2/21278 
20:13:13.910405 CONNECT flow>2478 srcPort>34799 dst>fd10:43:100::2/21278 
20:13:13.915930 ON flow>2479 srcPort>36149 dst>fd10:43:100::2/21279 
20:13:13.916423 CONNECT flow>2479 srcPort>36149 dst>fd10:43:100::2/21279 
20:13:13.920042 ON flow>2480 srcPort>39729 dst>fd10:43:100::2/21280 
20:13:13.920350 CONNECT flow>2480 srcPort>39729 dst>fd10:43:100::2/21280 
20:13:13.928139 ON flow>2481 srcPort>40319 dst>fd10:43:100::2/21281 
20:13:13.928482 CONNECT flow>2481 srcPort>40319 dst>fd10:43:100::2/21281 
20:13:14.038507 ON flow>2482 srcPort>35387 dst>fd10:43:100::2/21282 
20:13:14.038774 CONNECT flow>2482 srcPort>35387 dst>fd10:43:100::2/21282 
20:13:14.121523 ON flow>2483 srcPort>44357 dst>fd10:43:100::2/21283 
20:13:14.121820 CONNECT flow>2483 srcPort>44357 dst>fd10:43:100::2/21283 
20:13:14.206003 ON flow>2484 srcPort>35863 dst>fd10:43:100::2/21284 
20:13:14.206274 CONNECT flow>2484 srcPort>35863 dst>fd10:43:100::2/21284 
20:13:15.015990 SHUTDOWN flow>2461 srcPort>34561 dst>fd10:43:100::2/21261 
20:13:15.016632 OFF flow>2461 srcPort>34561 dst>fd10:43:100::2/21261 
20:13:15.262701 SHUTDOWN flow>2462 srcPort>45641 dst>fd10:43:100::2/21262 
20:13:15.263214 OFF flow>2462 srcPort>45641 dst>fd10:43:100::2/21262 
20:13:15.438984 SHUTDOWN flow>2463 srcPort>34187 dst>fd10:43:100::2/21263 
20:13:15.439483 OFF flow>2463 srcPort>34187 dst>fd10:43:100::2/21263 
20:13:15.820093 SHUTDOWN flow>2464 srcPort>43347 dst>fd10:43:100::2/21264 
20:13:15.820755 OFF flow>2464 srcPort>43347 dst>fd10:43:100::2/21264 
20:13:15.830884 SHUTDOWN flow>2465 srcPort>46377 dst>fd10:43:100::2/21265 
20:13:15.831182 OFF flow>2465 srcPort>46377 dst>fd10:43:100::2/21265 
20:13:15.840086 SHUTDOWN flow>2466 srcPort>42821 dst>fd10:43:100::2/21266 
20:13:15.840639 OFF flow>2466 srcPort>42821 dst>fd10:43:100::2/21266 
20:13:15.865391 SHUTDOWN flow>2467 srcPort>45175 dst>fd10:43:100::2/21267 
20:13:15.865795 OFF flow>2467 srcPort>45175 dst>fd10:43:100::2/21267 
20:13:15.924488 SHUTDOWN flow>2468 srcPort>45715 dst>fd10:43:100::2/21268 
20:13:15.925143 OFF flow>2468 srcPort>45715 dst>fd10:43:100::2/21268 
20:13:16.009697 SHUTDOWN flow>2469 srcPort>33231 dst>fd10:43:100::2/21269 
20:13:16.010254 OFF flow>2469 srcPort>33231 dst>fd10:43:100::2/21269 
20:13:16.023386 SHUTDOWN flow>2470 srcPort>43083 dst>fd10:43:100::2/21270 
20:13:16.024334 OFF flow>2470 srcPort>43083 dst>fd10:43:100::2/21270 
20:13:16.049994 SHUTDOWN flow>2471 srcPort>40199 dst>fd10:43:100::2/21271 
20:13:16.050451 OFF flow>2471 srcPort>40199 dst>fd10:43:100::2/21271 
20:13:16.066489 SHUTDOWN flow>2472 srcPort>34129 dst>fd10:43:100::2/21272 
20:13:16.066923 OFF flow>2472 srcPort>34129 dst>fd10:43:100::2/21272 
20:13:16.093559 SHUTDOWN flow>2473 srcPort>40583 dst>fd10:43:100::2/21273 
20:13:16.094080 OFF flow>2473 srcPort>40583 dst>fd10:43:100::2/21273 
20:13:16.130192 SHUTDOWN flow>2474 srcPort>42113 dst>fd10:43:100::2/21274 
20:13:16.131100 OFF flow>2474 srcPort>42113 dst>fd10:43:100::2/21274 
20:13:16.425987 ON flow>2485 srcPort>37359 dst>fd10:43:100::2/21285 
20:13:16.426245 CONNECT flow>2485 srcPort>37359 dst>fd10:43:100::2/21285 
20:13:16.678709 ON flow>2486 srcPort>40541 dst>fd10:43:100::2/21286 
20:13:16.679063 CONNECT flow>2486 srcPort>40541 dst>fd10:43:100::2/21286 
20:13:18.608484 SHUTDOWN flow>2475 srcPort>39731 dst>fd10:43:100::2/21275 
20:13:18.609121 OFF flow>2475 srcPort>39731 dst>fd10:43:100::2/21275 
20:13:18.687392 SHUTDOWN flow>2476 srcPort>40317 dst>fd10:43:100::2/21276 
20:13:18.687919 OFF flow>2476 srcPort>40317 dst>fd10:43:100::2/21276 
20:13:18.700086 SHUTDOWN flow>2477 srcPort>45735 dst>fd10:43:100::2/21277 
20:13:18.700759 OFF flow>2477 srcPort>45735 dst>fd10:43:100::2/21277 
20:13:18.709890 SHUTDOWN flow>2478 srcPort>34799 dst>fd10:43:100::2/21278 
20:13:18.710301 OFF flow>2478 srcPort>34799 dst>fd10:43:100::2/21278 
20:13:18.715901 SHUTDOWN flow>2479 srcPort>36149 dst>fd10:43:100::2/21279 
20:13:18.716290 OFF flow>2479 srcPort>36149 dst>fd10:43:100::2/21279 
20:13:18.719986 SHUTDOWN flow>2480 srcPort>39729 dst>fd10:43:100::2/21280 
20:13:18.720396 OFF flow>2480 srcPort>39729 dst>fd10:43:100::2/21280 
20:13:18.728088 SHUTDOWN flow>2481 srcPort>40319 dst>fd10:43:100::2/21281 
20:13:18.728476 OFF flow>2481 srcPort>40319 dst>fd10:43:100::2/21281 
20:13:18.838383 SHUTDOWN flow>2482 srcPort>35387 dst>fd10:43:100::2/21282 
20:13:18.839545 OFF flow>2482 srcPort>35387 dst>fd10:43:100::2/21282 
20:13:18.921390 SHUTDOWN flow>2483 srcPort>44357 dst>fd10:43:100::2/21283 
20:13:18.921890 OFF flow>2483 srcPort>44357 dst>fd10:43:100::2/21283 
20:13:19.005893 SHUTDOWN flow>2484 srcPort>35863 dst>fd10:43:100::2/21284 
20:13:19.006664 OFF flow>2484 srcPort>35863 dst>fd10:43:100::2/21284 
20:13:20.504965 ON flow>2487 srcPort>34303 dst>fd10:43:100::2/21287 
20:13:20.505282 CONNECT flow>2487 srcPort>34303 dst>fd10:43:100::2/21287 
20:13:20.707398 ON flow>2488 srcPort>46427 dst>fd10:43:100::2/21288 
20:13:20.707734 CONNECT flow>2488 srcPort>46427 dst>fd10:43:100::2/21288 
20:13:20.924979 ON flow>2489 srcPort>36157 dst>fd10:43:100::2/21289 
20:13:20.925527 CONNECT flow>2489 srcPort>36157 dst>fd10:43:100::2/21289 
20:13:21.225800 SHUTDOWN flow>2485 srcPort>37359 dst>fd10:43:100::2/21285 
20:13:21.226226 OFF flow>2485 srcPort>37359 dst>fd10:43:100::2/21285 
20:13:21.478504 SHUTDOWN flow>2486 srcPort>40541 dst>fd10:43:100::2/21286 
20:13:21.479029 OFF flow>2486 srcPort>40541 dst>fd10:43:100::2/21286 
20:13:21.666977 ON flow>2490 srcPort>42803 dst>fd10:43:100::2/21290 
20:13:21.667232 CONNECT flow>2490 srcPort>42803 dst>fd10:43:100::2/21290 
20:13:21.682661 ON flow>2491 srcPort>41807 dst>fd10:43:100::2/21291 
20:13:21.682979 CONNECT flow>2491 srcPort>41807 dst>fd10:43:100::2/21291 
20:13:21.741834 ON flow>2492 srcPort>35085 dst>fd10:43:100::2/21292 
20:13:21.742133 CONNECT flow>2492 srcPort>35085 dst>fd10:43:100::2/21292 
20:13:21.771984 ON flow>2493 srcPort>33995 dst>fd10:43:100::2/21293 
20:13:21.772224 CONNECT flow>2493 srcPort>33995 dst>fd10:43:100::2/21293 
20:13:21.905140 ON flow>2494 srcPort>44697 dst>fd10:43:100::2/21294 
20:13:21.909268 CONNECT flow>2494 srcPort>44697 dst>fd10:43:100::2/21294 
20:13:22.506111 ON flow>2495 srcPort>41437 dst>fd10:43:100::2/21295 
20:13:22.506377 CONNECT flow>2495 srcPort>41437 dst>fd10:43:100::2/21295 
20:13:22.529313 ON flow>2496 srcPort>40463 dst>fd10:43:100::2/21296 
20:13:22.529589 CONNECT flow>2496 srcPort>40463 dst>fd10:43:100::2/21296 
20:13:22.533499 ON flow>2497 srcPort>39533 dst>fd10:43:100::2/21297 
20:13:22.533770 CONNECT flow>2497 srcPort>39533 dst>fd10:43:100::2/21297 
20:13:22.535677 ON flow>2498 srcPort>36493 dst>fd10:43:100::2/21298 
20:13:22.535897 CONNECT flow>2498 srcPort>36493 dst>fd10:43:100::2/21298 
20:13:22.539885 ON flow>2499 srcPort>34317 dst>fd10:43:100::2/21299 
20:13:22.540360 CONNECT flow>2499 srcPort>34317 dst>fd10:43:100::2/21299 
20:13:22.641349 ON flow>2500 srcPort>42643 dst>fd10:43:100::2/21300 
20:13:22.641625 CONNECT flow>2500 srcPort>42643 dst>fd10:43:100::2/21300 
20:13:22.651468 ON flow>2501 srcPort>36565 dst>fd10:43:100::2/21301 
20:13:22.651857 CONNECT flow>2501 srcPort>36565 dst>fd10:43:100::2/21301 
20:13:22.785875 ON flow>2502 srcPort>46739 dst>fd10:43:100::2/21302 
20:13:22.786185 CONNECT flow>2502 srcPort>46739 dst>fd10:43:100::2/21302 
20:13:23.780320 ON flow>2503 srcPort>44535 dst>fd10:43:100::2/21303 
20:13:23.780643 CONNECT flow>2503 srcPort>44535 dst>fd10:43:100::2/21303 
20:13:24.801167 ON flow>2504 srcPort>37415 dst>fd10:43:100::2/21304 
20:13:24.801433 CONNECT flow>2504 srcPort>37415 dst>fd10:43:100::2/21304 
20:13:24.860611 ON flow>2505 srcPort>44627 dst>fd10:43:100::2/21305 
20:13:24.860944 CONNECT flow>2505 srcPort>44627 dst>fd10:43:100::2/21305 
20:13:24.875247 ON flow>2506 srcPort>33713 dst>fd10:43:100::2/21306 
20:13:24.875517 CONNECT flow>2506 srcPort>33713 dst>fd10:43:100::2/21306 
20:13:24.876067 ON flow>2507 srcPort>43883 dst>fd10:43:100::2/21307 
20:13:24.876320 CONNECT flow>2507 srcPort>43883 dst>fd10:43:100::2/21307 
20:13:24.904748 ON flow>2508 srcPort>40497 dst>fd10:43:100::2/21308 
20:13:24.905007 CONNECT flow>2508 srcPort>40497 dst>fd10:43:100::2/21308 
20:13:24.929869 ON flow>2509 srcPort>34701 dst>fd10:43:100::2/21309 
20:13:24.930109 CONNECT flow>2509 srcPort>34701 dst>fd10:43:100::2/21309 
20:13:24.976060 ON flow>2510 srcPort>40555 dst>fd10:43:100::2/21310 
20:13:24.976310 CONNECT flow>2510 srcPort>40555 dst>fd10:43:100::2/21310 
20:13:25.032383 ON flow>2511 srcPort>40137 dst>fd10:43:100::2/21311 
20:13:25.032648 CONNECT flow>2511 srcPort>40137 dst>fd10:43:100::2/21311 
20:13:25.044493 ON flow>2512 srcPort>36621 dst>fd10:43:100::2/21312 
20:13:25.044747 CONNECT flow>2512 srcPort>36621 dst>fd10:43:100::2/21312 
20:13:25.086088 ON flow>2513 srcPort>44483 dst>fd10:43:100::2/21313 
20:13:25.086390 CONNECT flow>2513 srcPort>44483 dst>fd10:43:100::2/21313 
20:13:25.194934 ON flow>2514 srcPort>34349 dst>fd10:43:100::2/21314 
20:13:25.195298 CONNECT flow>2514 srcPort>34349 dst>fd10:43:100::2/21314 
20:13:25.304594 SHUTDOWN flow>2487 srcPort>34303 dst>fd10:43:100::2/21287 
20:13:25.305403 OFF flow>2487 srcPort>34303 dst>fd10:43:100::2/21287 
20:13:25.507198 SHUTDOWN flow>2488 srcPort>46427 dst>fd10:43:100::2/21288 
20:13:25.507700 OFF flow>2488 srcPort>46427 dst>fd10:43:100::2/21288 
20:13:25.540137 ON flow>2515 srcPort>45281 dst>fd10:43:100::2/21315 
20:13:25.540378 CONNECT flow>2515 srcPort>45281 dst>fd10:43:100::2/21315 
20:13:25.724827 SHUTDOWN flow>2489 srcPort>36157 dst>fd10:43:100::2/21289 
20:13:25.725368 OFF flow>2489 srcPort>36157 dst>fd10:43:100::2/21289 
20:13:26.466796 SHUTDOWN flow>2490 srcPort>42803 dst>fd10:43:100::2/21290 
20:13:26.467946 OFF flow>2490 srcPort>42803 dst>fd10:43:100::2/21290 
20:13:26.482591 SHUTDOWN flow>2491 srcPort>41807 dst>fd10:43:100::2/21291 
20:13:26.482958 OFF flow>2491 srcPort>41807 dst>fd10:43:100::2/21291 
20:13:26.541701 SHUTDOWN flow>2492 srcPort>35085 dst>fd10:43:100::2/21292 
20:13:26.542329 OFF flow>2492 srcPort>35085 dst>fd10:43:100::2/21292 
20:13:26.571898 SHUTDOWN flow>2493 srcPort>33995 dst>fd10:43:100::2/21293 
20:13:26.572671 OFF flow>2493 srcPort>33995 dst>fd10:43:100::2/21293 
20:13:26.704994 SHUTDOWN flow>2494 srcPort>44697 dst>fd10:43:100::2/21294 
20:13:26.705477 OFF flow>2494 srcPort>44697 dst>fd10:43:100::2/21294 
20:13:27.288829 ON flow>2516 srcPort>34357 dst>fd10:43:100::2/21316 
20:13:27.289104 CONNECT flow>2516 srcPort>34357 dst>fd10:43:100::2/21316 
20:13:27.293952 ON flow>2517 srcPort>46741 dst>fd10:43:100::2/21317 
20:13:27.294223 CONNECT flow>2517 srcPort>46741 dst>fd10:43:100::2/21317 
20:13:27.302447 ON flow>2518 srcPort>39885 dst>fd10:43:100::2/21318 
20:13:27.302668 CONNECT flow>2518 srcPort>39885 dst>fd10:43:100::2/21318 
20:13:27.305906 SHUTDOWN flow>2495 srcPort>41437 dst>fd10:43:100::2/21295 
20:13:27.306406 OFF flow>2495 srcPort>41437 dst>fd10:43:100::2/21295 
20:13:27.326556 ON flow>2519 srcPort>45187 dst>fd10:43:100::2/21319 
20:13:27.326823 CONNECT flow>2519 srcPort>45187 dst>fd10:43:100::2/21319 
20:13:27.329208 SHUTDOWN flow>2496 srcPort>40463 dst>fd10:43:100::2/21296 
20:13:27.329627 OFF flow>2496 srcPort>40463 dst>fd10:43:100::2/21296 
20:13:27.333404 SHUTDOWN flow>2497 srcPort>39533 dst>fd10:43:100::2/21297 
20:13:27.333891 OFF flow>2497 srcPort>39533 dst>fd10:43:100::2/21297 
20:13:27.335607 SHUTDOWN flow>2498 srcPort>36493 dst>fd10:43:100::2/21298 
20:13:27.336046 OFF flow>2498 srcPort>36493 dst>fd10:43:100::2/21298 
20:13:27.339801 SHUTDOWN flow>2499 srcPort>34317 dst>fd10:43:100::2/21299 
20:13:27.340131 OFF flow>2499 srcPort>34317 dst>fd10:43:100::2/21299 
20:13:27.441213 SHUTDOWN flow>2500 srcPort>42643 dst>fd10:43:100::2/21300 
20:13:27.441674 OFF flow>2500 srcPort>42643 dst>fd10:43:100::2/21300 
20:13:27.451417 SHUTDOWN flow>2501 srcPort>36565 dst>fd10:43:100::2/21301 
20:13:27.451816 OFF flow>2501 srcPort>36565 dst>fd10:43:100::2/21301 
20:13:27.585616 SHUTDOWN flow>2502 srcPort>46739 dst>fd10:43:100::2/21302 
20:13:27.586136 OFF flow>2502 srcPort>46739 dst>fd10:43:100::2/21302 
20:13:28.580125 SHUTDOWN flow>2503 srcPort>44535 dst>fd10:43:100::2/21303 
20:13:28.580884 OFF flow>2503 srcPort>44535 dst>fd10:43:100::2/21303 
20:13:29.601002 SHUTDOWN flow>2504 srcPort>37415 dst>fd10:43:100::2/21304 
20:13:29.601729 OFF flow>2504 srcPort>37415 dst>fd10:43:100::2/21304 
20:13:29.660516 SHUTDOWN flow>2505 srcPort>44627 dst>fd10:43:100::2/21305 
20:13:29.660936 OFF flow>2505 srcPort>44627 dst>fd10:43:100::2/21305 
20:13:29.675201 SHUTDOWN flow>2506 srcPort>33713 dst>fd10:43:100::2/21306 
20:13:29.675638 OFF flow>2506 srcPort>33713 dst>fd10:43:100::2/21306 
20:13:29.675993 SHUTDOWN flow>2507 srcPort>43883 dst>fd10:43:100::2/21307 
20:13:29.676339 OFF flow>2507 srcPort>43883 dst>fd10:43:100::2/21307 
20:13:29.704714 SHUTDOWN flow>2508 srcPort>40497 dst>fd10:43:100::2/21308 
20:13:29.705154 OFF flow>2508 srcPort>40497 dst>fd10:43:100::2/21308 
20:13:29.729805 SHUTDOWN flow>2509 srcPort>34701 dst>fd10:43:100::2/21309 
20:13:29.730219 OFF flow>2509 srcPort>34701 dst>fd10:43:100::2/21309 
20:13:29.776010 SHUTDOWN flow>2510 srcPort>40555 dst>fd10:43:100::2/21310 
20:13:29.776452 OFF flow>2510 srcPort>40555 dst>fd10:43:100::2/21310 
20:13:29.832326 SHUTDOWN flow>2511 srcPort>40137 dst>fd10:43:100::2/21311 
20:13:29.832795 OFF flow>2511 srcPort>40137 dst>fd10:43:100::2/21311 
20:13:29.844402 SHUTDOWN flow>2512 srcPort>36621 dst>fd10:43:100::2/21312 
20:13:29.844805 OFF flow>2512 srcPort>36621 dst>fd10:43:100::2/21312 
20:13:29.886048 SHUTDOWN flow>2513 srcPort>44483 dst>fd10:43:100::2/21313 
20:13:29.886569 OFF flow>2513 srcPort>44483 dst>fd10:43:100::2/21313 
20:13:29.994800 SHUTDOWN flow>2514 srcPort>34349 dst>fd10:43:100::2/21314 
20:13:29.995206 OFF flow>2514 srcPort>34349 dst>fd10:43:100::2/21314 
20:13:30.340006 SHUTDOWN flow>2515 srcPort>45281 dst>fd10:43:100::2/21315 
20:13:30.340533 OFF flow>2515 srcPort>45281 dst>fd10:43:100::2/21315 
20:13:30.802993 ON flow>2520 srcPort>42893 dst>fd10:43:100::2/21320 
20:13:30.803229 CONNECT flow>2520 srcPort>42893 dst>fd10:43:100::2/21320 
20:13:30.808280 ON flow>2521 srcPort>42049 dst>fd10:43:100::2/21321 
20:13:30.808595 CONNECT flow>2521 srcPort>42049 dst>fd10:43:100::2/21321 
20:13:30.855985 ON flow>2522 srcPort>38311 dst>fd10:43:100::2/21322 
20:13:30.856278 CONNECT flow>2522 srcPort>38311 dst>fd10:43:100::2/21322 
20:13:30.895665 ON flow>2523 srcPort>45937 dst>fd10:43:100::2/21323 
20:13:30.895960 CONNECT flow>2523 srcPort>45937 dst>fd10:43:100::2/21323 
20:13:32.088734 SHUTDOWN flow>2516 srcPort>34357 dst>fd10:43:100::2/21316 
20:13:32.089195 OFF flow>2516 srcPort>34357 dst>fd10:43:100::2/21316 
20:13:32.093917 SHUTDOWN flow>2517 srcPort>46741 dst>fd10:43:100::2/21317 
20:13:32.094325 OFF flow>2517 srcPort>46741 dst>fd10:43:100::2/21317 
20:13:32.102422 SHUTDOWN flow>2518 srcPort>39885 dst>fd10:43:100::2/21318 
20:13:32.102782 OFF flow>2518 srcPort>39885 dst>fd10:43:100::2/21318 
20:13:32.126532 SHUTDOWN flow>2519 srcPort>45187 dst>fd10:43:100::2/21319 
20:13:32.127087 OFF flow>2519 srcPort>45187 dst>fd10:43:100::2/21319 
20:13:35.602816 SHUTDOWN flow>2520 srcPort>42893 dst>fd10:43:100::2/21320 
20:13:35.603289 OFF flow>2520 srcPort>42893 dst>fd10:43:100::2/21320 
20:13:35.608207 SHUTDOWN flow>2521 srcPort>42049 dst>fd10:43:100::2/21321 
20:13:35.608793 OFF flow>2521 srcPort>42049 dst>fd10:43:100::2/21321 
20:13:35.655917 SHUTDOWN flow>2522 srcPort>38311 dst>fd10:43:100::2/21322 
20:13:35.656418 OFF flow>2522 srcPort>38311 dst>fd10:43:100::2/21322 
20:13:35.695647 SHUTDOWN flow>2523 srcPort>45937 dst>fd10:43:100::2/21323 
20:13:35.695993 OFF flow>2523 srcPort>45937 dst>fd10:43:100::2/21323 
20:13:36.433073 ON flow>2524 srcPort>38421 dst>fd10:43:100::2/21324 
20:13:36.433420 CONNECT flow>2524 srcPort>38421 dst>fd10:43:100::2/21324 
20:13:36.801511 ON flow>2525 srcPort>45833 dst>fd10:43:100::2/21325 
20:13:36.801839 CONNECT flow>2525 srcPort>45833 dst>fd10:43:100::2/21325 
20:13:39.729961 ON flow>2526 srcPort>39101 dst>fd10:43:100::2/21326 
20:13:39.730235 CONNECT flow>2526 srcPort>39101 dst>fd10:43:100::2/21326 
20:13:39.791678 ON flow>2527 srcPort>41641 dst>fd10:43:100::2/21327 
20:13:39.791952 CONNECT flow>2527 srcPort>41641 dst>fd10:43:100::2/21327 
20:13:40.059280 ON flow>2528 srcPort>46057 dst>fd10:43:100::2/21328 
20:13:40.059523 CONNECT flow>2528 srcPort>46057 dst>fd10:43:100::2/21328 
20:13:40.153332 ON flow>2529 srcPort>36957 dst>fd10:43:100::2/21329 
20:13:40.153581 CONNECT flow>2529 srcPort>36957 dst>fd10:43:100::2/21329 
20:13:40.292073 ON flow>2530 srcPort>42967 dst>fd10:43:100::2/21330 
20:13:40.292308 CONNECT flow>2530 srcPort>42967 dst>fd10:43:100::2/21330 
20:13:40.310718 ON flow>2531 srcPort>39487 dst>fd10:43:100::2/21331 
20:13:40.310982 CONNECT flow>2531 srcPort>39487 dst>fd10:43:100::2/21331 
20:13:40.340890 ON flow>2532 srcPort>43511 dst>fd10:43:100::2/21332 
20:13:40.341204 CONNECT flow>2532 srcPort>43511 dst>fd10:43:100::2/21332 
20:13:40.359505 ON flow>2533 srcPort>34435 dst>fd10:43:100::2/21333 
20:13:40.359796 CONNECT flow>2533 srcPort>34435 dst>fd10:43:100::2/21333 
20:13:40.507631 ON flow>2534 srcPort>45193 dst>fd10:43:100::2/21334 
20:13:40.507916 CONNECT flow>2534 srcPort>45193 dst>fd10:43:100::2/21334 
20:13:40.546276 ON flow>2535 srcPort>45447 dst>fd10:43:100::2/21335 
20:13:40.546651 CONNECT flow>2535 srcPort>45447 dst>fd10:43:100::2/21335 
20:13:40.583083 ON flow>2536 srcPort>42673 dst>fd10:43:100::2/21336 
20:13:40.583410 CONNECT flow>2536 srcPort>42673 dst>fd10:43:100::2/21336 
20:13:40.607199 ON flow>2537 srcPort>42993 dst>fd10:43:100::2/21337 
20:13:40.607439 CONNECT flow>2537 srcPort>42993 dst>fd10:43:100::2/21337 
20:13:41.232925 SHUTDOWN flow>2524 srcPort>38421 dst>fd10:43:100::2/21324 
20:13:41.233435 OFF flow>2524 srcPort>38421 dst>fd10:43:100::2/21324 
20:13:41.601441 SHUTDOWN flow>2525 srcPort>45833 dst>fd10:43:100::2/21325 
20:13:41.602030 OFF flow>2525 srcPort>45833 dst>fd10:43:100::2/21325 
20:13:43.116106 SHUTDOWN flow>2003 srcPort>43969 dst>fd10:43:100::2/20002 
20:13:43.116176 SHUTDOWN flow>2002 srcPort>40181 dst>fd10:43:100::2/20001 
20:13:43.116189 SHUTDOWN flow>2004 srcPort>36951 dst>fd10:43:100::2/20003 
20:13:43.116300 SHUTDOWN flow>2001 srcPort>38129 dst>fd10:43:100::2/20000 
20:13:43.116544 OFF flow>2003 srcPort>43969 dst>fd10:43:100::2/20002 
20:13:43.116666 OFF flow>2004 srcPort>36951 dst>fd10:43:100::2/20003 
20:13:43.116726 OFF flow>2002 srcPort>40181 dst>fd10:43:100::2/20001 
20:13:43.116754 OFF flow>2001 srcPort>38129 dst>fd10:43:100::2/20000 
20:13:44.529809 SHUTDOWN flow>2526 srcPort>39101 dst>fd10:43:100::2/21326 
20:13:44.530240 OFF flow>2526 srcPort>39101 dst>fd10:43:100::2/21326 
20:13:44.591609 SHUTDOWN flow>2527 srcPort>41641 dst>fd10:43:100::2/21327 
20:13:44.591920 OFF flow>2527 srcPort>41641 dst>fd10:43:100::2/21327 
20:13:44.859254 SHUTDOWN flow>2528 srcPort>46057 dst>fd10:43:100::2/21328 
20:13:44.859790 OFF flow>2528 srcPort>46057 dst>fd10:43:100::2/21328 
20:13:44.953215 SHUTDOWN flow>2529 srcPort>36957 dst>fd10:43:100::2/21329 
20:13:44.953760 OFF flow>2529 srcPort>36957 dst>fd10:43:100::2/21329 
20:13:45.091930 SHUTDOWN flow>2530 srcPort>42967 dst>fd10:43:100::2/21330 
20:13:45.092538 OFF flow>2530 srcPort>42967 dst>fd10:43:100::2/21330 
20:13:45.110620 SHUTDOWN flow>2531 srcPort>39487 dst>fd10:43:100::2/21331 
20:13:45.111128 OFF flow>2531 srcPort>39487 dst>fd10:43:100::2/21331 
20:13:45.140824 SHUTDOWN flow>2532 srcPort>43511 dst>fd10:43:100::2/21332 
20:13:45.141140 OFF flow>2532 srcPort>43511 dst>fd10:43:100::2/21332 
20:13:45.159419 SHUTDOWN flow>2533 srcPort>34435 dst>fd10:43:100::2/21333 
20:13:45.159738 OFF flow>2533 srcPort>34435 dst>fd10:43:100::2/21333 
20:13:45.307519 SHUTDOWN flow>2534 srcPort>45193 dst>fd10:43:100::2/21334 
20:13:45.307968 OFF flow>2534 srcPort>45193 dst>fd10:43:100::2/21334 
20:13:45.346223 SHUTDOWN flow>2535 srcPort>45447 dst>fd10:43:100::2/21335 
20:13:45.346603 OFF flow>2535 srcPort>45447 dst>fd10:43:100::2/21335 
20:13:45.383021 SHUTDOWN flow>2536 srcPort>42673 dst>fd10:43:100::2/21336 
20:13:45.383426 OFF flow>2536 srcPort>42673 dst>fd10:43:100::2/21336 
20:13:45.407122 SHUTDOWN flow>2537 srcPort>42993 dst>fd10:43:100::2/21337 
20:13:45.407551 OFF flow>2537 srcPort>42993 dst>fd10:43:100::2/21337 
20:13:45.407567 STOP
